MSBuild-Version 17.14.23+b0019275e f├╝r .NET Framework

  ggml-base.vcxproj -> C:\VCC\themis\build-msvc-tests\bin\Release\ggml-base.dll
  themis_shard_proto.vcxproj -> C:\VCC\themis\build-msvc-tests\cmake\Release\themis_shard_proto.lib
  import_docs_rocksdb.vcxproj -> C:\VCC\themis\build-msvc-tests\Release\import_docs_rocksdb.exe
gtest.lib(gtest-all.cc.obj) : error LNK2038: Konflikt ermittelt f├╝r "RuntimeLibrary": Der Wert "MT_StaticRelease" stimmt nicht mit dem Wert "MD_DynamicRelease" in test_lib_spdlog_integration.obj ├╝berein. [C:\VCC\themis\build-msvc-tests\tests\test_lib_spdlog_integration.vcxproj]
gtest.lib(gtest-all.cc.obj) : error LNK2038: Konflikt ermittelt f├╝r "RuntimeLibrary": Der Wert "MT_StaticRelease" stimmt nicht mit dem Wert "MD_DynamicRelease" in test_lib_arrow_integration.obj ├╝berein. [C:\VCC\themis\build-msvc-tests\tests\test_lib_arrow_integration.vcxproj]
spdlog.lib(spdlog.cpp.obj) : error LNK2038: Konflikt ermittelt f├╝r "RuntimeLibrary": Der Wert "MT_StaticRelease" stimmt nicht mit dem Wert "MD_DynamicRelease" in test_lib_spdlog_integration.obj ├╝berein. [C:\VCC\themis\build-msvc-tests\tests\test_lib_spdlog_integration.vcxproj]
spdlog.lib(file_sinks.cpp.obj) : error LNK2038: Konflikt ermittelt f├╝r "RuntimeLibrary": Der Wert "MT_StaticRelease" stimmt nicht mit dem Wert "MD_DynamicRelease" in test_lib_spdlog_integration.obj ├╝berein. [C:\VCC\themis\build-msvc-tests\tests\test_lib_spdlog_integration.vcxproj]
spdlog.lib(async.cpp.obj) : error LNK2038: Konflikt ermittelt f├╝r "RuntimeLibrary": Der Wert "MT_StaticRelease" stimmt nicht mit dem Wert "MD_DynamicRelease" in test_lib_spdlog_integration.obj ├╝berein. [C:\VCC\themis\build-msvc-tests\tests\test_lib_spdlog_integration.vcxproj]
msvcprt.lib(MSVCP140.dll) : error LNK2005: "public: struct _Cvtvec __cdecl std::_Locinfo::_Getcvt(void)const " (?_Getcvt@_Locinfo@std@@QEBA?AU_Cvtvec@@XZ) ist bereits in gtest.lib(gtest-all.cc.obj) definiert. [C:\VCC\themis\build-msvc-tests\tests\test_lib_arrow_integration.vcxproj]
msvcprt.lib(MSVCP140.dll) : error LNK2005: "public: bool __cdecl std::ios_base::good(void)const " (?good@ios_base@std@@QEBA_NXZ) ist bereits in gtest.lib(gtest-all.cc.obj) definiert. [C:\VCC\themis\build-msvc-tests\tests\test_lib_arrow_integration.vcxproj]
msvcprt.lib(MSVCP140.dll) : error LNK2005: "public: int __cdecl std::ios_base::flags(void)const " (?flags@ios_base@std@@QEBAHXZ) ist bereits in gtest.lib(gtest-all.cc.obj) definiert. [C:\VCC\themis\build-msvc-tests\tests\test_lib_arrow_integration.vcxproj]
msvcprt.lib(MSVCP140.dll) : error LNK2005: "public: __int64 __cdecl std::ios_base::width(void)const " (?width@ios_base@std@@QEBA_JXZ) ist bereits in gtest.lib(gtest-all.cc.obj) definiert. [C:\VCC\themis\build-msvc-tests\tests\test_lib_arrow_integration.vcxproj]
msvcprt.lib(MSVCP140.dll) : error LNK2005: "public: __int64 __cdecl std::ios_base::width(__int64)" (?width@ios_base@std@@QEAA_J_J@Z) ist bereits in gtest.lib(gtest-all.cc.obj) definiert. [C:\VCC\themis\build-msvc-tests\tests\test_lib_arrow_integration.vcxproj]
msvcprt.lib(MSVCP140.dll) : error LNK2005: "public: int __cdecl std::basic_streambuf<char,struct std::char_traits<char> >::sputc(char)" (?sputc@?$basic_streambuf@DU?$char_traits@D@std@@@std@@QEAAHD@Z) ist bereits in gtest.lib(gtest-all.cc.obj) definiert. [C:\VCC\themis\build-msvc-tests\tests\test_lib_arrow_integration.vcxproj]
msvcprt.lib(MSVCP140.dll) : error LNK2005: "public: __int64 __cdecl std::basic_streambuf<char,struct std::char_traits<char> >::sputn(char const *,__int64)" (?sputn@?$basic_streambuf@DU?$char_traits@D@std@@@std@@QEAA_JPEBD_J@Z) ist bereits in gtest.lib(gtest-all.cc.obj) definiert. [C:\VCC\themis\build-msvc-tests\tests\test_lib_arrow_integration.vcxproj]
msvcprt.lib(MSVCP140.dll) : error LNK2005: "public: void __cdecl std::basic_ios<char,struct std::char_traits<char> >::setstate(int,bool)" (?setstate@?$basic_ios@DU?$char_traits@D@std@@@std@@QEAAXH_N@Z) ist bereits in gtest.lib(gtest-all.cc.obj) definiert. [C:\VCC\themis\build-msvc-tests\tests\test_lib_arrow_integration.vcxproj]
msvcprt.lib(MSVCP140.dll) : error LNK2005: "public: class std::basic_ostream<char,struct std::char_traits<char> > * __cdecl std::basic_ios<char,struct std::char_traits<char> >::tie(void)const " (?tie@?$basic_ios@DU?$char_traits@D@std@@@std@@QEBAPEAV?$basic_ostream@DU?$char_traits@D@std@@@2@XZ) ist bereits in gtest.lib(gtest-all.cc.obj) definiert. [C:\VCC\themis\build-msvc-tests\tests\test_lib_arrow_integration.vcxproj]
msvcprt.lib(MSVCP140.dll) : error LNK2005: "public: class std::basic_streambuf<char,struct std::char_traits<char> > * __cdecl std::basic_ios<char,struct std::char_traits<char> >::rdbuf(void)const " (?rdbuf@?$basic_ios@DU?$char_traits@D@std@@@std@@QEBAPEAV?$basic_streambuf@DU?$char_traits@D@std@@@2@XZ) ist bereits in gtest.lib(gtest-all.cc.obj) definiert. [C:\VCC\themis\build-msvc-tests\tests\test_lib_arrow_integration.vcxproj]
msvcprt.lib(MSVCP140.dll) : error LNK2005: "public: char __cdecl std::basic_ios<char,struct std::char_traits<char> >::fill(void)const " (?fill@?$basic_ios@DU?$char_traits@D@std@@@std@@QEBADXZ) ist bereits in gtest.lib(gtest-all.cc.obj) definiert. [C:\VCC\themis\build-msvc-tests\tests\test_lib_arrow_integration.vcxproj]
msvcprt.lib(MSVCP140.dll) : error LNK2005: "public: void __cdecl std::basic_ostream<char,struct std::char_traits<char> >::_Osfx(void)" (?_Osfx@?$basic_ostream@DU?$char_traits@D@std@@@std@@QEAAXXZ) ist bereits in gtest.lib(gtest-all.cc.obj) definiert. [C:\VCC\themis\build-msvc-tests\tests\test_lib_arrow_integration.vcxproj]
msvcprt.lib(MSVCP140.dll) : error LNK2005: "public: class std::basic_ostream<char,struct std::char_traits<char> > & __cdecl std::basic_ostream<char,struct std::char_traits<char> >::operator<<(int)" (??6?$basic_ostream@DU?$char_traits@D@std@@@std@@QEAAAEAV01@H@Z) ist bereits in gtest.lib(gtest-all.cc.obj) definiert. [C:\VCC\themis\build-msvc-tests\tests\test_lib_arrow_integration.vcxproj]
msvcprt.lib(MSVCP140.dll) : error LNK2005: "public: class std::basic_ostream<char,struct std::char_traits<char> > & __cdecl std::basic_ostream<char,struct std::char_traits<char> >::flush(void)" (?flush@?$basic_ostream@DU?$char_traits@D@std@@@std@@QEAAAEAV12@XZ) ist bereits in gtest.lib(gtest-all.cc.obj) definiert. [C:\VCC\themis\build-msvc-tests\tests\test_lib_arrow_integration.vcxproj]
spdlog.lib(color_sinks.cpp.obj) : error LNK2038: Konflikt ermittelt f├╝r "RuntimeLibrary": Der Wert "MT_StaticRelease" stimmt nicht mit dem Wert "MD_DynamicRelease" in test_lib_spdlog_integration.obj ├╝berein. [C:\VCC\themis\build-msvc-tests\tests\test_lib_spdlog_integration.vcxproj]
fmt.lib(format.cc.obj) : error LNK2038: Konflikt ermittelt f├╝r "RuntimeLibrary": Der Wert "MT_StaticRelease" stimmt nicht mit dem Wert "MD_DynamicRelease" in test_lib_spdlog_integration.obj ├╝berein. [C:\VCC\themis\build-msvc-tests\tests\test_lib_spdlog_integration.vcxproj]
gtest.lib(gtest-all.cc.obj) : error LNK2038: Konflikt ermittelt f├╝r "RuntimeLibrary": Der Wert "MT_StaticRelease" stimmt nicht mit dem Wert "MD_DynamicRelease" in test_signature_verifier.obj ├╝berein. [C:\VCC\themis\build-msvc-tests\tests\test_signature_verifier.vcxproj]
libcpmt.lib(locale0.obj) : error LNK2038: Konflikt ermittelt f├╝r "RuntimeLibrary": Der Wert "MT_StaticRelease" stimmt nicht mit dem Wert "MD_DynamicRelease" in test_lib_arrow_integration.obj ├╝berein. [C:\VCC\themis\build-msvc-tests\tests\test_lib_arrow_integration.vcxproj]
libcpmt.lib(locale0.obj) : error LNK2005: "void __cdecl std::_Facet_Register(class std::_Facet_base *)" (?_Facet_Register@std@@YAXPEAV_Facet_base@1@@Z) ist bereits in msvcprt.lib(locale0_implib.obj) definiert. [C:\VCC\themis\build-msvc-tests\tests\test_lib_arrow_integration.vcxproj]
libcpmt.lib(locale0.obj) : error LNK2005: "private: static class std::locale::_Locimp * __cdecl std::locale::_Getgloballocale(void)" (?_Getgloballocale@locale@std@@CAPEAV_Locimp@12@XZ) ist bereits in msvcprt.lib(MSVCP140.dll) definiert. [C:\VCC\themis\build-msvc-tests\tests\test_lib_arrow_integration.vcxproj]
libcpmt.lib(locale0.obj) : error LNK2005: "private: static class std::locale::_Locimp * __cdecl std::locale::_Init(bool)" (?_Init@locale@std@@CAPEAV_Locimp@12@_N@Z) ist bereits in msvcprt.lib(MSVCP140.dll) definiert. [C:\VCC\themis\build-msvc-tests\tests\test_lib_arrow_integration.vcxproj]
libcpmt.lib(locale0.obj) : error LNK2005: "public: static void __cdecl std::_Locinfo::_Locinfo_ctor(class std::_Locinfo *,char const *)" (?_Locinfo_ctor@_Locinfo@std@@SAXPEAV12@PEBD@Z) ist bereits in msvcprt.lib(MSVCP140.dll) definiert. [C:\VCC\themis\build-msvc-tests\tests\test_lib_arrow_integration.vcxproj]
libcpmt.lib(locale0.obj) : error LNK2005: "public: static void __cdecl std::_Locinfo::_Locinfo_dtor(class std::_Locinfo *)" (?_Locinfo_dtor@_Locinfo@std@@SAXPEAV12@@Z) ist bereits in msvcprt.lib(MSVCP140.dll) definiert. [C:\VCC\themis\build-msvc-tests\tests\test_lib_arrow_integration.vcxproj]
libcpmt.lib(locale0.obj) : error LNK2005: "private: static class std::locale::_Locimp * __cdecl std::locale::_Locimp::_New_Locimp(class std::locale::_Locimp const &)" (?_New_Locimp@_Locimp@locale@std@@CAPEAV123@AEBV123@@Z) ist bereits in msvcprt.lib(MSVCP140.dll) definiert. [C:\VCC\themis\build-msvc-tests\tests\test_lib_arrow_integration.vcxproj]
libcpmt.lib(cout.obj) : error LNK2038: Konflikt ermittelt f├╝r "RuntimeLibrary": Der Wert "MT_StaticRelease" stimmt nicht mit dem Wert "MD_DynamicRelease" in test_lib_arrow_integration.obj ├╝berein. [C:\VCC\themis\build-msvc-tests\tests\test_lib_arrow_integration.vcxproj]
libcpmt.lib(cerr.obj) : error LNK2038: Konflikt ermittelt f├╝r "RuntimeLibrary": Der Wert "MT_StaticRelease" stimmt nicht mit dem Wert "MD_DynamicRelease" in test_lib_arrow_integration.obj ├╝berein. [C:\VCC\themis\build-msvc-tests\tests\test_lib_arrow_integration.vcxproj]
libcpmt.lib(locale.obj) : error LNK2038: Konflikt ermittelt f├╝r "RuntimeLibrary": Der Wert "MT_StaticRelease" stimmt nicht mit dem Wert "MD_DynamicRelease" in test_lib_arrow_integration.obj ├╝berein. [C:\VCC\themis\build-msvc-tests\tests\test_lib_arrow_integration.vcxproj]
libcpmt.lib(locale.obj) : error LNK2005: "private: static void __cdecl std::locale::_Locimp::_Locimp_Addfac(class std::locale::_Locimp *,class std::locale::facet *,unsigned __int64)" (?_Locimp_Addfac@_Locimp@locale@std@@CAXPEAV123@PEAVfacet@23@_K@Z) ist bereits in msvcprt.lib(MSVCP140.dll) definiert. [C:\VCC\themis\build-msvc-tests\tests\test_lib_arrow_integration.vcxproj]
libcpmt.lib(iosptrs.obj) : error LNK2038: Konflikt ermittelt f├╝r "RuntimeLibrary": Der Wert "MT_StaticRelease" stimmt nicht mit dem Wert "MD_DynamicRelease" in test_lib_arrow_integration.obj ├╝berein. [C:\VCC\themis\build-msvc-tests\tests\test_lib_arrow_integration.vcxproj]
libcpmt.lib(xlock.obj) : error LNK2038: Konflikt ermittelt f├╝r "RuntimeLibrary": Der Wert "MT_StaticRelease" stimmt nicht mit dem Wert "MD_DynamicRelease" in test_lib_arrow_integration.obj ├╝berein. [C:\VCC\themis\build-msvc-tests\tests\test_lib_arrow_integration.vcxproj]
libcpmt.lib(xlock.obj) : error LNK2005: "public: __cdecl std::_Lockit::_Lockit(int)" (??0_Lockit@std@@QEAA@H@Z) ist bereits in msvcprt.lib(MSVCP140.dll) definiert. [C:\VCC\themis\build-msvc-tests\tests\test_lib_arrow_integration.vcxproj]
libcpmt.lib(xlock.obj) : error LNK2005: "public: __cdecl std::_Lockit::~_Lockit(void)" (??1_Lockit@std@@QEAA@XZ) ist bereits in msvcprt.lib(MSVCP140.dll) definiert. [C:\VCC\themis\build-msvc-tests\tests\test_lib_arrow_integration.vcxproj]
libcpmt.lib(wlocale.obj) : error LNK2038: Konflikt ermittelt f├╝r "RuntimeLibrary": Der Wert "MT_StaticRelease" stimmt nicht mit dem Wert "MD_DynamicRelease" in test_lib_arrow_integration.obj ├╝berein. [C:\VCC\themis\build-msvc-tests\tests\test_lib_arrow_integration.vcxproj]
libcpmt.lib(wlocale.obj) : error LNK2005: "public: unsigned short const * __cdecl std::_Locinfo::_W_Getdays(void)const " (?_W_Getdays@_Locinfo@std@@QEBAPEBGXZ) ist bereits in msvcprt.lib(MSVCP140.dll) definiert. [C:\VCC\themis\build-msvc-tests\tests\test_lib_arrow_integration.vcxproj]
libcpmt.lib(wlocale.obj) : error LNK2005: "public: unsigned short const * __cdecl std::_Locinfo::_W_Getmonths(void)const " (?_W_Getmonths@_Locinfo@std@@QEBAPEBGXZ) ist bereits in msvcprt.lib(MSVCP140.dll) definiert. [C:\VCC\themis\build-msvc-tests\tests\test_lib_arrow_integration.vcxproj]
libcpmt.lib(xlocale.obj) : error LNK2038: Konflikt ermittelt f├╝r "RuntimeLibrary": Der Wert "MT_StaticRelease" stimmt nicht mit dem Wert "MD_DynamicRelease" in test_lib_arrow_integration.obj ├╝berein. [C:\VCC\themis\build-msvc-tests\tests\test_lib_arrow_integration.vcxproj]
msvcprt.lib(MSVCP140.dll) : error LNK2005: "public: struct _Cvtvec __cdecl std::_Locinfo::_Getcvt(void)const " (?_Getcvt@_Locinfo@std@@QEBA?AU_Cvtvec@@XZ) ist bereits in gtest.lib(gtest-all.cc.obj) definiert. [C:\VCC\themis\build-msvc-tests\tests\test_lib_spdlog_integration.vcxproj]
msvcprt.lib(MSVCP140.dll) : error LNK2005: "public: bool __cdecl std::ios_base::good(void)const " (?good@ios_base@std@@QEBA_NXZ) ist bereits in gtest.lib(gtest-all.cc.obj) definiert. [C:\VCC\themis\build-msvc-tests\tests\test_lib_spdlog_integration.vcxproj]
libcpmt.lib(xstol.obj) : error LNK2038: Konflikt ermittelt f├╝r "RuntimeLibrary": Der Wert "MT_StaticRelease" stimmt nicht mit dem Wert "MD_DynamicRelease" in test_lib_arrow_integration.obj ├╝berein. [C:\VCC\themis\build-msvc-tests\tests\test_lib_arrow_integration.vcxproj]
msvcprt.lib(MSVCP140.dll) : error LNK2005: "public: int __cdecl std::ios_base::flags(void)const " (?flags@ios_base@std@@QEBAHXZ) ist bereits in gtest.lib(gtest-all.cc.obj) definiert. [C:\VCC\themis\build-msvc-tests\tests\test_lib_spdlog_integration.vcxproj]
libcpmt.lib(xstoul.obj) : error LNK2038: Konflikt ermittelt f├╝r "RuntimeLibrary": Der Wert "MT_StaticRelease" stimmt nicht mit dem Wert "MD_DynamicRelease" in test_lib_arrow_integration.obj ├╝berein. [C:\VCC\themis\build-msvc-tests\tests\test_lib_arrow_integration.vcxproj]
msvcprt.lib(MSVCP140.dll) : error LNK2005: "public: __int64 __cdecl std::ios_base::width(void)const " (?width@ios_base@std@@QEBA_JXZ) ist bereits in gtest.lib(gtest-all.cc.obj) definiert. [C:\VCC\themis\build-msvc-tests\tests\test_lib_spdlog_integration.vcxproj]
msvcprt.lib(MSVCP140.dll) : error LNK2005: "public: __int64 __cdecl std::ios_base::width(__int64)" (?width@ios_base@std@@QEAA_J_J@Z) ist bereits in gtest.lib(gtest-all.cc.obj) definiert. [C:\VCC\themis\build-msvc-tests\tests\test_lib_spdlog_integration.vcxproj]
libcpmt.lib(xstoll.obj) : error LNK2038: Konflikt ermittelt f├╝r "RuntimeLibrary": Der Wert "MT_StaticRelease" stimmt nicht mit dem Wert "MD_DynamicRelease" in test_lib_arrow_integration.obj ├╝berein. [C:\VCC\themis\build-msvc-tests\tests\test_lib_arrow_integration.vcxproj]
libcpmt.lib(xstoull.obj) : error LNK2038: Konflikt ermittelt f├╝r "RuntimeLibrary": Der Wert "MT_StaticRelease" stimmt nicht mit dem Wert "MD_DynamicRelease" in test_lib_arrow_integration.obj ├╝berein. [C:\VCC\themis\build-msvc-tests\tests\test_lib_arrow_integration.vcxproj]
msvcprt.lib(MSVCP140.dll) : error LNK2005: "protected: __cdecl std::basic_streambuf<char,struct std::char_traits<char> >::basic_streambuf<char,struct std::char_traits<char> >(void)" (??0?$basic_streambuf@DU?$char_traits@D@std@@@std@@IEAA@XZ) ist bereits in gtest.lib(gtest-all.cc.obj) definiert. [C:\VCC\themis\build-msvc-tests\tests\test_lib_spdlog_integration.vcxproj]
libcpmt.lib(xmtx.obj) : error LNK2038: Konflikt ermittelt f├╝r "RuntimeLibrary": Der Wert "MT_StaticRelease" stimmt nicht mit dem Wert "MD_DynamicRelease" in test_lib_arrow_integration.obj ├╝berein. [C:\VCC\themis\build-msvc-tests\tests\test_lib_arrow_integration.vcxproj]
msvcprt.lib(MSVCP140.dll) : error LNK2005: "public: virtual __cdecl std::basic_streambuf<char,struct std::char_traits<char> >::~basic_streambuf<char,struct std::char_traits<char> >(void)" (??1?$basic_streambuf@DU?$char_traits@D@std@@@std@@UEAA@XZ) ist bereits in gtest.lib(gtest-all.cc.obj) definiert. [C:\VCC\themis\build-msvc-tests\tests\test_lib_spdlog_integration.vcxproj]
libcpmt.lib(xstrcoll.obj) : error LNK2038: Konflikt ermittelt f├╝r "RuntimeLibrary": Der Wert "MT_StaticRelease" stimmt nicht mit dem Wert "MD_DynamicRelease" in test_lib_arrow_integration.obj ├╝berein. [C:\VCC\themis\build-msvc-tests\tests\test_lib_arrow_integration.vcxproj]
libcpmt.lib(xdateord.obj) : error LNK2038: Konflikt ermittelt f├╝r "RuntimeLibrary": Der Wert "MT_StaticRelease" stimmt nicht mit dem Wert "MD_DynamicRelease" in test_lib_arrow_integration.obj ├╝berein. [C:\VCC\themis\build-msvc-tests\tests\test_lib_arrow_integration.vcxproj]
libcpmt.lib(xwcscoll.obj) : error LNK2038: Konflikt ermittelt f├╝r "RuntimeLibrary": Der Wert "MT_StaticRelease" stimmt nicht mit dem Wert "MD_DynamicRelease" in test_lib_arrow_integration.obj ├╝berein. [C:\VCC\themis\build-msvc-tests\tests\test_lib_arrow_integration.vcxproj]
msvcprt.lib(MSVCP140.dll) : error LNK2005: "public: int __cdecl std::basic_streambuf<char,struct std::char_traits<char> >::sputc(char)" (?sputc@?$basic_streambuf@DU?$char_traits@D@std@@@std@@QEAAHD@Z) ist bereits in gtest.lib(gtest-all.cc.obj) definiert. [C:\VCC\themis\build-msvc-tests\tests\test_lib_spdlog_integration.vcxproj]
libcpmt.lib(xwcsxfrm.obj) : error LNK2038: Konflikt ermittelt f├╝r "RuntimeLibrary": Der Wert "MT_StaticRelease" stimmt nicht mit dem Wert "MD_DynamicRelease" in test_lib_arrow_integration.obj ├╝berein. [C:\VCC\themis\build-msvc-tests\tests\test_lib_arrow_integration.vcxproj]
msvcprt.lib(MSVCP140.dll) : error LNK2005: "public: __int64 __cdecl std::basic_streambuf<char,struct std::char_traits<char> >::sputn(char const *,__int64)" (?sputn@?$basic_streambuf@DU?$char_traits@D@std@@@std@@QEAA_JPEBD_J@Z) ist bereits in gtest.lib(gtest-all.cc.obj) definiert. [C:\VCC\themis\build-msvc-tests\tests\test_lib_spdlog_integration.vcxproj]
libcpmt.lib(xgetwctype.obj) : error LNK2038: Konflikt ermittelt f├╝r "RuntimeLibrary": Der Wert "MT_StaticRelease" stimmt nicht mit dem Wert "MD_DynamicRelease" in test_lib_arrow_integration.obj ├╝berein. [C:\VCC\themis\build-msvc-tests\tests\test_lib_arrow_integration.vcxproj]
msvcprt.lib(MSVCP140.dll) : error LNK2005: "protected: char * __cdecl std::basic_streambuf<char,struct std::char_traits<char> >::eback(void)const " (?eback@?$basic_streambuf@DU?$char_traits@D@std@@@std@@IEBAPEADXZ) ist bereits in gtest.lib(gtest-all.cc.obj) definiert. [C:\VCC\themis\build-msvc-tests\tests\test_lib_spdlog_integration.vcxproj]
libcpmt.lib(xtowlower.obj) : error LNK2038: Konflikt ermittelt f├╝r "RuntimeLibrary": Der Wert "MT_StaticRelease" stimmt nicht mit dem Wert "MD_DynamicRelease" in test_lib_arrow_integration.obj ├╝berein. [C:\VCC\themis\build-msvc-tests\tests\test_lib_arrow_integration.vcxproj]
msvcprt.lib(MSVCP140.dll) : error LNK2005: "protected: char * __cdecl std::basic_streambuf<char,struct std::char_traits<char> >::gptr(void)const " (?gptr@?$basic_streambuf@DU?$char_traits@D@std@@@std@@IEBAPEADXZ) ist bereits in gtest.lib(gtest-all.cc.obj) definiert. [C:\VCC\themis\build-msvc-tests\tests\test_lib_spdlog_integration.vcxproj]
msvcprt.lib(MSVCP140.dll) : error LNK2005: "protected: char * __cdecl std::basic_streambuf<char,struct std::char_traits<char> >::pbase(void)const " (?pbase@?$basic_streambuf@DU?$char_traits@D@std@@@std@@IEBAPEADXZ) ist bereits in gtest.lib(gtest-all.cc.obj) definiert. [C:\VCC\themis\build-msvc-tests\tests\test_lib_spdlog_integration.vcxproj]
libcpmt.lib(xtowupper.obj) : error LNK2038: Konflikt ermittelt f├╝r "RuntimeLibrary": Der Wert "MT_StaticRelease" stimmt nicht mit dem Wert "MD_DynamicRelease" in test_lib_arrow_integration.obj ├╝berein. [C:\VCC\themis\build-msvc-tests\tests\test_lib_arrow_integration.vcxproj]
msvcprt.lib(MSVCP140.dll) : error LNK2005: "protected: char * __cdecl std::basic_streambuf<char,struct std::char_traits<char> >::pptr(void)const " (?pptr@?$basic_streambuf@DU?$char_traits@D@std@@@std@@IEBAPEADXZ) ist bereits in gtest.lib(gtest-all.cc.obj) definiert. [C:\VCC\themis\build-msvc-tests\tests\test_lib_spdlog_integration.vcxproj]
libcpmt.lib(xstrxfrm.obj) : error LNK2038: Konflikt ermittelt f├╝r "RuntimeLibrary": Der Wert "MT_StaticRelease" stimmt nicht mit dem Wert "MD_DynamicRelease" in test_lib_arrow_integration.obj ├╝berein. [C:\VCC\themis\build-msvc-tests\tests\test_lib_arrow_integration.vcxproj]
msvcprt.lib(MSVCP140.dll) : error LNK2005: "protected: char * __cdecl std::basic_streambuf<char,struct std::char_traits<char> >::egptr(void)const " (?egptr@?$basic_streambuf@DU?$char_traits@D@std@@@std@@IEBAPEADXZ) ist bereits in gtest.lib(gtest-all.cc.obj) definiert. [C:\VCC\themis\build-msvc-tests\tests\test_lib_spdlog_integration.vcxproj]
msvcprt.lib(MSVCP140.dll) : error LNK2005: "protected: void __cdecl std::basic_streambuf<char,struct std::char_traits<char> >::gbump(int)" (?gbump@?$basic_streambuf@DU?$char_traits@D@std@@@std@@IEAAXH@Z) ist bereits in gtest.lib(gtest-all.cc.obj) definiert. [C:\VCC\themis\build-msvc-tests\tests\test_lib_spdlog_integration.vcxproj]
libcpmt.lib(StlCompareStringA.obj) : error LNK2038: Konflikt ermittelt f├╝r "RuntimeLibrary": Der Wert "MT_StaticRelease" stimmt nicht mit dem Wert "MD_DynamicRelease" in test_lib_arrow_integration.obj ├╝berein. [C:\VCC\themis\build-msvc-tests\tests\test_lib_arrow_integration.vcxproj]
msvcprt.lib(MSVCP140.dll) : error LNK2005: "protected: void __cdecl std::basic_streambuf<char,struct std::char_traits<char> >::setg(char *,char *,char *)" (?setg@?$basic_streambuf@DU?$char_traits@D@std@@@std@@IEAAXPEAD00@Z) ist bereits in gtest.lib(gtest-all.cc.obj) definiert. [C:\VCC\themis\build-msvc-tests\tests\test_lib_spdlog_integration.vcxproj]
msvcprt.lib(MSVCP140.dll) : error LNK2005: "protected: char * __cdecl std::basic_streambuf<char,struct std::char_traits<char> >::epptr(void)const " (?epptr@?$basic_streambuf@DU?$char_traits@D@std@@@std@@IEBAPEADXZ) ist bereits in gtest.lib(gtest-all.cc.obj) definiert. [C:\VCC\themis\build-msvc-tests\tests\test_lib_spdlog_integration.vcxproj]
libcpmt.lib(StlCompareStringW.obj) : error LNK2038: Konflikt ermittelt f├╝r "RuntimeLibrary": Der Wert "MT_StaticRelease" stimmt nicht mit dem Wert "MD_DynamicRelease" in test_lib_arrow_integration.obj ├╝berein. [C:\VCC\themis\build-msvc-tests\tests\test_lib_arrow_integration.vcxproj]
msvcprt.lib(MSVCP140.dll) : error LNK2005: "protected: char * __cdecl std::basic_streambuf<char,struct std::char_traits<char> >::_Gninc(void)" (?_Gninc@?$basic_streambuf@DU?$char_traits@D@std@@@std@@IEAAPEADXZ) ist bereits in gtest.lib(gtest-all.cc.obj) definiert. [C:\VCC\themis\build-msvc-tests\tests\test_lib_spdlog_integration.vcxproj]
msvcprt.lib(MSVCP140.dll) : error LNK2005: "protected: __int64 __cdecl std::basic_streambuf<char,struct std::char_traits<char> >::_Gnavail(void)const " (?_Gnavail@?$basic_streambuf@DU?$char_traits@D@std@@@std@@IEBA_JXZ) ist bereits in gtest.lib(gtest-all.cc.obj) definiert. [C:\VCC\themis\build-msvc-tests\tests\test_lib_spdlog_integration.vcxproj]
libcpmt.lib(StlLCMapStringW.obj) : error LNK2038: Konflikt ermittelt f├╝r "RuntimeLibrary": Der Wert "MT_StaticRelease" stimmt nicht mit dem Wert "MD_DynamicRelease" in test_lib_arrow_integration.obj ├╝berein. [C:\VCC\themis\build-msvc-tests\tests\test_lib_arrow_integration.vcxproj]
libcpmt.lib(StlLCMapStringA.obj) : error LNK2038: Konflikt ermittelt f├╝r "RuntimeLibrary": Der Wert "MT_StaticRelease" stimmt nicht mit dem Wert "MD_DynamicRelease" in test_lib_arrow_integration.obj ├╝berein. [C:\VCC\themis\build-msvc-tests\tests\test_lib_arrow_integration.vcxproj]
msvcprt.lib(MSVCP140.dll) : error LNK2005: "protected: void __cdecl std::basic_streambuf<char,struct std::char_traits<char> >::pbump(int)" (?pbump@?$basic_streambuf@DU?$char_traits@D@std@@@std@@IEAAXH@Z) ist bereits in gtest.lib(gtest-all.cc.obj) definiert. [C:\VCC\themis\build-msvc-tests\tests\test_lib_spdlog_integration.vcxproj]
msvcprt.lib(MSVCP140.dll) : error LNK2005: "protected: void __cdecl std::basic_streambuf<char,struct std::char_traits<char> >::setp(char *,char *)" (?setp@?$basic_streambuf@DU?$char_traits@D@std@@@std@@IEAAXPEAD0@Z) ist bereits in gtest.lib(gtest-all.cc.obj) definiert. [C:\VCC\themis\build-msvc-tests\tests\test_lib_spdlog_integration.vcxproj]
msvcprt.lib(MSVCP140.dll) : error LNK2005: "protected: void __cdecl std::basic_streambuf<char,struct std::char_traits<char> >::setp(char *,char *,char *)" (?setp@?$basic_streambuf@DU?$char_traits@D@std@@@std@@IEAAXPEAD00@Z) ist bereits in gtest.lib(gtest-all.cc.obj) definiert. [C:\VCC\themis\build-msvc-tests\tests\test_lib_spdlog_integration.vcxproj]
msvcprt.lib(MSVCP140.dll) : error LNK2005: "protected: char * __cdecl std::basic_streambuf<char,struct std::char_traits<char> >::_Pninc(void)" (?_Pninc@?$basic_streambuf@DU?$char_traits@D@std@@@std@@IEAAPEADXZ) ist bereits in gtest.lib(gtest-all.cc.obj) definiert. [C:\VCC\themis\build-msvc-tests\tests\test_lib_spdlog_integration.vcxproj]
msvcprt.lib(MSVCP140.dll) : error LNK2005: "protected: __int64 __cdecl std::basic_streambuf<char,struct std::char_traits<char> >::_Pnavail(void)const " (?_Pnavail@?$basic_streambuf@DU?$char_traits@D@std@@@std@@IEBA_JXZ) ist bereits in gtest.lib(gtest-all.cc.obj) definiert. [C:\VCC\themis\build-msvc-tests\tests\test_lib_spdlog_integration.vcxproj]
msvcprt.lib(MSVCP140.dll) : error LNK2005: "protected: void __cdecl std::basic_streambuf<char,struct std::char_traits<char> >::_Init(void)" (?_Init@?$basic_streambuf@DU?$char_traits@D@std@@@std@@IEAAXXZ) ist bereits in gtest.lib(gtest-all.cc.obj) definiert. [C:\VCC\themis\build-msvc-tests\tests\test_lib_spdlog_integration.vcxproj]
msvcprt.lib(MSVCP140.dll) : error LNK2005: "protected: virtual __int64 __cdecl std::basic_streambuf<char,struct std::char_traits<char> >::xsgetn(char *,__int64)" (?xsgetn@?$basic_streambuf@DU?$char_traits@D@std@@@std@@MEAA_JPEAD_J@Z) ist bereits in gtest.lib(gtest-all.cc.obj) definiert. [C:\VCC\themis\build-msvc-tests\tests\test_lib_spdlog_integration.vcxproj]
msvcprt.lib(MSVCP140.dll) : error LNK2005: "protected: virtual __int64 __cdecl std::basic_streambuf<char,struct std::char_traits<char> >::xsputn(char const *,__int64)" (?xsputn@?$basic_streambuf@DU?$char_traits@D@std@@@std@@MEAA_JPEBD_J@Z) ist bereits in gtest.lib(gtest-all.cc.obj) definiert. [C:\VCC\themis\build-msvc-tests\tests\test_lib_spdlog_integration.vcxproj]
msvcprt.lib(MSVCP140.dll) : error LNK2005: "public: virtual __cdecl std::basic_ios<char,struct std::char_traits<char> >::~basic_ios<char,struct std::char_traits<char> >(void)" (??1?$basic_ios@DU?$char_traits@D@std@@@std@@UEAA@XZ) ist bereits in gtest.lib(gtest-all.cc.obj) definiert. [C:\VCC\themis\build-msvc-tests\tests\test_lib_spdlog_integration.vcxproj]
msvcprt.lib(MSVCP140.dll) : error LNK2005: "public: void __cdecl std::basic_ios<char,struct std::char_traits<char> >::setstate(int,bool)" (?setstate@?$basic_ios@DU?$char_traits@D@std@@@std@@QEAAXH_N@Z) ist bereits in gtest.lib(gtest-all.cc.obj) definiert. [C:\VCC\themis\build-msvc-tests\tests\test_lib_spdlog_integration.vcxproj]
msvcprt.lib(MSVCP140.dll) : error LNK2005: "public: class std::basic_ostream<char,struct std::char_traits<char> > * __cdecl std::basic_ios<char,struct std::char_traits<char> >::tie(void)const " (?tie@?$basic_ios@DU?$char_traits@D@std@@@std@@QEBAPEAV?$basic_ostream@DU?$char_traits@D@std@@@2@XZ) ist bereits in gtest.lib(gtest-all.cc.obj) definiert. [C:\VCC\themis\build-msvc-tests\tests\test_lib_spdlog_integration.vcxproj]
msvcprt.lib(MSVCP140.dll) : error LNK2005: "public: class std::basic_streambuf<char,struct std::char_traits<char> > * __cdecl std::basic_ios<char,struct std::char_traits<char> >::rdbuf(void)const " (?rdbuf@?$basic_ios@DU?$char_traits@D@std@@@std@@QEBAPEAV?$basic_streambuf@DU?$char_traits@D@std@@@2@XZ) ist bereits in gtest.lib(gtest-all.cc.obj) definiert. [C:\VCC\themis\build-msvc-tests\tests\test_lib_spdlog_integration.vcxproj]
msvcprt.lib(MSVCP140.dll) : error LNK2005: "public: char __cdecl std::basic_ios<char,struct std::char_traits<char> >::fill(void)const " (?fill@?$basic_ios@DU?$char_traits@D@std@@@std@@QEBADXZ) ist bereits in gtest.lib(gtest-all.cc.obj) definiert. [C:\VCC\themis\build-msvc-tests\tests\test_lib_spdlog_integration.vcxproj]
msvcprt.lib(MSVCP140.dll) : error LNK2005: "protected: __cdecl std::basic_ios<char,struct std::char_traits<char> >::basic_ios<char,struct std::char_traits<char> >(void)" (??0?$basic_ios@DU?$char_traits@D@std@@@std@@IEAA@XZ) ist bereits in gtest.lib(gtest-all.cc.obj) definiert. [C:\VCC\themis\build-msvc-tests\tests\test_lib_spdlog_integration.vcxproj]
msvcprt.lib(MSVCP140.dll) : error LNK2005: "public: void __cdecl std::basic_ostream<char,struct std::char_traits<char> >::_Osfx(void)" (?_Osfx@?$basic_ostream@DU?$char_traits@D@std@@@std@@QEAAXXZ) ist bereits in gtest.lib(gtest-all.cc.obj) definiert. [C:\VCC\themis\build-msvc-tests\tests\test_lib_spdlog_integration.vcxproj]
msvcprt.lib(MSVCP140.dll) : error LNK2005: "public: class std::basic_ostream<char,struct std::char_traits<char> > & __cdecl std::basic_ostream<char,struct std::char_traits<char> >::operator<<(int)" (??6?$basic_ostream@DU?$char_traits@D@std@@@std@@QEAAAEAV01@H@Z) ist bereits in gtest.lib(gtest-all.cc.obj) definiert. [C:\VCC\themis\build-msvc-tests\tests\test_lib_spdlog_integration.vcxproj]
msvcprt.lib(MSVCP140.dll) : error LNK2005: "public: class std::basic_ostream<char,struct std::char_traits<char> > & __cdecl std::basic_ostream<char,struct std::char_traits<char> >::operator<<(__int64)" (??6?$basic_ostream@DU?$char_traits@D@std@@@std@@QEAAAEAV01@_J@Z) ist bereits in gtest.lib(gtest-all.cc.obj) definiert. [C:\VCC\themis\build-msvc-tests\tests\test_lib_spdlog_integration.vcxproj]
msvcprt.lib(MSVCP140.dll) : error LNK2005: "public: class std::basic_ostream<char,struct std::char_traits<char> > & __cdecl std::basic_ostream<char,struct std::char_traits<char> >::operator<<(unsigned __int64)" (??6?$basic_ostream@DU?$char_traits@D@std@@@std@@QEAAAEAV01@_K@Z) ist bereits in gtest.lib(gtest-all.cc.obj) definiert. [C:\VCC\themis\build-msvc-tests\tests\test_lib_spdlog_integration.vcxproj]
msvcprt.lib(MSVCP140.dll) : error LNK2005: "public: class std::basic_ostream<char,struct std::char_traits<char> > & __cdecl std::basic_ostream<char,struct std::char_traits<char> >::operator<<(void const *)" (??6?$basic_ostream@DU?$char_traits@D@std@@@std@@QEAAAEAV01@PEBX@Z) ist bereits in gtest.lib(gtest-all.cc.obj) definiert. [C:\VCC\themis\build-msvc-tests\tests\test_lib_spdlog_integration.vcxproj]
msvcprt.lib(MSVCP140.dll) : error LNK2005: "public: class std::basic_ostream<char,struct std::char_traits<char> > & __cdecl std::basic_ostream<char,struct std::char_traits<char> >::flush(void)" (?flush@?$basic_ostream@DU?$char_traits@D@std@@@std@@QEAAAEAV12@XZ) ist bereits in gtest.lib(gtest-all.cc.obj) definiert. [C:\VCC\themis\build-msvc-tests\tests\test_lib_spdlog_integration.vcxproj]
msvcprt.lib(MSVCP140.dll) : error LNK2005: "public: __cdecl std::basic_istream<char,struct std::char_traits<char> >::basic_istream<char,struct std::char_traits<char> >(class std::basic_streambuf<char,struct std::char_traits<char> > *,bool)" (??0?$basic_istream@DU?$char_traits@D@std@@@std@@QEAA@PEAV?$basic_streambuf@DU?$char_traits@D@std@@@1@_N@Z) ist bereits in gtest.lib(gtest-all.cc.obj) definiert. [C:\VCC\themis\build-msvc-tests\tests\test_lib_spdlog_integration.vcxproj]
msvcprt.lib(MSVCP140.dll) : error LNK2005: "public: virtual __cdecl std::basic_istream<char,struct std::char_traits<char> >::~basic_istream<char,struct std::char_traits<char> >(void)" (??1?$basic_istream@DU?$char_traits@D@std@@@std@@UEAA@XZ) ist bereits in gtest.lib(gtest-all.cc.obj) definiert. [C:\VCC\themis\build-msvc-tests\tests\test_lib_spdlog_integration.vcxproj]
msvcprt.lib(MSVCP140.dll) : error LNK2005: "public: __cdecl std::basic_iostream<char,struct std::char_traits<char> >::basic_iostream<char,struct std::char_traits<char> >(class std::basic_streambuf<char,struct std::char_traits<char> > *)" (??0?$basic_iostream@DU?$char_traits@D@std@@@std@@QEAA@PEAV?$basic_streambuf@DU?$char_traits@D@std@@@1@@Z) ist bereits in gtest.lib(gtest-all.cc.obj) definiert. [C:\VCC\themis\build-msvc-tests\tests\test_lib_spdlog_integration.vcxproj]
msvcprt.lib(MSVCP140.dll) : error LNK2005: "public: virtual __cdecl std::basic_iostream<char,struct std::char_traits<char> >::~basic_iostream<char,struct std::char_traits<char> >(void)" (??1?$basic_iostream@DU?$char_traits@D@std@@@std@@UEAA@XZ) ist bereits in gtest.lib(gtest-all.cc.obj) definiert. [C:\VCC\themis\build-msvc-tests\tests\test_lib_spdlog_integration.vcxproj]
gtest_main.lib(gtest_main.cc.obj) : error LNK2038: Konflikt ermittelt f├╝r "RuntimeLibrary": Der Wert "MT_StaticRelease" stimmt nicht mit dem Wert "MD_DynamicRelease" in test_lib_arrow_integration.obj ├╝berein. [C:\VCC\themis\build-msvc-tests\tests\test_lib_arrow_integration.vcxproj]
LINK : warning LNK4098: Standardbibliothek "LIBCMT" steht in Konflikt mit anderen Bibliotheken; /NODEFAULTLIB:Bibliothek verwenden. [C:\VCC\themis\build-msvc-tests\tests\test_lib_arrow_integration.vcxproj]
libcpmt.lib(locale0.obj) : error LNK2038: Konflikt ermittelt f├╝r "RuntimeLibrary": Der Wert "MT_StaticRelease" stimmt nicht mit dem Wert "MD_DynamicRelease" in test_lib_spdlog_integration.obj ├╝berein. [C:\VCC\themis\build-msvc-tests\tests\test_lib_spdlog_integration.vcxproj]
libcpmt.lib(locale0.obj) : error LNK2005: "void __cdecl std::_Facet_Register(class std::_Facet_base *)" (?_Facet_Register@std@@YAXPEAV_Facet_base@1@@Z) ist bereits in msvcprt.lib(locale0_implib.obj) definiert. [C:\VCC\themis\build-msvc-tests\tests\test_lib_spdlog_integration.vcxproj]
libcpmt.lib(locale0.obj) : error LNK2005: "private: static class std::locale::_Locimp * __cdecl std::locale::_Getgloballocale(void)" (?_Getgloballocale@locale@std@@CAPEAV_Locimp@12@XZ) ist bereits in msvcprt.lib(MSVCP140.dll) definiert. [C:\VCC\themis\build-msvc-tests\tests\test_lib_spdlog_integration.vcxproj]
libcpmt.lib(locale0.obj) : error LNK2005: "private: static class std::locale::_Locimp * __cdecl std::locale::_Init(bool)" (?_Init@locale@std@@CAPEAV_Locimp@12@_N@Z) ist bereits in msvcprt.lib(MSVCP140.dll) definiert. [C:\VCC\themis\build-msvc-tests\tests\test_lib_spdlog_integration.vcxproj]
libcpmt.lib(locale0.obj) : error LNK2005: "public: static void __cdecl std::_Locinfo::_Locinfo_ctor(class std::_Locinfo *,char const *)" (?_Locinfo_ctor@_Locinfo@std@@SAXPEAV12@PEBD@Z) ist bereits in msvcprt.lib(MSVCP140.dll) definiert. [C:\VCC\themis\build-msvc-tests\tests\test_lib_spdlog_integration.vcxproj]
libcpmt.lib(locale0.obj) : error LNK2005: "public: static void __cdecl std::_Locinfo::_Locinfo_dtor(class std::_Locinfo *)" (?_Locinfo_dtor@_Locinfo@std@@SAXPEAV12@@Z) ist bereits in msvcprt.lib(MSVCP140.dll) definiert. [C:\VCC\themis\build-msvc-tests\tests\test_lib_spdlog_integration.vcxproj]
libcpmt.lib(locale0.obj) : error LNK2005: "private: static class std::locale::_Locimp * __cdecl std::locale::_Locimp::_New_Locimp(class std::locale::_Locimp const &)" (?_New_Locimp@_Locimp@locale@std@@CAPEAV123@AEBV123@@Z) ist bereits in msvcprt.lib(MSVCP140.dll) definiert. [C:\VCC\themis\build-msvc-tests\tests\test_lib_spdlog_integration.vcxproj]
libcpmt.lib(cout.obj) : error LNK2038: Konflikt ermittelt f├╝r "RuntimeLibrary": Der Wert "MT_StaticRelease" stimmt nicht mit dem Wert "MD_DynamicRelease" in test_lib_spdlog_integration.obj ├╝berein. [C:\VCC\themis\build-msvc-tests\tests\test_lib_spdlog_integration.vcxproj]
libcpmt.lib(cout.obj) : error LNK2005: "public: static unsigned __int64 __cdecl std::codecvt<char,char,struct _Mbstatet>::_Getcat(class std::locale::facet const * *,class std::locale const *)" (?_Getcat@?$codecvt@DDU_Mbstatet@@@std@@SA_KPEAPEBVfacet@locale@2@PEBV42@@Z) ist bereits in msvcprt.lib(MSVCP140.dll) definiert. [C:\VCC\themis\build-msvc-tests\tests\test_lib_spdlog_integration.vcxproj]
libcpmt.lib(cout.obj) : error LNK2005: "protected: char * __cdecl std::basic_streambuf<char,struct std::char_traits<char> >::_Gndec(void)" (?_Gndec@?$basic_streambuf@DU?$char_traits@D@std@@@std@@IEAAPEADXZ) ist bereits in msvcprt.lib(MSVCP140.dll) definiert. [C:\VCC\themis\build-msvc-tests\tests\test_lib_spdlog_integration.vcxproj]
libcpmt.lib(cout.obj) : error LNK2005: "protected: void __cdecl std::basic_streambuf<char,struct std::char_traits<char> >::_Init(char * *,char * *,int *,char * *,char * *,int *)" (?_Init@?$basic_streambuf@DU?$char_traits@D@std@@@std@@IEAAXPEAPEAD0PEAH001@Z) ist bereits in msvcprt.lib(MSVCP140.dll) definiert. [C:\VCC\themis\build-msvc-tests\tests\test_lib_spdlog_integration.vcxproj]
libcpmt.lib(cout.obj) : error LNK2005: "public: bool __cdecl std::codecvt_base::always_noconv(void)const " (?always_noconv@codecvt_base@std@@QEBA_NXZ) ist bereits in msvcprt.lib(MSVCP140.dll) definiert. [C:\VCC\themis\build-msvc-tests\tests\test_lib_spdlog_integration.vcxproj]
libcpmt.lib(cout.obj) : error LNK2005: "public: int __cdecl std::codecvt<char,char,struct _Mbstatet>::in(struct _Mbstatet &,char const *,char const *,char const * &,char *,char *,char * &)const " (?in@?$codecvt@DDU_Mbstatet@@@std@@QEBAHAEAU_Mbstatet@@PEBD1AEAPEBDPEAD3AEAPEAD@Z) ist bereits in msvcprt.lib(MSVCP140.dll) definiert. [C:\VCC\themis\build-msvc-tests\tests\test_lib_spdlog_integration.vcxproj]
libcpmt.lib(cout.obj) : error LNK2005: "public: int __cdecl std::codecvt<char,char,struct _Mbstatet>::out(struct _Mbstatet &,char const *,char const *,char const * &,char *,char *,char * &)const " (?out@?$codecvt@DDU_Mbstatet@@@std@@QEBAHAEAU_Mbstatet@@PEBD1AEAPEBDPEAD3AEAPEAD@Z) ist bereits in msvcprt.lib(MSVCP140.dll) definiert. [C:\VCC\themis\build-msvc-tests\tests\test_lib_spdlog_integration.vcxproj]
libcpmt.lib(cout.obj) : error LNK2005: "public: int __cdecl std::codecvt<char,char,struct _Mbstatet>::unshift(struct _Mbstatet &,char *,char *,char * &)const " (?unshift@?$codecvt@DDU_Mbstatet@@@std@@QEBAHAEAU_Mbstatet@@PEAD1AEAPEAD@Z) ist bereits in msvcprt.lib(MSVCP140.dll) definiert. [C:\VCC\themis\build-msvc-tests\tests\test_lib_spdlog_integration.vcxproj]
libcpmt.lib(cerr.obj) : error LNK2038: Konflikt ermittelt f├╝r "RuntimeLibrary": Der Wert "MT_StaticRelease" stimmt nicht mit dem Wert "MD_DynamicRelease" in test_lib_spdlog_integration.obj ├╝berein. [C:\VCC\themis\build-msvc-tests\tests\test_lib_spdlog_integration.vcxproj]
libcpmt.lib(cerr.obj) : error LNK2005: "public: static unsigned __int64 __cdecl std::codecvt<char,char,struct _Mbstatet>::_Getcat(class std::locale::facet const * *,class std::locale const *)" (?_Getcat@?$codecvt@DDU_Mbstatet@@@std@@SA_KPEAPEBVfacet@locale@2@PEBV42@@Z) ist bereits in msvcprt.lib(MSVCP140.dll) definiert. [C:\VCC\themis\build-msvc-tests\tests\test_lib_spdlog_integration.vcxproj]
libcpmt.lib(cerr.obj) : error LNK2005: "protected: char * __cdecl std::basic_streambuf<char,struct std::char_traits<char> >::_Gndec(void)" (?_Gndec@?$basic_streambuf@DU?$char_traits@D@std@@@std@@IEAAPEADXZ) ist bereits in msvcprt.lib(MSVCP140.dll) definiert. [C:\VCC\themis\build-msvc-tests\tests\test_lib_spdlog_integration.vcxproj]
libcpmt.lib(cerr.obj) : error LNK2005: "protected: void __cdecl std::basic_streambuf<char,struct std::char_traits<char> >::_Init(char * *,char * *,int *,char * *,char * *,int *)" (?_Init@?$basic_streambuf@DU?$char_traits@D@std@@@std@@IEAAXPEAPEAD0PEAH001@Z) ist bereits in msvcprt.lib(MSVCP140.dll) definiert. [C:\VCC\themis\build-msvc-tests\tests\test_lib_spdlog_integration.vcxproj]
libcpmt.lib(cerr.obj) : error LNK2005: "public: bool __cdecl std::codecvt_base::always_noconv(void)const " (?always_noconv@codecvt_base@std@@QEBA_NXZ) ist bereits in msvcprt.lib(MSVCP140.dll) definiert. [C:\VCC\themis\build-msvc-tests\tests\test_lib_spdlog_integration.vcxproj]
libcpmt.lib(cerr.obj) : error LNK2005: "public: int __cdecl std::codecvt<char,char,struct _Mbstatet>::in(struct _Mbstatet &,char const *,char const *,char const * &,char *,char *,char * &)const " (?in@?$codecvt@DDU_Mbstatet@@@std@@QEBAHAEAU_Mbstatet@@PEBD1AEAPEBDPEAD3AEAPEAD@Z) ist bereits in msvcprt.lib(MSVCP140.dll) definiert. [C:\VCC\themis\build-msvc-tests\tests\test_lib_spdlog_integration.vcxproj]
libcpmt.lib(cerr.obj) : error LNK2005: "public: int __cdecl std::codecvt<char,char,struct _Mbstatet>::out(struct _Mbstatet &,char const *,char const *,char const * &,char *,char *,char * &)const " (?out@?$codecvt@DDU_Mbstatet@@@std@@QEBAHAEAU_Mbstatet@@PEBD1AEAPEBDPEAD3AEAPEAD@Z) ist bereits in msvcprt.lib(MSVCP140.dll) definiert. [C:\VCC\themis\build-msvc-tests\tests\test_lib_spdlog_integration.vcxproj]
libcpmt.lib(cerr.obj) : error LNK2005: "public: int __cdecl std::codecvt<char,char,struct _Mbstatet>::unshift(struct _Mbstatet &,char *,char *,char * &)const " (?unshift@?$codecvt@DDU_Mbstatet@@@std@@QEBAHAEAU_Mbstatet@@PEAD1AEAPEAD@Z) ist bereits in msvcprt.lib(MSVCP140.dll) definiert. [C:\VCC\themis\build-msvc-tests\tests\test_lib_spdlog_integration.vcxproj]
libcpmt.lib(locale.obj) : error LNK2038: Konflikt ermittelt f├╝r "RuntimeLibrary": Der Wert "MT_StaticRelease" stimmt nicht mit dem Wert "MD_DynamicRelease" in test_lib_spdlog_integration.obj ├╝berein. [C:\VCC\themis\build-msvc-tests\tests\test_lib_spdlog_integration.vcxproj]
libcpmt.lib(locale.obj) : error LNK2005: "public: static unsigned __int64 __cdecl std::codecvt<char,char,struct _Mbstatet>::_Getcat(class std::locale::facet const * *,class std::locale const *)" (?_Getcat@?$codecvt@DDU_Mbstatet@@@std@@SA_KPEAPEBVfacet@locale@2@PEBV42@@Z) ist bereits in msvcprt.lib(MSVCP140.dll) definiert. [C:\VCC\themis\build-msvc-tests\tests\test_lib_spdlog_integration.vcxproj]
libcpmt.lib(locale.obj) : error LNK2005: "private: static void __cdecl std::locale::_Locimp::_Locimp_Addfac(class std::locale::_Locimp *,class std::locale::facet *,unsigned __int64)" (?_Locimp_Addfac@_Locimp@locale@std@@CAXPEAV123@PEAVfacet@23@_K@Z) ist bereits in msvcprt.lib(MSVCP140.dll) definiert. [C:\VCC\themis\build-msvc-tests\tests\test_lib_spdlog_integration.vcxproj]
libcpmt.lib(locale.obj) : error LNK2005: "public: int __cdecl std::basic_streambuf<char,struct std::char_traits<char> >::sbumpc(void)" (?sbumpc@?$basic_streambuf@DU?$char_traits@D@std@@@std@@QEAAHXZ) ist bereits in msvcprt.lib(MSVCP140.dll) definiert. [C:\VCC\themis\build-msvc-tests\tests\test_lib_spdlog_integration.vcxproj]
libcpmt.lib(locale.obj) : error LNK2005: "public: int __cdecl std::basic_streambuf<char,struct std::char_traits<char> >::sgetc(void)" (?sgetc@?$basic_streambuf@DU?$char_traits@D@std@@@std@@QEAAHXZ) ist bereits in msvcprt.lib(MSVCP140.dll) definiert. [C:\VCC\themis\build-msvc-tests\tests\test_lib_spdlog_integration.vcxproj]
libcpmt.lib(iosptrs.obj) : error LNK2038: Konflikt ermittelt f├╝r "RuntimeLibrary": Der Wert "MT_StaticRelease" stimmt nicht mit dem Wert "MD_DynamicRelease" in test_lib_spdlog_integration.obj ├╝berein. [C:\VCC\themis\build-msvc-tests\tests\test_lib_spdlog_integration.vcxproj]
libcpmt.lib(xlock.obj) : error LNK2038: Konflikt ermittelt f├╝r "RuntimeLibrary": Der Wert "MT_StaticRelease" stimmt nicht mit dem Wert "MD_DynamicRelease" in test_lib_spdlog_integration.obj ├╝berein. [C:\VCC\themis\build-msvc-tests\tests\test_lib_spdlog_integration.vcxproj]
libcpmt.lib(xlock.obj) : error LNK2005: "public: __cdecl std::_Lockit::_Lockit(int)" (??0_Lockit@std@@QEAA@H@Z) ist bereits in msvcprt.lib(MSVCP140.dll) definiert. [C:\VCC\themis\build-msvc-tests\tests\test_lib_spdlog_integration.vcxproj]
libcpmt.lib(xlock.obj) : error LNK2005: "public: __cdecl std::_Lockit::~_Lockit(void)" (??1_Lockit@std@@QEAA@XZ) ist bereits in msvcprt.lib(MSVCP140.dll) definiert. [C:\VCC\themis\build-msvc-tests\tests\test_lib_spdlog_integration.vcxproj]
libcpmt.lib(wlocale.obj) : error LNK2038: Konflikt ermittelt f├╝r "RuntimeLibrary": Der Wert "MT_StaticRelease" stimmt nicht mit dem Wert "MD_DynamicRelease" in test_lib_spdlog_integration.obj ├╝berein. [C:\VCC\themis\build-msvc-tests\tests\test_lib_spdlog_integration.vcxproj]
libcpmt.lib(wlocale.obj) : error LNK2005: "public: unsigned short const * __cdecl std::_Locinfo::_W_Getdays(void)const " (?_W_Getdays@_Locinfo@std@@QEBAPEBGXZ) ist bereits in msvcprt.lib(MSVCP140.dll) definiert. [C:\VCC\themis\build-msvc-tests\tests\test_lib_spdlog_integration.vcxproj]
libcpmt.lib(wlocale.obj) : error LNK2005: "public: unsigned short const * __cdecl std::_Locinfo::_W_Getmonths(void)const " (?_W_Getmonths@_Locinfo@std@@QEBAPEBGXZ) ist bereits in msvcprt.lib(MSVCP140.dll) definiert. [C:\VCC\themis\build-msvc-tests\tests\test_lib_spdlog_integration.vcxproj]
libcpmt.lib(xlocale.obj) : error LNK2038: Konflikt ermittelt f├╝r "RuntimeLibrary": Der Wert "MT_StaticRelease" stimmt nicht mit dem Wert "MD_DynamicRelease" in test_lib_spdlog_integration.obj ├╝berein. [C:\VCC\themis\build-msvc-tests\tests\test_lib_spdlog_integration.vcxproj]
libcpmt.lib(xlocale.obj) : error LNK2005: "public: int __cdecl std::basic_streambuf<char,struct std::char_traits<char> >::sbumpc(void)" (?sbumpc@?$basic_streambuf@DU?$char_traits@D@std@@@std@@QEAAHXZ) ist bereits in msvcprt.lib(MSVCP140.dll) definiert. [C:\VCC\themis\build-msvc-tests\tests\test_lib_spdlog_integration.vcxproj]
libcpmt.lib(xlocale.obj) : error LNK2005: "public: int __cdecl std::basic_streambuf<char,struct std::char_traits<char> >::sgetc(void)" (?sgetc@?$basic_streambuf@DU?$char_traits@D@std@@@std@@QEAAHXZ) ist bereits in msvcprt.lib(MSVCP140.dll) definiert. [C:\VCC\themis\build-msvc-tests\tests\test_lib_spdlog_integration.vcxproj]
libcpmt.lib(xstol.obj) : error LNK2038: Konflikt ermittelt f├╝r "RuntimeLibrary": Der Wert "MT_StaticRelease" stimmt nicht mit dem Wert "MD_DynamicRelease" in test_lib_spdlog_integration.obj ├╝berein. [C:\VCC\themis\build-msvc-tests\tests\test_lib_spdlog_integration.vcxproj]
libcpmt.lib(xstoul.obj) : error LNK2038: Konflikt ermittelt f├╝r "RuntimeLibrary": Der Wert "MT_StaticRelease" stimmt nicht mit dem Wert "MD_DynamicRelease" in test_lib_spdlog_integration.obj ├╝berein. [C:\VCC\themis\build-msvc-tests\tests\test_lib_spdlog_integration.vcxproj]
libcpmt.lib(xstoll.obj) : error LNK2038: Konflikt ermittelt f├╝r "RuntimeLibrary": Der Wert "MT_StaticRelease" stimmt nicht mit dem Wert "MD_DynamicRelease" in test_lib_spdlog_integration.obj ├╝berein. [C:\VCC\themis\build-msvc-tests\tests\test_lib_spdlog_integration.vcxproj]
libcpmt.lib(xstoull.obj) : error LNK2038: Konflikt ermittelt f├╝r "RuntimeLibrary": Der Wert "MT_StaticRelease" stimmt nicht mit dem Wert "MD_DynamicRelease" in test_lib_spdlog_integration.obj ├╝berein. [C:\VCC\themis\build-msvc-tests\tests\test_lib_spdlog_integration.vcxproj]
libcpmt.lib(xmtx.obj) : error LNK2038: Konflikt ermittelt f├╝r "RuntimeLibrary": Der Wert "MT_StaticRelease" stimmt nicht mit dem Wert "MD_DynamicRelease" in test_lib_spdlog_integration.obj ├╝berein. [C:\VCC\themis\build-msvc-tests\tests\test_lib_spdlog_integration.vcxproj]
libcpmt.lib(xstrcoll.obj) : error LNK2038: Konflikt ermittelt f├╝r "RuntimeLibrary": Der Wert "MT_StaticRelease" stimmt nicht mit dem Wert "MD_DynamicRelease" in test_lib_spdlog_integration.obj ├╝berein. [C:\VCC\themis\build-msvc-tests\tests\test_lib_spdlog_integration.vcxproj]
libcpmt.lib(xdateord.obj) : error LNK2038: Konflikt ermittelt f├╝r "RuntimeLibrary": Der Wert "MT_StaticRelease" stimmt nicht mit dem Wert "MD_DynamicRelease" in test_lib_spdlog_integration.obj ├╝berein. [C:\VCC\themis\build-msvc-tests\tests\test_lib_spdlog_integration.vcxproj]
libcpmt.lib(xwcscoll.obj) : error LNK2038: Konflikt ermittelt f├╝r "RuntimeLibrary": Der Wert "MT_StaticRelease" stimmt nicht mit dem Wert "MD_DynamicRelease" in test_lib_spdlog_integration.obj ├╝berein. [C:\VCC\themis\build-msvc-tests\tests\test_lib_spdlog_integration.vcxproj]
libcpmt.lib(xwcsxfrm.obj) : error LNK2038: Konflikt ermittelt f├╝r "RuntimeLibrary": Der Wert "MT_StaticRelease" stimmt nicht mit dem Wert "MD_DynamicRelease" in test_lib_spdlog_integration.obj ├╝berein. [C:\VCC\themis\build-msvc-tests\tests\test_lib_spdlog_integration.vcxproj]
libcpmt.lib(xgetwctype.obj) : error LNK2038: Konflikt ermittelt f├╝r "RuntimeLibrary": Der Wert "MT_StaticRelease" stimmt nicht mit dem Wert "MD_DynamicRelease" in test_lib_spdlog_integration.obj ├╝berein. [C:\VCC\themis\build-msvc-tests\tests\test_lib_spdlog_integration.vcxproj]
libcpmt.lib(xtowlower.obj) : error LNK2038: Konflikt ermittelt f├╝r "RuntimeLibrary": Der Wert "MT_StaticRelease" stimmt nicht mit dem Wert "MD_DynamicRelease" in test_lib_spdlog_integration.obj ├╝berein. [C:\VCC\themis\build-msvc-tests\tests\test_lib_spdlog_integration.vcxproj]
libcpmt.lib(xtowupper.obj) : error LNK2038: Konflikt ermittelt f├╝r "RuntimeLibrary": Der Wert "MT_StaticRelease" stimmt nicht mit dem Wert "MD_DynamicRelease" in test_lib_spdlog_integration.obj ├╝berein. [C:\VCC\themis\build-msvc-tests\tests\test_lib_spdlog_integration.vcxproj]
libcpmt.lib(xstrxfrm.obj) : error LNK2038: Konflikt ermittelt f├╝r "RuntimeLibrary": Der Wert "MT_StaticRelease" stimmt nicht mit dem Wert "MD_DynamicRelease" in test_lib_spdlog_integration.obj ├╝berein. [C:\VCC\themis\build-msvc-tests\tests\test_lib_spdlog_integration.vcxproj]
libcpmt.lib(StlCompareStringA.obj) : error LNK2038: Konflikt ermittelt f├╝r "RuntimeLibrary": Der Wert "MT_StaticRelease" stimmt nicht mit dem Wert "MD_DynamicRelease" in test_lib_spdlog_integration.obj ├╝berein. [C:\VCC\themis\build-msvc-tests\tests\test_lib_spdlog_integration.vcxproj]
libcpmt.lib(StlCompareStringW.obj) : error LNK2038: Konflikt ermittelt f├╝r "RuntimeLibrary": Der Wert "MT_StaticRelease" stimmt nicht mit dem Wert "MD_DynamicRelease" in test_lib_spdlog_integration.obj ├╝berein. [C:\VCC\themis\build-msvc-tests\tests\test_lib_spdlog_integration.vcxproj]
libcpmt.lib(StlLCMapStringW.obj) : error LNK2038: Konflikt ermittelt f├╝r "RuntimeLibrary": Der Wert "MT_StaticRelease" stimmt nicht mit dem Wert "MD_DynamicRelease" in test_lib_spdlog_integration.obj ├╝berein. [C:\VCC\themis\build-msvc-tests\tests\test_lib_spdlog_integration.vcxproj]
libcpmt.lib(StlLCMapStringA.obj) : error LNK2038: Konflikt ermittelt f├╝r "RuntimeLibrary": Der Wert "MT_StaticRelease" stimmt nicht mit dem Wert "MD_DynamicRelease" in test_lib_spdlog_integration.obj ├╝berein. [C:\VCC\themis\build-msvc-tests\tests\test_lib_spdlog_integration.vcxproj]
gtest.lib(gtest-all.cc.obj) : error LNK2038: Konflikt ermittelt f├╝r "RuntimeLibrary": Der Wert "MT_StaticRelease" stimmt nicht mit dem Wert "MD_DynamicRelease" in test_lib_zstd_integration.obj ├╝berein. [C:\VCC\themis\build-msvc-tests\tests\test_lib_zstd_integration.vcxproj]
gtest_main.lib(gtest_main.cc.obj) : error LNK2038: Konflikt ermittelt f├╝r "RuntimeLibrary": Der Wert "MT_StaticRelease" stimmt nicht mit dem Wert "MD_DynamicRelease" in test_lib_spdlog_integration.obj ├╝berein. [C:\VCC\themis\build-msvc-tests\tests\test_lib_spdlog_integration.vcxproj]
gtest.lib(gtest-all.cc.obj) : error LNK2038: Konflikt ermittelt f├╝r "RuntimeLibrary": Der Wert "MT_StaticRelease" stimmt nicht mit dem Wert "MD_DynamicRelease" in test_lib_yaml_advanced.obj ├╝berein. [C:\VCC\themis\build-msvc-tests\tests\test_lib_yaml_advanced.vcxproj]
LINK : warning LNK4098: Standardbibliothek "LIBCMT" steht in Konflikt mit anderen Bibliotheken; /NODEFAULTLIB:Bibliothek verwenden. [C:\VCC\themis\build-msvc-tests\tests\test_lib_spdlog_integration.vcxproj]
yaml-cpp.lib(emitter.cpp.obj) : error LNK2038: Konflikt ermittelt f├╝r "RuntimeLibrary": Der Wert "MT_StaticRelease" stimmt nicht mit dem Wert "MD_DynamicRelease" in test_lib_yaml_advanced.obj ├╝berein. [C:\VCC\themis\build-msvc-tests\tests\test_lib_yaml_advanced.vcxproj]
yaml-cpp.lib(exceptions.cpp.obj) : error LNK2038: Konflikt ermittelt f├╝r "RuntimeLibrary": Der Wert "MT_StaticRelease" stimmt nicht mit dem Wert "MD_DynamicRelease" in test_lib_yaml_advanced.obj ├╝berein. [C:\VCC\themis\build-msvc-tests\tests\test_lib_yaml_advanced.vcxproj]
yaml-cpp.lib(node.cpp.obj) : error LNK2038: Konflikt ermittelt f├╝r "RuntimeLibrary": Der Wert "MT_StaticRelease" stimmt nicht mit dem Wert "MD_DynamicRelease" in test_lib_yaml_advanced.obj ├╝berein. [C:\VCC\themis\build-msvc-tests\tests\test_lib_yaml_advanced.vcxproj]
yaml-cpp.lib(memory.cpp.obj) : error LNK2038: Konflikt ermittelt f├╝r "RuntimeLibrary": Der Wert "MT_StaticRelease" stimmt nicht mit dem Wert "MD_DynamicRelease" in test_lib_yaml_advanced.obj ├╝berein. [C:\VCC\themis\build-msvc-tests\tests\test_lib_yaml_advanced.vcxproj]
yaml-cpp.lib(node_data.cpp.obj) : error LNK2038: Konflikt ermittelt f├╝r "RuntimeLibrary": Der Wert "MT_StaticRelease" stimmt nicht mit dem Wert "MD_DynamicRelease" in test_lib_yaml_advanced.obj ├╝berein. [C:\VCC\themis\build-msvc-tests\tests\test_lib_yaml_advanced.vcxproj]
yaml-cpp.lib(convert.cpp.obj) : error LNK2038: Konflikt ermittelt f├╝r "RuntimeLibrary": Der Wert "MT_StaticRelease" stimmt nicht mit dem Wert "MD_DynamicRelease" in test_lib_yaml_advanced.obj ├╝berein. [C:\VCC\themis\build-msvc-tests\tests\test_lib_yaml_advanced.vcxproj]
yaml-cpp.lib(parse.cpp.obj) : error LNK2038: Konflikt ermittelt f├╝r "RuntimeLibrary": Der Wert "MT_StaticRelease" stimmt nicht mit dem Wert "MD_DynamicRelease" in test_lib_yaml_advanced.obj ├╝berein. [C:\VCC\themis\build-msvc-tests\tests\test_lib_yaml_advanced.vcxproj]
yaml-cpp.lib(emit.cpp.obj) : error LNK2038: Konflikt ermittelt f├╝r "RuntimeLibrary": Der Wert "MT_StaticRelease" stimmt nicht mit dem Wert "MD_DynamicRelease" in test_lib_yaml_advanced.obj ├╝berein. [C:\VCC\themis\build-msvc-tests\tests\test_lib_yaml_advanced.vcxproj]
yaml-cpp.lib(emitterstate.cpp.obj) : error LNK2038: Konflikt ermittelt f├╝r "RuntimeLibrary": Der Wert "MT_StaticRelease" stimmt nicht mit dem Wert "MD_DynamicRelease" in test_lib_yaml_advanced.obj ├╝berein. [C:\VCC\themis\build-msvc-tests\tests\test_lib_yaml_advanced.vcxproj]
msvcprt.lib(MSVCP140.dll) : error LNK2005: "public: struct _Cvtvec __cdecl std::_Locinfo::_Getcvt(void)const " (?_Getcvt@_Locinfo@std@@QEBA?AU_Cvtvec@@XZ) ist bereits in gtest.lib(gtest-all.cc.obj) definiert. [C:\VCC\themis\build-msvc-tests\tests\test_lib_zstd_integration.vcxproj]
msvcprt.lib(MSVCP140.dll) : error LNK2005: "public: bool __cdecl std::ios_base::good(void)const " (?good@ios_base@std@@QEBA_NXZ) ist bereits in gtest.lib(gtest-all.cc.obj) definiert. [C:\VCC\themis\build-msvc-tests\tests\test_lib_zstd_integration.vcxproj]
msvcprt.lib(MSVCP140.dll) : error LNK2005: "public: int __cdecl std::ios_base::flags(void)const " (?flags@ios_base@std@@QEBAHXZ) ist bereits in gtest.lib(gtest-all.cc.obj) definiert. [C:\VCC\themis\build-msvc-tests\tests\test_lib_zstd_integration.vcxproj]
msvcprt.lib(MSVCP140.dll) : error LNK2005: "public: __int64 __cdecl std::ios_base::precision(void)const " (?precision@ios_base@std@@QEBA_JXZ) ist bereits in gtest.lib(gtest-all.cc.obj) definiert. [C:\VCC\themis\build-msvc-tests\tests\test_lib_zstd_integration.vcxproj]
msvcprt.lib(MSVCP140.dll) : error LNK2005: "public: __int64 __cdecl std::ios_base::width(void)const " (?width@ios_base@std@@QEBA_JXZ) ist bereits in gtest.lib(gtest-all.cc.obj) definiert. [C:\VCC\themis\build-msvc-tests\tests\test_lib_zstd_integration.vcxproj]
msvcprt.lib(MSVCP140.dll) : error LNK2005: "public: __int64 __cdecl std::ios_base::width(__int64)" (?width@ios_base@std@@QEAA_J_J@Z) ist bereits in gtest.lib(gtest-all.cc.obj) definiert. [C:\VCC\themis\build-msvc-tests\tests\test_lib_zstd_integration.vcxproj]
msvcprt.lib(MSVCP140.dll) : error LNK2005: "protected: __cdecl std::basic_streambuf<char,struct std::char_traits<char> >::basic_streambuf<char,struct std::char_traits<char> >(void)" (??0?$basic_streambuf@DU?$char_traits@D@std@@@std@@IEAA@XZ) ist bereits in gtest.lib(gtest-all.cc.obj) definiert. [C:\VCC\themis\build-msvc-tests\tests\test_lib_zstd_integration.vcxproj]
msvcprt.lib(MSVCP140.dll) : error LNK2005: "public: virtual __cdecl std::basic_streambuf<char,struct std::char_traits<char> >::~basic_streambuf<char,struct std::char_traits<char> >(void)" (??1?$basic_streambuf@DU?$char_traits@D@std@@@std@@UEAA@XZ) ist bereits in gtest.lib(gtest-all.cc.obj) definiert. [C:\VCC\themis\build-msvc-tests\tests\test_lib_zstd_integration.vcxproj]
msvcprt.lib(MSVCP140.dll) : error LNK2005: "public: int __cdecl std::basic_streambuf<char,struct std::char_traits<char> >::sputc(char)" (?sputc@?$basic_streambuf@DU?$char_traits@D@std@@@std@@QEAAHD@Z) ist bereits in gtest.lib(gtest-all.cc.obj) definiert. [C:\VCC\themis\build-msvc-tests\tests\test_lib_zstd_integration.vcxproj]
msvcprt.lib(MSVCP140.dll) : error LNK2005: "public: __int64 __cdecl std::basic_streambuf<char,struct std::char_traits<char> >::sputn(char const *,__int64)" (?sputn@?$basic_streambuf@DU?$char_traits@D@std@@@std@@QEAA_JPEBD_J@Z) ist bereits in gtest.lib(gtest-all.cc.obj) definiert. [C:\VCC\themis\build-msvc-tests\tests\test_lib_zstd_integration.vcxproj]
msvcprt.lib(MSVCP140.dll) : error LNK2005: "protected: char * __cdecl std::basic_streambuf<char,struct std::char_traits<char> >::eback(void)const " (?eback@?$basic_streambuf@DU?$char_traits@D@std@@@std@@IEBAPEADXZ) ist bereits in gtest.lib(gtest-all.cc.obj) definiert. [C:\VCC\themis\build-msvc-tests\tests\test_lib_zstd_integration.vcxproj]
yaml-cpp.lib(ostream_wrapper.cpp.obj) : error LNK2038: Konflikt ermittelt f├╝r "RuntimeLibrary": Der Wert "MT_StaticRelease" stimmt nicht mit dem Wert "MD_DynamicRelease" in test_lib_yaml_advanced.obj ├╝berein. [C:\VCC\themis\build-msvc-tests\tests\test_lib_yaml_advanced.vcxproj]
msvcprt.lib(MSVCP140.dll) : error LNK2005: "protected: char * __cdecl std::basic_streambuf<char,struct std::char_traits<char> >::gptr(void)const " (?gptr@?$basic_streambuf@DU?$char_traits@D@std@@@std@@IEBAPEADXZ) ist bereits in gtest.lib(gtest-all.cc.obj) definiert. [C:\VCC\themis\build-msvc-tests\tests\test_lib_zstd_integration.vcxproj]
msvcprt.lib(MSVCP140.dll) : error LNK2005: "protected: char * __cdecl std::basic_streambuf<char,struct std::char_traits<char> >::pbase(void)const " (?pbase@?$basic_streambuf@DU?$char_traits@D@std@@@std@@IEBAPEADXZ) ist bereits in gtest.lib(gtest-all.cc.obj) definiert. [C:\VCC\themis\build-msvc-tests\tests\test_lib_zstd_integration.vcxproj]
msvcprt.lib(MSVCP140.dll) : error LNK2005: "protected: char * __cdecl std::basic_streambuf<char,struct std::char_traits<char> >::pptr(void)const " (?pptr@?$basic_streambuf@DU?$char_traits@D@std@@@std@@IEBAPEADXZ) ist bereits in gtest.lib(gtest-all.cc.obj) definiert. [C:\VCC\themis\build-msvc-tests\tests\test_lib_zstd_integration.vcxproj]
msvcprt.lib(MSVCP140.dll) : error LNK2005: "protected: char * __cdecl std::basic_streambuf<char,struct std::char_traits<char> >::egptr(void)const " (?egptr@?$basic_streambuf@DU?$char_traits@D@std@@@std@@IEBAPEADXZ) ist bereits in gtest.lib(gtest-all.cc.obj) definiert. [C:\VCC\themis\build-msvc-tests\tests\test_lib_zstd_integration.vcxproj]
msvcprt.lib(MSVCP140.dll) : error LNK2005: "protected: void __cdecl std::basic_streambuf<char,struct std::char_traits<char> >::gbump(int)" (?gbump@?$basic_streambuf@DU?$char_traits@D@std@@@std@@IEAAXH@Z) ist bereits in gtest.lib(gtest-all.cc.obj) definiert. [C:\VCC\themis\build-msvc-tests\tests\test_lib_zstd_integration.vcxproj]
msvcprt.lib(MSVCP140.dll) : error LNK2005: "protected: void __cdecl std::basic_streambuf<char,struct std::char_traits<char> >::setg(char *,char *,char *)" (?setg@?$basic_streambuf@DU?$char_traits@D@std@@@std@@IEAAXPEAD00@Z) ist bereits in gtest.lib(gtest-all.cc.obj) definiert. [C:\VCC\themis\build-msvc-tests\tests\test_lib_zstd_integration.vcxproj]
msvcprt.lib(MSVCP140.dll) : error LNK2005: "protected: char * __cdecl std::basic_streambuf<char,struct std::char_traits<char> >::epptr(void)const " (?epptr@?$basic_streambuf@DU?$char_traits@D@std@@@std@@IEBAPEADXZ) ist bereits in gtest.lib(gtest-all.cc.obj) definiert. [C:\VCC\themis\build-msvc-tests\tests\test_lib_zstd_integration.vcxproj]
msvcprt.lib(MSVCP140.dll) : error LNK2005: "protected: void __cdecl std::basic_streambuf<char,struct std::char_traits<char> >::setp(char *,char *)" (?setp@?$basic_streambuf@DU?$char_traits@D@std@@@std@@IEAAXPEAD0@Z) ist bereits in gtest.lib(gtest-all.cc.obj) definiert. [C:\VCC\themis\build-msvc-tests\tests\test_lib_zstd_integration.vcxproj]
msvcprt.lib(MSVCP140.dll) : error LNK2005: "protected: void __cdecl std::basic_streambuf<char,struct std::char_traits<char> >::setp(char *,char *,char *)" (?setp@?$basic_streambuf@DU?$char_traits@D@std@@@std@@IEAAXPEAD00@Z) ist bereits in gtest.lib(gtest-all.cc.obj) definiert. [C:\VCC\themis\build-msvc-tests\tests\test_lib_zstd_integration.vcxproj]
yaml-cpp.lib(emitterutils.cpp.obj) : error LNK2038: Konflikt ermittelt f├╝r "RuntimeLibrary": Der Wert "MT_StaticRelease" stimmt nicht mit dem Wert "MD_DynamicRelease" in test_lib_yaml_advanced.obj ├╝berein. [C:\VCC\themis\build-msvc-tests\tests\test_lib_yaml_advanced.vcxproj]
msvcprt.lib(MSVCP140.dll) : error LNK2005: "protected: char * __cdecl std::basic_streambuf<char,struct std::char_traits<char> >::_Pninc(void)" (?_Pninc@?$basic_streambuf@DU?$char_traits@D@std@@@std@@IEAAPEADXZ) ist bereits in gtest.lib(gtest-all.cc.obj) definiert. [C:\VCC\themis\build-msvc-tests\tests\test_lib_zstd_integration.vcxproj]
msvcprt.lib(MSVCP140.dll) : error LNK2005: "public: virtual __cdecl std::basic_ios<char,struct std::char_traits<char> >::~basic_ios<char,struct std::char_traits<char> >(void)" (??1?$basic_ios@DU?$char_traits@D@std@@@std@@UEAA@XZ) ist bereits in gtest.lib(gtest-all.cc.obj) definiert. [C:\VCC\themis\build-msvc-tests\tests\test_lib_zstd_integration.vcxproj]
msvcprt.lib(MSVCP140.dll) : error LNK2005: "public: void __cdecl std::basic_ios<char,struct std::char_traits<char> >::setstate(int,bool)" (?setstate@?$basic_ios@DU?$char_traits@D@std@@@std@@QEAAXH_N@Z) ist bereits in gtest.lib(gtest-all.cc.obj) definiert. [C:\VCC\themis\build-msvc-tests\tests\test_lib_zstd_integration.vcxproj]
msvcprt.lib(MSVCP140.dll) : error LNK2005: "public: class std::basic_ostream<char,struct std::char_traits<char> > * __cdecl std::basic_ios<char,struct std::char_traits<char> >::tie(void)const " (?tie@?$basic_ios@DU?$char_traits@D@std@@@std@@QEBAPEAV?$basic_ostream@DU?$char_traits@D@std@@@2@XZ) ist bereits in gtest.lib(gtest-all.cc.obj) definiert. [C:\VCC\themis\build-msvc-tests\tests\test_lib_zstd_integration.vcxproj]
msvcprt.lib(MSVCP140.dll) : error LNK2005: "public: class std::basic_streambuf<char,struct std::char_traits<char> > * __cdecl std::basic_ios<char,struct std::char_traits<char> >::rdbuf(void)const " (?rdbuf@?$basic_ios@DU?$char_traits@D@std@@@std@@QEBAPEAV?$basic_streambuf@DU?$char_traits@D@std@@@2@XZ) ist bereits in gtest.lib(gtest-all.cc.obj) definiert. [C:\VCC\themis\build-msvc-tests\tests\test_lib_zstd_integration.vcxproj]
msvcprt.lib(MSVCP140.dll) : error LNK2005: "public: char __cdecl std::basic_ios<char,struct std::char_traits<char> >::fill(void)const " (?fill@?$basic_ios@DU?$char_traits@D@std@@@std@@QEBADXZ) ist bereits in gtest.lib(gtest-all.cc.obj) definiert. [C:\VCC\themis\build-msvc-tests\tests\test_lib_zstd_integration.vcxproj]
msvcprt.lib(MSVCP140.dll) : error LNK2005: "protected: __cdecl std::basic_ios<char,struct std::char_traits<char> >::basic_ios<char,struct std::char_traits<char> >(void)" (??0?$basic_ios@DU?$char_traits@D@std@@@std@@IEAA@XZ) ist bereits in gtest.lib(gtest-all.cc.obj) definiert. [C:\VCC\themis\build-msvc-tests\tests\test_lib_zstd_integration.vcxproj]
msvcprt.lib(MSVCP140.dll) : error LNK2005: "public: void __cdecl std::basic_ostream<char,struct std::char_traits<char> >::_Osfx(void)" (?_Osfx@?$basic_ostream@DU?$char_traits@D@std@@@std@@QEAAXXZ) ist bereits in gtest.lib(gtest-all.cc.obj) definiert. [C:\VCC\themis\build-msvc-tests\tests\test_lib_zstd_integration.vcxproj]
msvcprt.lib(MSVCP140.dll) : error LNK2005: "public: class std::basic_ostream<char,struct std::char_traits<char> > & __cdecl std::basic_ostream<char,struct std::char_traits<char> >::operator<<(int)" (??6?$basic_ostream@DU?$char_traits@D@std@@@std@@QEAAAEAV01@H@Z) ist bereits in gtest.lib(gtest-all.cc.obj) definiert. [C:\VCC\themis\build-msvc-tests\tests\test_lib_zstd_integration.vcxproj]
msvcprt.lib(MSVCP140.dll) : error LNK2005: "public: class std::basic_ostream<char,struct std::char_traits<char> > & __cdecl std::basic_ostream<char,struct std::char_traits<char> >::operator<<(unsigned int)" (??6?$basic_ostream@DU?$char_traits@D@std@@@std@@QEAAAEAV01@I@Z) ist bereits in gtest.lib(gtest-all.cc.obj) definiert. [C:\VCC\themis\build-msvc-tests\tests\test_lib_zstd_integration.vcxproj]
msvcprt.lib(MSVCP140.dll) : error LNK2005: "public: class std::basic_ostream<char,struct std::char_traits<char> > & __cdecl std::basic_ostream<char,struct std::char_traits<char> >::operator<<(__int64)" (??6?$basic_ostream@DU?$char_traits@D@std@@@std@@QEAAAEAV01@_J@Z) ist bereits in gtest.lib(gtest-all.cc.obj) definiert. [C:\VCC\themis\build-msvc-tests\tests\test_lib_zstd_integration.vcxproj]
msvcprt.lib(MSVCP140.dll) : error LNK2005: "public: class std::basic_ostream<char,struct std::char_traits<char> > & __cdecl std::basic_ostream<char,struct std::char_traits<char> >::operator<<(unsigned __int64)" (??6?$basic_ostream@DU?$char_traits@D@std@@@std@@QEAAAEAV01@_K@Z) ist bereits in gtest.lib(gtest-all.cc.obj) definiert. [C:\VCC\themis\build-msvc-tests\tests\test_lib_zstd_integration.vcxproj]
yaml-cpp.lib(nodebuilder.cpp.obj) : error LNK2038: Konflikt ermittelt f├╝r "RuntimeLibrary": Der Wert "MT_StaticRelease" stimmt nicht mit dem Wert "MD_DynamicRelease" in test_lib_yaml_advanced.obj ├╝berein. [C:\VCC\themis\build-msvc-tests\tests\test_lib_yaml_advanced.vcxproj]
msvcprt.lib(MSVCP140.dll) : error LNK2005: "public: class std::basic_ostream<char,struct std::char_traits<char> > & __cdecl std::basic_ostream<char,struct std::char_traits<char> >::operator<<(double)" (??6?$basic_ostream@DU?$char_traits@D@std@@@std@@QEAAAEAV01@N@Z) ist bereits in gtest.lib(gtest-all.cc.obj) definiert. [C:\VCC\themis\build-msvc-tests\tests\test_lib_zstd_integration.vcxproj]
msvcprt.lib(MSVCP140.dll) : error LNK2005: "public: class std::basic_ostream<char,struct std::char_traits<char> > & __cdecl std::basic_ostream<char,struct std::char_traits<char> >::operator<<(void const *)" (??6?$basic_ostream@DU?$char_traits@D@std@@@std@@QEAAAEAV01@PEBX@Z) ist bereits in gtest.lib(gtest-all.cc.obj) definiert. [C:\VCC\themis\build-msvc-tests\tests\test_lib_zstd_integration.vcxproj]
msvcprt.lib(MSVCP140.dll) : error LNK2005: "public: class std::basic_ostream<char,struct std::char_traits<char> > & __cdecl std::basic_ostream<char,struct std::char_traits<char> >::flush(void)" (?flush@?$basic_ostream@DU?$char_traits@D@std@@@std@@QEAAAEAV12@XZ) ist bereits in gtest.lib(gtest-all.cc.obj) definiert. [C:\VCC\themis\build-msvc-tests\tests\test_lib_zstd_integration.vcxproj]
msvcprt.lib(MSVCP140.dll) : error LNK2005: "public: __cdecl std::basic_iostream<char,struct std::char_traits<char> >::basic_iostream<char,struct std::char_traits<char> >(class std::basic_streambuf<char,struct std::char_traits<char> > *)" (??0?$basic_iostream@DU?$char_traits@D@std@@@std@@QEAA@PEAV?$basic_streambuf@DU?$char_traits@D@std@@@1@@Z) ist bereits in gtest.lib(gtest-all.cc.obj) definiert. [C:\VCC\themis\build-msvc-tests\tests\test_lib_zstd_integration.vcxproj]
msvcprt.lib(MSVCP140.dll) : error LNK2005: "public: virtual __cdecl std::basic_iostream<char,struct std::char_traits<char> >::~basic_iostream<char,struct std::char_traits<char> >(void)" (??1?$basic_iostream@DU?$char_traits@D@std@@@std@@UEAA@XZ) ist bereits in gtest.lib(gtest-all.cc.obj) definiert. [C:\VCC\themis\build-msvc-tests\tests\test_lib_zstd_integration.vcxproj]
yaml-cpp.lib(nodeevents.cpp.obj) : error LNK2038: Konflikt ermittelt f├╝r "RuntimeLibrary": Der Wert "MT_StaticRelease" stimmt nicht mit dem Wert "MD_DynamicRelease" in test_lib_yaml_advanced.obj ├╝berein. [C:\VCC\themis\build-msvc-tests\tests\test_lib_yaml_advanced.vcxproj]
yaml-cpp.lib(parser.cpp.obj) : error LNK2038: Konflikt ermittelt f├╝r "RuntimeLibrary": Der Wert "MT_StaticRelease" stimmt nicht mit dem Wert "MD_DynamicRelease" in test_lib_yaml_advanced.obj ├╝berein. [C:\VCC\themis\build-msvc-tests\tests\test_lib_yaml_advanced.vcxproj]
yaml-cpp.lib(emitfromevents.cpp.obj) : error LNK2038: Konflikt ermittelt f├╝r "RuntimeLibrary": Der Wert "MT_StaticRelease" stimmt nicht mit dem Wert "MD_DynamicRelease" in test_lib_yaml_advanced.obj ├╝berein. [C:\VCC\themis\build-msvc-tests\tests\test_lib_yaml_advanced.vcxproj]
yaml-cpp.lib(regex_yaml.cpp.obj) : error LNK2038: Konflikt ermittelt f├╝r "RuntimeLibrary": Der Wert "MT_StaticRelease" stimmt nicht mit dem Wert "MD_DynamicRelease" in test_lib_yaml_advanced.obj ├╝berein. [C:\VCC\themis\build-msvc-tests\tests\test_lib_yaml_advanced.vcxproj]
yaml-cpp.lib(binary.cpp.obj) : error LNK2038: Konflikt ermittelt f├╝r "RuntimeLibrary": Der Wert "MT_StaticRelease" stimmt nicht mit dem Wert "MD_DynamicRelease" in test_lib_yaml_advanced.obj ├╝berein. [C:\VCC\themis\build-msvc-tests\tests\test_lib_yaml_advanced.vcxproj]
yaml-cpp.lib(null.cpp.obj) : error LNK2038: Konflikt ermittelt f├╝r "RuntimeLibrary": Der Wert "MT_StaticRelease" stimmt nicht mit dem Wert "MD_DynamicRelease" in test_lib_yaml_advanced.obj ├╝berein. [C:\VCC\themis\build-msvc-tests\tests\test_lib_yaml_advanced.vcxproj]
libcpmt.lib(locale0.obj) : error LNK2038: Konflikt ermittelt f├╝r "RuntimeLibrary": Der Wert "MT_StaticRelease" stimmt nicht mit dem Wert "MD_DynamicRelease" in test_lib_zstd_integration.obj ├╝berein. [C:\VCC\themis\build-msvc-tests\tests\test_lib_zstd_integration.vcxproj]
yaml-cpp.lib(directives.cpp.obj) : error LNK2038: Konflikt ermittelt f├╝r "RuntimeLibrary": Der Wert "MT_StaticRelease" stimmt nicht mit dem Wert "MD_DynamicRelease" in test_lib_yaml_advanced.obj ├╝berein. [C:\VCC\themis\build-msvc-tests\tests\test_lib_yaml_advanced.vcxproj]
libcpmt.lib(locale0.obj) : error LNK2005: "void __cdecl std::_Facet_Register(class std::_Facet_base *)" (?_Facet_Register@std@@YAXPEAV_Facet_base@1@@Z) ist bereits in msvcprt.lib(locale0_implib.obj) definiert. [C:\VCC\themis\build-msvc-tests\tests\test_lib_zstd_integration.vcxproj]
libcpmt.lib(locale0.obj) : error LNK2005: "private: static class std::locale::_Locimp * __cdecl std::locale::_Getgloballocale(void)" (?_Getgloballocale@locale@std@@CAPEAV_Locimp@12@XZ) ist bereits in msvcprt.lib(MSVCP140.dll) definiert. [C:\VCC\themis\build-msvc-tests\tests\test_lib_zstd_integration.vcxproj]
libcpmt.lib(locale0.obj) : error LNK2005: "private: static class std::locale::_Locimp * __cdecl std::locale::_Init(bool)" (?_Init@locale@std@@CAPEAV_Locimp@12@_N@Z) ist bereits in msvcprt.lib(MSVCP140.dll) definiert. [C:\VCC\themis\build-msvc-tests\tests\test_lib_zstd_integration.vcxproj]
libcpmt.lib(locale0.obj) : error LNK2005: "public: static void __cdecl std::_Locinfo::_Locinfo_ctor(class std::_Locinfo *,char const *)" (?_Locinfo_ctor@_Locinfo@std@@SAXPEAV12@PEBD@Z) ist bereits in msvcprt.lib(MSVCP140.dll) definiert. [C:\VCC\themis\build-msvc-tests\tests\test_lib_zstd_integration.vcxproj]
libcpmt.lib(locale0.obj) : error LNK2005: "public: static void __cdecl std::_Locinfo::_Locinfo_dtor(class std::_Locinfo *)" (?_Locinfo_dtor@_Locinfo@std@@SAXPEAV12@@Z) ist bereits in msvcprt.lib(MSVCP140.dll) definiert. [C:\VCC\themis\build-msvc-tests\tests\test_lib_zstd_integration.vcxproj]
libcpmt.lib(locale0.obj) : error LNK2005: "private: static class std::locale::_Locimp * __cdecl std::locale::_Locimp::_New_Locimp(class std::locale::_Locimp const &)" (?_New_Locimp@_Locimp@locale@std@@CAPEAV123@AEBV123@@Z) ist bereits in msvcprt.lib(MSVCP140.dll) definiert. [C:\VCC\themis\build-msvc-tests\tests\test_lib_zstd_integration.vcxproj]
libcpmt.lib(cout.obj) : error LNK2038: Konflikt ermittelt f├╝r "RuntimeLibrary": Der Wert "MT_StaticRelease" stimmt nicht mit dem Wert "MD_DynamicRelease" in test_lib_zstd_integration.obj ├╝berein. [C:\VCC\themis\build-msvc-tests\tests\test_lib_zstd_integration.vcxproj]
yaml-cpp.lib(scanner.cpp.obj) : error LNK2038: Konflikt ermittelt f├╝r "RuntimeLibrary": Der Wert "MT_StaticRelease" stimmt nicht mit dem Wert "MD_DynamicRelease" in test_lib_yaml_advanced.obj ├╝berein. [C:\VCC\themis\build-msvc-tests\tests\test_lib_yaml_advanced.vcxproj]
libcpmt.lib(cerr.obj) : error LNK2038: Konflikt ermittelt f├╝r "RuntimeLibrary": Der Wert "MT_StaticRelease" stimmt nicht mit dem Wert "MD_DynamicRelease" in test_lib_zstd_integration.obj ├╝berein. [C:\VCC\themis\build-msvc-tests\tests\test_lib_zstd_integration.vcxproj]
libcpmt.lib(locale.obj) : error LNK2038: Konflikt ermittelt f├╝r "RuntimeLibrary": Der Wert "MT_StaticRelease" stimmt nicht mit dem Wert "MD_DynamicRelease" in test_lib_zstd_integration.obj ├╝berein. [C:\VCC\themis\build-msvc-tests\tests\test_lib_zstd_integration.vcxproj]
libcpmt.lib(locale.obj) : error LNK2005: "private: static void __cdecl std::locale::_Locimp::_Locimp_Addfac(class std::locale::_Locimp *,class std::locale::facet *,unsigned __int64)" (?_Locimp_Addfac@_Locimp@locale@std@@CAXPEAV123@PEAVfacet@23@_K@Z) ist bereits in msvcprt.lib(MSVCP140.dll) definiert. [C:\VCC\themis\build-msvc-tests\tests\test_lib_zstd_integration.vcxproj]
libcpmt.lib(iosptrs.obj) : error LNK2038: Konflikt ermittelt f├╝r "RuntimeLibrary": Der Wert "MT_StaticRelease" stimmt nicht mit dem Wert "MD_DynamicRelease" in test_lib_zstd_integration.obj ├╝berein. [C:\VCC\themis\build-msvc-tests\tests\test_lib_zstd_integration.vcxproj]
libcpmt.lib(xlock.obj) : error LNK2038: Konflikt ermittelt f├╝r "RuntimeLibrary": Der Wert "MT_StaticRelease" stimmt nicht mit dem Wert "MD_DynamicRelease" in test_lib_zstd_integration.obj ├╝berein. [C:\VCC\themis\build-msvc-tests\tests\test_lib_zstd_integration.vcxproj]
libcpmt.lib(xlock.obj) : error LNK2005: "public: __cdecl std::_Lockit::_Lockit(int)" (??0_Lockit@std@@QEAA@H@Z) ist bereits in msvcprt.lib(MSVCP140.dll) definiert. [C:\VCC\themis\build-msvc-tests\tests\test_lib_zstd_integration.vcxproj]
libcpmt.lib(xlock.obj) : error LNK2005: "public: __cdecl std::_Lockit::~_Lockit(void)" (??1_Lockit@std@@QEAA@XZ) ist bereits in msvcprt.lib(MSVCP140.dll) definiert. [C:\VCC\themis\build-msvc-tests\tests\test_lib_zstd_integration.vcxproj]
yaml-cpp.lib(singledocparser.cpp.obj) : error LNK2038: Konflikt ermittelt f├╝r "RuntimeLibrary": Der Wert "MT_StaticRelease" stimmt nicht mit dem Wert "MD_DynamicRelease" in test_lib_yaml_advanced.obj ├╝berein. [C:\VCC\themis\build-msvc-tests\tests\test_lib_yaml_advanced.vcxproj]
libcpmt.lib(wlocale.obj) : error LNK2038: Konflikt ermittelt f├╝r "RuntimeLibrary": Der Wert "MT_StaticRelease" stimmt nicht mit dem Wert "MD_DynamicRelease" in test_lib_zstd_integration.obj ├╝berein. [C:\VCC\themis\build-msvc-tests\tests\test_lib_zstd_integration.vcxproj]
libcpmt.lib(wlocale.obj) : error LNK2005: "public: unsigned short const * __cdecl std::_Locinfo::_W_Getdays(void)const " (?_W_Getdays@_Locinfo@std@@QEBAPEBGXZ) ist bereits in msvcprt.lib(MSVCP140.dll) definiert. [C:\VCC\themis\build-msvc-tests\tests\test_lib_zstd_integration.vcxproj]
libcpmt.lib(wlocale.obj) : error LNK2005: "public: unsigned short const * __cdecl std::_Locinfo::_W_Getmonths(void)const " (?_W_Getmonths@_Locinfo@std@@QEBAPEBGXZ) ist bereits in msvcprt.lib(MSVCP140.dll) definiert. [C:\VCC\themis\build-msvc-tests\tests\test_lib_zstd_integration.vcxproj]
yaml-cpp.lib(stream.cpp.obj) : error LNK2038: Konflikt ermittelt f├╝r "RuntimeLibrary": Der Wert "MT_StaticRelease" stimmt nicht mit dem Wert "MD_DynamicRelease" in test_lib_yaml_advanced.obj ├╝berein. [C:\VCC\themis\build-msvc-tests\tests\test_lib_yaml_advanced.vcxproj]
yaml-cpp.lib(simplekey.cpp.obj) : error LNK2038: Konflikt ermittelt f├╝r "RuntimeLibrary": Der Wert "MT_StaticRelease" stimmt nicht mit dem Wert "MD_DynamicRelease" in test_lib_yaml_advanced.obj ├╝berein. [C:\VCC\themis\build-msvc-tests\tests\test_lib_yaml_advanced.vcxproj]
libcpmt.lib(xlocale.obj) : error LNK2038: Konflikt ermittelt f├╝r "RuntimeLibrary": Der Wert "MT_StaticRelease" stimmt nicht mit dem Wert "MD_DynamicRelease" in test_lib_zstd_integration.obj ├╝berein. [C:\VCC\themis\build-msvc-tests\tests\test_lib_zstd_integration.vcxproj]
yaml-cpp.lib(scantoken.cpp.obj) : error LNK2038: Konflikt ermittelt f├╝r "RuntimeLibrary": Der Wert "MT_StaticRelease" stimmt nicht mit dem Wert "MD_DynamicRelease" in test_lib_yaml_advanced.obj ├╝berein. [C:\VCC\themis\build-msvc-tests\tests\test_lib_yaml_advanced.vcxproj]
libcpmt.lib(xstol.obj) : error LNK2038: Konflikt ermittelt f├╝r "RuntimeLibrary": Der Wert "MT_StaticRelease" stimmt nicht mit dem Wert "MD_DynamicRelease" in test_lib_zstd_integration.obj ├╝berein. [C:\VCC\themis\build-msvc-tests\tests\test_lib_zstd_integration.vcxproj]
libcpmt.lib(xstoul.obj) : error LNK2038: Konflikt ermittelt f├╝r "RuntimeLibrary": Der Wert "MT_StaticRelease" stimmt nicht mit dem Wert "MD_DynamicRelease" in test_lib_zstd_integration.obj ├╝berein. [C:\VCC\themis\build-msvc-tests\tests\test_lib_zstd_integration.vcxproj]
libcpmt.lib(xstoll.obj) : error LNK2038: Konflikt ermittelt f├╝r "RuntimeLibrary": Der Wert "MT_StaticRelease" stimmt nicht mit dem Wert "MD_DynamicRelease" in test_lib_zstd_integration.obj ├╝berein. [C:\VCC\themis\build-msvc-tests\tests\test_lib_zstd_integration.vcxproj]
libcpmt.lib(xstoull.obj) : error LNK2038: Konflikt ermittelt f├╝r "RuntimeLibrary": Der Wert "MT_StaticRelease" stimmt nicht mit dem Wert "MD_DynamicRelease" in test_lib_zstd_integration.obj ├╝berein. [C:\VCC\themis\build-msvc-tests\tests\test_lib_zstd_integration.vcxproj]
libcpmt.lib(xmtx.obj) : error LNK2038: Konflikt ermittelt f├╝r "RuntimeLibrary": Der Wert "MT_StaticRelease" stimmt nicht mit dem Wert "MD_DynamicRelease" in test_lib_zstd_integration.obj ├╝berein. [C:\VCC\themis\build-msvc-tests\tests\test_lib_zstd_integration.vcxproj]
libcpmt.lib(xstrcoll.obj) : error LNK2038: Konflikt ermittelt f├╝r "RuntimeLibrary": Der Wert "MT_StaticRelease" stimmt nicht mit dem Wert "MD_DynamicRelease" in test_lib_zstd_integration.obj ├╝berein. [C:\VCC\themis\build-msvc-tests\tests\test_lib_zstd_integration.vcxproj]
libcpmt.lib(xdateord.obj) : error LNK2038: Konflikt ermittelt f├╝r "RuntimeLibrary": Der Wert "MT_StaticRelease" stimmt nicht mit dem Wert "MD_DynamicRelease" in test_lib_zstd_integration.obj ├╝berein. [C:\VCC\themis\build-msvc-tests\tests\test_lib_zstd_integration.vcxproj]
libcpmt.lib(xwcscoll.obj) : error LNK2038: Konflikt ermittelt f├╝r "RuntimeLibrary": Der Wert "MT_StaticRelease" stimmt nicht mit dem Wert "MD_DynamicRelease" in test_lib_zstd_integration.obj ├╝berein. [C:\VCC\themis\build-msvc-tests\tests\test_lib_zstd_integration.vcxproj]
libcpmt.lib(xwcsxfrm.obj) : error LNK2038: Konflikt ermittelt f├╝r "RuntimeLibrary": Der Wert "MT_StaticRelease" stimmt nicht mit dem Wert "MD_DynamicRelease" in test_lib_zstd_integration.obj ├╝berein. [C:\VCC\themis\build-msvc-tests\tests\test_lib_zstd_integration.vcxproj]
libcpmt.lib(xgetwctype.obj) : error LNK2038: Konflikt ermittelt f├╝r "RuntimeLibrary": Der Wert "MT_StaticRelease" stimmt nicht mit dem Wert "MD_DynamicRelease" in test_lib_zstd_integration.obj ├╝berein. [C:\VCC\themis\build-msvc-tests\tests\test_lib_zstd_integration.vcxproj]
libcpmt.lib(xtowlower.obj) : error LNK2038: Konflikt ermittelt f├╝r "RuntimeLibrary": Der Wert "MT_StaticRelease" stimmt nicht mit dem Wert "MD_DynamicRelease" in test_lib_zstd_integration.obj ├╝berein. [C:\VCC\themis\build-msvc-tests\tests\test_lib_zstd_integration.vcxproj]
libcpmt.lib(xtowupper.obj) : error LNK2038: Konflikt ermittelt f├╝r "RuntimeLibrary": Der Wert "MT_StaticRelease" stimmt nicht mit dem Wert "MD_DynamicRelease" in test_lib_zstd_integration.obj ├╝berein. [C:\VCC\themis\build-msvc-tests\tests\test_lib_zstd_integration.vcxproj]
libcpmt.lib(xstrxfrm.obj) : error LNK2038: Konflikt ermittelt f├╝r "RuntimeLibrary": Der Wert "MT_StaticRelease" stimmt nicht mit dem Wert "MD_DynamicRelease" in test_lib_zstd_integration.obj ├╝berein. [C:\VCC\themis\build-msvc-tests\tests\test_lib_zstd_integration.vcxproj]
libcpmt.lib(StlCompareStringA.obj) : error LNK2038: Konflikt ermittelt f├╝r "RuntimeLibrary": Der Wert "MT_StaticRelease" stimmt nicht mit dem Wert "MD_DynamicRelease" in test_lib_zstd_integration.obj ├╝berein. [C:\VCC\themis\build-msvc-tests\tests\test_lib_zstd_integration.vcxproj]
libcpmt.lib(StlCompareStringW.obj) : error LNK2038: Konflikt ermittelt f├╝r "RuntimeLibrary": Der Wert "MT_StaticRelease" stimmt nicht mit dem Wert "MD_DynamicRelease" in test_lib_zstd_integration.obj ├╝berein. [C:\VCC\themis\build-msvc-tests\tests\test_lib_zstd_integration.vcxproj]
libcpmt.lib(StlLCMapStringW.obj) : error LNK2038: Konflikt ermittelt f├╝r "RuntimeLibrary": Der Wert "MT_StaticRelease" stimmt nicht mit dem Wert "MD_DynamicRelease" in test_lib_zstd_integration.obj ├╝berein. [C:\VCC\themis\build-msvc-tests\tests\test_lib_zstd_integration.vcxproj]
libcpmt.lib(StlLCMapStringA.obj) : error LNK2038: Konflikt ermittelt f├╝r "RuntimeLibrary": Der Wert "MT_StaticRelease" stimmt nicht mit dem Wert "MD_DynamicRelease" in test_lib_zstd_integration.obj ├╝berein. [C:\VCC\themis\build-msvc-tests\tests\test_lib_zstd_integration.vcxproj]
yaml-cpp.lib(tag.cpp.obj) : error LNK2038: Konflikt ermittelt f├╝r "RuntimeLibrary": Der Wert "MT_StaticRelease" stimmt nicht mit dem Wert "MD_DynamicRelease" in test_lib_yaml_advanced.obj ├╝berein. [C:\VCC\themis\build-msvc-tests\tests\test_lib_yaml_advanced.vcxproj]
yaml-cpp.lib(depthguard.cpp.obj) : error LNK2038: Konflikt ermittelt f├╝r "RuntimeLibrary": Der Wert "MT_StaticRelease" stimmt nicht mit dem Wert "MD_DynamicRelease" in test_lib_yaml_advanced.obj ├╝berein. [C:\VCC\themis\build-msvc-tests\tests\test_lib_yaml_advanced.vcxproj]
yaml-cpp.lib(scanscalar.cpp.obj) : error LNK2038: Konflikt ermittelt f├╝r "RuntimeLibrary": Der Wert "MT_StaticRelease" stimmt nicht mit dem Wert "MD_DynamicRelease" in test_lib_yaml_advanced.obj ├╝berein. [C:\VCC\themis\build-msvc-tests\tests\test_lib_yaml_advanced.vcxproj]
gtest_main.lib(gtest_main.cc.obj) : error LNK2038: Konflikt ermittelt f├╝r "RuntimeLibrary": Der Wert "MT_StaticRelease" stimmt nicht mit dem Wert "MD_DynamicRelease" in test_lib_zstd_integration.obj ├╝berein. [C:\VCC\themis\build-msvc-tests\tests\test_lib_zstd_integration.vcxproj]
yaml-cpp.lib(scantag.cpp.obj) : error LNK2038: Konflikt ermittelt f├╝r "RuntimeLibrary": Der Wert "MT_StaticRelease" stimmt nicht mit dem Wert "MD_DynamicRelease" in test_lib_yaml_advanced.obj ├╝berein. [C:\VCC\themis\build-msvc-tests\tests\test_lib_yaml_advanced.vcxproj]
LINK : warning LNK4098: Standardbibliothek "LIBCMT" steht in Konflikt mit anderen Bibliotheken; /NODEFAULTLIB:Bibliothek verwenden. [C:\VCC\themis\build-msvc-tests\tests\test_lib_zstd_integration.vcxproj]
yaml-cpp.lib(exp.cpp.obj) : error LNK2038: Konflikt ermittelt f├╝r "RuntimeLibrary": Der Wert "MT_StaticRelease" stimmt nicht mit dem Wert "MD_DynamicRelease" in test_lib_yaml_advanced.obj ├╝berein. [C:\VCC\themis\build-msvc-tests\tests\test_lib_yaml_advanced.vcxproj]
msvcprt.lib(MSVCP140.dll) : error LNK2005: "public: struct _Cvtvec __cdecl std::_Locinfo::_Getcvt(void)const " (?_Getcvt@_Locinfo@std@@QEBA?AU_Cvtvec@@XZ) ist bereits in gtest.lib(gtest-all.cc.obj) definiert. [C:\VCC\themis\build-msvc-tests\tests\test_lib_yaml_advanced.vcxproj]
msvcprt.lib(MSVCP140.dll) : error LNK2005: "public: bool __cdecl std::codecvt_base::always_noconv(void)const " (?always_noconv@codecvt_base@std@@QEBA_NXZ) ist bereits in yaml-cpp.lib(parse.cpp.obj) definiert. [C:\VCC\themis\build-msvc-tests\tests\test_lib_yaml_advanced.vcxproj]
msvcprt.lib(MSVCP140.dll) : error LNK2005: "public: static unsigned __int64 __cdecl std::ctype<char>::_Getcat(class std::locale::facet const * *,class std::locale const *)" (?_Getcat@?$ctype@D@std@@SA_KPEAPEBVfacet@locale@2@PEBV42@@Z) ist bereits in gtest.lib(gtest-all.cc.obj) definiert. [C:\VCC\themis\build-msvc-tests\tests\test_lib_yaml_advanced.vcxproj]
msvcprt.lib(MSVCP140.dll) : error LNK2005: "public: int __cdecl std::codecvt<char,char,struct _Mbstatet>::in(struct _Mbstatet &,char const *,char const *,char const * &,char *,char *,char * &)const " (?in@?$codecvt@DDU_Mbstatet@@@std@@QEBAHAEAU_Mbstatet@@PEBD1AEAPEBDPEAD3AEAPEAD@Z) ist bereits in yaml-cpp.lib(parse.cpp.obj) definiert. [C:\VCC\themis\build-msvc-tests\tests\test_lib_yaml_advanced.vcxproj]
msvcprt.lib(MSVCP140.dll) : error LNK2005: "public: int __cdecl std::codecvt<char,char,struct _Mbstatet>::out(struct _Mbstatet &,char const *,char const *,char const * &,char *,char *,char * &)const " (?out@?$codecvt@DDU_Mbstatet@@@std@@QEBAHAEAU_Mbstatet@@PEBD1AEAPEBDPEAD3AEAPEAD@Z) ist bereits in yaml-cpp.lib(parse.cpp.obj) definiert. [C:\VCC\themis\build-msvc-tests\tests\test_lib_yaml_advanced.vcxproj]
msvcprt.lib(MSVCP140.dll) : error LNK2005: "public: int __cdecl std::codecvt<char,char,struct _Mbstatet>::unshift(struct _Mbstatet &,char *,char *,char * &)const " (?unshift@?$codecvt@DDU_Mbstatet@@@std@@QEBAHAEAU_Mbstatet@@PEAD1AEAPEAD@Z) ist bereits in yaml-cpp.lib(parse.cpp.obj) definiert. [C:\VCC\themis\build-msvc-tests\tests\test_lib_yaml_advanced.vcxproj]
msvcprt.lib(MSVCP140.dll) : error LNK2005: "public: static unsigned __int64 __cdecl std::codecvt<char,char,struct _Mbstatet>::_Getcat(class std::locale::facet const * *,class std::locale const *)" (?_Getcat@?$codecvt@DDU_Mbstatet@@@std@@SA_KPEAPEBVfacet@locale@2@PEBV42@@Z) ist bereits in yaml-cpp.lib(parse.cpp.obj) definiert. [C:\VCC\themis\build-msvc-tests\tests\test_lib_yaml_advanced.vcxproj]
msvcprt.lib(MSVCP140.dll) : error LNK2005: "public: bool __cdecl std::ios_base::good(void)const " (?good@ios_base@std@@QEBA_NXZ) ist bereits in gtest.lib(gtest-all.cc.obj) definiert. [C:\VCC\themis\build-msvc-tests\tests\test_lib_yaml_advanced.vcxproj]
msvcprt.lib(MSVCP140.dll) : error LNK2005: "public: int __cdecl std::ios_base::flags(void)const " (?flags@ios_base@std@@QEBAHXZ) ist bereits in gtest.lib(gtest-all.cc.obj) definiert. [C:\VCC\themis\build-msvc-tests\tests\test_lib_yaml_advanced.vcxproj]
msvcprt.lib(MSVCP140.dll) : error LNK2005: "public: __int64 __cdecl std::ios_base::width(void)const " (?width@ios_base@std@@QEBA_JXZ) ist bereits in gtest.lib(gtest-all.cc.obj) definiert. [C:\VCC\themis\build-msvc-tests\tests\test_lib_yaml_advanced.vcxproj]
msvcprt.lib(MSVCP140.dll) : error LNK2005: "public: __int64 __cdecl std::ios_base::width(__int64)" (?width@ios_base@std@@QEAA_J_J@Z) ist bereits in gtest.lib(gtest-all.cc.obj) definiert. [C:\VCC\themis\build-msvc-tests\tests\test_lib_yaml_advanced.vcxproj]
msvcprt.lib(MSVCP140.dll) : error LNK2005: "public: class std::locale __cdecl std::ios_base::getloc(void)const " (?getloc@ios_base@std@@QEBA?AVlocale@2@XZ) ist bereits in gtest.lib(gtest-all.cc.obj) definiert. [C:\VCC\themis\build-msvc-tests\tests\test_lib_yaml_advanced.vcxproj]
msvcprt.lib(MSVCP140.dll) : error LNK2005: "protected: __cdecl std::basic_streambuf<char,struct std::char_traits<char> >::basic_streambuf<char,struct std::char_traits<char> >(void)" (??0?$basic_streambuf@DU?$char_traits@D@std@@@std@@IEAA@XZ) ist bereits in gtest.lib(gtest-all.cc.obj) definiert. [C:\VCC\themis\build-msvc-tests\tests\test_lib_yaml_advanced.vcxproj]
msvcprt.lib(MSVCP140.dll) : error LNK2005: "public: virtual __cdecl std::basic_streambuf<char,struct std::char_traits<char> >::~basic_streambuf<char,struct std::char_traits<char> >(void)" (??1?$basic_streambuf@DU?$char_traits@D@std@@@std@@UEAA@XZ) ist bereits in gtest.lib(gtest-all.cc.obj) definiert. [C:\VCC\themis\build-msvc-tests\tests\test_lib_yaml_advanced.vcxproj]
msvcprt.lib(MSVCP140.dll) : error LNK2005: "public: class std::locale __cdecl std::basic_streambuf<char,struct std::char_traits<char> >::getloc(void)const " (?getloc@?$basic_streambuf@DU?$char_traits@D@std@@@std@@QEBA?AVlocale@2@XZ) ist bereits in yaml-cpp.lib(parse.cpp.obj) definiert. [C:\VCC\themis\build-msvc-tests\tests\test_lib_yaml_advanced.vcxproj]
msvcprt.lib(MSVCP140.dll) : error LNK2005: "public: int __cdecl std::basic_streambuf<char,struct std::char_traits<char> >::sgetc(void)" (?sgetc@?$basic_streambuf@DU?$char_traits@D@std@@@std@@QEAAHXZ) ist bereits in yaml-cpp.lib(parser.cpp.obj) definiert. [C:\VCC\themis\build-msvc-tests\tests\test_lib_yaml_advanced.vcxproj]
msvcprt.lib(MSVCP140.dll) : error LNK2005: "public: int __cdecl std::basic_streambuf<char,struct std::char_traits<char> >::snextc(void)" (?snextc@?$basic_streambuf@DU?$char_traits@D@std@@@std@@QEAAHXZ) ist bereits in yaml-cpp.lib(parser.cpp.obj) definiert. [C:\VCC\themis\build-msvc-tests\tests\test_lib_yaml_advanced.vcxproj]
msvcprt.lib(MSVCP140.dll) : error LNK2005: "public: int __cdecl std::basic_streambuf<char,struct std::char_traits<char> >::sputc(char)" (?sputc@?$basic_streambuf@DU?$char_traits@D@std@@@std@@QEAAHD@Z) ist bereits in gtest.lib(gtest-all.cc.obj) definiert. [C:\VCC\themis\build-msvc-tests\tests\test_lib_yaml_advanced.vcxproj]
msvcprt.lib(MSVCP140.dll) : error LNK2005: "public: __int64 __cdecl std::basic_streambuf<char,struct std::char_traits<char> >::sputn(char const *,__int64)" (?sputn@?$basic_streambuf@DU?$char_traits@D@std@@@std@@QEAA_JPEBD_J@Z) ist bereits in gtest.lib(gtest-all.cc.obj) definiert. [C:\VCC\themis\build-msvc-tests\tests\test_lib_yaml_advanced.vcxproj]
msvcprt.lib(MSVCP140.dll) : error LNK2005: "protected: char * __cdecl std::basic_streambuf<char,struct std::char_traits<char> >::eback(void)const " (?eback@?$basic_streambuf@DU?$char_traits@D@std@@@std@@IEBAPEADXZ) ist bereits in gtest.lib(gtest-all.cc.obj) definiert. [C:\VCC\themis\build-msvc-tests\tests\test_lib_yaml_advanced.vcxproj]
msvcprt.lib(MSVCP140.dll) : error LNK2005: "protected: char * __cdecl std::basic_streambuf<char,struct std::char_traits<char> >::gptr(void)const " (?gptr@?$basic_streambuf@DU?$char_traits@D@std@@@std@@IEBAPEADXZ) ist bereits in gtest.lib(gtest-all.cc.obj) definiert. [C:\VCC\themis\build-msvc-tests\tests\test_lib_yaml_advanced.vcxproj]
msvcprt.lib(MSVCP140.dll) : error LNK2005: "protected: char * __cdecl std::basic_streambuf<char,struct std::char_traits<char> >::pbase(void)const " (?pbase@?$basic_streambuf@DU?$char_traits@D@std@@@std@@IEBAPEADXZ) ist bereits in gtest.lib(gtest-all.cc.obj) definiert. [C:\VCC\themis\build-msvc-tests\tests\test_lib_yaml_advanced.vcxproj]
msvcprt.lib(MSVCP140.dll) : error LNK2005: "protected: char * __cdecl std::basic_streambuf<char,struct std::char_traits<char> >::pptr(void)const " (?pptr@?$basic_streambuf@DU?$char_traits@D@std@@@std@@IEBAPEADXZ) ist bereits in gtest.lib(gtest-all.cc.obj) definiert. [C:\VCC\themis\build-msvc-tests\tests\test_lib_yaml_advanced.vcxproj]
msvcprt.lib(MSVCP140.dll) : error LNK2005: "protected: char * __cdecl std::basic_streambuf<char,struct std::char_traits<char> >::egptr(void)const " (?egptr@?$basic_streambuf@DU?$char_traits@D@std@@@std@@IEBAPEADXZ) ist bereits in gtest.lib(gtest-all.cc.obj) definiert. [C:\VCC\themis\build-msvc-tests\tests\test_lib_yaml_advanced.vcxproj]
msvcprt.lib(MSVCP140.dll) : error LNK2005: "protected: void __cdecl std::basic_streambuf<char,struct std::char_traits<char> >::gbump(int)" (?gbump@?$basic_streambuf@DU?$char_traits@D@std@@@std@@IEAAXH@Z) ist bereits in gtest.lib(gtest-all.cc.obj) definiert. [C:\VCC\themis\build-msvc-tests\tests\test_lib_yaml_advanced.vcxproj]
msvcprt.lib(MSVCP140.dll) : error LNK2005: "protected: void __cdecl std::basic_streambuf<char,struct std::char_traits<char> >::setg(char *,char *,char *)" (?setg@?$basic_streambuf@DU?$char_traits@D@std@@@std@@IEAAXPEAD00@Z) ist bereits in gtest.lib(gtest-all.cc.obj) definiert. [C:\VCC\themis\build-msvc-tests\tests\test_lib_yaml_advanced.vcxproj]
msvcprt.lib(MSVCP140.dll) : error LNK2005: "protected: char * __cdecl std::basic_streambuf<char,struct std::char_traits<char> >::epptr(void)const " (?epptr@?$basic_streambuf@DU?$char_traits@D@std@@@std@@IEBAPEADXZ) ist bereits in gtest.lib(gtest-all.cc.obj) definiert. [C:\VCC\themis\build-msvc-tests\tests\test_lib_yaml_advanced.vcxproj]
msvcprt.lib(MSVCP140.dll) : error LNK2005: "protected: char * __cdecl std::basic_streambuf<char,struct std::char_traits<char> >::_Gndec(void)" (?_Gndec@?$basic_streambuf@DU?$char_traits@D@std@@@std@@IEAAPEADXZ) ist bereits in yaml-cpp.lib(parse.cpp.obj) definiert. [C:\VCC\themis\build-msvc-tests\tests\test_lib_yaml_advanced.vcxproj]
msvcprt.lib(MSVCP140.dll) : error LNK2005: "protected: char * __cdecl std::basic_streambuf<char,struct std::char_traits<char> >::_Gninc(void)" (?_Gninc@?$basic_streambuf@DU?$char_traits@D@std@@@std@@IEAAPEADXZ) ist bereits in gtest.lib(gtest-all.cc.obj) definiert. [C:\VCC\themis\build-msvc-tests\tests\test_lib_yaml_advanced.vcxproj]
msvcprt.lib(MSVCP140.dll) : error LNK2005: "protected: __int64 __cdecl std::basic_streambuf<char,struct std::char_traits<char> >::_Gnavail(void)const " (?_Gnavail@?$basic_streambuf@DU?$char_traits@D@std@@@std@@IEBA_JXZ) ist bereits in gtest.lib(gtest-all.cc.obj) definiert. [C:\VCC\themis\build-msvc-tests\tests\test_lib_yaml_advanced.vcxproj]
msvcprt.lib(MSVCP140.dll) : error LNK2005: "protected: void __cdecl std::basic_streambuf<char,struct std::char_traits<char> >::pbump(int)" (?pbump@?$basic_streambuf@DU?$char_traits@D@std@@@std@@IEAAXH@Z) ist bereits in gtest.lib(gtest-all.cc.obj) definiert. [C:\VCC\themis\build-msvc-tests\tests\test_lib_yaml_advanced.vcxproj]
msvcprt.lib(MSVCP140.dll) : error LNK2005: "protected: void __cdecl std::basic_streambuf<char,struct std::char_traits<char> >::setp(char *,char *)" (?setp@?$basic_streambuf@DU?$char_traits@D@std@@@std@@IEAAXPEAD0@Z) ist bereits in gtest.lib(gtest-all.cc.obj) definiert. [C:\VCC\themis\build-msvc-tests\tests\test_lib_yaml_advanced.vcxproj]
msvcprt.lib(MSVCP140.dll) : error LNK2005: "protected: void __cdecl std::basic_streambuf<char,struct std::char_traits<char> >::setp(char *,char *,char *)" (?setp@?$basic_streambuf@DU?$char_traits@D@std@@@std@@IEAAXPEAD00@Z) ist bereits in gtest.lib(gtest-all.cc.obj) definiert. [C:\VCC\themis\build-msvc-tests\tests\test_lib_yaml_advanced.vcxproj]
msvcprt.lib(MSVCP140.dll) : error LNK2005: "protected: char * __cdecl std::basic_streambuf<char,struct std::char_traits<char> >::_Pninc(void)" (?_Pninc@?$basic_streambuf@DU?$char_traits@D@std@@@std@@IEAAPEADXZ) ist bereits in gtest.lib(gtest-all.cc.obj) definiert. [C:\VCC\themis\build-msvc-tests\tests\test_lib_yaml_advanced.vcxproj]
msvcprt.lib(MSVCP140.dll) : error LNK2005: "protected: __int64 __cdecl std::basic_streambuf<char,struct std::char_traits<char> >::_Pnavail(void)const " (?_Pnavail@?$basic_streambuf@DU?$char_traits@D@std@@@std@@IEBA_JXZ) ist bereits in gtest.lib(gtest-all.cc.obj) definiert. [C:\VCC\themis\build-msvc-tests\tests\test_lib_yaml_advanced.vcxproj]
msvcprt.lib(MSVCP140.dll) : error LNK2005: "protected: void __cdecl std::basic_streambuf<char,struct std::char_traits<char> >::_Init(void)" (?_Init@?$basic_streambuf@DU?$char_traits@D@std@@@std@@IEAAXXZ) ist bereits in gtest.lib(gtest-all.cc.obj) definiert. [C:\VCC\themis\build-msvc-tests\tests\test_lib_yaml_advanced.vcxproj]
msvcprt.lib(MSVCP140.dll) : error LNK2005: "protected: void __cdecl std::basic_streambuf<char,struct std::char_traits<char> >::_Init(char * *,char * *,int *,char * *,char * *,int *)" (?_Init@?$basic_streambuf@DU?$char_traits@D@std@@@std@@IEAAXPEAPEAD0PEAH001@Z) ist bereits in yaml-cpp.lib(parse.cpp.obj) definiert. [C:\VCC\themis\build-msvc-tests\tests\test_lib_yaml_advanced.vcxproj]
msvcprt.lib(MSVCP140.dll) : error LNK2005: "protected: virtual __int64 __cdecl std::basic_streambuf<char,struct std::char_traits<char> >::xsgetn(char *,__int64)" (?xsgetn@?$basic_streambuf@DU?$char_traits@D@std@@@std@@MEAA_JPEAD_J@Z) ist bereits in gtest.lib(gtest-all.cc.obj) definiert. [C:\VCC\themis\build-msvc-tests\tests\test_lib_yaml_advanced.vcxproj]
msvcprt.lib(MSVCP140.dll) : error LNK2005: "protected: virtual __int64 __cdecl std::basic_streambuf<char,struct std::char_traits<char> >::xsputn(char const *,__int64)" (?xsputn@?$basic_streambuf@DU?$char_traits@D@std@@@std@@MEAA_JPEBD_J@Z) ist bereits in gtest.lib(gtest-all.cc.obj) definiert. [C:\VCC\themis\build-msvc-tests\tests\test_lib_yaml_advanced.vcxproj]
msvcprt.lib(MSVCP140.dll) : error LNK2005: "public: virtual __cdecl std::basic_ios<char,struct std::char_traits<char> >::~basic_ios<char,struct std::char_traits<char> >(void)" (??1?$basic_ios@DU?$char_traits@D@std@@@std@@UEAA@XZ) ist bereits in gtest.lib(gtest-all.cc.obj) definiert. [C:\VCC\themis\build-msvc-tests\tests\test_lib_yaml_advanced.vcxproj]
msvcprt.lib(MSVCP140.dll) : error LNK2005: "public: void __cdecl std::basic_ios<char,struct std::char_traits<char> >::setstate(int,bool)" (?setstate@?$basic_ios@DU?$char_traits@D@std@@@std@@QEAAXH_N@Z) ist bereits in gtest.lib(gtest-all.cc.obj) definiert. [C:\VCC\themis\build-msvc-tests\tests\test_lib_yaml_advanced.vcxproj]
msvcprt.lib(MSVCP140.dll) : error LNK2005: "public: class std::basic_ostream<char,struct std::char_traits<char> > * __cdecl std::basic_ios<char,struct std::char_traits<char> >::tie(void)const " (?tie@?$basic_ios@DU?$char_traits@D@std@@@std@@QEBAPEAV?$basic_ostream@DU?$char_traits@D@std@@@2@XZ) ist bereits in gtest.lib(gtest-all.cc.obj) definiert. [C:\VCC\themis\build-msvc-tests\tests\test_lib_yaml_advanced.vcxproj]
msvcprt.lib(MSVCP140.dll) : error LNK2005: "public: class std::basic_streambuf<char,struct std::char_traits<char> > * __cdecl std::basic_ios<char,struct std::char_traits<char> >::rdbuf(void)const " (?rdbuf@?$basic_ios@DU?$char_traits@D@std@@@std@@QEBAPEAV?$basic_streambuf@DU?$char_traits@D@std@@@2@XZ) ist bereits in gtest.lib(gtest-all.cc.obj) definiert. [C:\VCC\themis\build-msvc-tests\tests\test_lib_yaml_advanced.vcxproj]
msvcprt.lib(MSVCP140.dll) : error LNK2005: "public: char __cdecl std::basic_ios<char,struct std::char_traits<char> >::fill(void)const " (?fill@?$basic_ios@DU?$char_traits@D@std@@@std@@QEBADXZ) ist bereits in gtest.lib(gtest-all.cc.obj) definiert. [C:\VCC\themis\build-msvc-tests\tests\test_lib_yaml_advanced.vcxproj]
msvcprt.lib(MSVCP140.dll) : error LNK2005: "protected: __cdecl std::basic_ios<char,struct std::char_traits<char> >::basic_ios<char,struct std::char_traits<char> >(void)" (??0?$basic_ios@DU?$char_traits@D@std@@@std@@IEAA@XZ) ist bereits in gtest.lib(gtest-all.cc.obj) definiert. [C:\VCC\themis\build-msvc-tests\tests\test_lib_yaml_advanced.vcxproj]
msvcprt.lib(MSVCP140.dll) : error LNK2005: "public: __cdecl std::basic_ostream<char,struct std::char_traits<char> >::basic_ostream<char,struct std::char_traits<char> >(class std::basic_streambuf<char,struct std::char_traits<char> > *,bool)" (??0?$basic_ostream@DU?$char_traits@D@std@@@std@@QEAA@PEAV?$basic_streambuf@DU?$char_traits@D@std@@@1@_N@Z) ist bereits in gtest.lib(gtest-all.cc.obj) definiert. [C:\VCC\themis\build-msvc-tests\tests\test_lib_yaml_advanced.vcxproj]
msvcprt.lib(MSVCP140.dll) : error LNK2005: "public: virtual __cdecl std::basic_ostream<char,struct std::char_traits<char> >::~basic_ostream<char,struct std::char_traits<char> >(void)" (??1?$basic_ostream@DU?$char_traits@D@std@@@std@@UEAA@XZ) ist bereits in gtest.lib(gtest-all.cc.obj) definiert. [C:\VCC\themis\build-msvc-tests\tests\test_lib_yaml_advanced.vcxproj]
msvcprt.lib(MSVCP140.dll) : error LNK2005: "public: void __cdecl std::basic_ostream<char,struct std::char_traits<char> >::_Osfx(void)" (?_Osfx@?$basic_ostream@DU?$char_traits@D@std@@@std@@QEAAXXZ) ist bereits in gtest.lib(gtest-all.cc.obj) definiert. [C:\VCC\themis\build-msvc-tests\tests\test_lib_yaml_advanced.vcxproj]
msvcprt.lib(MSVCP140.dll) : error LNK2005: "public: class std::basic_ostream<char,struct std::char_traits<char> > & __cdecl std::basic_ostream<char,struct std::char_traits<char> >::operator<<(int)" (??6?$basic_ostream@DU?$char_traits@D@std@@@std@@QEAAAEAV01@H@Z) ist bereits in gtest.lib(gtest-all.cc.obj) definiert. [C:\VCC\themis\build-msvc-tests\tests\test_lib_yaml_advanced.vcxproj]
msvcprt.lib(MSVCP140.dll) : error LNK2005: "public: class std::basic_ostream<char,struct std::char_traits<char> > & __cdecl std::basic_ostream<char,struct std::char_traits<char> >::operator<<(unsigned int)" (??6?$basic_ostream@DU?$char_traits@D@std@@@std@@QEAAAEAV01@I@Z) ist bereits in gtest.lib(gtest-all.cc.obj) definiert. [C:\VCC\themis\build-msvc-tests\tests\test_lib_yaml_advanced.vcxproj]
msvcprt.lib(MSVCP140.dll) : error LNK2005: "public: class std::basic_ostream<char,struct std::char_traits<char> > & __cdecl std::basic_ostream<char,struct std::char_traits<char> >::operator<<(unsigned __int64)" (??6?$basic_ostream@DU?$char_traits@D@std@@@std@@QEAAAEAV01@_K@Z) ist bereits in gtest.lib(gtest-all.cc.obj) definiert. [C:\VCC\themis\build-msvc-tests\tests\test_lib_yaml_advanced.vcxproj]
msvcprt.lib(MSVCP140.dll) : error LNK2005: "public: class std::basic_ostream<char,struct std::char_traits<char> > & __cdecl std::basic_ostream<char,struct std::char_traits<char> >::operator<<(double)" (??6?$basic_ostream@DU?$char_traits@D@std@@@std@@QEAAAEAV01@N@Z) ist bereits in gtest.lib(gtest-all.cc.obj) definiert. [C:\VCC\themis\build-msvc-tests\tests\test_lib_yaml_advanced.vcxproj]
msvcprt.lib(MSVCP140.dll) : error LNK2005: "public: class std::basic_ostream<char,struct std::char_traits<char> > & __cdecl std::basic_ostream<char,struct std::char_traits<char> >::flush(void)" (?flush@?$basic_ostream@DU?$char_traits@D@std@@@std@@QEAAAEAV12@XZ) ist bereits in gtest.lib(gtest-all.cc.obj) definiert. [C:\VCC\themis\build-msvc-tests\tests\test_lib_yaml_advanced.vcxproj]
msvcprt.lib(MSVCP140.dll) : error LNK2005: "public: bool __cdecl std::basic_istream<char,struct std::char_traits<char> >::_Ipfx(bool)" (?_Ipfx@?$basic_istream@DU?$char_traits@D@std@@@std@@QEAA_N_N@Z) ist bereits in yaml-cpp.lib(parser.cpp.obj) definiert. [C:\VCC\themis\build-msvc-tests\tests\test_lib_yaml_advanced.vcxproj]
msvcprt.lib(MSVCP140.dll) : error LNK2005: "public: class std::basic_istream<char,struct std::char_traits<char> > & __cdecl std::basic_istream<char,struct std::char_traits<char> >::operator>>(int &)" (??5?$basic_istream@DU?$char_traits@D@std@@@std@@QEAAAEAV01@AEAH@Z) ist bereits in yaml-cpp.lib(parser.cpp.obj) definiert. [C:\VCC\themis\build-msvc-tests\tests\test_lib_yaml_advanced.vcxproj]
msvcprt.lib(MSVCP140.dll) : error LNK2005: "public: int __cdecl std::basic_istream<char,struct std::char_traits<char> >::peek(void)" (?peek@?$basic_istream@DU?$char_traits@D@std@@@std@@QEAAHXZ) ist bereits in yaml-cpp.lib(parser.cpp.obj) definiert. [C:\VCC\themis\build-msvc-tests\tests\test_lib_yaml_advanced.vcxproj]
msvcprt.lib(MSVCP140.dll) : error LNK2005: "public: __cdecl std::basic_iostream<char,struct std::char_traits<char> >::basic_iostream<char,struct std::char_traits<char> >(class std::basic_streambuf<char,struct std::char_traits<char> > *)" (??0?$basic_iostream@DU?$char_traits@D@std@@@std@@QEAA@PEAV?$basic_streambuf@DU?$char_traits@D@std@@@1@@Z) ist bereits in gtest.lib(gtest-all.cc.obj) definiert. [C:\VCC\themis\build-msvc-tests\tests\test_lib_yaml_advanced.vcxproj]
msvcprt.lib(MSVCP140.dll) : error LNK2005: "public: virtual __cdecl std::basic_iostream<char,struct std::char_traits<char> >::~basic_iostream<char,struct std::char_traits<char> >(void)" (??1?$basic_iostream@DU?$char_traits@D@std@@@std@@UEAA@XZ) ist bereits in gtest.lib(gtest-all.cc.obj) definiert. [C:\VCC\themis\build-msvc-tests\tests\test_lib_yaml_advanced.vcxproj]
libcpmt.lib(locale0.obj) : error LNK2038: Konflikt ermittelt f├╝r "RuntimeLibrary": Der Wert "MT_StaticRelease" stimmt nicht mit dem Wert "MD_DynamicRelease" in test_lib_yaml_advanced.obj ├╝berein. [C:\VCC\themis\build-msvc-tests\tests\test_lib_yaml_advanced.vcxproj]
libcpmt.lib(locale0.obj) : error LNK2005: "void __cdecl std::_Facet_Register(class std::_Facet_base *)" (?_Facet_Register@std@@YAXPEAV_Facet_base@1@@Z) ist bereits in msvcprt.lib(locale0_implib.obj) definiert. [C:\VCC\themis\build-msvc-tests\tests\test_lib_yaml_advanced.vcxproj]
libcpmt.lib(locale0.obj) : error LNK2005: "private: static class std::locale::_Locimp * __cdecl std::locale::_Getgloballocale(void)" (?_Getgloballocale@locale@std@@CAPEAV_Locimp@12@XZ) ist bereits in msvcprt.lib(MSVCP140.dll) definiert. [C:\VCC\themis\build-msvc-tests\tests\test_lib_yaml_advanced.vcxproj]
libcpmt.lib(locale0.obj) : error LNK2005: "private: static class std::locale::_Locimp * __cdecl std::locale::_Init(bool)" (?_Init@locale@std@@CAPEAV_Locimp@12@_N@Z) ist bereits in msvcprt.lib(MSVCP140.dll) definiert. [C:\VCC\themis\build-msvc-tests\tests\test_lib_yaml_advanced.vcxproj]
libcpmt.lib(locale0.obj) : error LNK2005: "public: static void __cdecl std::_Locinfo::_Locinfo_ctor(class std::_Locinfo *,char const *)" (?_Locinfo_ctor@_Locinfo@std@@SAXPEAV12@PEBD@Z) ist bereits in msvcprt.lib(MSVCP140.dll) definiert. [C:\VCC\themis\build-msvc-tests\tests\test_lib_yaml_advanced.vcxproj]
libcpmt.lib(locale0.obj) : error LNK2005: "public: static void __cdecl std::_Locinfo::_Locinfo_dtor(class std::_Locinfo *)" (?_Locinfo_dtor@_Locinfo@std@@SAXPEAV12@@Z) ist bereits in msvcprt.lib(MSVCP140.dll) definiert. [C:\VCC\themis\build-msvc-tests\tests\test_lib_yaml_advanced.vcxproj]
libcpmt.lib(locale0.obj) : error LNK2005: "private: static class std::locale::_Locimp * __cdecl std::locale::_Locimp::_New_Locimp(class std::locale::_Locimp const &)" (?_New_Locimp@_Locimp@locale@std@@CAPEAV123@AEBV123@@Z) ist bereits in msvcprt.lib(MSVCP140.dll) definiert. [C:\VCC\themis\build-msvc-tests\tests\test_lib_yaml_advanced.vcxproj]
libcpmt.lib(cout.obj) : error LNK2038: Konflikt ermittelt f├╝r "RuntimeLibrary": Der Wert "MT_StaticRelease" stimmt nicht mit dem Wert "MD_DynamicRelease" in test_lib_yaml_advanced.obj ├╝berein. [C:\VCC\themis\build-msvc-tests\tests\test_lib_yaml_advanced.vcxproj]
libcpmt.lib(cerr.obj) : error LNK2038: Konflikt ermittelt f├╝r "RuntimeLibrary": Der Wert "MT_StaticRelease" stimmt nicht mit dem Wert "MD_DynamicRelease" in test_lib_yaml_advanced.obj ├╝berein. [C:\VCC\themis\build-msvc-tests\tests\test_lib_yaml_advanced.vcxproj]
spdlog.lib(spdlog.cpp.obj) : error LNK2038: Konflikt ermittelt f├╝r "RuntimeLibrary": Der Wert "MT_StaticRelease" stimmt nicht mit dem Wert "MD_DynamicRelease" in test_signature_verifier.obj ├╝berein. [C:\VCC\themis\build-msvc-tests\tests\test_signature_verifier.vcxproj]
libcpmt.lib(locale.obj) : error LNK2038: Konflikt ermittelt f├╝r "RuntimeLibrary": Der Wert "MT_StaticRelease" stimmt nicht mit dem Wert "MD_DynamicRelease" in test_lib_yaml_advanced.obj ├╝berein. [C:\VCC\themis\build-msvc-tests\tests\test_lib_yaml_advanced.vcxproj]
libcpmt.lib(locale.obj) : error LNK2005: "private: static void __cdecl std::locale::_Locimp::_Locimp_Addfac(class std::locale::_Locimp *,class std::locale::facet *,unsigned __int64)" (?_Locimp_Addfac@_Locimp@locale@std@@CAXPEAV123@PEAVfacet@23@_K@Z) ist bereits in msvcprt.lib(MSVCP140.dll) definiert. [C:\VCC\themis\build-msvc-tests\tests\test_lib_yaml_advanced.vcxproj]
libcpmt.lib(iosptrs.obj) : error LNK2038: Konflikt ermittelt f├╝r "RuntimeLibrary": Der Wert "MT_StaticRelease" stimmt nicht mit dem Wert "MD_DynamicRelease" in test_lib_yaml_advanced.obj ├╝berein. [C:\VCC\themis\build-msvc-tests\tests\test_lib_yaml_advanced.vcxproj]
libcpmt.lib(xlock.obj) : error LNK2038: Konflikt ermittelt f├╝r "RuntimeLibrary": Der Wert "MT_StaticRelease" stimmt nicht mit dem Wert "MD_DynamicRelease" in test_lib_yaml_advanced.obj ├╝berein. [C:\VCC\themis\build-msvc-tests\tests\test_lib_yaml_advanced.vcxproj]
libcpmt.lib(xlock.obj) : error LNK2005: "public: __cdecl std::_Lockit::_Lockit(int)" (??0_Lockit@std@@QEAA@H@Z) ist bereits in msvcprt.lib(MSVCP140.dll) definiert. [C:\VCC\themis\build-msvc-tests\tests\test_lib_yaml_advanced.vcxproj]
libcpmt.lib(xlock.obj) : error LNK2005: "public: __cdecl std::_Lockit::~_Lockit(void)" (??1_Lockit@std@@QEAA@XZ) ist bereits in msvcprt.lib(MSVCP140.dll) definiert. [C:\VCC\themis\build-msvc-tests\tests\test_lib_yaml_advanced.vcxproj]
libcpmt.lib(wlocale.obj) : error LNK2038: Konflikt ermittelt f├╝r "RuntimeLibrary": Der Wert "MT_StaticRelease" stimmt nicht mit dem Wert "MD_DynamicRelease" in test_lib_yaml_advanced.obj ├╝berein. [C:\VCC\themis\build-msvc-tests\tests\test_lib_yaml_advanced.vcxproj]
libcpmt.lib(wlocale.obj) : error LNK2005: "public: unsigned short const * __cdecl std::_Locinfo::_W_Getdays(void)const " (?_W_Getdays@_Locinfo@std@@QEBAPEBGXZ) ist bereits in msvcprt.lib(MSVCP140.dll) definiert. [C:\VCC\themis\build-msvc-tests\tests\test_lib_yaml_advanced.vcxproj]
libcpmt.lib(wlocale.obj) : error LNK2005: "public: unsigned short const * __cdecl std::_Locinfo::_W_Getmonths(void)const " (?_W_Getmonths@_Locinfo@std@@QEBAPEBGXZ) ist bereits in msvcprt.lib(MSVCP140.dll) definiert. [C:\VCC\themis\build-msvc-tests\tests\test_lib_yaml_advanced.vcxproj]
libcpmt.lib(xlocale.obj) : error LNK2038: Konflikt ermittelt f├╝r "RuntimeLibrary": Der Wert "MT_StaticRelease" stimmt nicht mit dem Wert "MD_DynamicRelease" in test_lib_yaml_advanced.obj ├╝berein. [C:\VCC\themis\build-msvc-tests\tests\test_lib_yaml_advanced.vcxproj]
libcpmt.lib(xmtx.obj) : error LNK2038: Konflikt ermittelt f├╝r "RuntimeLibrary": Der Wert "MT_StaticRelease" stimmt nicht mit dem Wert "MD_DynamicRelease" in test_lib_yaml_advanced.obj ├╝berein. [C:\VCC\themis\build-msvc-tests\tests\test_lib_yaml_advanced.vcxproj]
libcpmt.lib(xstrcoll.obj) : error LNK2038: Konflikt ermittelt f├╝r "RuntimeLibrary": Der Wert "MT_StaticRelease" stimmt nicht mit dem Wert "MD_DynamicRelease" in test_lib_yaml_advanced.obj ├╝berein. [C:\VCC\themis\build-msvc-tests\tests\test_lib_yaml_advanced.vcxproj]
libcpmt.lib(xdateord.obj) : error LNK2038: Konflikt ermittelt f├╝r "RuntimeLibrary": Der Wert "MT_StaticRelease" stimmt nicht mit dem Wert "MD_DynamicRelease" in test_lib_yaml_advanced.obj ├╝berein. [C:\VCC\themis\build-msvc-tests\tests\test_lib_yaml_advanced.vcxproj]
libcpmt.lib(xwcscoll.obj) : error LNK2038: Konflikt ermittelt f├╝r "RuntimeLibrary": Der Wert "MT_StaticRelease" stimmt nicht mit dem Wert "MD_DynamicRelease" in test_lib_yaml_advanced.obj ├╝berein. [C:\VCC\themis\build-msvc-tests\tests\test_lib_yaml_advanced.vcxproj]
libcpmt.lib(xwcsxfrm.obj) : error LNK2038: Konflikt ermittelt f├╝r "RuntimeLibrary": Der Wert "MT_StaticRelease" stimmt nicht mit dem Wert "MD_DynamicRelease" in test_lib_yaml_advanced.obj ├╝berein. [C:\VCC\themis\build-msvc-tests\tests\test_lib_yaml_advanced.vcxproj]
libcpmt.lib(xgetwctype.obj) : error LNK2038: Konflikt ermittelt f├╝r "RuntimeLibrary": Der Wert "MT_StaticRelease" stimmt nicht mit dem Wert "MD_DynamicRelease" in test_lib_yaml_advanced.obj ├╝berein. [C:\VCC\themis\build-msvc-tests\tests\test_lib_yaml_advanced.vcxproj]
libcpmt.lib(xtowlower.obj) : error LNK2038: Konflikt ermittelt f├╝r "RuntimeLibrary": Der Wert "MT_StaticRelease" stimmt nicht mit dem Wert "MD_DynamicRelease" in test_lib_yaml_advanced.obj ├╝berein. [C:\VCC\themis\build-msvc-tests\tests\test_lib_yaml_advanced.vcxproj]
spdlog.lib(async.cpp.obj) : error LNK2038: Konflikt ermittelt f├╝r "RuntimeLibrary": Der Wert "MT_StaticRelease" stimmt nicht mit dem Wert "MD_DynamicRelease" in test_signature_verifier.obj ├╝berein. [C:\VCC\themis\build-msvc-tests\tests\test_signature_verifier.vcxproj]
libcpmt.lib(xtowupper.obj) : error LNK2038: Konflikt ermittelt f├╝r "RuntimeLibrary": Der Wert "MT_StaticRelease" stimmt nicht mit dem Wert "MD_DynamicRelease" in test_lib_yaml_advanced.obj ├╝berein. [C:\VCC\themis\build-msvc-tests\tests\test_lib_yaml_advanced.vcxproj]
libcpmt.lib(xstrxfrm.obj) : error LNK2038: Konflikt ermittelt f├╝r "RuntimeLibrary": Der Wert "MT_StaticRelease" stimmt nicht mit dem Wert "MD_DynamicRelease" in test_lib_yaml_advanced.obj ├╝berein. [C:\VCC\themis\build-msvc-tests\tests\test_lib_yaml_advanced.vcxproj]
libcpmt.lib(StlCompareStringA.obj) : error LNK2038: Konflikt ermittelt f├╝r "RuntimeLibrary": Der Wert "MT_StaticRelease" stimmt nicht mit dem Wert "MD_DynamicRelease" in test_lib_yaml_advanced.obj ├╝berein. [C:\VCC\themis\build-msvc-tests\tests\test_lib_yaml_advanced.vcxproj]
libcpmt.lib(StlCompareStringW.obj) : error LNK2038: Konflikt ermittelt f├╝r "RuntimeLibrary": Der Wert "MT_StaticRelease" stimmt nicht mit dem Wert "MD_DynamicRelease" in test_lib_yaml_advanced.obj ├╝berein. [C:\VCC\themis\build-msvc-tests\tests\test_lib_yaml_advanced.vcxproj]
libcpmt.lib(StlLCMapStringW.obj) : error LNK2038: Konflikt ermittelt f├╝r "RuntimeLibrary": Der Wert "MT_StaticRelease" stimmt nicht mit dem Wert "MD_DynamicRelease" in test_lib_yaml_advanced.obj ├╝berein. [C:\VCC\themis\build-msvc-tests\tests\test_lib_yaml_advanced.vcxproj]
libcpmt.lib(StlLCMapStringA.obj) : error LNK2038: Konflikt ermittelt f├╝r "RuntimeLibrary": Der Wert "MT_StaticRelease" stimmt nicht mit dem Wert "MD_DynamicRelease" in test_lib_yaml_advanced.obj ├╝berein. [C:\VCC\themis\build-msvc-tests\tests\test_lib_yaml_advanced.vcxproj]
spdlog.lib(color_sinks.cpp.obj) : error LNK2038: Konflikt ermittelt f├╝r "RuntimeLibrary": Der Wert "MT_StaticRelease" stimmt nicht mit dem Wert "MD_DynamicRelease" in test_signature_verifier.obj ├╝berein. [C:\VCC\themis\build-msvc-tests\tests\test_signature_verifier.vcxproj]
gtest_main.lib(gtest_main.cc.obj) : error LNK2038: Konflikt ermittelt f├╝r "RuntimeLibrary": Der Wert "MT_StaticRelease" stimmt nicht mit dem Wert "MD_DynamicRelease" in test_lib_yaml_advanced.obj ├╝berein. [C:\VCC\themis\build-msvc-tests\tests\test_lib_yaml_advanced.vcxproj]
LINK : warning LNK4098: Standardbibliothek "LIBCMT" steht in Konflikt mit anderen Bibliotheken; /NODEFAULTLIB:Bibliothek verwenden. [C:\VCC\themis\build-msvc-tests\tests\test_lib_yaml_advanced.vcxproj]
fmt.lib(format.cc.obj) : error LNK2038: Konflikt ermittelt f├╝r "RuntimeLibrary": Der Wert "MT_StaticRelease" stimmt nicht mit dem Wert "MD_DynamicRelease" in test_signature_verifier.obj ├╝berein. [C:\VCC\themis\build-msvc-tests\tests\test_signature_verifier.vcxproj]
msvcprt.lib(MSVCP140.dll) : error LNK2005: "public: struct _Cvtvec __cdecl std::_Locinfo::_Getcvt(void)const " (?_Getcvt@_Locinfo@std@@QEBA?AU_Cvtvec@@XZ) ist bereits in gtest.lib(gtest-all.cc.obj) definiert. [C:\VCC\themis\build-msvc-tests\tests\test_signature_verifier.vcxproj]
msvcprt.lib(MSVCP140.dll) : error LNK2005: "public: bool __cdecl std::ios_base::good(void)const " (?good@ios_base@std@@QEBA_NXZ) ist bereits in gtest.lib(gtest-all.cc.obj) definiert. [C:\VCC\themis\build-msvc-tests\tests\test_signature_verifier.vcxproj]
msvcprt.lib(MSVCP140.dll) : error LNK2005: "public: int __cdecl std::ios_base::flags(void)const " (?flags@ios_base@std@@QEBAHXZ) ist bereits in gtest.lib(gtest-all.cc.obj) definiert. [C:\VCC\themis\build-msvc-tests\tests\test_signature_verifier.vcxproj]
msvcprt.lib(MSVCP140.dll) : error LNK2005: "public: __int64 __cdecl std::ios_base::width(void)const " (?width@ios_base@std@@QEBA_JXZ) ist bereits in gtest.lib(gtest-all.cc.obj) definiert. [C:\VCC\themis\build-msvc-tests\tests\test_signature_verifier.vcxproj]
msvcprt.lib(MSVCP140.dll) : error LNK2005: "public: __int64 __cdecl std::ios_base::width(__int64)" (?width@ios_base@std@@QEAA_J_J@Z) ist bereits in gtest.lib(gtest-all.cc.obj) definiert. [C:\VCC\themis\build-msvc-tests\tests\test_signature_verifier.vcxproj]
msvcprt.lib(MSVCP140.dll) : error LNK2005: "protected: __cdecl std::basic_streambuf<char,struct std::char_traits<char> >::basic_streambuf<char,struct std::char_traits<char> >(void)" (??0?$basic_streambuf@DU?$char_traits@D@std@@@std@@IEAA@XZ) ist bereits in gtest.lib(gtest-all.cc.obj) definiert. [C:\VCC\themis\build-msvc-tests\tests\test_signature_verifier.vcxproj]
msvcprt.lib(MSVCP140.dll) : error LNK2005: "public: virtual __cdecl std::basic_streambuf<char,struct std::char_traits<char> >::~basic_streambuf<char,struct std::char_traits<char> >(void)" (??1?$basic_streambuf@DU?$char_traits@D@std@@@std@@UEAA@XZ) ist bereits in gtest.lib(gtest-all.cc.obj) definiert. [C:\VCC\themis\build-msvc-tests\tests\test_signature_verifier.vcxproj]
msvcprt.lib(MSVCP140.dll) : error LNK2005: "public: int __cdecl std::basic_streambuf<char,struct std::char_traits<char> >::sputc(char)" (?sputc@?$basic_streambuf@DU?$char_traits@D@std@@@std@@QEAAHD@Z) ist bereits in gtest.lib(gtest-all.cc.obj) definiert. [C:\VCC\themis\build-msvc-tests\tests\test_signature_verifier.vcxproj]
msvcprt.lib(MSVCP140.dll) : error LNK2005: "public: __int64 __cdecl std::basic_streambuf<char,struct std::char_traits<char> >::sputn(char const *,__int64)" (?sputn@?$basic_streambuf@DU?$char_traits@D@std@@@std@@QEAA_JPEBD_J@Z) ist bereits in gtest.lib(gtest-all.cc.obj) definiert. [C:\VCC\themis\build-msvc-tests\tests\test_signature_verifier.vcxproj]
msvcprt.lib(MSVCP140.dll) : error LNK2005: "protected: char * __cdecl std::basic_streambuf<char,struct std::char_traits<char> >::eback(void)const " (?eback@?$basic_streambuf@DU?$char_traits@D@std@@@std@@IEBAPEADXZ) ist bereits in gtest.lib(gtest-all.cc.obj) definiert. [C:\VCC\themis\build-msvc-tests\tests\test_signature_verifier.vcxproj]
msvcprt.lib(MSVCP140.dll) : error LNK2005: "protected: char * __cdecl std::basic_streambuf<char,struct std::char_traits<char> >::gptr(void)const " (?gptr@?$basic_streambuf@DU?$char_traits@D@std@@@std@@IEBAPEADXZ) ist bereits in gtest.lib(gtest-all.cc.obj) definiert. [C:\VCC\themis\build-msvc-tests\tests\test_signature_verifier.vcxproj]
msvcprt.lib(MSVCP140.dll) : error LNK2005: "protected: char * __cdecl std::basic_streambuf<char,struct std::char_traits<char> >::pbase(void)const " (?pbase@?$basic_streambuf@DU?$char_traits@D@std@@@std@@IEBAPEADXZ) ist bereits in gtest.lib(gtest-all.cc.obj) definiert. [C:\VCC\themis\build-msvc-tests\tests\test_signature_verifier.vcxproj]
msvcprt.lib(MSVCP140.dll) : error LNK2005: "protected: char * __cdecl std::basic_streambuf<char,struct std::char_traits<char> >::pptr(void)const " (?pptr@?$basic_streambuf@DU?$char_traits@D@std@@@std@@IEBAPEADXZ) ist bereits in gtest.lib(gtest-all.cc.obj) definiert. [C:\VCC\themis\build-msvc-tests\tests\test_signature_verifier.vcxproj]
msvcprt.lib(MSVCP140.dll) : error LNK2005: "protected: char * __cdecl std::basic_streambuf<char,struct std::char_traits<char> >::egptr(void)const " (?egptr@?$basic_streambuf@DU?$char_traits@D@std@@@std@@IEBAPEADXZ) ist bereits in gtest.lib(gtest-all.cc.obj) definiert. [C:\VCC\themis\build-msvc-tests\tests\test_signature_verifier.vcxproj]
msvcprt.lib(MSVCP140.dll) : error LNK2005: "protected: void __cdecl std::basic_streambuf<char,struct std::char_traits<char> >::gbump(int)" (?gbump@?$basic_streambuf@DU?$char_traits@D@std@@@std@@IEAAXH@Z) ist bereits in gtest.lib(gtest-all.cc.obj) definiert. [C:\VCC\themis\build-msvc-tests\tests\test_signature_verifier.vcxproj]
msvcprt.lib(MSVCP140.dll) : error LNK2005: "protected: void __cdecl std::basic_streambuf<char,struct std::char_traits<char> >::setg(char *,char *,char *)" (?setg@?$basic_streambuf@DU?$char_traits@D@std@@@std@@IEAAXPEAD00@Z) ist bereits in gtest.lib(gtest-all.cc.obj) definiert. [C:\VCC\themis\build-msvc-tests\tests\test_signature_verifier.vcxproj]
msvcprt.lib(MSVCP140.dll) : error LNK2005: "protected: char * __cdecl std::basic_streambuf<char,struct std::char_traits<char> >::epptr(void)const " (?epptr@?$basic_streambuf@DU?$char_traits@D@std@@@std@@IEBAPEADXZ) ist bereits in gtest.lib(gtest-all.cc.obj) definiert. [C:\VCC\themis\build-msvc-tests\tests\test_signature_verifier.vcxproj]
msvcprt.lib(MSVCP140.dll) : error LNK2005: "protected: char * __cdecl std::basic_streambuf<char,struct std::char_traits<char> >::_Gninc(void)" (?_Gninc@?$basic_streambuf@DU?$char_traits@D@std@@@std@@IEAAPEADXZ) ist bereits in gtest.lib(gtest-all.cc.obj) definiert. [C:\VCC\themis\build-msvc-tests\tests\test_signature_verifier.vcxproj]
msvcprt.lib(MSVCP140.dll) : error LNK2005: "protected: __int64 __cdecl std::basic_streambuf<char,struct std::char_traits<char> >::_Gnavail(void)const " (?_Gnavail@?$basic_streambuf@DU?$char_traits@D@std@@@std@@IEBA_JXZ) ist bereits in gtest.lib(gtest-all.cc.obj) definiert. [C:\VCC\themis\build-msvc-tests\tests\test_signature_verifier.vcxproj]
msvcprt.lib(MSVCP140.dll) : error LNK2005: "protected: void __cdecl std::basic_streambuf<char,struct std::char_traits<char> >::pbump(int)" (?pbump@?$basic_streambuf@DU?$char_traits@D@std@@@std@@IEAAXH@Z) ist bereits in gtest.lib(gtest-all.cc.obj) definiert. [C:\VCC\themis\build-msvc-tests\tests\test_signature_verifier.vcxproj]
msvcprt.lib(MSVCP140.dll) : error LNK2005: "protected: void __cdecl std::basic_streambuf<char,struct std::char_traits<char> >::setp(char *,char *)" (?setp@?$basic_streambuf@DU?$char_traits@D@std@@@std@@IEAAXPEAD0@Z) ist bereits in gtest.lib(gtest-all.cc.obj) definiert. [C:\VCC\themis\build-msvc-tests\tests\test_signature_verifier.vcxproj]
msvcprt.lib(MSVCP140.dll) : error LNK2005: "protected: void __cdecl std::basic_streambuf<char,struct std::char_traits<char> >::setp(char *,char *,char *)" (?setp@?$basic_streambuf@DU?$char_traits@D@std@@@std@@IEAAXPEAD00@Z) ist bereits in gtest.lib(gtest-all.cc.obj) definiert. [C:\VCC\themis\build-msvc-tests\tests\test_signature_verifier.vcxproj]
msvcprt.lib(MSVCP140.dll) : error LNK2005: "protected: char * __cdecl std::basic_streambuf<char,struct std::char_traits<char> >::_Pninc(void)" (?_Pninc@?$basic_streambuf@DU?$char_traits@D@std@@@std@@IEAAPEADXZ) ist bereits in gtest.lib(gtest-all.cc.obj) definiert. [C:\VCC\themis\build-msvc-tests\tests\test_signature_verifier.vcxproj]
msvcprt.lib(MSVCP140.dll) : error LNK2005: "protected: __int64 __cdecl std::basic_streambuf<char,struct std::char_traits<char> >::_Pnavail(void)const " (?_Pnavail@?$basic_streambuf@DU?$char_traits@D@std@@@std@@IEBA_JXZ) ist bereits in gtest.lib(gtest-all.cc.obj) definiert. [C:\VCC\themis\build-msvc-tests\tests\test_signature_verifier.vcxproj]
msvcprt.lib(MSVCP140.dll) : error LNK2005: "protected: void __cdecl std::basic_streambuf<char,struct std::char_traits<char> >::_Init(void)" (?_Init@?$basic_streambuf@DU?$char_traits@D@std@@@std@@IEAAXXZ) ist bereits in gtest.lib(gtest-all.cc.obj) definiert. [C:\VCC\themis\build-msvc-tests\tests\test_signature_verifier.vcxproj]
msvcprt.lib(MSVCP140.dll) : error LNK2005: "protected: virtual __int64 __cdecl std::basic_streambuf<char,struct std::char_traits<char> >::xsgetn(char *,__int64)" (?xsgetn@?$basic_streambuf@DU?$char_traits@D@std@@@std@@MEAA_JPEAD_J@Z) ist bereits in gtest.lib(gtest-all.cc.obj) definiert. [C:\VCC\themis\build-msvc-tests\tests\test_signature_verifier.vcxproj]
msvcprt.lib(MSVCP140.dll) : error LNK2005: "protected: virtual __int64 __cdecl std::basic_streambuf<char,struct std::char_traits<char> >::xsputn(char const *,__int64)" (?xsputn@?$basic_streambuf@DU?$char_traits@D@std@@@std@@MEAA_JPEBD_J@Z) ist bereits in gtest.lib(gtest-all.cc.obj) definiert. [C:\VCC\themis\build-msvc-tests\tests\test_signature_verifier.vcxproj]
msvcprt.lib(MSVCP140.dll) : error LNK2005: "public: virtual __cdecl std::basic_ios<char,struct std::char_traits<char> >::~basic_ios<char,struct std::char_traits<char> >(void)" (??1?$basic_ios@DU?$char_traits@D@std@@@std@@UEAA@XZ) ist bereits in gtest.lib(gtest-all.cc.obj) definiert. [C:\VCC\themis\build-msvc-tests\tests\test_signature_verifier.vcxproj]
msvcprt.lib(MSVCP140.dll) : error LNK2005: "public: void __cdecl std::basic_ios<char,struct std::char_traits<char> >::setstate(int,bool)" (?setstate@?$basic_ios@DU?$char_traits@D@std@@@std@@QEAAXH_N@Z) ist bereits in gtest.lib(gtest-all.cc.obj) definiert. [C:\VCC\themis\build-msvc-tests\tests\test_signature_verifier.vcxproj]
msvcprt.lib(MSVCP140.dll) : error LNK2005: "public: class std::basic_ostream<char,struct std::char_traits<char> > * __cdecl std::basic_ios<char,struct std::char_traits<char> >::tie(void)const " (?tie@?$basic_ios@DU?$char_traits@D@std@@@std@@QEBAPEAV?$basic_ostream@DU?$char_traits@D@std@@@2@XZ) ist bereits in gtest.lib(gtest-all.cc.obj) definiert. [C:\VCC\themis\build-msvc-tests\tests\test_signature_verifier.vcxproj]
msvcprt.lib(MSVCP140.dll) : error LNK2005: "public: class std::basic_streambuf<char,struct std::char_traits<char> > * __cdecl std::basic_ios<char,struct std::char_traits<char> >::rdbuf(void)const " (?rdbuf@?$basic_ios@DU?$char_traits@D@std@@@std@@QEBAPEAV?$basic_streambuf@DU?$char_traits@D@std@@@2@XZ) ist bereits in gtest.lib(gtest-all.cc.obj) definiert. [C:\VCC\themis\build-msvc-tests\tests\test_signature_verifier.vcxproj]
msvcprt.lib(MSVCP140.dll) : error LNK2005: "public: char __cdecl std::basic_ios<char,struct std::char_traits<char> >::fill(void)const " (?fill@?$basic_ios@DU?$char_traits@D@std@@@std@@QEBADXZ) ist bereits in gtest.lib(gtest-all.cc.obj) definiert. [C:\VCC\themis\build-msvc-tests\tests\test_signature_verifier.vcxproj]
msvcprt.lib(MSVCP140.dll) : error LNK2005: "protected: __cdecl std::basic_ios<char,struct std::char_traits<char> >::basic_ios<char,struct std::char_traits<char> >(void)" (??0?$basic_ios@DU?$char_traits@D@std@@@std@@IEAA@XZ) ist bereits in gtest.lib(gtest-all.cc.obj) definiert. [C:\VCC\themis\build-msvc-tests\tests\test_signature_verifier.vcxproj]
msvcprt.lib(MSVCP140.dll) : error LNK2005: "public: void __cdecl std::basic_ostream<char,struct std::char_traits<char> >::_Osfx(void)" (?_Osfx@?$basic_ostream@DU?$char_traits@D@std@@@std@@QEAAXXZ) ist bereits in gtest.lib(gtest-all.cc.obj) definiert. [C:\VCC\themis\build-msvc-tests\tests\test_signature_verifier.vcxproj]
msvcprt.lib(MSVCP140.dll) : error LNK2005: "public: class std::basic_ostream<char,struct std::char_traits<char> > & __cdecl std::basic_ostream<char,struct std::char_traits<char> >::operator<<(int)" (??6?$basic_ostream@DU?$char_traits@D@std@@@std@@QEAAAEAV01@H@Z) ist bereits in gtest.lib(gtest-all.cc.obj) definiert. [C:\VCC\themis\build-msvc-tests\tests\test_signature_verifier.vcxproj]
msvcprt.lib(MSVCP140.dll) : error LNK2005: "public: class std::basic_ostream<char,struct std::char_traits<char> > & __cdecl std::basic_ostream<char,struct std::char_traits<char> >::operator<<(unsigned __int64)" (??6?$basic_ostream@DU?$char_traits@D@std@@@std@@QEAAAEAV01@_K@Z) ist bereits in gtest.lib(gtest-all.cc.obj) definiert. [C:\VCC\themis\build-msvc-tests\tests\test_signature_verifier.vcxproj]
msvcprt.lib(MSVCP140.dll) : error LNK2005: "public: class std::basic_ostream<char,struct std::char_traits<char> > & __cdecl std::basic_ostream<char,struct std::char_traits<char> >::operator<<(void const *)" (??6?$basic_ostream@DU?$char_traits@D@std@@@std@@QEAAAEAV01@PEBX@Z) ist bereits in gtest.lib(gtest-all.cc.obj) definiert. [C:\VCC\themis\build-msvc-tests\tests\test_signature_verifier.vcxproj]
msvcprt.lib(MSVCP140.dll) : error LNK2005: "public: class std::basic_ostream<char,struct std::char_traits<char> > & __cdecl std::basic_ostream<char,struct std::char_traits<char> >::flush(void)" (?flush@?$basic_ostream@DU?$char_traits@D@std@@@std@@QEAAAEAV12@XZ) ist bereits in gtest.lib(gtest-all.cc.obj) definiert. [C:\VCC\themis\build-msvc-tests\tests\test_signature_verifier.vcxproj]
msvcprt.lib(MSVCP140.dll) : error LNK2005: "public: __cdecl std::basic_istream<char,struct std::char_traits<char> >::basic_istream<char,struct std::char_traits<char> >(class std::basic_streambuf<char,struct std::char_traits<char> > *,bool)" (??0?$basic_istream@DU?$char_traits@D@std@@@std@@QEAA@PEAV?$basic_streambuf@DU?$char_traits@D@std@@@1@_N@Z) ist bereits in gtest.lib(gtest-all.cc.obj) definiert. [C:\VCC\themis\build-msvc-tests\tests\test_signature_verifier.vcxproj]
msvcprt.lib(MSVCP140.dll) : error LNK2005: "public: virtual __cdecl std::basic_istream<char,struct std::char_traits<char> >::~basic_istream<char,struct std::char_traits<char> >(void)" (??1?$basic_istream@DU?$char_traits@D@std@@@std@@UEAA@XZ) ist bereits in gtest.lib(gtest-all.cc.obj) definiert. [C:\VCC\themis\build-msvc-tests\tests\test_signature_verifier.vcxproj]
msvcprt.lib(MSVCP140.dll) : error LNK2005: "public: __cdecl std::basic_iostream<char,struct std::char_traits<char> >::basic_iostream<char,struct std::char_traits<char> >(class std::basic_streambuf<char,struct std::char_traits<char> > *)" (??0?$basic_iostream@DU?$char_traits@D@std@@@std@@QEAA@PEAV?$basic_streambuf@DU?$char_traits@D@std@@@1@@Z) ist bereits in gtest.lib(gtest-all.cc.obj) definiert. [C:\VCC\themis\build-msvc-tests\tests\test_signature_verifier.vcxproj]
msvcprt.lib(MSVCP140.dll) : error LNK2005: "public: virtual __cdecl std::basic_iostream<char,struct std::char_traits<char> >::~basic_iostream<char,struct std::char_traits<char> >(void)" (??1?$basic_iostream@DU?$char_traits@D@std@@@std@@UEAA@XZ) ist bereits in gtest.lib(gtest-all.cc.obj) definiert. [C:\VCC\themis\build-msvc-tests\tests\test_signature_verifier.vcxproj]
libcpmt.lib(locale0.obj) : error LNK2038: Konflikt ermittelt f├╝r "RuntimeLibrary": Der Wert "MT_StaticRelease" stimmt nicht mit dem Wert "MD_DynamicRelease" in test_signature_verifier.obj ├╝berein. [C:\VCC\themis\build-msvc-tests\tests\test_signature_verifier.vcxproj]
libcpmt.lib(locale0.obj) : error LNK2005: "void __cdecl std::_Facet_Register(class std::_Facet_base *)" (?_Facet_Register@std@@YAXPEAV_Facet_base@1@@Z) ist bereits in msvcprt.lib(locale0_implib.obj) definiert. [C:\VCC\themis\build-msvc-tests\tests\test_signature_verifier.vcxproj]
libcpmt.lib(locale0.obj) : error LNK2005: "private: static class std::locale::_Locimp * __cdecl std::locale::_Getgloballocale(void)" (?_Getgloballocale@locale@std@@CAPEAV_Locimp@12@XZ) ist bereits in msvcprt.lib(MSVCP140.dll) definiert. [C:\VCC\themis\build-msvc-tests\tests\test_signature_verifier.vcxproj]
libcpmt.lib(locale0.obj) : error LNK2005: "private: static class std::locale::_Locimp * __cdecl std::locale::_Init(bool)" (?_Init@locale@std@@CAPEAV_Locimp@12@_N@Z) ist bereits in msvcprt.lib(MSVCP140.dll) definiert. [C:\VCC\themis\build-msvc-tests\tests\test_signature_verifier.vcxproj]
libcpmt.lib(locale0.obj) : error LNK2005: "public: static void __cdecl std::_Locinfo::_Locinfo_ctor(class std::_Locinfo *,char const *)" (?_Locinfo_ctor@_Locinfo@std@@SAXPEAV12@PEBD@Z) ist bereits in msvcprt.lib(MSVCP140.dll) definiert. [C:\VCC\themis\build-msvc-tests\tests\test_signature_verifier.vcxproj]
libcpmt.lib(locale0.obj) : error LNK2005: "public: static void __cdecl std::_Locinfo::_Locinfo_dtor(class std::_Locinfo *)" (?_Locinfo_dtor@_Locinfo@std@@SAXPEAV12@@Z) ist bereits in msvcprt.lib(MSVCP140.dll) definiert. [C:\VCC\themis\build-msvc-tests\tests\test_signature_verifier.vcxproj]
libcpmt.lib(locale0.obj) : error LNK2005: "private: static class std::locale::_Locimp * __cdecl std::locale::_Locimp::_New_Locimp(class std::locale::_Locimp const &)" (?_New_Locimp@_Locimp@locale@std@@CAPEAV123@AEBV123@@Z) ist bereits in msvcprt.lib(MSVCP140.dll) definiert. [C:\VCC\themis\build-msvc-tests\tests\test_signature_verifier.vcxproj]
libcpmt.lib(cout.obj) : error LNK2038: Konflikt ermittelt f├╝r "RuntimeLibrary": Der Wert "MT_StaticRelease" stimmt nicht mit dem Wert "MD_DynamicRelease" in test_signature_verifier.obj ├╝berein. [C:\VCC\themis\build-msvc-tests\tests\test_signature_verifier.vcxproj]
libcpmt.lib(cout.obj) : error LNK2005: "public: static unsigned __int64 __cdecl std::codecvt<char,char,struct _Mbstatet>::_Getcat(class std::locale::facet const * *,class std::locale const *)" (?_Getcat@?$codecvt@DDU_Mbstatet@@@std@@SA_KPEAPEBVfacet@locale@2@PEBV42@@Z) ist bereits in msvcprt.lib(MSVCP140.dll) definiert. [C:\VCC\themis\build-msvc-tests\tests\test_signature_verifier.vcxproj]
libcpmt.lib(cout.obj) : error LNK2005: "protected: char * __cdecl std::basic_streambuf<char,struct std::char_traits<char> >::_Gndec(void)" (?_Gndec@?$basic_streambuf@DU?$char_traits@D@std@@@std@@IEAAPEADXZ) ist bereits in msvcprt.lib(MSVCP140.dll) definiert. [C:\VCC\themis\build-msvc-tests\tests\test_signature_verifier.vcxproj]
libcpmt.lib(cout.obj) : error LNK2005: "protected: void __cdecl std::basic_streambuf<char,struct std::char_traits<char> >::_Init(char * *,char * *,int *,char * *,char * *,int *)" (?_Init@?$basic_streambuf@DU?$char_traits@D@std@@@std@@IEAAXPEAPEAD0PEAH001@Z) ist bereits in msvcprt.lib(MSVCP140.dll) definiert. [C:\VCC\themis\build-msvc-tests\tests\test_signature_verifier.vcxproj]
libcpmt.lib(cout.obj) : error LNK2005: "public: bool __cdecl std::codecvt_base::always_noconv(void)const " (?always_noconv@codecvt_base@std@@QEBA_NXZ) ist bereits in msvcprt.lib(MSVCP140.dll) definiert. [C:\VCC\themis\build-msvc-tests\tests\test_signature_verifier.vcxproj]
libcpmt.lib(cout.obj) : error LNK2005: "public: int __cdecl std::codecvt<char,char,struct _Mbstatet>::in(struct _Mbstatet &,char const *,char const *,char const * &,char *,char *,char * &)const " (?in@?$codecvt@DDU_Mbstatet@@@std@@QEBAHAEAU_Mbstatet@@PEBD1AEAPEBDPEAD3AEAPEAD@Z) ist bereits in msvcprt.lib(MSVCP140.dll) definiert. [C:\VCC\themis\build-msvc-tests\tests\test_signature_verifier.vcxproj]
libcpmt.lib(cout.obj) : error LNK2005: "public: int __cdecl std::codecvt<char,char,struct _Mbstatet>::out(struct _Mbstatet &,char const *,char const *,char const * &,char *,char *,char * &)const " (?out@?$codecvt@DDU_Mbstatet@@@std@@QEBAHAEAU_Mbstatet@@PEBD1AEAPEBDPEAD3AEAPEAD@Z) ist bereits in msvcprt.lib(MSVCP140.dll) definiert. [C:\VCC\themis\build-msvc-tests\tests\test_signature_verifier.vcxproj]
libcpmt.lib(cout.obj) : error LNK2005: "public: int __cdecl std::codecvt<char,char,struct _Mbstatet>::unshift(struct _Mbstatet &,char *,char *,char * &)const " (?unshift@?$codecvt@DDU_Mbstatet@@@std@@QEBAHAEAU_Mbstatet@@PEAD1AEAPEAD@Z) ist bereits in msvcprt.lib(MSVCP140.dll) definiert. [C:\VCC\themis\build-msvc-tests\tests\test_signature_verifier.vcxproj]
libcpmt.lib(cerr.obj) : error LNK2038: Konflikt ermittelt f├╝r "RuntimeLibrary": Der Wert "MT_StaticRelease" stimmt nicht mit dem Wert "MD_DynamicRelease" in test_signature_verifier.obj ├╝berein. [C:\VCC\themis\build-msvc-tests\tests\test_signature_verifier.vcxproj]
libcpmt.lib(cerr.obj) : error LNK2005: "public: static unsigned __int64 __cdecl std::codecvt<char,char,struct _Mbstatet>::_Getcat(class std::locale::facet const * *,class std::locale const *)" (?_Getcat@?$codecvt@DDU_Mbstatet@@@std@@SA_KPEAPEBVfacet@locale@2@PEBV42@@Z) ist bereits in msvcprt.lib(MSVCP140.dll) definiert. [C:\VCC\themis\build-msvc-tests\tests\test_signature_verifier.vcxproj]
libcpmt.lib(cerr.obj) : error LNK2005: "protected: char * __cdecl std::basic_streambuf<char,struct std::char_traits<char> >::_Gndec(void)" (?_Gndec@?$basic_streambuf@DU?$char_traits@D@std@@@std@@IEAAPEADXZ) ist bereits in msvcprt.lib(MSVCP140.dll) definiert. [C:\VCC\themis\build-msvc-tests\tests\test_signature_verifier.vcxproj]
libcpmt.lib(cerr.obj) : error LNK2005: "protected: void __cdecl std::basic_streambuf<char,struct std::char_traits<char> >::_Init(char * *,char * *,int *,char * *,char * *,int *)" (?_Init@?$basic_streambuf@DU?$char_traits@D@std@@@std@@IEAAXPEAPEAD0PEAH001@Z) ist bereits in msvcprt.lib(MSVCP140.dll) definiert. [C:\VCC\themis\build-msvc-tests\tests\test_signature_verifier.vcxproj]
libcpmt.lib(cerr.obj) : error LNK2005: "public: bool __cdecl std::codecvt_base::always_noconv(void)const " (?always_noconv@codecvt_base@std@@QEBA_NXZ) ist bereits in msvcprt.lib(MSVCP140.dll) definiert. [C:\VCC\themis\build-msvc-tests\tests\test_signature_verifier.vcxproj]
libcpmt.lib(cerr.obj) : error LNK2005: "public: int __cdecl std::codecvt<char,char,struct _Mbstatet>::in(struct _Mbstatet &,char const *,char const *,char const * &,char *,char *,char * &)const " (?in@?$codecvt@DDU_Mbstatet@@@std@@QEBAHAEAU_Mbstatet@@PEBD1AEAPEBDPEAD3AEAPEAD@Z) ist bereits in msvcprt.lib(MSVCP140.dll) definiert. [C:\VCC\themis\build-msvc-tests\tests\test_signature_verifier.vcxproj]
libcpmt.lib(cerr.obj) : error LNK2005: "public: int __cdecl std::codecvt<char,char,struct _Mbstatet>::out(struct _Mbstatet &,char const *,char const *,char const * &,char *,char *,char * &)const " (?out@?$codecvt@DDU_Mbstatet@@@std@@QEBAHAEAU_Mbstatet@@PEBD1AEAPEBDPEAD3AEAPEAD@Z) ist bereits in msvcprt.lib(MSVCP140.dll) definiert. [C:\VCC\themis\build-msvc-tests\tests\test_signature_verifier.vcxproj]
libcpmt.lib(cerr.obj) : error LNK2005: "public: int __cdecl std::codecvt<char,char,struct _Mbstatet>::unshift(struct _Mbstatet &,char *,char *,char * &)const " (?unshift@?$codecvt@DDU_Mbstatet@@@std@@QEBAHAEAU_Mbstatet@@PEAD1AEAPEAD@Z) ist bereits in msvcprt.lib(MSVCP140.dll) definiert. [C:\VCC\themis\build-msvc-tests\tests\test_signature_verifier.vcxproj]
libcpmt.lib(locale.obj) : error LNK2038: Konflikt ermittelt f├╝r "RuntimeLibrary": Der Wert "MT_StaticRelease" stimmt nicht mit dem Wert "MD_DynamicRelease" in test_signature_verifier.obj ├╝berein. [C:\VCC\themis\build-msvc-tests\tests\test_signature_verifier.vcxproj]
libcpmt.lib(locale.obj) : error LNK2005: "public: static unsigned __int64 __cdecl std::codecvt<char,char,struct _Mbstatet>::_Getcat(class std::locale::facet const * *,class std::locale const *)" (?_Getcat@?$codecvt@DDU_Mbstatet@@@std@@SA_KPEAPEBVfacet@locale@2@PEBV42@@Z) ist bereits in msvcprt.lib(MSVCP140.dll) definiert. [C:\VCC\themis\build-msvc-tests\tests\test_signature_verifier.vcxproj]
libcpmt.lib(locale.obj) : error LNK2005: "private: static void __cdecl std::locale::_Locimp::_Locimp_Addfac(class std::locale::_Locimp *,class std::locale::facet *,unsigned __int64)" (?_Locimp_Addfac@_Locimp@locale@std@@CAXPEAV123@PEAVfacet@23@_K@Z) ist bereits in msvcprt.lib(MSVCP140.dll) definiert. [C:\VCC\themis\build-msvc-tests\tests\test_signature_verifier.vcxproj]
libcpmt.lib(locale.obj) : error LNK2005: "public: int __cdecl std::basic_streambuf<char,struct std::char_traits<char> >::sbumpc(void)" (?sbumpc@?$basic_streambuf@DU?$char_traits@D@std@@@std@@QEAAHXZ) ist bereits in msvcprt.lib(MSVCP140.dll) definiert. [C:\VCC\themis\build-msvc-tests\tests\test_signature_verifier.vcxproj]
libcpmt.lib(locale.obj) : error LNK2005: "public: int __cdecl std::basic_streambuf<char,struct std::char_traits<char> >::sgetc(void)" (?sgetc@?$basic_streambuf@DU?$char_traits@D@std@@@std@@QEAAHXZ) ist bereits in msvcprt.lib(MSVCP140.dll) definiert. [C:\VCC\themis\build-msvc-tests\tests\test_signature_verifier.vcxproj]
libcpmt.lib(iosptrs.obj) : error LNK2038: Konflikt ermittelt f├╝r "RuntimeLibrary": Der Wert "MT_StaticRelease" stimmt nicht mit dem Wert "MD_DynamicRelease" in test_signature_verifier.obj ├╝berein. [C:\VCC\themis\build-msvc-tests\tests\test_signature_verifier.vcxproj]
libcpmt.lib(xlock.obj) : error LNK2038: Konflikt ermittelt f├╝r "RuntimeLibrary": Der Wert "MT_StaticRelease" stimmt nicht mit dem Wert "MD_DynamicRelease" in test_signature_verifier.obj ├╝berein. [C:\VCC\themis\build-msvc-tests\tests\test_signature_verifier.vcxproj]
libcpmt.lib(xlock.obj) : error LNK2005: "public: __cdecl std::_Lockit::_Lockit(int)" (??0_Lockit@std@@QEAA@H@Z) ist bereits in msvcprt.lib(MSVCP140.dll) definiert. [C:\VCC\themis\build-msvc-tests\tests\test_signature_verifier.vcxproj]
libcpmt.lib(xlock.obj) : error LNK2005: "public: __cdecl std::_Lockit::~_Lockit(void)" (??1_Lockit@std@@QEAA@XZ) ist bereits in msvcprt.lib(MSVCP140.dll) definiert. [C:\VCC\themis\build-msvc-tests\tests\test_signature_verifier.vcxproj]
libcpmt.lib(wlocale.obj) : error LNK2038: Konflikt ermittelt f├╝r "RuntimeLibrary": Der Wert "MT_StaticRelease" stimmt nicht mit dem Wert "MD_DynamicRelease" in test_signature_verifier.obj ├╝berein. [C:\VCC\themis\build-msvc-tests\tests\test_signature_verifier.vcxproj]
libcpmt.lib(wlocale.obj) : error LNK2005: "public: unsigned short const * __cdecl std::_Locinfo::_W_Getdays(void)const " (?_W_Getdays@_Locinfo@std@@QEBAPEBGXZ) ist bereits in msvcprt.lib(MSVCP140.dll) definiert. [C:\VCC\themis\build-msvc-tests\tests\test_signature_verifier.vcxproj]
libcpmt.lib(wlocale.obj) : error LNK2005: "public: unsigned short const * __cdecl std::_Locinfo::_W_Getmonths(void)const " (?_W_Getmonths@_Locinfo@std@@QEBAPEBGXZ) ist bereits in msvcprt.lib(MSVCP140.dll) definiert. [C:\VCC\themis\build-msvc-tests\tests\test_signature_verifier.vcxproj]
libcpmt.lib(xlocale.obj) : error LNK2038: Konflikt ermittelt f├╝r "RuntimeLibrary": Der Wert "MT_StaticRelease" stimmt nicht mit dem Wert "MD_DynamicRelease" in test_signature_verifier.obj ├╝berein. [C:\VCC\themis\build-msvc-tests\tests\test_signature_verifier.vcxproj]
libcpmt.lib(xlocale.obj) : error LNK2005: "public: int __cdecl std::basic_streambuf<char,struct std::char_traits<char> >::sbumpc(void)" (?sbumpc@?$basic_streambuf@DU?$char_traits@D@std@@@std@@QEAAHXZ) ist bereits in msvcprt.lib(MSVCP140.dll) definiert. [C:\VCC\themis\build-msvc-tests\tests\test_signature_verifier.vcxproj]
libcpmt.lib(xlocale.obj) : error LNK2005: "public: int __cdecl std::basic_streambuf<char,struct std::char_traits<char> >::sgetc(void)" (?sgetc@?$basic_streambuf@DU?$char_traits@D@std@@@std@@QEAAHXZ) ist bereits in msvcprt.lib(MSVCP140.dll) definiert. [C:\VCC\themis\build-msvc-tests\tests\test_signature_verifier.vcxproj]
libcpmt.lib(xstol.obj) : error LNK2038: Konflikt ermittelt f├╝r "RuntimeLibrary": Der Wert "MT_StaticRelease" stimmt nicht mit dem Wert "MD_DynamicRelease" in test_signature_verifier.obj ├╝berein. [C:\VCC\themis\build-msvc-tests\tests\test_signature_verifier.vcxproj]
libcpmt.lib(xstoul.obj) : error LNK2038: Konflikt ermittelt f├╝r "RuntimeLibrary": Der Wert "MT_StaticRelease" stimmt nicht mit dem Wert "MD_DynamicRelease" in test_signature_verifier.obj ├╝berein. [C:\VCC\themis\build-msvc-tests\tests\test_signature_verifier.vcxproj]
libcpmt.lib(xstoll.obj) : error LNK2038: Konflikt ermittelt f├╝r "RuntimeLibrary": Der Wert "MT_StaticRelease" stimmt nicht mit dem Wert "MD_DynamicRelease" in test_signature_verifier.obj ├╝berein. [C:\VCC\themis\build-msvc-tests\tests\test_signature_verifier.vcxproj]
libcpmt.lib(xstoull.obj) : error LNK2038: Konflikt ermittelt f├╝r "RuntimeLibrary": Der Wert "MT_StaticRelease" stimmt nicht mit dem Wert "MD_DynamicRelease" in test_signature_verifier.obj ├╝berein. [C:\VCC\themis\build-msvc-tests\tests\test_signature_verifier.vcxproj]
libcpmt.lib(xmtx.obj) : error LNK2038: Konflikt ermittelt f├╝r "RuntimeLibrary": Der Wert "MT_StaticRelease" stimmt nicht mit dem Wert "MD_DynamicRelease" in test_signature_verifier.obj ├╝berein. [C:\VCC\themis\build-msvc-tests\tests\test_signature_verifier.vcxproj]
libcpmt.lib(xstrcoll.obj) : error LNK2038: Konflikt ermittelt f├╝r "RuntimeLibrary": Der Wert "MT_StaticRelease" stimmt nicht mit dem Wert "MD_DynamicRelease" in test_signature_verifier.obj ├╝berein. [C:\VCC\themis\build-msvc-tests\tests\test_signature_verifier.vcxproj]
libcpmt.lib(xdateord.obj) : error LNK2038: Konflikt ermittelt f├╝r "RuntimeLibrary": Der Wert "MT_StaticRelease" stimmt nicht mit dem Wert "MD_DynamicRelease" in test_signature_verifier.obj ├╝berein. [C:\VCC\themis\build-msvc-tests\tests\test_signature_verifier.vcxproj]
libcpmt.lib(xwcscoll.obj) : error LNK2038: Konflikt ermittelt f├╝r "RuntimeLibrary": Der Wert "MT_StaticRelease" stimmt nicht mit dem Wert "MD_DynamicRelease" in test_signature_verifier.obj ├╝berein. [C:\VCC\themis\build-msvc-tests\tests\test_signature_verifier.vcxproj]
libcpmt.lib(xwcsxfrm.obj) : error LNK2038: Konflikt ermittelt f├╝r "RuntimeLibrary": Der Wert "MT_StaticRelease" stimmt nicht mit dem Wert "MD_DynamicRelease" in test_signature_verifier.obj ├╝berein. [C:\VCC\themis\build-msvc-tests\tests\test_signature_verifier.vcxproj]
libcpmt.lib(xgetwctype.obj) : error LNK2038: Konflikt ermittelt f├╝r "RuntimeLibrary": Der Wert "MT_StaticRelease" stimmt nicht mit dem Wert "MD_DynamicRelease" in test_signature_verifier.obj ├╝berein. [C:\VCC\themis\build-msvc-tests\tests\test_signature_verifier.vcxproj]
libcpmt.lib(xtowlower.obj) : error LNK2038: Konflikt ermittelt f├╝r "RuntimeLibrary": Der Wert "MT_StaticRelease" stimmt nicht mit dem Wert "MD_DynamicRelease" in test_signature_verifier.obj ├╝berein. [C:\VCC\themis\build-msvc-tests\tests\test_signature_verifier.vcxproj]
libcpmt.lib(xtowupper.obj) : error LNK2038: Konflikt ermittelt f├╝r "RuntimeLibrary": Der Wert "MT_StaticRelease" stimmt nicht mit dem Wert "MD_DynamicRelease" in test_signature_verifier.obj ├╝berein. [C:\VCC\themis\build-msvc-tests\tests\test_signature_verifier.vcxproj]
libcpmt.lib(xstrxfrm.obj) : error LNK2038: Konflikt ermittelt f├╝r "RuntimeLibrary": Der Wert "MT_StaticRelease" stimmt nicht mit dem Wert "MD_DynamicRelease" in test_signature_verifier.obj ├╝berein. [C:\VCC\themis\build-msvc-tests\tests\test_signature_verifier.vcxproj]
libcpmt.lib(StlCompareStringA.obj) : error LNK2038: Konflikt ermittelt f├╝r "RuntimeLibrary": Der Wert "MT_StaticRelease" stimmt nicht mit dem Wert "MD_DynamicRelease" in test_signature_verifier.obj ├╝berein. [C:\VCC\themis\build-msvc-tests\tests\test_signature_verifier.vcxproj]
libcpmt.lib(StlCompareStringW.obj) : error LNK2038: Konflikt ermittelt f├╝r "RuntimeLibrary": Der Wert "MT_StaticRelease" stimmt nicht mit dem Wert "MD_DynamicRelease" in test_signature_verifier.obj ├╝berein. [C:\VCC\themis\build-msvc-tests\tests\test_signature_verifier.vcxproj]
libcpmt.lib(StlLCMapStringW.obj) : error LNK2038: Konflikt ermittelt f├╝r "RuntimeLibrary": Der Wert "MT_StaticRelease" stimmt nicht mit dem Wert "MD_DynamicRelease" in test_signature_verifier.obj ├╝berein. [C:\VCC\themis\build-msvc-tests\tests\test_signature_verifier.vcxproj]
libcpmt.lib(StlLCMapStringA.obj) : error LNK2038: Konflikt ermittelt f├╝r "RuntimeLibrary": Der Wert "MT_StaticRelease" stimmt nicht mit dem Wert "MD_DynamicRelease" in test_signature_verifier.obj ├╝berein. [C:\VCC\themis\build-msvc-tests\tests\test_signature_verifier.vcxproj]
LINK : warning LNK4098: Standardbibliothek "LIBCMT" steht in Konflikt mit anderen Bibliotheken; /NODEFAULTLIB:Bibliothek verwenden. [C:\VCC\themis\build-msvc-tests\tests\test_signature_verifier.vcxproj]
C:\VCC\themis\build-msvc-tests\tests\Release\test_lib_arrow_integration.exe : fatal error LNK1169: Mindestens ein mehrfach definiertes Symbol gefunden. [C:\VCC\themis\build-msvc-tests\tests\test_lib_arrow_integration.vcxproj]
C:\VCC\themis\build-msvc-tests\tests\Release\test_lib_spdlog_integration.exe : fatal error LNK1169: Mindestens ein mehrfach definiertes Symbol gefunden. [C:\VCC\themis\build-msvc-tests\tests\test_lib_spdlog_integration.vcxproj]
C:\VCC\themis\build-msvc-tests\tests\Release\test_lib_zstd_integration.exe : fatal error LNK1169: Mindestens ein mehrfach definiertes Symbol gefunden. [C:\VCC\themis\build-msvc-tests\tests\test_lib_zstd_integration.vcxproj]
C:\VCC\themis\build-msvc-tests\tests\Release\test_lib_yaml_advanced.exe : fatal error LNK1169: Mindestens ein mehrfach definiertes Symbol gefunden. [C:\VCC\themis\build-msvc-tests\tests\test_lib_yaml_advanced.vcxproj]
C:\VCC\themis\build-msvc-tests\tests\Release\test_signature_verifier.exe : fatal error LNK1169: Mindestens ein mehrfach definiertes Symbol gefunden. [C:\VCC\themis\build-msvc-tests\tests\test_signature_verifier.vcxproj]
  ggml-cpu.vcxproj -> C:\VCC\themis\build-msvc-tests\bin\Release\ggml-cpu.dll
  ggml.vcxproj -> C:\VCC\themis\build-msvc-tests\bin\Release\ggml.dll
  llama.vcxproj -> C:\VCC\themis\build-msvc-tests\bin\Release\llama.dll
  themis_core.vcxproj -> C:\VCC\themis\build-msvc-tests\cmake\Release\themis_core.lib
  test_phase1_kv_cache_reuse.vcxproj -> C:\VCC\themis\build-msvc-tests\cmake\Release\test_phase1_kv_cache_reuse.exe
gtest.lib(gtest-all.cc.obj) : error LNK2038: Konflikt ermittelt f├╝r "RuntimeLibrary": Der Wert "MT_StaticRelease" stimmt nicht mit dem Wert "MD_DynamicRelease" in test_pitr_manager.obj ├╝berein. [C:\VCC\themis\build-msvc-tests\tests\test_pitr_manager.vcxproj]
gtest.lib(gtest-all.cc.obj) : error LNK2038: Konflikt ermittelt f├╝r "RuntimeLibrary": Der Wert "MT_StaticRelease" stimmt nicht mit dem Wert "MD_DynamicRelease" in test_diff_engine.obj ├╝berein. [C:\VCC\themis\build-msvc-tests\tests\test_diff_engine.vcxproj]
  test_llamacpp_integration.cpp
  themis_core.lib(changefeed.obj) : Es wurde ein mit /GL kompiliertes MSIL .netmodule oder module gefunden. Verkn├╝pfung wird mit /LTCG erneut gestartet. F├╝gen Sie /LTCG zur Linkbefehlszeile hinzu, um die Linkerleistung zu erh├Âhen.
  themis_core.lib(changefeed.obj) : Es wurde ein mit /GL kompiliertes MSIL .netmodule oder module gefunden. Verkn├╝pfung wird mit /LTCG erneut gestartet. F├╝gen Sie /LTCG zur Linkbefehlszeile hinzu, um die Linkerleistung zu erh├Âhen.
gtest.lib(gtest-all.cc.obj) : error LNK2038: Konflikt ermittelt f├╝r "RuntimeLibrary": Der Wert "MT_StaticRelease" stimmt nicht mit dem Wert "MD_DynamicRelease" in test_diff_engine.obj ├╝berein. [C:\VCC\themis\build-msvc-tests\tests\test_diff_engine.vcxproj]
gtest.lib(gtest-all.cc.obj) : error LNK2038: Konflikt ermittelt f├╝r "RuntimeLibrary": Der Wert "MT_StaticRelease" stimmt nicht mit dem Wert "MD_DynamicRelease" in test_pitr_manager.obj ├╝berein. [C:\VCC\themis\build-msvc-tests\tests\test_pitr_manager.vcxproj]
themis_core.lib(changefeed.obj) : error LNK2038: Konflikt ermittelt f├╝r "RuntimeLibrary": Der Wert "MT_StaticRelease" stimmt nicht mit dem Wert "MD_DynamicRelease" in test_diff_engine.obj ├╝berein. [C:\VCC\themis\build-msvc-tests\tests\test_diff_engine.vcxproj]
themis_core.lib(changefeed.obj) : error LNK2038: Konflikt ermittelt f├╝r "RuntimeLibrary": Der Wert "MT_StaticRelease" stimmt nicht mit dem Wert "MD_DynamicRelease" in test_pitr_manager.obj ├╝berein. [C:\VCC\themis\build-msvc-tests\tests\test_pitr_manager.vcxproj]
themis_core.lib(rocksdb_wrapper.obj) : error LNK2038: Konflikt ermittelt f├╝r "RuntimeLibrary": Der Wert "MT_StaticRelease" stimmt nicht mit dem Wert "MD_DynamicRelease" in test_diff_engine.obj ├╝berein. [C:\VCC\themis\build-msvc-tests\tests\test_diff_engine.vcxproj]
themis_core.lib(rocksdb_wrapper.obj) : error LNK2038: Konflikt ermittelt f├╝r "RuntimeLibrary": Der Wert "MT_StaticRelease" stimmt nicht mit dem Wert "MD_DynamicRelease" in test_pitr_manager.obj ├╝berein. [C:\VCC\themis\build-msvc-tests\tests\test_pitr_manager.vcxproj]
themis_core.lib(diff_engine.obj) : error LNK2038: Konflikt ermittelt f├╝r "RuntimeLibrary": Der Wert "MT_StaticRelease" stimmt nicht mit dem Wert "MD_DynamicRelease" in test_diff_engine.obj ├╝berein. [C:\VCC\themis\build-msvc-tests\tests\test_diff_engine.vcxproj]
themis_core.lib(logger.obj) : error LNK2038: Konflikt ermittelt f├╝r "RuntimeLibrary": Der Wert "MT_StaticRelease" stimmt nicht mit dem Wert "MD_DynamicRelease" in test_diff_engine.obj ├╝berein. [C:\VCC\themis\build-msvc-tests\tests\test_diff_engine.vcxproj]
themis_core.lib(snapshot_manager.obj) : error LNK2038: Konflikt ermittelt f├╝r "RuntimeLibrary": Der Wert "MT_StaticRelease" stimmt nicht mit dem Wert "MD_DynamicRelease" in test_pitr_manager.obj ├╝berein. [C:\VCC\themis\build-msvc-tests\tests\test_pitr_manager.vcxproj]
themis_core.lib(snapshot_manager.obj) : error LNK2038: Konflikt ermittelt f├╝r "RuntimeLibrary": Der Wert "MT_StaticRelease" stimmt nicht mit dem Wert "MD_DynamicRelease" in test_diff_engine.obj ├╝berein. [C:\VCC\themis\build-msvc-tests\tests\test_diff_engine.vcxproj]
themis_core.lib(pitr_manager.obj) : error LNK2038: Konflikt ermittelt f├╝r "RuntimeLibrary": Der Wert "MT_StaticRelease" stimmt nicht mit dem Wert "MD_DynamicRelease" in test_pitr_manager.obj ├╝berein. [C:\VCC\themis\build-msvc-tests\tests\test_pitr_manager.vcxproj]
spdlog.lib(spdlog.cpp.obj) : error LNK2038: Konflikt ermittelt f├╝r "RuntimeLibrary": Der Wert "MT_StaticRelease" stimmt nicht mit dem Wert "MD_DynamicRelease" in test_diff_engine.obj ├╝berein. [C:\VCC\themis\build-msvc-tests\tests\test_diff_engine.vcxproj]
spdlog.lib(file_sinks.cpp.obj) : error LNK2038: Konflikt ermittelt f├╝r "RuntimeLibrary": Der Wert "MT_StaticRelease" stimmt nicht mit dem Wert "MD_DynamicRelease" in test_diff_engine.obj ├╝berein. [C:\VCC\themis\build-msvc-tests\tests\test_diff_engine.vcxproj]
spdlog.lib(color_sinks.cpp.obj) : error LNK2038: Konflikt ermittelt f├╝r "RuntimeLibrary": Der Wert "MT_StaticRelease" stimmt nicht mit dem Wert "MD_DynamicRelease" in test_diff_engine.obj ├╝berein. [C:\VCC\themis\build-msvc-tests\tests\test_diff_engine.vcxproj]
themis_core.lib(logger.obj) : error LNK2038: Konflikt ermittelt f├╝r "RuntimeLibrary": Der Wert "MT_StaticRelease" stimmt nicht mit dem Wert "MD_DynamicRelease" in test_pitr_manager.obj ├╝berein. [C:\VCC\themis\build-msvc-tests\tests\test_pitr_manager.vcxproj]
spdlog.lib(async.cpp.obj) : error LNK2038: Konflikt ermittelt f├╝r "RuntimeLibrary": Der Wert "MT_StaticRelease" stimmt nicht mit dem Wert "MD_DynamicRelease" in test_diff_engine.obj ├╝berein. [C:\VCC\themis\build-msvc-tests\tests\test_diff_engine.vcxproj]
fmt.lib(format.cc.obj) : error LNK2038: Konflikt ermittelt f├╝r "RuntimeLibrary": Der Wert "MT_StaticRelease" stimmt nicht mit dem Wert "MD_DynamicRelease" in test_diff_engine.obj ├╝berein. [C:\VCC\themis\build-msvc-tests\tests\test_diff_engine.vcxproj]
spdlog.lib(spdlog.cpp.obj) : error LNK2038: Konflikt ermittelt f├╝r "RuntimeLibrary": Der Wert "MT_StaticRelease" stimmt nicht mit dem Wert "MD_DynamicRelease" in test_pitr_manager.obj ├╝berein. [C:\VCC\themis\build-msvc-tests\tests\test_pitr_manager.vcxproj]
spdlog.lib(file_sinks.cpp.obj) : error LNK2038: Konflikt ermittelt f├╝r "RuntimeLibrary": Der Wert "MT_StaticRelease" stimmt nicht mit dem Wert "MD_DynamicRelease" in test_pitr_manager.obj ├╝berein. [C:\VCC\themis\build-msvc-tests\tests\test_pitr_manager.vcxproj]
spdlog.lib(color_sinks.cpp.obj) : error LNK2038: Konflikt ermittelt f├╝r "RuntimeLibrary": Der Wert "MT_StaticRelease" stimmt nicht mit dem Wert "MD_DynamicRelease" in test_pitr_manager.obj ├╝berein. [C:\VCC\themis\build-msvc-tests\tests\test_pitr_manager.vcxproj]
spdlog.lib(async.cpp.obj) : error LNK2038: Konflikt ermittelt f├╝r "RuntimeLibrary": Der Wert "MT_StaticRelease" stimmt nicht mit dem Wert "MD_DynamicRelease" in test_pitr_manager.obj ├╝berein. [C:\VCC\themis\build-msvc-tests\tests\test_pitr_manager.vcxproj]
rocksdb.lib(status.cc.obj) : error LNK2038: Konflikt ermittelt f├╝r "RuntimeLibrary": Der Wert "MT_StaticRelease" stimmt nicht mit dem Wert "MD_DynamicRelease" in test_diff_engine.obj ├╝berein. [C:\VCC\themis\build-msvc-tests\tests\test_diff_engine.vcxproj]
rocksdb.lib(slice.cc.obj) : error LNK2038: Konflikt ermittelt f├╝r "RuntimeLibrary": Der Wert "MT_StaticRelease" stimmt nicht mit dem Wert "MD_DynamicRelease" in test_diff_engine.obj ├╝berein. [C:\VCC\themis\build-msvc-tests\tests\test_diff_engine.vcxproj]
rocksdb.lib(write_batch.cc.obj) : error LNK2038: Konflikt ermittelt f├╝r "RuntimeLibrary": Der Wert "MT_StaticRelease" stimmt nicht mit dem Wert "MD_DynamicRelease" in test_diff_engine.obj ├╝berein. [C:\VCC\themis\build-msvc-tests\tests\test_diff_engine.vcxproj]
rocksdb.lib(filter_policy.cc.obj) : error LNK2038: Konflikt ermittelt f├╝r "RuntimeLibrary": Der Wert "MT_StaticRelease" stimmt nicht mit dem Wert "MD_DynamicRelease" in test_diff_engine.obj ├╝berein. [C:\VCC\themis\build-msvc-tests\tests\test_diff_engine.vcxproj]
rocksdb.lib(status.cc.obj) : error LNK2038: Konflikt ermittelt f├╝r "RuntimeLibrary": Der Wert "MT_StaticRelease" stimmt nicht mit dem Wert "MD_DynamicRelease" in test_pitr_manager.obj ├╝berein. [C:\VCC\themis\build-msvc-tests\tests\test_pitr_manager.vcxproj]
rocksdb.lib(slice.cc.obj) : error LNK2038: Konflikt ermittelt f├╝r "RuntimeLibrary": Der Wert "MT_StaticRelease" stimmt nicht mit dem Wert "MD_DynamicRelease" in test_pitr_manager.obj ├╝berein. [C:\VCC\themis\build-msvc-tests\tests\test_pitr_manager.vcxproj]
rocksdb.lib(options.cc.obj) : error LNK2038: Konflikt ermittelt f├╝r "RuntimeLibrary": Der Wert "MT_StaticRelease" stimmt nicht mit dem Wert "MD_DynamicRelease" in test_diff_engine.obj ├╝berein. [C:\VCC\themis\build-msvc-tests\tests\test_diff_engine.vcxproj]
rocksdb.lib(write_batch.cc.obj) : error LNK2038: Konflikt ermittelt f├╝r "RuntimeLibrary": Der Wert "MT_StaticRelease" stimmt nicht mit dem Wert "MD_DynamicRelease" in test_pitr_manager.obj ├╝berein. [C:\VCC\themis\build-msvc-tests\tests\test_pitr_manager.vcxproj]
rocksdb.lib(filter_policy.cc.obj) : error LNK2038: Konflikt ermittelt f├╝r "RuntimeLibrary": Der Wert "MT_StaticRelease" stimmt nicht mit dem Wert "MD_DynamicRelease" in test_pitr_manager.obj ├╝berein. [C:\VCC\themis\build-msvc-tests\tests\test_pitr_manager.vcxproj]
rocksdb.lib(backup_engine.cc.obj) : error LNK2038: Konflikt ermittelt f├╝r "RuntimeLibrary": Der Wert "MT_StaticRelease" stimmt nicht mit dem Wert "MD_DynamicRelease" in test_diff_engine.obj ├╝berein. [C:\VCC\themis\build-msvc-tests\tests\test_diff_engine.vcxproj]
rocksdb.lib(options.cc.obj) : error LNK2038: Konflikt ermittelt f├╝r "RuntimeLibrary": Der Wert "MT_StaticRelease" stimmt nicht mit dem Wert "MD_DynamicRelease" in test_pitr_manager.obj ├╝berein. [C:\VCC\themis\build-msvc-tests\tests\test_pitr_manager.vcxproj]
rocksdb.lib(checkpoint_impl.cc.obj) : error LNK2038: Konflikt ermittelt f├╝r "RuntimeLibrary": Der Wert "MT_StaticRelease" stimmt nicht mit dem Wert "MD_DynamicRelease" in test_diff_engine.obj ├╝berein. [C:\VCC\themis\build-msvc-tests\tests\test_diff_engine.vcxproj]
rocksdb.lib(backup_engine.cc.obj) : error LNK2038: Konflikt ermittelt f├╝r "RuntimeLibrary": Der Wert "MT_StaticRelease" stimmt nicht mit dem Wert "MD_DynamicRelease" in test_pitr_manager.obj ├╝berein. [C:\VCC\themis\build-msvc-tests\tests\test_pitr_manager.vcxproj]
rocksdb.lib(block_based_table_factory.cc.obj) : error LNK2038: Konflikt ermittelt f├╝r "RuntimeLibrary": Der Wert "MT_StaticRelease" stimmt nicht mit dem Wert "MD_DynamicRelease" in test_diff_engine.obj ├╝berein. [C:\VCC\themis\build-msvc-tests\tests\test_diff_engine.vcxproj]
rocksdb.lib(checkpoint_impl.cc.obj) : error LNK2038: Konflikt ermittelt f├╝r "RuntimeLibrary": Der Wert "MT_StaticRelease" stimmt nicht mit dem Wert "MD_DynamicRelease" in test_pitr_manager.obj ├╝berein. [C:\VCC\themis\build-msvc-tests\tests\test_pitr_manager.vcxproj]
rocksdb.lib(lru_cache.cc.obj) : error LNK2038: Konflikt ermittelt f├╝r "RuntimeLibrary": Der Wert "MT_StaticRelease" stimmt nicht mit dem Wert "MD_DynamicRelease" in test_diff_engine.obj ├╝berein. [C:\VCC\themis\build-msvc-tests\tests\test_diff_engine.vcxproj]
rocksdb.lib(env_default.cc.obj) : error LNK2038: Konflikt ermittelt f├╝r "RuntimeLibrary": Der Wert "MT_StaticRelease" stimmt nicht mit dem Wert "MD_DynamicRelease" in test_diff_engine.obj ├╝berein. [C:\VCC\themis\build-msvc-tests\tests\test_diff_engine.vcxproj]
rocksdb.lib(pessimistic_transaction_db.cc.obj) : error LNK2038: Konflikt ermittelt f├╝r "RuntimeLibrary": Der Wert "MT_StaticRelease" stimmt nicht mit dem Wert "MD_DynamicRelease" in test_diff_engine.obj ├╝berein. [C:\VCC\themis\build-msvc-tests\tests\test_diff_engine.vcxproj]
rocksdb.lib(block_based_table_factory.cc.obj) : error LNK2038: Konflikt ermittelt f├╝r "RuntimeLibrary": Der Wert "MT_StaticRelease" stimmt nicht mit dem Wert "MD_DynamicRelease" in test_pitr_manager.obj ├╝berein. [C:\VCC\themis\build-msvc-tests\tests\test_pitr_manager.vcxproj]
rocksdb.lib(lru_cache.cc.obj) : error LNK2038: Konflikt ermittelt f├╝r "RuntimeLibrary": Der Wert "MT_StaticRelease" stimmt nicht mit dem Wert "MD_DynamicRelease" in test_pitr_manager.obj ├╝berein. [C:\VCC\themis\build-msvc-tests\tests\test_pitr_manager.vcxproj]
rocksdb.lib(env_default.cc.obj) : error LNK2038: Konflikt ermittelt f├╝r "RuntimeLibrary": Der Wert "MT_StaticRelease" stimmt nicht mit dem Wert "MD_DynamicRelease" in test_pitr_manager.obj ├╝berein. [C:\VCC\themis\build-msvc-tests\tests\test_pitr_manager.vcxproj]
rocksdb.lib(pessimistic_transaction_db.cc.obj) : error LNK2038: Konflikt ermittelt f├╝r "RuntimeLibrary": Der Wert "MT_StaticRelease" stimmt nicht mit dem Wert "MD_DynamicRelease" in test_pitr_manager.obj ├╝berein. [C:\VCC\themis\build-msvc-tests\tests\test_pitr_manager.vcxproj]
rocksdb.lib(db_impl.cc.obj) : error LNK2038: Konflikt ermittelt f├╝r "RuntimeLibrary": Der Wert "MT_StaticRelease" stimmt nicht mit dem Wert "MD_DynamicRelease" in test_diff_engine.obj ├╝berein. [C:\VCC\themis\build-msvc-tests\tests\test_diff_engine.vcxproj]
rocksdb.lib(db_impl.cc.obj) : error LNK2038: Konflikt ermittelt f├╝r "RuntimeLibrary": Der Wert "MT_StaticRelease" stimmt nicht mit dem Wert "MD_DynamicRelease" in test_pitr_manager.obj ├╝berein. [C:\VCC\themis\build-msvc-tests\tests\test_pitr_manager.vcxproj]
rocksdb.lib(write_batch_with_index.cc.obj) : error LNK2038: Konflikt ermittelt f├╝r "RuntimeLibrary": Der Wert "MT_StaticRelease" stimmt nicht mit dem Wert "MD_DynamicRelease" in test_diff_engine.obj ├╝berein. [C:\VCC\themis\build-msvc-tests\tests\test_diff_engine.vcxproj]
rocksdb.lib(statistics.cc.obj) : error LNK2038: Konflikt ermittelt f├╝r "RuntimeLibrary": Der Wert "MT_StaticRelease" stimmt nicht mit dem Wert "MD_DynamicRelease" in test_diff_engine.obj ├╝berein. [C:\VCC\themis\build-msvc-tests\tests\test_diff_engine.vcxproj]
rocksdb.lib(cleanable.cc.obj) : error LNK2038: Konflikt ermittelt f├╝r "RuntimeLibrary": Der Wert "MT_StaticRelease" stimmt nicht mit dem Wert "MD_DynamicRelease" in test_diff_engine.obj ├╝berein. [C:\VCC\themis\build-msvc-tests\tests\test_diff_engine.vcxproj]
rocksdb.lib(port_win.cc.obj) : error LNK2038: Konflikt ermittelt f├╝r "RuntimeLibrary": Der Wert "MT_StaticRelease" stimmt nicht mit dem Wert "MD_DynamicRelease" in test_diff_engine.obj ├╝berein. [C:\VCC\themis\build-msvc-tests\tests\test_diff_engine.vcxproj]
rocksdb.lib(configurable.cc.obj) : error LNK2038: Konflikt ermittelt f├╝r "RuntimeLibrary": Der Wert "MT_StaticRelease" stimmt nicht mit dem Wert "MD_DynamicRelease" in test_diff_engine.obj ├╝berein. [C:\VCC\themis\build-msvc-tests\tests\test_diff_engine.vcxproj]
rocksdb.lib(write_batch_with_index.cc.obj) : error LNK2038: Konflikt ermittelt f├╝r "RuntimeLibrary": Der Wert "MT_StaticRelease" stimmt nicht mit dem Wert "MD_DynamicRelease" in test_pitr_manager.obj ├╝berein. [C:\VCC\themis\build-msvc-tests\tests\test_pitr_manager.vcxproj]
rocksdb.lib(customizable.cc.obj) : error LNK2038: Konflikt ermittelt f├╝r "RuntimeLibrary": Der Wert "MT_StaticRelease" stimmt nicht mit dem Wert "MD_DynamicRelease" in test_diff_engine.obj ├╝berein. [C:\VCC\themis\build-msvc-tests\tests\test_diff_engine.vcxproj]
rocksdb.lib(statistics.cc.obj) : error LNK2038: Konflikt ermittelt f├╝r "RuntimeLibrary": Der Wert "MT_StaticRelease" stimmt nicht mit dem Wert "MD_DynamicRelease" in test_pitr_manager.obj ├╝berein. [C:\VCC\themis\build-msvc-tests\tests\test_pitr_manager.vcxproj]
rocksdb.lib(options_helper.cc.obj) : error LNK2038: Konflikt ermittelt f├╝r "RuntimeLibrary": Der Wert "MT_StaticRelease" stimmt nicht mit dem Wert "MD_DynamicRelease" in test_diff_engine.obj ├╝berein. [C:\VCC\themis\build-msvc-tests\tests\test_diff_engine.vcxproj]
rocksdb.lib(cleanable.cc.obj) : error LNK2038: Konflikt ermittelt f├╝r "RuntimeLibrary": Der Wert "MT_StaticRelease" stimmt nicht mit dem Wert "MD_DynamicRelease" in test_pitr_manager.obj ├╝berein. [C:\VCC\themis\build-msvc-tests\tests\test_pitr_manager.vcxproj]
rocksdb.lib(port_win.cc.obj) : error LNK2038: Konflikt ermittelt f├╝r "RuntimeLibrary": Der Wert "MT_StaticRelease" stimmt nicht mit dem Wert "MD_DynamicRelease" in test_pitr_manager.obj ├╝berein. [C:\VCC\themis\build-msvc-tests\tests\test_pitr_manager.vcxproj]
rocksdb.lib(configurable.cc.obj) : error LNK2038: Konflikt ermittelt f├╝r "RuntimeLibrary": Der Wert "MT_StaticRelease" stimmt nicht mit dem Wert "MD_DynamicRelease" in test_pitr_manager.obj ├╝berein. [C:\VCC\themis\build-msvc-tests\tests\test_pitr_manager.vcxproj]
rocksdb.lib(customizable.cc.obj) : error LNK2038: Konflikt ermittelt f├╝r "RuntimeLibrary": Der Wert "MT_StaticRelease" stimmt nicht mit dem Wert "MD_DynamicRelease" in test_pitr_manager.obj ├╝berein. [C:\VCC\themis\build-msvc-tests\tests\test_pitr_manager.vcxproj]
rocksdb.lib(object_registry.cc.obj) : error LNK2038: Konflikt ermittelt f├╝r "RuntimeLibrary": Der Wert "MT_StaticRelease" stimmt nicht mit dem Wert "MD_DynamicRelease" in test_diff_engine.obj ├╝berein. [C:\VCC\themis\build-msvc-tests\tests\test_diff_engine.vcxproj]
rocksdb.lib(options_helper.cc.obj) : error LNK2038: Konflikt ermittelt f├╝r "RuntimeLibrary": Der Wert "MT_StaticRelease" stimmt nicht mit dem Wert "MD_DynamicRelease" in test_pitr_manager.obj ├╝berein. [C:\VCC\themis\build-msvc-tests\tests\test_pitr_manager.vcxproj]
rocksdb.lib(string_util.cc.obj) : error LNK2038: Konflikt ermittelt f├╝r "RuntimeLibrary": Der Wert "MT_StaticRelease" stimmt nicht mit dem Wert "MD_DynamicRelease" in test_diff_engine.obj ├╝berein. [C:\VCC\themis\build-msvc-tests\tests\test_diff_engine.vcxproj]
rocksdb.lib(write_batch_base.cc.obj) : error LNK2038: Konflikt ermittelt f├╝r "RuntimeLibrary": Der Wert "MT_StaticRelease" stimmt nicht mit dem Wert "MD_DynamicRelease" in test_diff_engine.obj ├╝berein. [C:\VCC\themis\build-msvc-tests\tests\test_diff_engine.vcxproj]
rocksdb.lib(comparator.cc.obj) : error LNK2038: Konflikt ermittelt f├╝r "RuntimeLibrary": Der Wert "MT_StaticRelease" stimmt nicht mit dem Wert "MD_DynamicRelease" in test_diff_engine.obj ├╝berein. [C:\VCC\themis\build-msvc-tests\tests\test_diff_engine.vcxproj]
rocksdb.lib(object_registry.cc.obj) : error LNK2038: Konflikt ermittelt f├╝r "RuntimeLibrary": Der Wert "MT_StaticRelease" stimmt nicht mit dem Wert "MD_DynamicRelease" in test_pitr_manager.obj ├╝berein. [C:\VCC\themis\build-msvc-tests\tests\test_pitr_manager.vcxproj]
rocksdb.lib(env.cc.obj) : error LNK2038: Konflikt ermittelt f├╝r "RuntimeLibrary": Der Wert "MT_StaticRelease" stimmt nicht mit dem Wert "MD_DynamicRelease" in test_diff_engine.obj ├╝berein. [C:\VCC\themis\build-msvc-tests\tests\test_diff_engine.vcxproj]
rocksdb.lib(string_util.cc.obj) : error LNK2038: Konflikt ermittelt f├╝r "RuntimeLibrary": Der Wert "MT_StaticRelease" stimmt nicht mit dem Wert "MD_DynamicRelease" in test_pitr_manager.obj ├╝berein. [C:\VCC\themis\build-msvc-tests\tests\test_pitr_manager.vcxproj]
rocksdb.lib(write_batch_base.cc.obj) : error LNK2038: Konflikt ermittelt f├╝r "RuntimeLibrary": Der Wert "MT_StaticRelease" stimmt nicht mit dem Wert "MD_DynamicRelease" in test_pitr_manager.obj ├╝berein. [C:\VCC\themis\build-msvc-tests\tests\test_pitr_manager.vcxproj]
rocksdb.lib(comparator.cc.obj) : error LNK2038: Konflikt ermittelt f├╝r "RuntimeLibrary": Der Wert "MT_StaticRelease" stimmt nicht mit dem Wert "MD_DynamicRelease" in test_pitr_manager.obj ├╝berein. [C:\VCC\themis\build-msvc-tests\tests\test_pitr_manager.vcxproj]
rocksdb.lib(coding.cc.obj) : error LNK2038: Konflikt ermittelt f├╝r "RuntimeLibrary": Der Wert "MT_StaticRelease" stimmt nicht mit dem Wert "MD_DynamicRelease" in test_diff_engine.obj ├╝berein. [C:\VCC\themis\build-msvc-tests\tests\test_diff_engine.vcxproj]
rocksdb.lib(logs_with_prep_tracker.cc.obj) : error LNK2038: Konflikt ermittelt f├╝r "RuntimeLibrary": Der Wert "MT_StaticRelease" stimmt nicht mit dem Wert "MD_DynamicRelease" in test_diff_engine.obj ├╝berein. [C:\VCC\themis\build-msvc-tests\tests\test_diff_engine.vcxproj]
rocksdb.lib(hash.cc.obj) : error LNK2038: Konflikt ermittelt f├╝r "RuntimeLibrary": Der Wert "MT_StaticRelease" stimmt nicht mit dem Wert "MD_DynamicRelease" in test_diff_engine.obj ├╝berein. [C:\VCC\themis\build-msvc-tests\tests\test_diff_engine.vcxproj]
rocksdb.lib(env_win.cc.obj) : error LNK2038: Konflikt ermittelt f├╝r "RuntimeLibrary": Der Wert "MT_StaticRelease" stimmt nicht mit dem Wert "MD_DynamicRelease" in test_diff_engine.obj ├╝berein. [C:\VCC\themis\build-msvc-tests\tests\test_diff_engine.vcxproj]
rocksdb.lib(env.cc.obj) : error LNK2038: Konflikt ermittelt f├╝r "RuntimeLibrary": Der Wert "MT_StaticRelease" stimmt nicht mit dem Wert "MD_DynamicRelease" in test_pitr_manager.obj ├╝berein. [C:\VCC\themis\build-msvc-tests\tests\test_pitr_manager.vcxproj]
rocksdb.lib(seqno_to_time_mapping.cc.obj) : error LNK2038: Konflikt ermittelt f├╝r "RuntimeLibrary": Der Wert "MT_StaticRelease" stimmt nicht mit dem Wert "MD_DynamicRelease" in test_diff_engine.obj ├╝berein. [C:\VCC\themis\build-msvc-tests\tests\test_diff_engine.vcxproj]
rocksdb.lib(dbformat.cc.obj) : error LNK2038: Konflikt ermittelt f├╝r "RuntimeLibrary": Der Wert "MT_StaticRelease" stimmt nicht mit dem Wert "MD_DynamicRelease" in test_diff_engine.obj ├╝berein. [C:\VCC\themis\build-msvc-tests\tests\test_diff_engine.vcxproj]
rocksdb.lib(coding.cc.obj) : error LNK2038: Konflikt ermittelt f├╝r "RuntimeLibrary": Der Wert "MT_StaticRelease" stimmt nicht mit dem Wert "MD_DynamicRelease" in test_pitr_manager.obj ├╝berein. [C:\VCC\themis\build-msvc-tests\tests\test_pitr_manager.vcxproj]
rocksdb.lib(logs_with_prep_tracker.cc.obj) : error LNK2038: Konflikt ermittelt f├╝r "RuntimeLibrary": Der Wert "MT_StaticRelease" stimmt nicht mit dem Wert "MD_DynamicRelease" in test_pitr_manager.obj ├╝berein. [C:\VCC\themis\build-msvc-tests\tests\test_pitr_manager.vcxproj]
rocksdb.lib(hash.cc.obj) : error LNK2038: Konflikt ermittelt f├╝r "RuntimeLibrary": Der Wert "MT_StaticRelease" stimmt nicht mit dem Wert "MD_DynamicRelease" in test_pitr_manager.obj ├╝berein. [C:\VCC\themis\build-msvc-tests\tests\test_pitr_manager.vcxproj]
rocksdb.lib(memtable.cc.obj) : error LNK2038: Konflikt ermittelt f├╝r "RuntimeLibrary": Der Wert "MT_StaticRelease" stimmt nicht mit dem Wert "MD_DynamicRelease" in test_diff_engine.obj ├╝berein. [C:\VCC\themis\build-msvc-tests\tests\test_diff_engine.vcxproj]
rocksdb.lib(env_win.cc.obj) : error LNK2038: Konflikt ermittelt f├╝r "RuntimeLibrary": Der Wert "MT_StaticRelease" stimmt nicht mit dem Wert "MD_DynamicRelease" in test_pitr_manager.obj ├╝berein. [C:\VCC\themis\build-msvc-tests\tests\test_pitr_manager.vcxproj]
rocksdb.lib(seqno_to_time_mapping.cc.obj) : error LNK2038: Konflikt ermittelt f├╝r "RuntimeLibrary": Der Wert "MT_StaticRelease" stimmt nicht mit dem Wert "MD_DynamicRelease" in test_pitr_manager.obj ├╝berein. [C:\VCC\themis\build-msvc-tests\tests\test_pitr_manager.vcxproj]
rocksdb.lib(memtable_list.cc.obj) : error LNK2038: Konflikt ermittelt f├╝r "RuntimeLibrary": Der Wert "MT_StaticRelease" stimmt nicht mit dem Wert "MD_DynamicRelease" in test_diff_engine.obj ├╝berein. [C:\VCC\themis\build-msvc-tests\tests\test_diff_engine.vcxproj]
rocksdb.lib(dbformat.cc.obj) : error LNK2038: Konflikt ermittelt f├╝r "RuntimeLibrary": Der Wert "MT_StaticRelease" stimmt nicht mit dem Wert "MD_DynamicRelease" in test_pitr_manager.obj ├╝berein. [C:\VCC\themis\build-msvc-tests\tests\test_pitr_manager.vcxproj]
rocksdb.lib(memtable.cc.obj) : error LNK2038: Konflikt ermittelt f├╝r "RuntimeLibrary": Der Wert "MT_StaticRelease" stimmt nicht mit dem Wert "MD_DynamicRelease" in test_pitr_manager.obj ├╝berein. [C:\VCC\themis\build-msvc-tests\tests\test_pitr_manager.vcxproj]
rocksdb.lib(flush_scheduler.cc.obj) : error LNK2038: Konflikt ermittelt f├╝r "RuntimeLibrary": Der Wert "MT_StaticRelease" stimmt nicht mit dem Wert "MD_DynamicRelease" in test_diff_engine.obj ├╝berein. [C:\VCC\themis\build-msvc-tests\tests\test_diff_engine.vcxproj]
rocksdb.lib(trim_history_scheduler.cc.obj) : error LNK2038: Konflikt ermittelt f├╝r "RuntimeLibrary": Der Wert "MT_StaticRelease" stimmt nicht mit dem Wert "MD_DynamicRelease" in test_diff_engine.obj ├╝berein. [C:\VCC\themis\build-msvc-tests\tests\test_diff_engine.vcxproj]
rocksdb.lib(column_family.cc.obj) : error LNK2038: Konflikt ermittelt f├╝r "RuntimeLibrary": Der Wert "MT_StaticRelease" stimmt nicht mit dem Wert "MD_DynamicRelease" in test_diff_engine.obj ├╝berein. [C:\VCC\themis\build-msvc-tests\tests\test_diff_engine.vcxproj]
rocksdb.lib(memtable_list.cc.obj) : error LNK2038: Konflikt ermittelt f├╝r "RuntimeLibrary": Der Wert "MT_StaticRelease" stimmt nicht mit dem Wert "MD_DynamicRelease" in test_pitr_manager.obj ├╝berein. [C:\VCC\themis\build-msvc-tests\tests\test_pitr_manager.vcxproj]
rocksdb.lib(flush_scheduler.cc.obj) : error LNK2038: Konflikt ermittelt f├╝r "RuntimeLibrary": Der Wert "MT_StaticRelease" stimmt nicht mit dem Wert "MD_DynamicRelease" in test_pitr_manager.obj ├╝berein. [C:\VCC\themis\build-msvc-tests\tests\test_pitr_manager.vcxproj]
rocksdb.lib(trim_history_scheduler.cc.obj) : error LNK2038: Konflikt ermittelt f├╝r "RuntimeLibrary": Der Wert "MT_StaticRelease" stimmt nicht mit dem Wert "MD_DynamicRelease" in test_pitr_manager.obj ├╝berein. [C:\VCC\themis\build-msvc-tests\tests\test_pitr_manager.vcxproj]
rocksdb.lib(column_family.cc.obj) : error LNK2038: Konflikt ermittelt f├╝r "RuntimeLibrary": Der Wert "MT_StaticRelease" stimmt nicht mit dem Wert "MD_DynamicRelease" in test_pitr_manager.obj ├╝berein. [C:\VCC\themis\build-msvc-tests\tests\test_pitr_manager.vcxproj]
rocksdb.lib(wide_column_serialization.cc.obj) : error LNK2038: Konflikt ermittelt f├╝r "RuntimeLibrary": Der Wert "MT_StaticRelease" stimmt nicht mit dem Wert "MD_DynamicRelease" in test_diff_engine.obj ├╝berein. [C:\VCC\themis\build-msvc-tests\tests\test_diff_engine.vcxproj]
rocksdb.lib(merge_helper.cc.obj) : error LNK2038: Konflikt ermittelt f├╝r "RuntimeLibrary": Der Wert "MT_StaticRelease" stimmt nicht mit dem Wert "MD_DynamicRelease" in test_diff_engine.obj ├╝berein. [C:\VCC\themis\build-msvc-tests\tests\test_diff_engine.vcxproj]
rocksdb.lib(wide_columns_helper.cc.obj) : error LNK2038: Konflikt ermittelt f├╝r "RuntimeLibrary": Der Wert "MT_StaticRelease" stimmt nicht mit dem Wert "MD_DynamicRelease" in test_diff_engine.obj ├╝berein. [C:\VCC\themis\build-msvc-tests\tests\test_diff_engine.vcxproj]
rocksdb.lib(wide_columns.cc.obj) : error LNK2038: Konflikt ermittelt f├╝r "RuntimeLibrary": Der Wert "MT_StaticRelease" stimmt nicht mit dem Wert "MD_DynamicRelease" in test_diff_engine.obj ├╝berein. [C:\VCC\themis\build-msvc-tests\tests\test_diff_engine.vcxproj]
rocksdb.lib(cache_reservation_manager.cc.obj) : error LNK2038: Konflikt ermittelt f├╝r "RuntimeLibrary": Der Wert "MT_StaticRelease" stimmt nicht mit dem Wert "MD_DynamicRelease" in test_diff_engine.obj ├╝berein. [C:\VCC\themis\build-msvc-tests\tests\test_diff_engine.vcxproj]
rocksdb.lib(wide_column_serialization.cc.obj) : error LNK2038: Konflikt ermittelt f├╝r "RuntimeLibrary": Der Wert "MT_StaticRelease" stimmt nicht mit dem Wert "MD_DynamicRelease" in test_pitr_manager.obj ├╝berein. [C:\VCC\themis\build-msvc-tests\tests\test_pitr_manager.vcxproj]
rocksdb.lib(ribbon_config.cc.obj) : error LNK2038: Konflikt ermittelt f├╝r "RuntimeLibrary": Der Wert "MT_StaticRelease" stimmt nicht mit dem Wert "MD_DynamicRelease" in test_diff_engine.obj ├╝berein. [C:\VCC\themis\build-msvc-tests\tests\test_diff_engine.vcxproj]
rocksdb.lib(skiplistrep.cc.obj) : error LNK2038: Konflikt ermittelt f├╝r "RuntimeLibrary": Der Wert "MT_StaticRelease" stimmt nicht mit dem Wert "MD_DynamicRelease" in test_diff_engine.obj ├╝berein. [C:\VCC\themis\build-msvc-tests\tests\test_diff_engine.vcxproj]
rocksdb.lib(merge_helper.cc.obj) : error LNK2038: Konflikt ermittelt f├╝r "RuntimeLibrary": Der Wert "MT_StaticRelease" stimmt nicht mit dem Wert "MD_DynamicRelease" in test_pitr_manager.obj ├╝berein. [C:\VCC\themis\build-msvc-tests\tests\test_pitr_manager.vcxproj]
rocksdb.lib(write_buffer_manager.cc.obj) : error LNK2038: Konflikt ermittelt f├╝r "RuntimeLibrary": Der Wert "MT_StaticRelease" stimmt nicht mit dem Wert "MD_DynamicRelease" in test_diff_engine.obj ├╝berein. [C:\VCC\themis\build-msvc-tests\tests\test_diff_engine.vcxproj]
rocksdb.lib(wide_columns_helper.cc.obj) : error LNK2038: Konflikt ermittelt f├╝r "RuntimeLibrary": Der Wert "MT_StaticRelease" stimmt nicht mit dem Wert "MD_DynamicRelease" in test_pitr_manager.obj ├╝berein. [C:\VCC\themis\build-msvc-tests\tests\test_pitr_manager.vcxproj]
rocksdb.lib(wide_columns.cc.obj) : error LNK2038: Konflikt ermittelt f├╝r "RuntimeLibrary": Der Wert "MT_StaticRelease" stimmt nicht mit dem Wert "MD_DynamicRelease" in test_pitr_manager.obj ├╝berein. [C:\VCC\themis\build-msvc-tests\tests\test_pitr_manager.vcxproj]
rocksdb.lib(cache_reservation_manager.cc.obj) : error LNK2038: Konflikt ermittelt f├╝r "RuntimeLibrary": Der Wert "MT_StaticRelease" stimmt nicht mit dem Wert "MD_DynamicRelease" in test_pitr_manager.obj ├╝berein. [C:\VCC\themis\build-msvc-tests\tests\test_pitr_manager.vcxproj]
rocksdb.lib(db_options.cc.obj) : error LNK2038: Konflikt ermittelt f├╝r "RuntimeLibrary": Der Wert "MT_StaticRelease" stimmt nicht mit dem Wert "MD_DynamicRelease" in test_diff_engine.obj ├╝berein. [C:\VCC\themis\build-msvc-tests\tests\test_diff_engine.vcxproj]
rocksdb.lib(ribbon_config.cc.obj) : error LNK2038: Konflikt ermittelt f├╝r "RuntimeLibrary": Der Wert "MT_StaticRelease" stimmt nicht mit dem Wert "MD_DynamicRelease" in test_pitr_manager.obj ├╝berein. [C:\VCC\themis\build-msvc-tests\tests\test_pitr_manager.vcxproj]
rocksdb.lib(skiplistrep.cc.obj) : error LNK2038: Konflikt ermittelt f├╝r "RuntimeLibrary": Der Wert "MT_StaticRelease" stimmt nicht mit dem Wert "MD_DynamicRelease" in test_pitr_manager.obj ├╝berein. [C:\VCC\themis\build-msvc-tests\tests\test_pitr_manager.vcxproj]
rocksdb.lib(write_buffer_manager.cc.obj) : error LNK2038: Konflikt ermittelt f├╝r "RuntimeLibrary": Der Wert "MT_StaticRelease" stimmt nicht mit dem Wert "MD_DynamicRelease" in test_pitr_manager.obj ├╝berein. [C:\VCC\themis\build-msvc-tests\tests\test_pitr_manager.vcxproj]
rocksdb.lib(db_options.cc.obj) : error LNK2038: Konflikt ermittelt f├╝r "RuntimeLibrary": Der Wert "MT_StaticRelease" stimmt nicht mit dem Wert "MD_DynamicRelease" in test_pitr_manager.obj ├╝berein. [C:\VCC\themis\build-msvc-tests\tests\test_pitr_manager.vcxproj]
rocksdb.lib(format.cc.obj) : error LNK2038: Konflikt ermittelt f├╝r "RuntimeLibrary": Der Wert "MT_StaticRelease" stimmt nicht mit dem Wert "MD_DynamicRelease" in test_diff_engine.obj ├╝berein. [C:\VCC\themis\build-msvc-tests\tests\test_diff_engine.vcxproj]
rocksdb.lib(format.cc.obj) : error LNK2038: Konflikt ermittelt f├╝r "RuntimeLibrary": Der Wert "MT_StaticRelease" stimmt nicht mit dem Wert "MD_DynamicRelease" in test_pitr_manager.obj ├╝berein. [C:\VCC\themis\build-msvc-tests\tests\test_pitr_manager.vcxproj]
rocksdb.lib(file_system.cc.obj) : error LNK2038: Konflikt ermittelt f├╝r "RuntimeLibrary": Der Wert "MT_StaticRelease" stimmt nicht mit dem Wert "MD_DynamicRelease" in test_diff_engine.obj ├╝berein. [C:\VCC\themis\build-msvc-tests\tests\test_diff_engine.vcxproj]
rocksdb.lib(file_system.cc.obj) : error LNK2038: Konflikt ermittelt f├╝r "RuntimeLibrary": Der Wert "MT_StaticRelease" stimmt nicht mit dem Wert "MD_DynamicRelease" in test_pitr_manager.obj ├╝berein. [C:\VCC\themis\build-msvc-tests\tests\test_pitr_manager.vcxproj]
rocksdb.lib(composite_env.cc.obj) : error LNK2038: Konflikt ermittelt f├╝r "RuntimeLibrary": Der Wert "MT_StaticRelease" stimmt nicht mit dem Wert "MD_DynamicRelease" in test_diff_engine.obj ├╝berein. [C:\VCC\themis\build-msvc-tests\tests\test_diff_engine.vcxproj]
rocksdb.lib(composite_env.cc.obj) : error LNK2038: Konflikt ermittelt f├╝r "RuntimeLibrary": Der Wert "MT_StaticRelease" stimmt nicht mit dem Wert "MD_DynamicRelease" in test_pitr_manager.obj ├╝berein. [C:\VCC\themis\build-msvc-tests\tests\test_pitr_manager.vcxproj]
rocksdb.lib(fs_remap.cc.obj) : error LNK2038: Konflikt ermittelt f├╝r "RuntimeLibrary": Der Wert "MT_StaticRelease" stimmt nicht mit dem Wert "MD_DynamicRelease" in test_pitr_manager.obj ├╝berein. [C:\VCC\themis\build-msvc-tests\tests\test_pitr_manager.vcxproj]
rocksdb.lib(fs_remap.cc.obj) : error LNK2038: Konflikt ermittelt f├╝r "RuntimeLibrary": Der Wert "MT_StaticRelease" stimmt nicht mit dem Wert "MD_DynamicRelease" in test_diff_engine.obj ├╝berein. [C:\VCC\themis\build-msvc-tests\tests\test_diff_engine.vcxproj]
rocksdb.lib(win_thread.cc.obj) : error LNK2038: Konflikt ermittelt f├╝r "RuntimeLibrary": Der Wert "MT_StaticRelease" stimmt nicht mit dem Wert "MD_DynamicRelease" in test_pitr_manager.obj ├╝berein. [C:\VCC\themis\build-msvc-tests\tests\test_pitr_manager.vcxproj]
rocksdb.lib(win_thread.cc.obj) : error LNK2038: Konflikt ermittelt f├╝r "RuntimeLibrary": Der Wert "MT_StaticRelease" stimmt nicht mit dem Wert "MD_DynamicRelease" in test_diff_engine.obj ├╝berein. [C:\VCC\themis\build-msvc-tests\tests\test_diff_engine.vcxproj]
rocksdb.lib(filename.cc.obj) : error LNK2038: Konflikt ermittelt f├╝r "RuntimeLibrary": Der Wert "MT_StaticRelease" stimmt nicht mit dem Wert "MD_DynamicRelease" in test_pitr_manager.obj ├╝berein. [C:\VCC\themis\build-msvc-tests\tests\test_pitr_manager.vcxproj]
rocksdb.lib(filename.cc.obj) : error LNK2038: Konflikt ermittelt f├╝r "RuntimeLibrary": Der Wert "MT_StaticRelease" stimmt nicht mit dem Wert "MD_DynamicRelease" in test_diff_engine.obj ├╝berein. [C:\VCC\themis\build-msvc-tests\tests\test_diff_engine.vcxproj]
rocksdb.lib(file_system_tracer.cc.obj) : error LNK2038: Konflikt ermittelt f├╝r "RuntimeLibrary": Der Wert "MT_StaticRelease" stimmt nicht mit dem Wert "MD_DynamicRelease" in test_diff_engine.obj ├╝berein. [C:\VCC\themis\build-msvc-tests\tests\test_diff_engine.vcxproj]
rocksdb.lib(file_system_tracer.cc.obj) : error LNK2038: Konflikt ermittelt f├╝r "RuntimeLibrary": Der Wert "MT_StaticRelease" stimmt nicht mit dem Wert "MD_DynamicRelease" in test_pitr_manager.obj ├╝berein. [C:\VCC\themis\build-msvc-tests\tests\test_pitr_manager.vcxproj]
rocksdb.lib(sequence_file_reader.cc.obj) : error LNK2038: Konflikt ermittelt f├╝r "RuntimeLibrary": Der Wert "MT_StaticRelease" stimmt nicht mit dem Wert "MD_DynamicRelease" in test_pitr_manager.obj ├╝berein. [C:\VCC\themis\build-msvc-tests\tests\test_pitr_manager.vcxproj]
rocksdb.lib(sequence_file_reader.cc.obj) : error LNK2038: Konflikt ermittelt f├╝r "RuntimeLibrary": Der Wert "MT_StaticRelease" stimmt nicht mit dem Wert "MD_DynamicRelease" in test_diff_engine.obj ├╝berein. [C:\VCC\themis\build-msvc-tests\tests\test_diff_engine.vcxproj]
rocksdb.lib(line_file_reader.cc.obj) : error LNK2038: Konflikt ermittelt f├╝r "RuntimeLibrary": Der Wert "MT_StaticRelease" stimmt nicht mit dem Wert "MD_DynamicRelease" in test_pitr_manager.obj ├╝berein. [C:\VCC\themis\build-msvc-tests\tests\test_pitr_manager.vcxproj]
rocksdb.lib(line_file_reader.cc.obj) : error LNK2038: Konflikt ermittelt f├╝r "RuntimeLibrary": Der Wert "MT_StaticRelease" stimmt nicht mit dem Wert "MD_DynamicRelease" in test_diff_engine.obj ├╝berein. [C:\VCC\themis\build-msvc-tests\tests\test_diff_engine.vcxproj]
rocksdb.lib(rate_limiter.cc.obj) : error LNK2038: Konflikt ermittelt f├╝r "RuntimeLibrary": Der Wert "MT_StaticRelease" stimmt nicht mit dem Wert "MD_DynamicRelease" in test_pitr_manager.obj ├╝berein. [C:\VCC\themis\build-msvc-tests\tests\test_pitr_manager.vcxproj]
rocksdb.lib(writable_file_writer.cc.obj) : error LNK2038: Konflikt ermittelt f├╝r "RuntimeLibrary": Der Wert "MT_StaticRelease" stimmt nicht mit dem Wert "MD_DynamicRelease" in test_pitr_manager.obj ├╝berein. [C:\VCC\themis\build-msvc-tests\tests\test_pitr_manager.vcxproj]
rocksdb.lib(rate_limiter.cc.obj) : error LNK2038: Konflikt ermittelt f├╝r "RuntimeLibrary": Der Wert "MT_StaticRelease" stimmt nicht mit dem Wert "MD_DynamicRelease" in test_diff_engine.obj ├╝berein. [C:\VCC\themis\build-msvc-tests\tests\test_diff_engine.vcxproj]
rocksdb.lib(writable_file_writer.cc.obj) : error LNK2038: Konflikt ermittelt f├╝r "RuntimeLibrary": Der Wert "MT_StaticRelease" stimmt nicht mit dem Wert "MD_DynamicRelease" in test_diff_engine.obj ├╝berein. [C:\VCC\themis\build-msvc-tests\tests\test_diff_engine.vcxproj]
rocksdb.lib(sst_file_dumper.cc.obj) : error LNK2038: Konflikt ermittelt f├╝r "RuntimeLibrary": Der Wert "MT_StaticRelease" stimmt nicht mit dem Wert "MD_DynamicRelease" in test_pitr_manager.obj ├╝berein. [C:\VCC\themis\build-msvc-tests\tests\test_pitr_manager.vcxproj]
rocksdb.lib(sst_file_dumper.cc.obj) : error LNK2038: Konflikt ermittelt f├╝r "RuntimeLibrary": Der Wert "MT_StaticRelease" stimmt nicht mit dem Wert "MD_DynamicRelease" in test_diff_engine.obj ├╝berein. [C:\VCC\themis\build-msvc-tests\tests\test_diff_engine.vcxproj]
rocksdb.lib(crc32c.cc.obj) : error LNK2038: Konflikt ermittelt f├╝r "RuntimeLibrary": Der Wert "MT_StaticRelease" stimmt nicht mit dem Wert "MD_DynamicRelease" in test_pitr_manager.obj ├╝berein. [C:\VCC\themis\build-msvc-tests\tests\test_pitr_manager.vcxproj]
rocksdb.lib(iostats_context.cc.obj) : error LNK2038: Konflikt ermittelt f├╝r "RuntimeLibrary": Der Wert "MT_StaticRelease" stimmt nicht mit dem Wert "MD_DynamicRelease" in test_pitr_manager.obj ├╝berein. [C:\VCC\themis\build-msvc-tests\tests\test_pitr_manager.vcxproj]
rocksdb.lib(crc32c.cc.obj) : error LNK2038: Konflikt ermittelt f├╝r "RuntimeLibrary": Der Wert "MT_StaticRelease" stimmt nicht mit dem Wert "MD_DynamicRelease" in test_diff_engine.obj ├╝berein. [C:\VCC\themis\build-msvc-tests\tests\test_diff_engine.vcxproj]
rocksdb.lib(iostats_context.cc.obj) : error LNK2038: Konflikt ermittelt f├╝r "RuntimeLibrary": Der Wert "MT_StaticRelease" stimmt nicht mit dem Wert "MD_DynamicRelease" in test_diff_engine.obj ├╝berein. [C:\VCC\themis\build-msvc-tests\tests\test_diff_engine.vcxproj]
rocksdb.lib(file_util.cc.obj) : error LNK2038: Konflikt ermittelt f├╝r "RuntimeLibrary": Der Wert "MT_StaticRelease" stimmt nicht mit dem Wert "MD_DynamicRelease" in test_pitr_manager.obj ├╝berein. [C:\VCC\themis\build-msvc-tests\tests\test_pitr_manager.vcxproj]
  themis_tests_critical.vcxproj -> C:\VCC\themis\build-msvc-tests\cmake\Release\themis_tests_critical.exe
rocksdb.lib(file_util.cc.obj) : error LNK2038: Konflikt ermittelt f├╝r "RuntimeLibrary": Der Wert "MT_StaticRelease" stimmt nicht mit dem Wert "MD_DynamicRelease" in test_diff_engine.obj ├╝berein. [C:\VCC\themis\build-msvc-tests\tests\test_diff_engine.vcxproj]
rocksdb.lib(cache_key.cc.obj) : error LNK2038: Konflikt ermittelt f├╝r "RuntimeLibrary": Der Wert "MT_StaticRelease" stimmt nicht mit dem Wert "MD_DynamicRelease" in test_pitr_manager.obj ├╝berein. [C:\VCC\themis\build-msvc-tests\tests\test_pitr_manager.vcxproj]
rocksdb.lib(cache.cc.obj) : error LNK2038: Konflikt ermittelt f├╝r "RuntimeLibrary": Der Wert "MT_StaticRelease" stimmt nicht mit dem Wert "MD_DynamicRelease" in test_pitr_manager.obj ├╝berein. [C:\VCC\themis\build-msvc-tests\tests\test_pitr_manager.vcxproj]
rocksdb.lib(cache_key.cc.obj) : error LNK2038: Konflikt ermittelt f├╝r "RuntimeLibrary": Der Wert "MT_StaticRelease" stimmt nicht mit dem Wert "MD_DynamicRelease" in test_diff_engine.obj ├╝berein. [C:\VCC\themis\build-msvc-tests\tests\test_diff_engine.vcxproj]
rocksdb.lib(cache.cc.obj) : error LNK2038: Konflikt ermittelt f├╝r "RuntimeLibrary": Der Wert "MT_StaticRelease" stimmt nicht mit dem Wert "MD_DynamicRelease" in test_diff_engine.obj ├╝berein. [C:\VCC\themis\build-msvc-tests\tests\test_diff_engine.vcxproj]
rocksdb.lib(flush_block_policy.cc.obj) : error LNK2038: Konflikt ermittelt f├╝r "RuntimeLibrary": Der Wert "MT_StaticRelease" stimmt nicht mit dem Wert "MD_DynamicRelease" in test_pitr_manager.obj ├╝berein. [C:\VCC\themis\build-msvc-tests\tests\test_pitr_manager.vcxproj]
rocksdb.lib(flush_block_policy.cc.obj) : error LNK2038: Konflikt ermittelt f├╝r "RuntimeLibrary": Der Wert "MT_StaticRelease" stimmt nicht mit dem Wert "MD_DynamicRelease" in test_diff_engine.obj ├╝berein. [C:\VCC\themis\build-msvc-tests\tests\test_diff_engine.vcxproj]
rocksdb.lib(block_based_table_builder.cc.obj) : error LNK2038: Konflikt ermittelt f├╝r "RuntimeLibrary": Der Wert "MT_StaticRelease" stimmt nicht mit dem Wert "MD_DynamicRelease" in test_pitr_manager.obj ├╝berein. [C:\VCC\themis\build-msvc-tests\tests\test_pitr_manager.vcxproj]
rocksdb.lib(block_based_table_builder.cc.obj) : error LNK2038: Konflikt ermittelt f├╝r "RuntimeLibrary": Der Wert "MT_StaticRelease" stimmt nicht mit dem Wert "MD_DynamicRelease" in test_diff_engine.obj ├╝berein. [C:\VCC\themis\build-msvc-tests\tests\test_diff_engine.vcxproj]
rocksdb.lib(block_based_table_reader.cc.obj) : error LNK2038: Konflikt ermittelt f├╝r "RuntimeLibrary": Der Wert "MT_StaticRelease" stimmt nicht mit dem Wert "MD_DynamicRelease" in test_pitr_manager.obj ├╝berein. [C:\VCC\themis\build-msvc-tests\tests\test_pitr_manager.vcxproj]
rocksdb.lib(block_based_table_reader.cc.obj) : error LNK2038: Konflikt ermittelt f├╝r "RuntimeLibrary": Der Wert "MT_StaticRelease" stimmt nicht mit dem Wert "MD_DynamicRelease" in test_diff_engine.obj ├╝berein. [C:\VCC\themis\build-msvc-tests\tests\test_diff_engine.vcxproj]
  test_llamacpp_integration.cpp
rocksdb.lib(cache_entry_roles.cc.obj) : error LNK2038: Konflikt ermittelt f├╝r "RuntimeLibrary": Der Wert "MT_StaticRelease" stimmt nicht mit dem Wert "MD_DynamicRelease" in test_pitr_manager.obj ├╝berein. [C:\VCC\themis\build-msvc-tests\tests\test_pitr_manager.vcxproj]
rocksdb.lib(sharded_cache.cc.obj) : error LNK2038: Konflikt ermittelt f├╝r "RuntimeLibrary": Der Wert "MT_StaticRelease" stimmt nicht mit dem Wert "MD_DynamicRelease" in test_pitr_manager.obj ├╝berein. [C:\VCC\themis\build-msvc-tests\tests\test_pitr_manager.vcxproj]
rocksdb.lib(secondary_cache_adapter.cc.obj) : error LNK2038: Konflikt ermittelt f├╝r "RuntimeLibrary": Der Wert "MT_StaticRelease" stimmt nicht mit dem Wert "MD_DynamicRelease" in test_pitr_manager.obj ├╝berein. [C:\VCC\themis\build-msvc-tests\tests\test_pitr_manager.vcxproj]
rocksdb.lib(compression_context_cache.cc.obj) : error LNK2038: Konflikt ermittelt f├╝r "RuntimeLibrary": Der Wert "MT_StaticRelease" stimmt nicht mit dem Wert "MD_DynamicRelease" in test_pitr_manager.obj ├╝berein. [C:\VCC\themis\build-msvc-tests\tests\test_pitr_manager.vcxproj]
rocksdb.lib(thread_local.cc.obj) : error LNK2038: Konflikt ermittelt f├╝r "RuntimeLibrary": Der Wert "MT_StaticRelease" stimmt nicht mit dem Wert "MD_DynamicRelease" in test_pitr_manager.obj ├╝berein. [C:\VCC\themis\build-msvc-tests\tests\test_pitr_manager.vcxproj]
rocksdb.lib(iterator.cc.obj) : error LNK2038: Konflikt ermittelt f├╝r "RuntimeLibrary": Der Wert "MT_StaticRelease" stimmt nicht mit dem Wert "MD_DynamicRelease" in test_pitr_manager.obj ├╝berein. [C:\VCC\themis\build-msvc-tests\tests\test_pitr_manager.vcxproj]
rocksdb.lib(instrumented_mutex.cc.obj) : error LNK2038: Konflikt ermittelt f├╝r "RuntimeLibrary": Der Wert "MT_StaticRelease" stimmt nicht mit dem Wert "MD_DynamicRelease" in test_pitr_manager.obj ├╝berein. [C:\VCC\themis\build-msvc-tests\tests\test_pitr_manager.vcxproj]
rocksdb.lib(db_impl_write.cc.obj) : error LNK2038: Konflikt ermittelt f├╝r "RuntimeLibrary": Der Wert "MT_StaticRelease" stimmt nicht mit dem Wert "MD_DynamicRelease" in test_pitr_manager.obj ├╝berein. [C:\VCC\themis\build-msvc-tests\tests\test_pitr_manager.vcxproj]
rocksdb.lib(cache_entry_roles.cc.obj) : error LNK2038: Konflikt ermittelt f├╝r "RuntimeLibrary": Der Wert "MT_StaticRelease" stimmt nicht mit dem Wert "MD_DynamicRelease" in test_diff_engine.obj ├╝berein. [C:\VCC\themis\build-msvc-tests\tests\test_diff_engine.vcxproj]
rocksdb.lib(sharded_cache.cc.obj) : error LNK2038: Konflikt ermittelt f├╝r "RuntimeLibrary": Der Wert "MT_StaticRelease" stimmt nicht mit dem Wert "MD_DynamicRelease" in test_diff_engine.obj ├╝berein. [C:\VCC\themis\build-msvc-tests\tests\test_diff_engine.vcxproj]
rocksdb.lib(secondary_cache_adapter.cc.obj) : error LNK2038: Konflikt ermittelt f├╝r "RuntimeLibrary": Der Wert "MT_StaticRelease" stimmt nicht mit dem Wert "MD_DynamicRelease" in test_diff_engine.obj ├╝berein. [C:\VCC\themis\build-msvc-tests\tests\test_diff_engine.vcxproj]
rocksdb.lib(compression_context_cache.cc.obj) : error LNK2038: Konflikt ermittelt f├╝r "RuntimeLibrary": Der Wert "MT_StaticRelease" stimmt nicht mit dem Wert "MD_DynamicRelease" in test_diff_engine.obj ├╝berein. [C:\VCC\themis\build-msvc-tests\tests\test_diff_engine.vcxproj]
rocksdb.lib(thread_local.cc.obj) : error LNK2038: Konflikt ermittelt f├╝r "RuntimeLibrary": Der Wert "MT_StaticRelease" stimmt nicht mit dem Wert "MD_DynamicRelease" in test_diff_engine.obj ├╝berein. [C:\VCC\themis\build-msvc-tests\tests\test_diff_engine.vcxproj]
rocksdb.lib(iterator.cc.obj) : error LNK2038: Konflikt ermittelt f├╝r "RuntimeLibrary": Der Wert "MT_StaticRelease" stimmt nicht mit dem Wert "MD_DynamicRelease" in test_diff_engine.obj ├╝berein. [C:\VCC\themis\build-msvc-tests\tests\test_diff_engine.vcxproj]
rocksdb.lib(instrumented_mutex.cc.obj) : error LNK2038: Konflikt ermittelt f├╝r "RuntimeLibrary": Der Wert "MT_StaticRelease" stimmt nicht mit dem Wert "MD_DynamicRelease" in test_diff_engine.obj ├╝berein. [C:\VCC\themis\build-msvc-tests\tests\test_diff_engine.vcxproj]
rocksdb.lib(db_impl_open.cc.obj) : error LNK2038: Konflikt ermittelt f├╝r "RuntimeLibrary": Der Wert "MT_StaticRelease" stimmt nicht mit dem Wert "MD_DynamicRelease" in test_pitr_manager.obj ├╝berein. [C:\VCC\themis\build-msvc-tests\tests\test_pitr_manager.vcxproj]
rocksdb.lib(db_impl_write.cc.obj) : error LNK2038: Konflikt ermittelt f├╝r "RuntimeLibrary": Der Wert "MT_StaticRelease" stimmt nicht mit dem Wert "MD_DynamicRelease" in test_diff_engine.obj ├╝berein. [C:\VCC\themis\build-msvc-tests\tests\test_diff_engine.vcxproj]
rocksdb.lib(db_impl_open.cc.obj) : error LNK2038: Konflikt ermittelt f├╝r "RuntimeLibrary": Der Wert "MT_StaticRelease" stimmt nicht mit dem Wert "MD_DynamicRelease" in test_diff_engine.obj ├╝berein. [C:\VCC\themis\build-msvc-tests\tests\test_diff_engine.vcxproj]
rocksdb.lib(pessimistic_transaction.cc.obj) : error LNK2038: Konflikt ermittelt f├╝r "RuntimeLibrary": Der Wert "MT_StaticRelease" stimmt nicht mit dem Wert "MD_DynamicRelease" in test_pitr_manager.obj ├╝berein. [C:\VCC\themis\build-msvc-tests\tests\test_pitr_manager.vcxproj]
rocksdb.lib(lock_manager.cc.obj) : error LNK2038: Konflikt ermittelt f├╝r "RuntimeLibrary": Der Wert "MT_StaticRelease" stimmt nicht mit dem Wert "MD_DynamicRelease" in test_pitr_manager.obj ├╝berein. [C:\VCC\themis\build-msvc-tests\tests\test_pitr_manager.vcxproj]
rocksdb.lib(write_prepared_txn_db.cc.obj) : error LNK2038: Konflikt ermittelt f├╝r "RuntimeLibrary": Der Wert "MT_StaticRelease" stimmt nicht mit dem Wert "MD_DynamicRelease" in test_pitr_manager.obj ├╝berein. [C:\VCC\themis\build-msvc-tests\tests\test_pitr_manager.vcxproj]
rocksdb.lib(pessimistic_transaction.cc.obj) : error LNK2038: Konflikt ermittelt f├╝r "RuntimeLibrary": Der Wert "MT_StaticRelease" stimmt nicht mit dem Wert "MD_DynamicRelease" in test_diff_engine.obj ├╝berein. [C:\VCC\themis\build-msvc-tests\tests\test_diff_engine.vcxproj]
rocksdb.lib(write_unprepared_txn_db.cc.obj) : error LNK2038: Konflikt ermittelt f├╝r "RuntimeLibrary": Der Wert "MT_StaticRelease" stimmt nicht mit dem Wert "MD_DynamicRelease" in test_pitr_manager.obj ├╝berein. [C:\VCC\themis\build-msvc-tests\tests\test_pitr_manager.vcxproj]
rocksdb.lib(lock_manager.cc.obj) : error LNK2038: Konflikt ermittelt f├╝r "RuntimeLibrary": Der Wert "MT_StaticRelease" stimmt nicht mit dem Wert "MD_DynamicRelease" in test_diff_engine.obj ├╝berein. [C:\VCC\themis\build-msvc-tests\tests\test_diff_engine.vcxproj]
rocksdb.lib(write_prepared_txn_db.cc.obj) : error LNK2038: Konflikt ermittelt f├╝r "RuntimeLibrary": Der Wert "MT_StaticRelease" stimmt nicht mit dem Wert "MD_DynamicRelease" in test_diff_engine.obj ├╝berein. [C:\VCC\themis\build-msvc-tests\tests\test_diff_engine.vcxproj]
rocksdb.lib(attribute_group_iterator_impl.cc.obj) : error LNK2038: Konflikt ermittelt f├╝r "RuntimeLibrary": Der Wert "MT_StaticRelease" stimmt nicht mit dem Wert "MD_DynamicRelease" in test_pitr_manager.obj ├╝berein. [C:\VCC\themis\build-msvc-tests\tests\test_pitr_manager.vcxproj]
rocksdb.lib(unique_id.cc.obj) : error LNK2038: Konflikt ermittelt f├╝r "RuntimeLibrary": Der Wert "MT_StaticRelease" stimmt nicht mit dem Wert "MD_DynamicRelease" in test_pitr_manager.obj ├╝berein. [C:\VCC\themis\build-msvc-tests\tests\test_pitr_manager.vcxproj]
rocksdb.lib(build_version.cc.obj) : error LNK2038: Konflikt ermittelt f├╝r "RuntimeLibrary": Der Wert "MT_StaticRelease" stimmt nicht mit dem Wert "MD_DynamicRelease" in test_pitr_manager.obj ├╝berein. [C:\VCC\themis\build-msvc-tests\tests\test_pitr_manager.vcxproj]
rocksdb.lib(trace_replay.cc.obj) : error LNK2038: Konflikt ermittelt f├╝r "RuntimeLibrary": Der Wert "MT_StaticRelease" stimmt nicht mit dem Wert "MD_DynamicRelease" in test_pitr_manager.obj ├╝berein. [C:\VCC\themis\build-msvc-tests\tests\test_pitr_manager.vcxproj]
rocksdb.lib(write_unprepared_txn_db.cc.obj) : error LNK2038: Konflikt ermittelt f├╝r "RuntimeLibrary": Der Wert "MT_StaticRelease" stimmt nicht mit dem Wert "MD_DynamicRelease" in test_diff_engine.obj ├╝berein. [C:\VCC\themis\build-msvc-tests\tests\test_diff_engine.vcxproj]
rocksdb.lib(io_tracer.cc.obj) : error LNK2038: Konflikt ermittelt f├╝r "RuntimeLibrary": Der Wert "MT_StaticRelease" stimmt nicht mit dem Wert "MD_DynamicRelease" in test_pitr_manager.obj ├╝berein. [C:\VCC\themis\build-msvc-tests\tests\test_pitr_manager.vcxproj]
rocksdb.lib(attribute_group_iterator_impl.cc.obj) : error LNK2038: Konflikt ermittelt f├╝r "RuntimeLibrary": Der Wert "MT_StaticRelease" stimmt nicht mit dem Wert "MD_DynamicRelease" in test_diff_engine.obj ├╝berein. [C:\VCC\themis\build-msvc-tests\tests\test_diff_engine.vcxproj]
rocksdb.lib(unique_id.cc.obj) : error LNK2038: Konflikt ermittelt f├╝r "RuntimeLibrary": Der Wert "MT_StaticRelease" stimmt nicht mit dem Wert "MD_DynamicRelease" in test_diff_engine.obj ├╝berein. [C:\VCC\themis\build-msvc-tests\tests\test_diff_engine.vcxproj]
rocksdb.lib(build_version.cc.obj) : error LNK2038: Konflikt ermittelt f├╝r "RuntimeLibrary": Der Wert "MT_StaticRelease" stimmt nicht mit dem Wert "MD_DynamicRelease" in test_diff_engine.obj ├╝berein. [C:\VCC\themis\build-msvc-tests\tests\test_diff_engine.vcxproj]
rocksdb.lib(trace_replay.cc.obj) : error LNK2038: Konflikt ermittelt f├╝r "RuntimeLibrary": Der Wert "MT_StaticRelease" stimmt nicht mit dem Wert "MD_DynamicRelease" in test_diff_engine.obj ├╝berein. [C:\VCC\themis\build-msvc-tests\tests\test_diff_engine.vcxproj]
rocksdb.lib(cf_options.cc.obj) : error LNK2038: Konflikt ermittelt f├╝r "RuntimeLibrary": Der Wert "MT_StaticRelease" stimmt nicht mit dem Wert "MD_DynamicRelease" in test_pitr_manager.obj ├╝berein. [C:\VCC\themis\build-msvc-tests\tests\test_pitr_manager.vcxproj]
rocksdb.lib(io_tracer.cc.obj) : error LNK2038: Konflikt ermittelt f├╝r "RuntimeLibrary": Der Wert "MT_StaticRelease" stimmt nicht mit dem Wert "MD_DynamicRelease" in test_diff_engine.obj ├╝berein. [C:\VCC\themis\build-msvc-tests\tests\test_diff_engine.vcxproj]
rocksdb.lib(cf_options.cc.obj) : error LNK2038: Konflikt ermittelt f├╝r "RuntimeLibrary": Der Wert "MT_StaticRelease" stimmt nicht mit dem Wert "MD_DynamicRelease" in test_diff_engine.obj ├╝berein. [C:\VCC\themis\build-msvc-tests\tests\test_diff_engine.vcxproj]
rocksdb.lib(block_cache_tracer.cc.obj) : error LNK2038: Konflikt ermittelt f├╝r "RuntimeLibrary": Der Wert "MT_StaticRelease" stimmt nicht mit dem Wert "MD_DynamicRelease" in test_pitr_manager.obj ├╝berein. [C:\VCC\themis\build-msvc-tests\tests\test_pitr_manager.vcxproj]
rocksdb.lib(snapshot_impl.cc.obj) : error LNK2038: Konflikt ermittelt f├╝r "RuntimeLibrary": Der Wert "MT_StaticRelease" stimmt nicht mit dem Wert "MD_DynamicRelease" in test_pitr_manager.obj ├╝berein. [C:\VCC\themis\build-msvc-tests\tests\test_pitr_manager.vcxproj]
rocksdb.lib(version_edit.cc.obj) : error LNK2038: Konflikt ermittelt f├╝r "RuntimeLibrary": Der Wert "MT_StaticRelease" stimmt nicht mit dem Wert "MD_DynamicRelease" in test_pitr_manager.obj ├╝berein. [C:\VCC\themis\build-msvc-tests\tests\test_pitr_manager.vcxproj]
rocksdb.lib(block_cache_tracer.cc.obj) : error LNK2038: Konflikt ermittelt f├╝r "RuntimeLibrary": Der Wert "MT_StaticRelease" stimmt nicht mit dem Wert "MD_DynamicRelease" in test_diff_engine.obj ├╝berein. [C:\VCC\themis\build-msvc-tests\tests\test_diff_engine.vcxproj]
rocksdb.lib(thread_status_util.cc.obj) : error LNK2038: Konflikt ermittelt f├╝r "RuntimeLibrary": Der Wert "MT_StaticRelease" stimmt nicht mit dem Wert "MD_DynamicRelease" in test_pitr_manager.obj ├╝berein. [C:\VCC\themis\build-msvc-tests\tests\test_pitr_manager.vcxproj]
rocksdb.lib(snapshot_impl.cc.obj) : error LNK2038: Konflikt ermittelt f├╝r "RuntimeLibrary": Der Wert "MT_StaticRelease" stimmt nicht mit dem Wert "MD_DynamicRelease" in test_diff_engine.obj ├╝berein. [C:\VCC\themis\build-msvc-tests\tests\test_diff_engine.vcxproj]
rocksdb.lib(range_del_aggregator.cc.obj) : error LNK2038: Konflikt ermittelt f├╝r "RuntimeLibrary": Der Wert "MT_StaticRelease" stimmt nicht mit dem Wert "MD_DynamicRelease" in test_pitr_manager.obj ├╝berein. [C:\VCC\themis\build-msvc-tests\tests\test_pitr_manager.vcxproj]
rocksdb.lib(version_edit.cc.obj) : error LNK2038: Konflikt ermittelt f├╝r "RuntimeLibrary": Der Wert "MT_StaticRelease" stimmt nicht mit dem Wert "MD_DynamicRelease" in test_diff_engine.obj ├╝berein. [C:\VCC\themis\build-msvc-tests\tests\test_diff_engine.vcxproj]
rocksdb.lib(write_thread.cc.obj) : error LNK2038: Konflikt ermittelt f├╝r "RuntimeLibrary": Der Wert "MT_StaticRelease" stimmt nicht mit dem Wert "MD_DynamicRelease" in test_pitr_manager.obj ├╝berein. [C:\VCC\themis\build-msvc-tests\tests\test_pitr_manager.vcxproj]
rocksdb.lib(thread_status_util.cc.obj) : error LNK2038: Konflikt ermittelt f├╝r "RuntimeLibrary": Der Wert "MT_StaticRelease" stimmt nicht mit dem Wert "MD_DynamicRelease" in test_diff_engine.obj ├╝berein. [C:\VCC\themis\build-msvc-tests\tests\test_diff_engine.vcxproj]
rocksdb.lib(write_controller.cc.obj) : error LNK2038: Konflikt ermittelt f├╝r "RuntimeLibrary": Der Wert "MT_StaticRelease" stimmt nicht mit dem Wert "MD_DynamicRelease" in test_pitr_manager.obj ├╝berein. [C:\VCC\themis\build-msvc-tests\tests\test_pitr_manager.vcxproj]
rocksdb.lib(range_del_aggregator.cc.obj) : error LNK2038: Konflikt ermittelt f├╝r "RuntimeLibrary": Der Wert "MT_StaticRelease" stimmt nicht mit dem Wert "MD_DynamicRelease" in test_diff_engine.obj ├╝berein. [C:\VCC\themis\build-msvc-tests\tests\test_diff_engine.vcxproj]
rocksdb.lib(error_handler.cc.obj) : error LNK2038: Konflikt ermittelt f├╝r "RuntimeLibrary": Der Wert "MT_StaticRelease" stimmt nicht mit dem Wert "MD_DynamicRelease" in test_pitr_manager.obj ├╝berein. [C:\VCC\themis\build-msvc-tests\tests\test_pitr_manager.vcxproj]
rocksdb.lib(write_thread.cc.obj) : error LNK2038: Konflikt ermittelt f├╝r "RuntimeLibrary": Der Wert "MT_StaticRelease" stimmt nicht mit dem Wert "MD_DynamicRelease" in test_diff_engine.obj ├╝berein. [C:\VCC\themis\build-msvc-tests\tests\test_diff_engine.vcxproj]
rocksdb.lib(udt_util.cc.obj) : error LNK2038: Konflikt ermittelt f├╝r "RuntimeLibrary": Der Wert "MT_StaticRelease" stimmt nicht mit dem Wert "MD_DynamicRelease" in test_pitr_manager.obj ├╝berein. [C:\VCC\themis\build-msvc-tests\tests\test_pitr_manager.vcxproj]
rocksdb.lib(write_controller.cc.obj) : error LNK2038: Konflikt ermittelt f├╝r "RuntimeLibrary": Der Wert "MT_StaticRelease" stimmt nicht mit dem Wert "MD_DynamicRelease" in test_diff_engine.obj ├╝berein. [C:\VCC\themis\build-msvc-tests\tests\test_diff_engine.vcxproj]
rocksdb.lib(offpeak_time_info.cc.obj) : error LNK2038: Konflikt ermittelt f├╝r "RuntimeLibrary": Der Wert "MT_StaticRelease" stimmt nicht mit dem Wert "MD_DynamicRelease" in test_pitr_manager.obj ├╝berein. [C:\VCC\themis\build-msvc-tests\tests\test_pitr_manager.vcxproj]
rocksdb.lib(error_handler.cc.obj) : error LNK2038: Konflikt ermittelt f├╝r "RuntimeLibrary": Der Wert "MT_StaticRelease" stimmt nicht mit dem Wert "MD_DynamicRelease" in test_diff_engine.obj ├╝berein. [C:\VCC\themis\build-msvc-tests\tests\test_diff_engine.vcxproj]
rocksdb.lib(udt_util.cc.obj) : error LNK2038: Konflikt ermittelt f├╝r "RuntimeLibrary": Der Wert "MT_StaticRelease" stimmt nicht mit dem Wert "MD_DynamicRelease" in test_diff_engine.obj ├╝berein. [C:\VCC\themis\build-msvc-tests\tests\test_diff_engine.vcxproj]
rocksdb.lib(offpeak_time_info.cc.obj) : error LNK2038: Konflikt ermittelt f├╝r "RuntimeLibrary": Der Wert "MT_StaticRelease" stimmt nicht mit dem Wert "MD_DynamicRelease" in test_diff_engine.obj ├╝berein. [C:\VCC\themis\build-msvc-tests\tests\test_diff_engine.vcxproj]
rocksdb.lib(version_set.cc.obj) : error LNK2038: Konflikt ermittelt f├╝r "RuntimeLibrary": Der Wert "MT_StaticRelease" stimmt nicht mit dem Wert "MD_DynamicRelease" in test_pitr_manager.obj ├╝berein. [C:\VCC\themis\build-msvc-tests\tests\test_pitr_manager.vcxproj]
rocksdb.lib(version_set.cc.obj) : error LNK2038: Konflikt ermittelt f├╝r "RuntimeLibrary": Der Wert "MT_StaticRelease" stimmt nicht mit dem Wert "MD_DynamicRelease" in test_diff_engine.obj ├╝berein. [C:\VCC\themis\build-msvc-tests\tests\test_diff_engine.vcxproj]
rocksdb.lib(sst_file_manager_impl.cc.obj) : error LNK2038: Konflikt ermittelt f├╝r "RuntimeLibrary": Der Wert "MT_StaticRelease" stimmt nicht mit dem Wert "MD_DynamicRelease" in test_pitr_manager.obj ├╝berein. [C:\VCC\themis\build-msvc-tests\tests\test_pitr_manager.vcxproj]
rocksdb.lib(internal_stats.cc.obj) : error LNK2038: Konflikt ermittelt f├╝r "RuntimeLibrary": Der Wert "MT_StaticRelease" stimmt nicht mit dem Wert "MD_DynamicRelease" in test_pitr_manager.obj ├╝berein. [C:\VCC\themis\build-msvc-tests\tests\test_pitr_manager.vcxproj]
rocksdb.lib(sst_file_manager_impl.cc.obj) : error LNK2038: Konflikt ermittelt f├╝r "RuntimeLibrary": Der Wert "MT_StaticRelease" stimmt nicht mit dem Wert "MD_DynamicRelease" in test_diff_engine.obj ├╝berein. [C:\VCC\themis\build-msvc-tests\tests\test_diff_engine.vcxproj]
rocksdb.lib(internal_stats.cc.obj) : error LNK2038: Konflikt ermittelt f├╝r "RuntimeLibrary": Der Wert "MT_StaticRelease" stimmt nicht mit dem Wert "MD_DynamicRelease" in test_diff_engine.obj ├╝berein. [C:\VCC\themis\build-msvc-tests\tests\test_diff_engine.vcxproj]
rocksdb.lib(log_writer.cc.obj) : error LNK2038: Konflikt ermittelt f├╝r "RuntimeLibrary": Der Wert "MT_StaticRelease" stimmt nicht mit dem Wert "MD_DynamicRelease" in test_pitr_manager.obj ├╝berein. [C:\VCC\themis\build-msvc-tests\tests\test_pitr_manager.vcxproj]
rocksdb.lib(external_sst_file_ingestion_job.cc.obj) : error LNK2038: Konflikt ermittelt f├╝r "RuntimeLibrary": Der Wert "MT_StaticRelease" stimmt nicht mit dem Wert "MD_DynamicRelease" in test_pitr_manager.obj ├╝berein. [C:\VCC\themis\build-msvc-tests\tests\test_pitr_manager.vcxproj]
rocksdb.lib(log_writer.cc.obj) : error LNK2038: Konflikt ermittelt f├╝r "RuntimeLibrary": Der Wert "MT_StaticRelease" stimmt nicht mit dem Wert "MD_DynamicRelease" in test_diff_engine.obj ├╝berein. [C:\VCC\themis\build-msvc-tests\tests\test_diff_engine.vcxproj]
rocksdb.lib(external_sst_file_ingestion_job.cc.obj) : error LNK2038: Konflikt ermittelt f├╝r "RuntimeLibrary": Der Wert "MT_StaticRelease" stimmt nicht mit dem Wert "MD_DynamicRelease" in test_diff_engine.obj ├╝berein. [C:\VCC\themis\build-msvc-tests\tests\test_diff_engine.vcxproj]
rocksdb.lib(import_column_family_job.cc.obj) : error LNK2038: Konflikt ermittelt f├╝r "RuntimeLibrary": Der Wert "MT_StaticRelease" stimmt nicht mit dem Wert "MD_DynamicRelease" in test_pitr_manager.obj ├╝berein. [C:\VCC\themis\build-msvc-tests\tests\test_pitr_manager.vcxproj]
rocksdb.lib(periodic_task_scheduler.cc.obj) : error LNK2038: Konflikt ermittelt f├╝r "RuntimeLibrary": Der Wert "MT_StaticRelease" stimmt nicht mit dem Wert "MD_DynamicRelease" in test_pitr_manager.obj ├╝berein. [C:\VCC\themis\build-msvc-tests\tests\test_pitr_manager.vcxproj]
rocksdb.lib(import_column_family_job.cc.obj) : error LNK2038: Konflikt ermittelt f├╝r "RuntimeLibrary": Der Wert "MT_StaticRelease" stimmt nicht mit dem Wert "MD_DynamicRelease" in test_diff_engine.obj ├╝berein. [C:\VCC\themis\build-msvc-tests\tests\test_diff_engine.vcxproj]
rocksdb.lib(wal_manager.cc.obj) : error LNK2038: Konflikt ermittelt f├╝r "RuntimeLibrary": Der Wert "MT_StaticRelease" stimmt nicht mit dem Wert "MD_DynamicRelease" in test_pitr_manager.obj ├╝berein. [C:\VCC\themis\build-msvc-tests\tests\test_pitr_manager.vcxproj]
rocksdb.lib(periodic_task_scheduler.cc.obj) : error LNK2038: Konflikt ermittelt f├╝r "RuntimeLibrary": Der Wert "MT_StaticRelease" stimmt nicht mit dem Wert "MD_DynamicRelease" in test_diff_engine.obj ├╝berein. [C:\VCC\themis\build-msvc-tests\tests\test_diff_engine.vcxproj]
rocksdb.lib(merging_iterator.cc.obj) : error LNK2038: Konflikt ermittelt f├╝r "RuntimeLibrary": Der Wert "MT_StaticRelease" stimmt nicht mit dem Wert "MD_DynamicRelease" in test_pitr_manager.obj ├╝berein. [C:\VCC\themis\build-msvc-tests\tests\test_pitr_manager.vcxproj]
rocksdb.lib(wal_manager.cc.obj) : error LNK2038: Konflikt ermittelt f├╝r "RuntimeLibrary": Der Wert "MT_StaticRelease" stimmt nicht mit dem Wert "MD_DynamicRelease" in test_diff_engine.obj ├╝berein. [C:\VCC\themis\build-msvc-tests\tests\test_diff_engine.vcxproj]
rocksdb.lib(merging_iterator.cc.obj) : error LNK2038: Konflikt ermittelt f├╝r "RuntimeLibrary": Der Wert "MT_StaticRelease" stimmt nicht mit dem Wert "MD_DynamicRelease" in test_diff_engine.obj ├╝berein. [C:\VCC\themis\build-msvc-tests\tests\test_diff_engine.vcxproj]
rocksdb.lib(db_impl_compaction_flush.cc.obj) : error LNK2038: Konflikt ermittelt f├╝r "RuntimeLibrary": Der Wert "MT_StaticRelease" stimmt nicht mit dem Wert "MD_DynamicRelease" in test_pitr_manager.obj ├╝berein. [C:\VCC\themis\build-msvc-tests\tests\test_pitr_manager.vcxproj]
rocksdb.lib(db_impl_compaction_flush.cc.obj) : error LNK2038: Konflikt ermittelt f├╝r "RuntimeLibrary": Der Wert "MT_StaticRelease" stimmt nicht mit dem Wert "MD_DynamicRelease" in test_diff_engine.obj ├╝berein. [C:\VCC\themis\build-msvc-tests\tests\test_diff_engine.vcxproj]
rocksdb.lib(db_impl_files.cc.obj) : error LNK2038: Konflikt ermittelt f├╝r "RuntimeLibrary": Der Wert "MT_StaticRelease" stimmt nicht mit dem Wert "MD_DynamicRelease" in test_diff_engine.obj ├╝berein. [C:\VCC\themis\build-msvc-tests\tests\test_diff_engine.vcxproj]
rocksdb.lib(db_impl_files.cc.obj) : error LNK2038: Konflikt ermittelt f├╝r "RuntimeLibrary": Der Wert "MT_StaticRelease" stimmt nicht mit dem Wert "MD_DynamicRelease" in test_pitr_manager.obj ├╝berein. [C:\VCC\themis\build-msvc-tests\tests\test_pitr_manager.vcxproj]
rocksdb.lib(db_filesnapshot.cc.obj) : error LNK2038: Konflikt ermittelt f├╝r "RuntimeLibrary": Der Wert "MT_StaticRelease" stimmt nicht mit dem Wert "MD_DynamicRelease" in test_diff_engine.obj ├╝berein. [C:\VCC\themis\build-msvc-tests\tests\test_diff_engine.vcxproj]
rocksdb.lib(db_filesnapshot.cc.obj) : error LNK2038: Konflikt ermittelt f├╝r "RuntimeLibrary": Der Wert "MT_StaticRelease" stimmt nicht mit dem Wert "MD_DynamicRelease" in test_pitr_manager.obj ├╝berein. [C:\VCC\themis\build-msvc-tests\tests\test_pitr_manager.vcxproj]
rocksdb.lib(db_impl_experimental.cc.obj) : error LNK2038: Konflikt ermittelt f├╝r "RuntimeLibrary": Der Wert "MT_StaticRelease" stimmt nicht mit dem Wert "MD_DynamicRelease" in test_diff_engine.obj ├╝berein. [C:\VCC\themis\build-msvc-tests\tests\test_diff_engine.vcxproj]
rocksdb.lib(db_impl_experimental.cc.obj) : error LNK2038: Konflikt ermittelt f├╝r "RuntimeLibrary": Der Wert "MT_StaticRelease" stimmt nicht mit dem Wert "MD_DynamicRelease" in test_pitr_manager.obj ├╝berein. [C:\VCC\themis\build-msvc-tests\tests\test_pitr_manager.vcxproj]
rocksdb.lib(db_iter.cc.obj) : error LNK2038: Konflikt ermittelt f├╝r "RuntimeLibrary": Der Wert "MT_StaticRelease" stimmt nicht mit dem Wert "MD_DynamicRelease" in test_pitr_manager.obj ├╝berein. [C:\VCC\themis\build-msvc-tests\tests\test_pitr_manager.vcxproj]
rocksdb.lib(db_iter.cc.obj) : error LNK2038: Konflikt ermittelt f├╝r "RuntimeLibrary": Der Wert "MT_StaticRelease" stimmt nicht mit dem Wert "MD_DynamicRelease" in test_diff_engine.obj ├╝berein. [C:\VCC\themis\build-msvc-tests\tests\test_diff_engine.vcxproj]
rocksdb.lib(arena_wrapped_db_iter.cc.obj) : error LNK2038: Konflikt ermittelt f├╝r "RuntimeLibrary": Der Wert "MT_StaticRelease" stimmt nicht mit dem Wert "MD_DynamicRelease" in test_pitr_manager.obj ├╝berein. [C:\VCC\themis\build-msvc-tests\tests\test_pitr_manager.vcxproj]
rocksdb.lib(arena_wrapped_db_iter.cc.obj) : error LNK2038: Konflikt ermittelt f├╝r "RuntimeLibrary": Der Wert "MT_StaticRelease" stimmt nicht mit dem Wert "MD_DynamicRelease" in test_diff_engine.obj ├╝berein. [C:\VCC\themis\build-msvc-tests\tests\test_diff_engine.vcxproj]
rocksdb.lib(coalescing_iterator.cc.obj) : error LNK2038: Konflikt ermittelt f├╝r "RuntimeLibrary": Der Wert "MT_StaticRelease" stimmt nicht mit dem Wert "MD_DynamicRelease" in test_pitr_manager.obj ├╝berein. [C:\VCC\themis\build-msvc-tests\tests\test_pitr_manager.vcxproj]
rocksdb.lib(convenience.cc.obj) : error LNK2038: Konflikt ermittelt f├╝r "RuntimeLibrary": Der Wert "MT_StaticRelease" stimmt nicht mit dem Wert "MD_DynamicRelease" in test_pitr_manager.obj ├╝berein. [C:\VCC\themis\build-msvc-tests\tests\test_pitr_manager.vcxproj]
rocksdb.lib(coalescing_iterator.cc.obj) : error LNK2038: Konflikt ermittelt f├╝r "RuntimeLibrary": Der Wert "MT_StaticRelease" stimmt nicht mit dem Wert "MD_DynamicRelease" in test_diff_engine.obj ├╝berein. [C:\VCC\themis\build-msvc-tests\tests\test_diff_engine.vcxproj]
rocksdb.lib(db_info_dumper.cc.obj) : error LNK2038: Konflikt ermittelt f├╝r "RuntimeLibrary": Der Wert "MT_StaticRelease" stimmt nicht mit dem Wert "MD_DynamicRelease" in test_pitr_manager.obj ├╝berein. [C:\VCC\themis\build-msvc-tests\tests\test_pitr_manager.vcxproj]
rocksdb.lib(convenience.cc.obj) : error LNK2038: Konflikt ermittelt f├╝r "RuntimeLibrary": Der Wert "MT_StaticRelease" stimmt nicht mit dem Wert "MD_DynamicRelease" in test_diff_engine.obj ├╝berein. [C:\VCC\themis\build-msvc-tests\tests\test_diff_engine.vcxproj]
rocksdb.lib(forward_iterator.cc.obj) : error LNK2038: Konflikt ermittelt f├╝r "RuntimeLibrary": Der Wert "MT_StaticRelease" stimmt nicht mit dem Wert "MD_DynamicRelease" in test_pitr_manager.obj ├╝berein. [C:\VCC\themis\build-msvc-tests\tests\test_pitr_manager.vcxproj]
rocksdb.lib(db_info_dumper.cc.obj) : error LNK2038: Konflikt ermittelt f├╝r "RuntimeLibrary": Der Wert "MT_StaticRelease" stimmt nicht mit dem Wert "MD_DynamicRelease" in test_diff_engine.obj ├╝berein. [C:\VCC\themis\build-msvc-tests\tests\test_diff_engine.vcxproj]
rocksdb.lib(malloc_stats.cc.obj) : error LNK2038: Konflikt ermittelt f├╝r "RuntimeLibrary": Der Wert "MT_StaticRelease" stimmt nicht mit dem Wert "MD_DynamicRelease" in test_pitr_manager.obj ├╝berein. [C:\VCC\themis\build-msvc-tests\tests\test_pitr_manager.vcxproj]
rocksdb.lib(unique_id_gen.cc.obj) : error LNK2038: Konflikt ermittelt f├╝r "RuntimeLibrary": Der Wert "MT_StaticRelease" stimmt nicht mit dem Wert "MD_DynamicRelease" in test_pitr_manager.obj ├╝berein. [C:\VCC\themis\build-msvc-tests\tests\test_pitr_manager.vcxproj]
rocksdb.lib(forward_iterator.cc.obj) : error LNK2038: Konflikt ermittelt f├╝r "RuntimeLibrary": Der Wert "MT_StaticRelease" stimmt nicht mit dem Wert "MD_DynamicRelease" in test_diff_engine.obj ├╝berein. [C:\VCC\themis\build-msvc-tests\tests\test_diff_engine.vcxproj]
rocksdb.lib(in_memory_stats_history.cc.obj) : error LNK2038: Konflikt ermittelt f├╝r "RuntimeLibrary": Der Wert "MT_StaticRelease" stimmt nicht mit dem Wert "MD_DynamicRelease" in test_pitr_manager.obj ├╝berein. [C:\VCC\themis\build-msvc-tests\tests\test_pitr_manager.vcxproj]
rocksdb.lib(persistent_stats_history.cc.obj) : error LNK2038: Konflikt ermittelt f├╝r "RuntimeLibrary": Der Wert "MT_StaticRelease" stimmt nicht mit dem Wert "MD_DynamicRelease" in test_pitr_manager.obj ├╝berein. [C:\VCC\themis\build-msvc-tests\tests\test_pitr_manager.vcxproj]
rocksdb.lib(options_parser.cc.obj) : error LNK2038: Konflikt ermittelt f├╝r "RuntimeLibrary": Der Wert "MT_StaticRelease" stimmt nicht mit dem Wert "MD_DynamicRelease" in test_pitr_manager.obj ├╝berein. [C:\VCC\themis\build-msvc-tests\tests\test_pitr_manager.vcxproj]
rocksdb.lib(malloc_stats.cc.obj) : error LNK2038: Konflikt ermittelt f├╝r "RuntimeLibrary": Der Wert "MT_StaticRelease" stimmt nicht mit dem Wert "MD_DynamicRelease" in test_diff_engine.obj ├╝berein. [C:\VCC\themis\build-msvc-tests\tests\test_diff_engine.vcxproj]
rocksdb.lib(unique_id_gen.cc.obj) : error LNK2038: Konflikt ermittelt f├╝r "RuntimeLibrary": Der Wert "MT_StaticRelease" stimmt nicht mit dem Wert "MD_DynamicRelease" in test_diff_engine.obj ├╝berein. [C:\VCC\themis\build-msvc-tests\tests\test_diff_engine.vcxproj]
rocksdb.lib(in_memory_stats_history.cc.obj) : error LNK2038: Konflikt ermittelt f├╝r "RuntimeLibrary": Der Wert "MT_StaticRelease" stimmt nicht mit dem Wert "MD_DynamicRelease" in test_diff_engine.obj ├╝berein. [C:\VCC\themis\build-msvc-tests\tests\test_diff_engine.vcxproj]
rocksdb.lib(replayer_impl.cc.obj) : error LNK2038: Konflikt ermittelt f├╝r "RuntimeLibrary": Der Wert "MT_StaticRelease" stimmt nicht mit dem Wert "MD_DynamicRelease" in test_pitr_manager.obj ├╝berein. [C:\VCC\themis\build-msvc-tests\tests\test_pitr_manager.vcxproj]
rocksdb.lib(persistent_stats_history.cc.obj) : error LNK2038: Konflikt ermittelt f├╝r "RuntimeLibrary": Der Wert "MT_StaticRelease" stimmt nicht mit dem Wert "MD_DynamicRelease" in test_diff_engine.obj ├╝berein. [C:\VCC\themis\build-msvc-tests\tests\test_diff_engine.vcxproj]
rocksdb.lib(table_properties.cc.obj) : error LNK2038: Konflikt ermittelt f├╝r "RuntimeLibrary": Der Wert "MT_StaticRelease" stimmt nicht mit dem Wert "MD_DynamicRelease" in test_pitr_manager.obj ├╝berein. [C:\VCC\themis\build-msvc-tests\tests\test_pitr_manager.vcxproj]
rocksdb.lib(perf_level.cc.obj) : error LNK2038: Konflikt ermittelt f├╝r "RuntimeLibrary": Der Wert "MT_StaticRelease" stimmt nicht mit dem Wert "MD_DynamicRelease" in test_pitr_manager.obj ├╝berein. [C:\VCC\themis\build-msvc-tests\tests\test_pitr_manager.vcxproj]
rocksdb.lib(perf_context.cc.obj) : error LNK2038: Konflikt ermittelt f├╝r "RuntimeLibrary": Der Wert "MT_StaticRelease" stimmt nicht mit dem Wert "MD_DynamicRelease" in test_pitr_manager.obj ├╝berein. [C:\VCC\themis\build-msvc-tests\tests\test_pitr_manager.vcxproj]
rocksdb.lib(options_parser.cc.obj) : error LNK2038: Konflikt ermittelt f├╝r "RuntimeLibrary": Der Wert "MT_StaticRelease" stimmt nicht mit dem Wert "MD_DynamicRelease" in test_diff_engine.obj ├╝berein. [C:\VCC\themis\build-msvc-tests\tests\test_diff_engine.vcxproj]
rocksdb.lib(random.cc.obj) : error LNK2038: Konflikt ermittelt f├╝r "RuntimeLibrary": Der Wert "MT_StaticRelease" stimmt nicht mit dem Wert "MD_DynamicRelease" in test_pitr_manager.obj ├╝berein. [C:\VCC\themis\build-msvc-tests\tests\test_pitr_manager.vcxproj]
rocksdb.lib(arena.cc.obj) : error LNK2038: Konflikt ermittelt f├╝r "RuntimeLibrary": Der Wert "MT_StaticRelease" stimmt nicht mit dem Wert "MD_DynamicRelease" in test_pitr_manager.obj ├╝berein. [C:\VCC\themis\build-msvc-tests\tests\test_pitr_manager.vcxproj]
rocksdb.lib(write_batch_with_index_internal.cc.obj) : error LNK2038: Konflikt ermittelt f├╝r "RuntimeLibrary": Der Wert "MT_StaticRelease" stimmt nicht mit dem Wert "MD_DynamicRelease" in test_pitr_manager.obj ├╝berein. [C:\VCC\themis\build-msvc-tests\tests\test_pitr_manager.vcxproj]
rocksdb.lib(replayer_impl.cc.obj) : error LNK2038: Konflikt ermittelt f├╝r "RuntimeLibrary": Der Wert "MT_StaticRelease" stimmt nicht mit dem Wert "MD_DynamicRelease" in test_diff_engine.obj ├╝berein. [C:\VCC\themis\build-msvc-tests\tests\test_diff_engine.vcxproj]
rocksdb.lib(histogram.cc.obj) : error LNK2038: Konflikt ermittelt f├╝r "RuntimeLibrary": Der Wert "MT_StaticRelease" stimmt nicht mit dem Wert "MD_DynamicRelease" in test_pitr_manager.obj ├╝berein. [C:\VCC\themis\build-msvc-tests\tests\test_pitr_manager.vcxproj]
rocksdb.lib(table_properties.cc.obj) : error LNK2038: Konflikt ermittelt f├╝r "RuntimeLibrary": Der Wert "MT_StaticRelease" stimmt nicht mit dem Wert "MD_DynamicRelease" in test_diff_engine.obj ├╝berein. [C:\VCC\themis\build-msvc-tests\tests\test_diff_engine.vcxproj]
rocksdb.lib(perf_level.cc.obj) : error LNK2038: Konflikt ermittelt f├╝r "RuntimeLibrary": Der Wert "MT_StaticRelease" stimmt nicht mit dem Wert "MD_DynamicRelease" in test_diff_engine.obj ├╝berein. [C:\VCC\themis\build-msvc-tests\tests\test_diff_engine.vcxproj]
rocksdb.lib(mock_env.cc.obj) : error LNK2038: Konflikt ermittelt f├╝r "RuntimeLibrary": Der Wert "MT_StaticRelease" stimmt nicht mit dem Wert "MD_DynamicRelease" in test_pitr_manager.obj ├╝berein. [C:\VCC\themis\build-msvc-tests\tests\test_pitr_manager.vcxproj]
rocksdb.lib(perf_context.cc.obj) : error LNK2038: Konflikt ermittelt f├╝r "RuntimeLibrary": Der Wert "MT_StaticRelease" stimmt nicht mit dem Wert "MD_DynamicRelease" in test_diff_engine.obj ├╝berein. [C:\VCC\themis\build-msvc-tests\tests\test_diff_engine.vcxproj]
rocksdb.lib(random.cc.obj) : error LNK2038: Konflikt ermittelt f├╝r "RuntimeLibrary": Der Wert "MT_StaticRelease" stimmt nicht mit dem Wert "MD_DynamicRelease" in test_diff_engine.obj ├╝berein. [C:\VCC\themis\build-msvc-tests\tests\test_diff_engine.vcxproj]
rocksdb.lib(arena.cc.obj) : error LNK2038: Konflikt ermittelt f├╝r "RuntimeLibrary": Der Wert "MT_StaticRelease" stimmt nicht mit dem Wert "MD_DynamicRelease" in test_diff_engine.obj ├╝berein. [C:\VCC\themis\build-msvc-tests\tests\test_diff_engine.vcxproj]
rocksdb.lib(write_batch_with_index_internal.cc.obj) : error LNK2038: Konflikt ermittelt f├╝r "RuntimeLibrary": Der Wert "MT_StaticRelease" stimmt nicht mit dem Wert "MD_DynamicRelease" in test_diff_engine.obj ├╝berein. [C:\VCC\themis\build-msvc-tests\tests\test_diff_engine.vcxproj]
rocksdb.lib(histogram.cc.obj) : error LNK2038: Konflikt ermittelt f├╝r "RuntimeLibrary": Der Wert "MT_StaticRelease" stimmt nicht mit dem Wert "MD_DynamicRelease" in test_diff_engine.obj ├╝berein. [C:\VCC\themis\build-msvc-tests\tests\test_diff_engine.vcxproj]
rocksdb.lib(threadpool_imp.cc.obj) : error LNK2038: Konflikt ermittelt f├╝r "RuntimeLibrary": Der Wert "MT_StaticRelease" stimmt nicht mit dem Wert "MD_DynamicRelease" in test_pitr_manager.obj ├╝berein. [C:\VCC\themis\build-msvc-tests\tests\test_pitr_manager.vcxproj]
rocksdb.lib(mock_env.cc.obj) : error LNK2038: Konflikt ermittelt f├╝r "RuntimeLibrary": Der Wert "MT_StaticRelease" stimmt nicht mit dem Wert "MD_DynamicRelease" in test_diff_engine.obj ├╝berein. [C:\VCC\themis\build-msvc-tests\tests\test_diff_engine.vcxproj]
rocksdb.lib(thread_status_updater.cc.obj) : error LNK2038: Konflikt ermittelt f├╝r "RuntimeLibrary": Der Wert "MT_StaticRelease" stimmt nicht mit dem Wert "MD_DynamicRelease" in test_pitr_manager.obj ├╝berein. [C:\VCC\themis\build-msvc-tests\tests\test_pitr_manager.vcxproj]
rocksdb.lib(threadpool_imp.cc.obj) : error LNK2038: Konflikt ermittelt f├╝r "RuntimeLibrary": Der Wert "MT_StaticRelease" stimmt nicht mit dem Wert "MD_DynamicRelease" in test_diff_engine.obj ├╝berein. [C:\VCC\themis\build-msvc-tests\tests\test_diff_engine.vcxproj]
rocksdb.lib(io_win.cc.obj) : error LNK2038: Konflikt ermittelt f├╝r "RuntimeLibrary": Der Wert "MT_StaticRelease" stimmt nicht mit dem Wert "MD_DynamicRelease" in test_pitr_manager.obj ├╝berein. [C:\VCC\themis\build-msvc-tests\tests\test_pitr_manager.vcxproj]
rocksdb.lib(thread_status_updater.cc.obj) : error LNK2038: Konflikt ermittelt f├╝r "RuntimeLibrary": Der Wert "MT_StaticRelease" stimmt nicht mit dem Wert "MD_DynamicRelease" in test_diff_engine.obj ├╝berein. [C:\VCC\themis\build-msvc-tests\tests\test_diff_engine.vcxproj]
rocksdb.lib(win_logger.cc.obj) : error LNK2038: Konflikt ermittelt f├╝r "RuntimeLibrary": Der Wert "MT_StaticRelease" stimmt nicht mit dem Wert "MD_DynamicRelease" in test_pitr_manager.obj ├╝berein. [C:\VCC\themis\build-msvc-tests\tests\test_pitr_manager.vcxproj]
rocksdb.lib(io_win.cc.obj) : error LNK2038: Konflikt ermittelt f├╝r "RuntimeLibrary": Der Wert "MT_StaticRelease" stimmt nicht mit dem Wert "MD_DynamicRelease" in test_diff_engine.obj ├╝berein. [C:\VCC\themis\build-msvc-tests\tests\test_diff_engine.vcxproj]
rocksdb.lib(range_tombstone_fragmenter.cc.obj) : error LNK2038: Konflikt ermittelt f├╝r "RuntimeLibrary": Der Wert "MT_StaticRelease" stimmt nicht mit dem Wert "MD_DynamicRelease" in test_pitr_manager.obj ├╝berein. [C:\VCC\themis\build-msvc-tests\tests\test_pitr_manager.vcxproj]
rocksdb.lib(win_logger.cc.obj) : error LNK2038: Konflikt ermittelt f├╝r "RuntimeLibrary": Der Wert "MT_StaticRelease" stimmt nicht mit dem Wert "MD_DynamicRelease" in test_diff_engine.obj ├╝berein. [C:\VCC\themis\build-msvc-tests\tests\test_diff_engine.vcxproj]
rocksdb.lib(range_tombstone_fragmenter.cc.obj) : error LNK2038: Konflikt ermittelt f├╝r "RuntimeLibrary": Der Wert "MT_StaticRelease" stimmt nicht mit dem Wert "MD_DynamicRelease" in test_diff_engine.obj ├╝berein. [C:\VCC\themis\build-msvc-tests\tests\test_diff_engine.vcxproj]
rocksdb.lib(alloc_tracker.cc.obj) : error LNK2038: Konflikt ermittelt f├╝r "RuntimeLibrary": Der Wert "MT_StaticRelease" stimmt nicht mit dem Wert "MD_DynamicRelease" in test_pitr_manager.obj ├╝berein. [C:\VCC\themis\build-msvc-tests\tests\test_pitr_manager.vcxproj]
rocksdb.lib(concurrent_arena.cc.obj) : error LNK2038: Konflikt ermittelt f├╝r "RuntimeLibrary": Der Wert "MT_StaticRelease" stimmt nicht mit dem Wert "MD_DynamicRelease" in test_pitr_manager.obj ├╝berein. [C:\VCC\themis\build-msvc-tests\tests\test_pitr_manager.vcxproj]
rocksdb.lib(dynamic_bloom.cc.obj) : error LNK2038: Konflikt ermittelt f├╝r "RuntimeLibrary": Der Wert "MT_StaticRelease" stimmt nicht mit dem Wert "MD_DynamicRelease" in test_pitr_manager.obj ├╝berein. [C:\VCC\themis\build-msvc-tests\tests\test_pitr_manager.vcxproj]
rocksdb.lib(log_buffer.cc.obj) : error LNK2038: Konflikt ermittelt f├╝r "RuntimeLibrary": Der Wert "MT_StaticRelease" stimmt nicht mit dem Wert "MD_DynamicRelease" in test_pitr_manager.obj ├╝berein. [C:\VCC\themis\build-msvc-tests\tests\test_pitr_manager.vcxproj]
rocksdb.lib(table_properties_collector.cc.obj) : error LNK2038: Konflikt ermittelt f├╝r "RuntimeLibrary": Der Wert "MT_StaticRelease" stimmt nicht mit dem Wert "MD_DynamicRelease" in test_pitr_manager.obj ├╝berein. [C:\VCC\themis\build-msvc-tests\tests\test_pitr_manager.vcxproj]
rocksdb.lib(alloc_tracker.cc.obj) : error LNK2038: Konflikt ermittelt f├╝r "RuntimeLibrary": Der Wert "MT_StaticRelease" stimmt nicht mit dem Wert "MD_DynamicRelease" in test_diff_engine.obj ├╝berein. [C:\VCC\themis\build-msvc-tests\tests\test_diff_engine.vcxproj]
rocksdb.lib(concurrent_arena.cc.obj) : error LNK2038: Konflikt ermittelt f├╝r "RuntimeLibrary": Der Wert "MT_StaticRelease" stimmt nicht mit dem Wert "MD_DynamicRelease" in test_diff_engine.obj ├╝berein. [C:\VCC\themis\build-msvc-tests\tests\test_diff_engine.vcxproj]
rocksdb.lib(dynamic_bloom.cc.obj) : error LNK2038: Konflikt ermittelt f├╝r "RuntimeLibrary": Der Wert "MT_StaticRelease" stimmt nicht mit dem Wert "MD_DynamicRelease" in test_diff_engine.obj ├╝berein. [C:\VCC\themis\build-msvc-tests\tests\test_diff_engine.vcxproj]
rocksdb.lib(log_buffer.cc.obj) : error LNK2038: Konflikt ermittelt f├╝r "RuntimeLibrary": Der Wert "MT_StaticRelease" stimmt nicht mit dem Wert "MD_DynamicRelease" in test_diff_engine.obj ├╝berein. [C:\VCC\themis\build-msvc-tests\tests\test_diff_engine.vcxproj]
rocksdb.lib(table_properties_collector.cc.obj) : error LNK2038: Konflikt ermittelt f├╝r "RuntimeLibrary": Der Wert "MT_StaticRelease" stimmt nicht mit dem Wert "MD_DynamicRelease" in test_diff_engine.obj ├╝berein. [C:\VCC\themis\build-msvc-tests\tests\test_diff_engine.vcxproj]
rocksdb.lib(table_cache.cc.obj) : error LNK2038: Konflikt ermittelt f├╝r "RuntimeLibrary": Der Wert "MT_StaticRelease" stimmt nicht mit dem Wert "MD_DynamicRelease" in test_pitr_manager.obj ├╝berein. [C:\VCC\themis\build-msvc-tests\tests\test_pitr_manager.vcxproj]
rocksdb.lib(table_cache.cc.obj) : error LNK2038: Konflikt ermittelt f├╝r "RuntimeLibrary": Der Wert "MT_StaticRelease" stimmt nicht mit dem Wert "MD_DynamicRelease" in test_diff_engine.obj ├╝berein. [C:\VCC\themis\build-msvc-tests\tests\test_diff_engine.vcxproj]
rocksdb.lib(blob_file_cache.cc.obj) : error LNK2038: Konflikt ermittelt f├╝r "RuntimeLibrary": Der Wert "MT_StaticRelease" stimmt nicht mit dem Wert "MD_DynamicRelease" in test_diff_engine.obj ├╝berein. [C:\VCC\themis\build-msvc-tests\tests\test_diff_engine.vcxproj]
rocksdb.lib(blob_source.cc.obj) : error LNK2038: Konflikt ermittelt f├╝r "RuntimeLibrary": Der Wert "MT_StaticRelease" stimmt nicht mit dem Wert "MD_DynamicRelease" in test_diff_engine.obj ├╝berein. [C:\VCC\themis\build-msvc-tests\tests\test_diff_engine.vcxproj]
rocksdb.lib(blob_file_cache.cc.obj) : error LNK2038: Konflikt ermittelt f├╝r "RuntimeLibrary": Der Wert "MT_StaticRelease" stimmt nicht mit dem Wert "MD_DynamicRelease" in test_pitr_manager.obj ├╝berein. [C:\VCC\themis\build-msvc-tests\tests\test_pitr_manager.vcxproj]
rocksdb.lib(blob_source.cc.obj) : error LNK2038: Konflikt ermittelt f├╝r "RuntimeLibrary": Der Wert "MT_StaticRelease" stimmt nicht mit dem Wert "MD_DynamicRelease" in test_pitr_manager.obj ├╝berein. [C:\VCC\themis\build-msvc-tests\tests\test_pitr_manager.vcxproj]
rocksdb.lib(compaction.cc.obj) : error LNK2038: Konflikt ermittelt f├╝r "RuntimeLibrary": Der Wert "MT_StaticRelease" stimmt nicht mit dem Wert "MD_DynamicRelease" in test_diff_engine.obj ├╝berein. [C:\VCC\themis\build-msvc-tests\tests\test_diff_engine.vcxproj]
rocksdb.lib(compaction.cc.obj) : error LNK2038: Konflikt ermittelt f├╝r "RuntimeLibrary": Der Wert "MT_StaticRelease" stimmt nicht mit dem Wert "MD_DynamicRelease" in test_pitr_manager.obj ├╝berein. [C:\VCC\themis\build-msvc-tests\tests\test_pitr_manager.vcxproj]
rocksdb.lib(compaction_picker.cc.obj) : error LNK2038: Konflikt ermittelt f├╝r "RuntimeLibrary": Der Wert "MT_StaticRelease" stimmt nicht mit dem Wert "MD_DynamicRelease" in test_diff_engine.obj ├╝berein. [C:\VCC\themis\build-msvc-tests\tests\test_diff_engine.vcxproj]
rocksdb.lib(compaction_picker.cc.obj) : error LNK2038: Konflikt ermittelt f├╝r "RuntimeLibrary": Der Wert "MT_StaticRelease" stimmt nicht mit dem Wert "MD_DynamicRelease" in test_pitr_manager.obj ├╝berein. [C:\VCC\themis\build-msvc-tests\tests\test_pitr_manager.vcxproj]
rocksdb.lib(compaction_picker_fifo.cc.obj) : error LNK2038: Konflikt ermittelt f├╝r "RuntimeLibrary": Der Wert "MT_StaticRelease" stimmt nicht mit dem Wert "MD_DynamicRelease" in test_diff_engine.obj ├╝berein. [C:\VCC\themis\build-msvc-tests\tests\test_diff_engine.vcxproj]
rocksdb.lib(compaction_picker_level.cc.obj) : error LNK2038: Konflikt ermittelt f├╝r "RuntimeLibrary": Der Wert "MT_StaticRelease" stimmt nicht mit dem Wert "MD_DynamicRelease" in test_diff_engine.obj ├╝berein. [C:\VCC\themis\build-msvc-tests\tests\test_diff_engine.vcxproj]
rocksdb.lib(compaction_picker_fifo.cc.obj) : error LNK2038: Konflikt ermittelt f├╝r "RuntimeLibrary": Der Wert "MT_StaticRelease" stimmt nicht mit dem Wert "MD_DynamicRelease" in test_pitr_manager.obj ├╝berein. [C:\VCC\themis\build-msvc-tests\tests\test_pitr_manager.vcxproj]
rocksdb.lib(compaction_picker_universal.cc.obj) : error LNK2038: Konflikt ermittelt f├╝r "RuntimeLibrary": Der Wert "MT_StaticRelease" stimmt nicht mit dem Wert "MD_DynamicRelease" in test_diff_engine.obj ├╝berein. [C:\VCC\themis\build-msvc-tests\tests\test_diff_engine.vcxproj]
rocksdb.lib(compaction_picker_level.cc.obj) : error LNK2038: Konflikt ermittelt f├╝r "RuntimeLibrary": Der Wert "MT_StaticRelease" stimmt nicht mit dem Wert "MD_DynamicRelease" in test_pitr_manager.obj ├╝berein. [C:\VCC\themis\build-msvc-tests\tests\test_pitr_manager.vcxproj]
rocksdb.lib(delete_scheduler.cc.obj) : error LNK2038: Konflikt ermittelt f├╝r "RuntimeLibrary": Der Wert "MT_StaticRelease" stimmt nicht mit dem Wert "MD_DynamicRelease" in test_diff_engine.obj ├╝berein. [C:\VCC\themis\build-msvc-tests\tests\test_diff_engine.vcxproj]
rocksdb.lib(compaction_picker_universal.cc.obj) : error LNK2038: Konflikt ermittelt f├╝r "RuntimeLibrary": Der Wert "MT_StaticRelease" stimmt nicht mit dem Wert "MD_DynamicRelease" in test_pitr_manager.obj ├╝berein. [C:\VCC\themis\build-msvc-tests\tests\test_pitr_manager.vcxproj]
rocksdb.lib(blob_fetcher.cc.obj) : error LNK2038: Konflikt ermittelt f├╝r "RuntimeLibrary": Der Wert "MT_StaticRelease" stimmt nicht mit dem Wert "MD_DynamicRelease" in test_diff_engine.obj ├╝berein. [C:\VCC\themis\build-msvc-tests\tests\test_diff_engine.vcxproj]
rocksdb.lib(prefetch_buffer_collection.cc.obj) : error LNK2038: Konflikt ermittelt f├╝r "RuntimeLibrary": Der Wert "MT_StaticRelease" stimmt nicht mit dem Wert "MD_DynamicRelease" in test_diff_engine.obj ├╝berein. [C:\VCC\themis\build-msvc-tests\tests\test_diff_engine.vcxproj]
rocksdb.lib(file_checksum_helper.cc.obj) : error LNK2038: Konflikt ermittelt f├╝r "RuntimeLibrary": Der Wert "MT_StaticRelease" stimmt nicht mit dem Wert "MD_DynamicRelease" in test_diff_engine.obj ├╝berein. [C:\VCC\themis\build-msvc-tests\tests\test_diff_engine.vcxproj]
rocksdb.lib(delete_scheduler.cc.obj) : error LNK2038: Konflikt ermittelt f├╝r "RuntimeLibrary": Der Wert "MT_StaticRelease" stimmt nicht mit dem Wert "MD_DynamicRelease" in test_pitr_manager.obj ├╝berein. [C:\VCC\themis\build-msvc-tests\tests\test_pitr_manager.vcxproj]
rocksdb.lib(blob_fetcher.cc.obj) : error LNK2038: Konflikt ermittelt f├╝r "RuntimeLibrary": Der Wert "MT_StaticRelease" stimmt nicht mit dem Wert "MD_DynamicRelease" in test_pitr_manager.obj ├╝berein. [C:\VCC\themis\build-msvc-tests\tests\test_pitr_manager.vcxproj]
rocksdb.lib(event_helpers.cc.obj) : error LNK2038: Konflikt ermittelt f├╝r "RuntimeLibrary": Der Wert "MT_StaticRelease" stimmt nicht mit dem Wert "MD_DynamicRelease" in test_diff_engine.obj ├╝berein. [C:\VCC\themis\build-msvc-tests\tests\test_diff_engine.vcxproj]
rocksdb.lib(prefetch_buffer_collection.cc.obj) : error LNK2038: Konflikt ermittelt f├╝r "RuntimeLibrary": Der Wert "MT_StaticRelease" stimmt nicht mit dem Wert "MD_DynamicRelease" in test_pitr_manager.obj ├╝berein. [C:\VCC\themis\build-msvc-tests\tests\test_pitr_manager.vcxproj]
rocksdb.lib(wal_filter.cc.obj) : error LNK2038: Konflikt ermittelt f├╝r "RuntimeLibrary": Der Wert "MT_StaticRelease" stimmt nicht mit dem Wert "MD_DynamicRelease" in test_diff_engine.obj ├╝berein. [C:\VCC\themis\build-msvc-tests\tests\test_diff_engine.vcxproj]
rocksdb.lib(file_prefetch_buffer.cc.obj) : error LNK2038: Konflikt ermittelt f├╝r "RuntimeLibrary": Der Wert "MT_StaticRelease" stimmt nicht mit dem Wert "MD_DynamicRelease" in test_diff_engine.obj ├╝berein. [C:\VCC\themis\build-msvc-tests\tests\test_diff_engine.vcxproj]
rocksdb.lib(file_checksum_helper.cc.obj) : error LNK2038: Konflikt ermittelt f├╝r "RuntimeLibrary": Der Wert "MT_StaticRelease" stimmt nicht mit dem Wert "MD_DynamicRelease" in test_pitr_manager.obj ├╝berein. [C:\VCC\themis\build-msvc-tests\tests\test_pitr_manager.vcxproj]
rocksdb.lib(random_access_file_reader.cc.obj) : error LNK2038: Konflikt ermittelt f├╝r "RuntimeLibrary": Der Wert "MT_StaticRelease" stimmt nicht mit dem Wert "MD_DynamicRelease" in test_diff_engine.obj ├╝berein. [C:\VCC\themis\build-msvc-tests\tests\test_diff_engine.vcxproj]
rocksdb.lib(plain_table_builder.cc.obj) : error LNK2038: Konflikt ermittelt f├╝r "RuntimeLibrary": Der Wert "MT_StaticRelease" stimmt nicht mit dem Wert "MD_DynamicRelease" in test_diff_engine.obj ├╝berein. [C:\VCC\themis\build-msvc-tests\tests\test_diff_engine.vcxproj]
rocksdb.lib(event_helpers.cc.obj) : error LNK2038: Konflikt ermittelt f├╝r "RuntimeLibrary": Der Wert "MT_StaticRelease" stimmt nicht mit dem Wert "MD_DynamicRelease" in test_pitr_manager.obj ├╝berein. [C:\VCC\themis\build-msvc-tests\tests\test_pitr_manager.vcxproj]
rocksdb.lib(env_encryption.cc.obj) : error LNK2038: Konflikt ermittelt f├╝r "RuntimeLibrary": Der Wert "MT_StaticRelease" stimmt nicht mit dem Wert "MD_DynamicRelease" in test_diff_engine.obj ├╝berein. [C:\VCC\themis\build-msvc-tests\tests\test_diff_engine.vcxproj]
rocksdb.lib(wal_filter.cc.obj) : error LNK2038: Konflikt ermittelt f├╝r "RuntimeLibrary": Der Wert "MT_StaticRelease" stimmt nicht mit dem Wert "MD_DynamicRelease" in test_pitr_manager.obj ├╝berein. [C:\VCC\themis\build-msvc-tests\tests\test_pitr_manager.vcxproj]
rocksdb.lib(file_prefetch_buffer.cc.obj) : error LNK2038: Konflikt ermittelt f├╝r "RuntimeLibrary": Der Wert "MT_StaticRelease" stimmt nicht mit dem Wert "MD_DynamicRelease" in test_pitr_manager.obj ├╝berein. [C:\VCC\themis\build-msvc-tests\tests\test_pitr_manager.vcxproj]
rocksdb.lib(random_access_file_reader.cc.obj) : error LNK2038: Konflikt ermittelt f├╝r "RuntimeLibrary": Der Wert "MT_StaticRelease" stimmt nicht mit dem Wert "MD_DynamicRelease" in test_pitr_manager.obj ├╝berein. [C:\VCC\themis\build-msvc-tests\tests\test_pitr_manager.vcxproj]
rocksdb.lib(counted_fs.cc.obj) : error LNK2038: Konflikt ermittelt f├╝r "RuntimeLibrary": Der Wert "MT_StaticRelease" stimmt nicht mit dem Wert "MD_DynamicRelease" in test_diff_engine.obj ├╝berein. [C:\VCC\themis\build-msvc-tests\tests\test_diff_engine.vcxproj]
rocksdb.lib(plain_table_builder.cc.obj) : error LNK2038: Konflikt ermittelt f├╝r "RuntimeLibrary": Der Wert "MT_StaticRelease" stimmt nicht mit dem Wert "MD_DynamicRelease" in test_pitr_manager.obj ├╝berein. [C:\VCC\themis\build-msvc-tests\tests\test_pitr_manager.vcxproj]
rocksdb.lib(env_timed.cc.obj) : error LNK2038: Konflikt ermittelt f├╝r "RuntimeLibrary": Der Wert "MT_StaticRelease" stimmt nicht mit dem Wert "MD_DynamicRelease" in test_diff_engine.obj ├╝berein. [C:\VCC\themis\build-msvc-tests\tests\test_diff_engine.vcxproj]
rocksdb.lib(plain_table_factory.cc.obj) : error LNK2038: Konflikt ermittelt f├╝r "RuntimeLibrary": Der Wert "MT_StaticRelease" stimmt nicht mit dem Wert "MD_DynamicRelease" in test_diff_engine.obj ├╝berein. [C:\VCC\themis\build-msvc-tests\tests\test_diff_engine.vcxproj]
rocksdb.lib(env_encryption.cc.obj) : error LNK2038: Konflikt ermittelt f├╝r "RuntimeLibrary": Der Wert "MT_StaticRelease" stimmt nicht mit dem Wert "MD_DynamicRelease" in test_pitr_manager.obj ├╝berein. [C:\VCC\themis\build-msvc-tests\tests\test_pitr_manager.vcxproj]
rocksdb.lib(cuckoo_table_factory.cc.obj) : error LNK2038: Konflikt ermittelt f├╝r "RuntimeLibrary": Der Wert "MT_StaticRelease" stimmt nicht mit dem Wert "MD_DynamicRelease" in test_diff_engine.obj ├╝berein. [C:\VCC\themis\build-msvc-tests\tests\test_diff_engine.vcxproj]
rocksdb.lib(meta_blocks.cc.obj) : error LNK2038: Konflikt ermittelt f├╝r "RuntimeLibrary": Der Wert "MT_StaticRelease" stimmt nicht mit dem Wert "MD_DynamicRelease" in test_diff_engine.obj ├╝berein. [C:\VCC\themis\build-msvc-tests\tests\test_diff_engine.vcxproj]
rocksdb.lib(counted_fs.cc.obj) : error LNK2038: Konflikt ermittelt f├╝r "RuntimeLibrary": Der Wert "MT_StaticRelease" stimmt nicht mit dem Wert "MD_DynamicRelease" in test_pitr_manager.obj ├╝berein. [C:\VCC\themis\build-msvc-tests\tests\test_pitr_manager.vcxproj]
rocksdb.lib(cuckoo_table_builder.cc.obj) : error LNK2038: Konflikt ermittelt f├╝r "RuntimeLibrary": Der Wert "MT_StaticRelease" stimmt nicht mit dem Wert "MD_DynamicRelease" in test_diff_engine.obj ├╝berein. [C:\VCC\themis\build-msvc-tests\tests\test_diff_engine.vcxproj]
rocksdb.lib(env_timed.cc.obj) : error LNK2038: Konflikt ermittelt f├╝r "RuntimeLibrary": Der Wert "MT_StaticRelease" stimmt nicht mit dem Wert "MD_DynamicRelease" in test_pitr_manager.obj ├╝berein. [C:\VCC\themis\build-msvc-tests\tests\test_pitr_manager.vcxproj]
rocksdb.lib(plain_table_factory.cc.obj) : error LNK2038: Konflikt ermittelt f├╝r "RuntimeLibrary": Der Wert "MT_StaticRelease" stimmt nicht mit dem Wert "MD_DynamicRelease" in test_pitr_manager.obj ├╝berein. [C:\VCC\themis\build-msvc-tests\tests\test_pitr_manager.vcxproj]
rocksdb.lib(compressed_secondary_cache.cc.obj) : error LNK2038: Konflikt ermittelt f├╝r "RuntimeLibrary": Der Wert "MT_StaticRelease" stimmt nicht mit dem Wert "MD_DynamicRelease" in test_diff_engine.obj ├╝berein. [C:\VCC\themis\build-msvc-tests\tests\test_diff_engine.vcxproj]
rocksdb.lib(block_builder.cc.obj) : error LNK2038: Konflikt ermittelt f├╝r "RuntimeLibrary": Der Wert "MT_StaticRelease" stimmt nicht mit dem Wert "MD_DynamicRelease" in test_diff_engine.obj ├╝berein. [C:\VCC\themis\build-msvc-tests\tests\test_diff_engine.vcxproj]
rocksdb.lib(cache_helpers.cc.obj) : error LNK2038: Konflikt ermittelt f├╝r "RuntimeLibrary": Der Wert "MT_StaticRelease" stimmt nicht mit dem Wert "MD_DynamicRelease" in test_diff_engine.obj ├╝berein. [C:\VCC\themis\build-msvc-tests\tests\test_diff_engine.vcxproj]
rocksdb.lib(block.cc.obj) : error LNK2038: Konflikt ermittelt f├╝r "RuntimeLibrary": Der Wert "MT_StaticRelease" stimmt nicht mit dem Wert "MD_DynamicRelease" in test_diff_engine.obj ├╝berein. [C:\VCC\themis\build-msvc-tests\tests\test_diff_engine.vcxproj]
rocksdb.lib(cuckoo_table_factory.cc.obj) : error LNK2038: Konflikt ermittelt f├╝r "RuntimeLibrary": Der Wert "MT_StaticRelease" stimmt nicht mit dem Wert "MD_DynamicRelease" in test_pitr_manager.obj ├╝berein. [C:\VCC\themis\build-msvc-tests\tests\test_pitr_manager.vcxproj]
rocksdb.lib(block_cache.cc.obj) : error LNK2038: Konflikt ermittelt f├╝r "RuntimeLibrary": Der Wert "MT_StaticRelease" stimmt nicht mit dem Wert "MD_DynamicRelease" in test_diff_engine.obj ├╝berein. [C:\VCC\themis\build-msvc-tests\tests\test_diff_engine.vcxproj]
rocksdb.lib(meta_blocks.cc.obj) : error LNK2038: Konflikt ermittelt f├╝r "RuntimeLibrary": Der Wert "MT_StaticRelease" stimmt nicht mit dem Wert "MD_DynamicRelease" in test_pitr_manager.obj ├╝berein. [C:\VCC\themis\build-msvc-tests\tests\test_pitr_manager.vcxproj]
rocksdb.lib(index_builder.cc.obj) : error LNK2038: Konflikt ermittelt f├╝r "RuntimeLibrary": Der Wert "MT_StaticRelease" stimmt nicht mit dem Wert "MD_DynamicRelease" in test_diff_engine.obj ├╝berein. [C:\VCC\themis\build-msvc-tests\tests\test_diff_engine.vcxproj]
rocksdb.lib(full_filter_block.cc.obj) : error LNK2038: Konflikt ermittelt f├╝r "RuntimeLibrary": Der Wert "MT_StaticRelease" stimmt nicht mit dem Wert "MD_DynamicRelease" in test_diff_engine.obj ├╝berein. [C:\VCC\themis\build-msvc-tests\tests\test_diff_engine.vcxproj]
rocksdb.lib(cuckoo_table_builder.cc.obj) : error LNK2038: Konflikt ermittelt f├╝r "RuntimeLibrary": Der Wert "MT_StaticRelease" stimmt nicht mit dem Wert "MD_DynamicRelease" in test_pitr_manager.obj ├╝berein. [C:\VCC\themis\build-msvc-tests\tests\test_pitr_manager.vcxproj]
rocksdb.lib(partitioned_filter_block.cc.obj) : error LNK2038: Konflikt ermittelt f├╝r "RuntimeLibrary": Der Wert "MT_StaticRelease" stimmt nicht mit dem Wert "MD_DynamicRelease" in test_diff_engine.obj ├╝berein. [C:\VCC\themis\build-msvc-tests\tests\test_diff_engine.vcxproj]
rocksdb.lib(compressed_secondary_cache.cc.obj) : error LNK2038: Konflikt ermittelt f├╝r "RuntimeLibrary": Der Wert "MT_StaticRelease" stimmt nicht mit dem Wert "MD_DynamicRelease" in test_pitr_manager.obj ├╝berein. [C:\VCC\themis\build-msvc-tests\tests\test_pitr_manager.vcxproj]
rocksdb.lib(parsed_full_filter_block.cc.obj) : error LNK2038: Konflikt ermittelt f├╝r "RuntimeLibrary": Der Wert "MT_StaticRelease" stimmt nicht mit dem Wert "MD_DynamicRelease" in test_diff_engine.obj ├╝berein. [C:\VCC\themis\build-msvc-tests\tests\test_diff_engine.vcxproj]
rocksdb.lib(uncompression_dict_reader.cc.obj) : error LNK2038: Konflikt ermittelt f├╝r "RuntimeLibrary": Der Wert "MT_StaticRelease" stimmt nicht mit dem Wert "MD_DynamicRelease" in test_diff_engine.obj ├╝berein. [C:\VCC\themis\build-msvc-tests\tests\test_diff_engine.vcxproj]
rocksdb.lib(block_builder.cc.obj) : error LNK2038: Konflikt ermittelt f├╝r "RuntimeLibrary": Der Wert "MT_StaticRelease" stimmt nicht mit dem Wert "MD_DynamicRelease" in test_pitr_manager.obj ├╝berein. [C:\VCC\themis\build-msvc-tests\tests\test_pitr_manager.vcxproj]
rocksdb.lib(get_context.cc.obj) : error LNK2038: Konflikt ermittelt f├╝r "RuntimeLibrary": Der Wert "MT_StaticRelease" stimmt nicht mit dem Wert "MD_DynamicRelease" in test_diff_engine.obj ├╝berein. [C:\VCC\themis\build-msvc-tests\tests\test_diff_engine.vcxproj]
rocksdb.lib(cache_helpers.cc.obj) : error LNK2038: Konflikt ermittelt f├╝r "RuntimeLibrary": Der Wert "MT_StaticRelease" stimmt nicht mit dem Wert "MD_DynamicRelease" in test_pitr_manager.obj ├╝berein. [C:\VCC\themis\build-msvc-tests\tests\test_pitr_manager.vcxproj]
rocksdb.lib(block.cc.obj) : error LNK2038: Konflikt ermittelt f├╝r "RuntimeLibrary": Der Wert "MT_StaticRelease" stimmt nicht mit dem Wert "MD_DynamicRelease" in test_pitr_manager.obj ├╝berein. [C:\VCC\themis\build-msvc-tests\tests\test_pitr_manager.vcxproj]
rocksdb.lib(reader_common.cc.obj) : error LNK2038: Konflikt ermittelt f├╝r "RuntimeLibrary": Der Wert "MT_StaticRelease" stimmt nicht mit dem Wert "MD_DynamicRelease" in test_diff_engine.obj ├╝berein. [C:\VCC\themis\build-msvc-tests\tests\test_diff_engine.vcxproj]
rocksdb.lib(binary_search_index_reader.cc.obj) : error LNK2038: Konflikt ermittelt f├╝r "RuntimeLibrary": Der Wert "MT_StaticRelease" stimmt nicht mit dem Wert "MD_DynamicRelease" in test_diff_engine.obj ├╝berein. [C:\VCC\themis\build-msvc-tests\tests\test_diff_engine.vcxproj]
rocksdb.lib(block_based_table_iterator.cc.obj) : error LNK2038: Konflikt ermittelt f├╝r "RuntimeLibrary": Der Wert "MT_StaticRelease" stimmt nicht mit dem Wert "MD_DynamicRelease" in test_diff_engine.obj ├╝berein. [C:\VCC\themis\build-msvc-tests\tests\test_diff_engine.vcxproj]
rocksdb.lib(block_cache.cc.obj) : error LNK2038: Konflikt ermittelt f├╝r "RuntimeLibrary": Der Wert "MT_StaticRelease" stimmt nicht mit dem Wert "MD_DynamicRelease" in test_pitr_manager.obj ├╝berein. [C:\VCC\themis\build-msvc-tests\tests\test_pitr_manager.vcxproj]
rocksdb.lib(index_builder.cc.obj) : error LNK2038: Konflikt ermittelt f├╝r "RuntimeLibrary": Der Wert "MT_StaticRelease" stimmt nicht mit dem Wert "MD_DynamicRelease" in test_pitr_manager.obj ├╝berein. [C:\VCC\themis\build-msvc-tests\tests\test_pitr_manager.vcxproj]
rocksdb.lib(hash_index_reader.cc.obj) : error LNK2038: Konflikt ermittelt f├╝r "RuntimeLibrary": Der Wert "MT_StaticRelease" stimmt nicht mit dem Wert "MD_DynamicRelease" in test_diff_engine.obj ├╝berein. [C:\VCC\themis\build-msvc-tests\tests\test_diff_engine.vcxproj]
rocksdb.lib(full_filter_block.cc.obj) : error LNK2038: Konflikt ermittelt f├╝r "RuntimeLibrary": Der Wert "MT_StaticRelease" stimmt nicht mit dem Wert "MD_DynamicRelease" in test_pitr_manager.obj ├╝berein. [C:\VCC\themis\build-msvc-tests\tests\test_pitr_manager.vcxproj]
rocksdb.lib(partitioned_index_reader.cc.obj) : error LNK2038: Konflikt ermittelt f├╝r "RuntimeLibrary": Der Wert "MT_StaticRelease" stimmt nicht mit dem Wert "MD_DynamicRelease" in test_diff_engine.obj ├╝berein. [C:\VCC\themis\build-msvc-tests\tests\test_diff_engine.vcxproj]
rocksdb.lib(partitioned_filter_block.cc.obj) : error LNK2038: Konflikt ermittelt f├╝r "RuntimeLibrary": Der Wert "MT_StaticRelease" stimmt nicht mit dem Wert "MD_DynamicRelease" in test_pitr_manager.obj ├╝berein. [C:\VCC\themis\build-msvc-tests\tests\test_pitr_manager.vcxproj]
rocksdb.lib(block_fetcher.cc.obj) : error LNK2038: Konflikt ermittelt f├╝r "RuntimeLibrary": Der Wert "MT_StaticRelease" stimmt nicht mit dem Wert "MD_DynamicRelease" in test_diff_engine.obj ├╝berein. [C:\VCC\themis\build-msvc-tests\tests\test_diff_engine.vcxproj]
rocksdb.lib(parsed_full_filter_block.cc.obj) : error LNK2038: Konflikt ermittelt f├╝r "RuntimeLibrary": Der Wert "MT_StaticRelease" stimmt nicht mit dem Wert "MD_DynamicRelease" in test_pitr_manager.obj ├╝berein. [C:\VCC\themis\build-msvc-tests\tests\test_pitr_manager.vcxproj]
rocksdb.lib(uncompression_dict_reader.cc.obj) : error LNK2038: Konflikt ermittelt f├╝r "RuntimeLibrary": Der Wert "MT_StaticRelease" stimmt nicht mit dem Wert "MD_DynamicRelease" in test_pitr_manager.obj ├╝berein. [C:\VCC\themis\build-msvc-tests\tests\test_pitr_manager.vcxproj]
rocksdb.lib(sst_file_writer.cc.obj) : error LNK2038: Konflikt ermittelt f├╝r "RuntimeLibrary": Der Wert "MT_StaticRelease" stimmt nicht mit dem Wert "MD_DynamicRelease" in test_diff_engine.obj ├╝berein. [C:\VCC\themis\build-msvc-tests\tests\test_diff_engine.vcxproj]
rocksdb.lib(get_context.cc.obj) : error LNK2038: Konflikt ermittelt f├╝r "RuntimeLibrary": Der Wert "MT_StaticRelease" stimmt nicht mit dem Wert "MD_DynamicRelease" in test_pitr_manager.obj ├╝berein. [C:\VCC\themis\build-msvc-tests\tests\test_pitr_manager.vcxproj]
rocksdb.lib(reader_common.cc.obj) : error LNK2038: Konflikt ermittelt f├╝r "RuntimeLibrary": Der Wert "MT_StaticRelease" stimmt nicht mit dem Wert "MD_DynamicRelease" in test_pitr_manager.obj ├╝berein. [C:\VCC\themis\build-msvc-tests\tests\test_pitr_manager.vcxproj]
rocksdb.lib(binary_search_index_reader.cc.obj) : error LNK2038: Konflikt ermittelt f├╝r "RuntimeLibrary": Der Wert "MT_StaticRelease" stimmt nicht mit dem Wert "MD_DynamicRelease" in test_pitr_manager.obj ├╝berein. [C:\VCC\themis\build-msvc-tests\tests\test_pitr_manager.vcxproj]
rocksdb.lib(block_based_table_iterator.cc.obj) : error LNK2038: Konflikt ermittelt f├╝r "RuntimeLibrary": Der Wert "MT_StaticRelease" stimmt nicht mit dem Wert "MD_DynamicRelease" in test_pitr_manager.obj ├╝berein. [C:\VCC\themis\build-msvc-tests\tests\test_pitr_manager.vcxproj]
rocksdb.lib(clock_cache.cc.obj) : error LNK2038: Konflikt ermittelt f├╝r "RuntimeLibrary": Der Wert "MT_StaticRelease" stimmt nicht mit dem Wert "MD_DynamicRelease" in test_diff_engine.obj ├╝berein. [C:\VCC\themis\build-msvc-tests\tests\test_diff_engine.vcxproj]
rocksdb.lib(hash_index_reader.cc.obj) : error LNK2038: Konflikt ermittelt f├╝r "RuntimeLibrary": Der Wert "MT_StaticRelease" stimmt nicht mit dem Wert "MD_DynamicRelease" in test_pitr_manager.obj ├╝berein. [C:\VCC\themis\build-msvc-tests\tests\test_pitr_manager.vcxproj]
rocksdb.lib(partitioned_index_reader.cc.obj) : error LNK2038: Konflikt ermittelt f├╝r "RuntimeLibrary": Der Wert "MT_StaticRelease" stimmt nicht mit dem Wert "MD_DynamicRelease" in test_pitr_manager.obj ├╝berein. [C:\VCC\themis\build-msvc-tests\tests\test_pitr_manager.vcxproj]
rocksdb.lib(tiered_secondary_cache.cc.obj) : error LNK2038: Konflikt ermittelt f├╝r "RuntimeLibrary": Der Wert "MT_StaticRelease" stimmt nicht mit dem Wert "MD_DynamicRelease" in test_diff_engine.obj ├╝berein. [C:\VCC\themis\build-msvc-tests\tests\test_diff_engine.vcxproj]
rocksdb.lib(block_fetcher.cc.obj) : error LNK2038: Konflikt ermittelt f├╝r "RuntimeLibrary": Der Wert "MT_StaticRelease" stimmt nicht mit dem Wert "MD_DynamicRelease" in test_pitr_manager.obj ├╝berein. [C:\VCC\themis\build-msvc-tests\tests\test_pitr_manager.vcxproj]
rocksdb.lib(auto_roll_logger.cc.obj) : error LNK2038: Konflikt ermittelt f├╝r "RuntimeLibrary": Der Wert "MT_StaticRelease" stimmt nicht mit dem Wert "MD_DynamicRelease" in test_diff_engine.obj ├╝berein. [C:\VCC\themis\build-msvc-tests\tests\test_diff_engine.vcxproj]
rocksdb.lib(sst_file_writer.cc.obj) : error LNK2038: Konflikt ermittelt f├╝r "RuntimeLibrary": Der Wert "MT_StaticRelease" stimmt nicht mit dem Wert "MD_DynamicRelease" in test_pitr_manager.obj ├╝berein. [C:\VCC\themis\build-msvc-tests\tests\test_pitr_manager.vcxproj]
rocksdb.lib(event_logger.cc.obj) : error LNK2038: Konflikt ermittelt f├╝r "RuntimeLibrary": Der Wert "MT_StaticRelease" stimmt nicht mit dem Wert "MD_DynamicRelease" in test_diff_engine.obj ├╝berein. [C:\VCC\themis\build-msvc-tests\tests\test_diff_engine.vcxproj]
rocksdb.lib(wal_edit.cc.obj) : error LNK2038: Konflikt ermittelt f├╝r "RuntimeLibrary": Der Wert "MT_StaticRelease" stimmt nicht mit dem Wert "MD_DynamicRelease" in test_diff_engine.obj ├╝berein. [C:\VCC\themis\build-msvc-tests\tests\test_diff_engine.vcxproj]
rocksdb.lib(clock_cache.cc.obj) : error LNK2038: Konflikt ermittelt f├╝r "RuntimeLibrary": Der Wert "MT_StaticRelease" stimmt nicht mit dem Wert "MD_DynamicRelease" in test_pitr_manager.obj ├╝berein. [C:\VCC\themis\build-msvc-tests\tests\test_pitr_manager.vcxproj]
rocksdb.lib(log_reader.cc.obj) : error LNK2038: Konflikt ermittelt f├╝r "RuntimeLibrary": Der Wert "MT_StaticRelease" stimmt nicht mit dem Wert "MD_DynamicRelease" in test_diff_engine.obj ├╝berein. [C:\VCC\themis\build-msvc-tests\tests\test_diff_engine.vcxproj]
rocksdb.lib(tiered_secondary_cache.cc.obj) : error LNK2038: Konflikt ermittelt f├╝r "RuntimeLibrary": Der Wert "MT_StaticRelease" stimmt nicht mit dem Wert "MD_DynamicRelease" in test_pitr_manager.obj ├╝berein. [C:\VCC\themis\build-msvc-tests\tests\test_pitr_manager.vcxproj]
rocksdb.lib(builder.cc.obj) : error LNK2038: Konflikt ermittelt f├╝r "RuntimeLibrary": Der Wert "MT_StaticRelease" stimmt nicht mit dem Wert "MD_DynamicRelease" in test_diff_engine.obj ├╝berein. [C:\VCC\themis\build-msvc-tests\tests\test_diff_engine.vcxproj]
rocksdb.lib(auto_roll_logger.cc.obj) : error LNK2038: Konflikt ermittelt f├╝r "RuntimeLibrary": Der Wert "MT_StaticRelease" stimmt nicht mit dem Wert "MD_DynamicRelease" in test_pitr_manager.obj ├╝berein. [C:\VCC\themis\build-msvc-tests\tests\test_pitr_manager.vcxproj]
rocksdb.lib(event_logger.cc.obj) : error LNK2038: Konflikt ermittelt f├╝r "RuntimeLibrary": Der Wert "MT_StaticRelease" stimmt nicht mit dem Wert "MD_DynamicRelease" in test_pitr_manager.obj ├╝berein. [C:\VCC\themis\build-msvc-tests\tests\test_pitr_manager.vcxproj]
rocksdb.lib(snapshot_checker.cc.obj) : error LNK2038: Konflikt ermittelt f├╝r "RuntimeLibrary": Der Wert "MT_StaticRelease" stimmt nicht mit dem Wert "MD_DynamicRelease" in test_diff_engine.obj ├╝berein. [C:\VCC\themis\build-msvc-tests\tests\test_diff_engine.vcxproj]
rocksdb.lib(wal_edit.cc.obj) : error LNK2038: Konflikt ermittelt f├╝r "RuntimeLibrary": Der Wert "MT_StaticRelease" stimmt nicht mit dem Wert "MD_DynamicRelease" in test_pitr_manager.obj ├╝berein. [C:\VCC\themis\build-msvc-tests\tests\test_pitr_manager.vcxproj]
rocksdb.lib(read_write_util.cc.obj) : error LNK2038: Konflikt ermittelt f├╝r "RuntimeLibrary": Der Wert "MT_StaticRelease" stimmt nicht mit dem Wert "MD_DynamicRelease" in test_diff_engine.obj ├╝berein. [C:\VCC\themis\build-msvc-tests\tests\test_diff_engine.vcxproj]
rocksdb.lib(transaction_util.cc.obj) : error LNK2038: Konflikt ermittelt f├╝r "RuntimeLibrary": Der Wert "MT_StaticRelease" stimmt nicht mit dem Wert "MD_DynamicRelease" in test_diff_engine.obj ├╝berein. [C:\VCC\themis\build-msvc-tests\tests\test_diff_engine.vcxproj]
rocksdb.lib(transaction_base.cc.obj) : error LNK2038: Konflikt ermittelt f├╝r "RuntimeLibrary": Der Wert "MT_StaticRelease" stimmt nicht mit dem Wert "MD_DynamicRelease" in test_diff_engine.obj ├╝berein. [C:\VCC\themis\build-msvc-tests\tests\test_diff_engine.vcxproj]
rocksdb.lib(log_reader.cc.obj) : error LNK2038: Konflikt ermittelt f├╝r "RuntimeLibrary": Der Wert "MT_StaticRelease" stimmt nicht mit dem Wert "MD_DynamicRelease" in test_pitr_manager.obj ├╝berein. [C:\VCC\themis\build-msvc-tests\tests\test_pitr_manager.vcxproj]
rocksdb.lib(point_lock_manager.cc.obj) : error LNK2038: Konflikt ermittelt f├╝r "RuntimeLibrary": Der Wert "MT_StaticRelease" stimmt nicht mit dem Wert "MD_DynamicRelease" in test_diff_engine.obj ├╝berein. [C:\VCC\themis\build-msvc-tests\tests\test_diff_engine.vcxproj]
rocksdb.lib(builder.cc.obj) : error LNK2038: Konflikt ermittelt f├╝r "RuntimeLibrary": Der Wert "MT_StaticRelease" stimmt nicht mit dem Wert "MD_DynamicRelease" in test_pitr_manager.obj ├╝berein. [C:\VCC\themis\build-msvc-tests\tests\test_pitr_manager.vcxproj]
rocksdb.lib(snapshot_checker.cc.obj) : error LNK2038: Konflikt ermittelt f├╝r "RuntimeLibrary": Der Wert "MT_StaticRelease" stimmt nicht mit dem Wert "MD_DynamicRelease" in test_pitr_manager.obj ├╝berein. [C:\VCC\themis\build-msvc-tests\tests\test_pitr_manager.vcxproj]
rocksdb.lib(read_write_util.cc.obj) : error LNK2038: Konflikt ermittelt f├╝r "RuntimeLibrary": Der Wert "MT_StaticRelease" stimmt nicht mit dem Wert "MD_DynamicRelease" in test_pitr_manager.obj ├╝berein. [C:\VCC\themis\build-msvc-tests\tests\test_pitr_manager.vcxproj]
rocksdb.lib(transaction_util.cc.obj) : error LNK2038: Konflikt ermittelt f├╝r "RuntimeLibrary": Der Wert "MT_StaticRelease" stimmt nicht mit dem Wert "MD_DynamicRelease" in test_pitr_manager.obj ├╝berein. [C:\VCC\themis\build-msvc-tests\tests\test_pitr_manager.vcxproj]
rocksdb.lib(transaction_base.cc.obj) : error LNK2038: Konflikt ermittelt f├╝r "RuntimeLibrary": Der Wert "MT_StaticRelease" stimmt nicht mit dem Wert "MD_DynamicRelease" in test_pitr_manager.obj ├╝berein. [C:\VCC\themis\build-msvc-tests\tests\test_pitr_manager.vcxproj]
rocksdb.lib(write_prepared_txn.cc.obj) : error LNK2038: Konflikt ermittelt f├╝r "RuntimeLibrary": Der Wert "MT_StaticRelease" stimmt nicht mit dem Wert "MD_DynamicRelease" in test_diff_engine.obj ├╝berein. [C:\VCC\themis\build-msvc-tests\tests\test_diff_engine.vcxproj]
rocksdb.lib(write_unprepared_txn.cc.obj) : error LNK2038: Konflikt ermittelt f├╝r "RuntimeLibrary": Der Wert "MT_StaticRelease" stimmt nicht mit dem Wert "MD_DynamicRelease" in test_diff_engine.obj ├╝berein. [C:\VCC\themis\build-msvc-tests\tests\test_diff_engine.vcxproj]
rocksdb.lib(point_lock_manager.cc.obj) : error LNK2038: Konflikt ermittelt f├╝r "RuntimeLibrary": Der Wert "MT_StaticRelease" stimmt nicht mit dem Wert "MD_DynamicRelease" in test_pitr_manager.obj ├╝berein. [C:\VCC\themis\build-msvc-tests\tests\test_pitr_manager.vcxproj]
rocksdb.lib(trace_record.cc.obj) : error LNK2038: Konflikt ermittelt f├╝r "RuntimeLibrary": Der Wert "MT_StaticRelease" stimmt nicht mit dem Wert "MD_DynamicRelease" in test_diff_engine.obj ├╝berein. [C:\VCC\themis\build-msvc-tests\tests\test_diff_engine.vcxproj]
rocksdb.lib(compact_on_deletion_collector.cc.obj) : error LNK2038: Konflikt ermittelt f├╝r "RuntimeLibrary": Der Wert "MT_StaticRelease" stimmt nicht mit dem Wert "MD_DynamicRelease" in test_diff_engine.obj ├╝berein. [C:\VCC\themis\build-msvc-tests\tests\test_diff_engine.vcxproj]
rocksdb.lib(write_prepared_txn.cc.obj) : error LNK2038: Konflikt ermittelt f├╝r "RuntimeLibrary": Der Wert "MT_StaticRelease" stimmt nicht mit dem Wert "MD_DynamicRelease" in test_pitr_manager.obj ├╝berein. [C:\VCC\themis\build-msvc-tests\tests\test_pitr_manager.vcxproj]
rocksdb.lib(sst_partitioner.cc.obj) : error LNK2038: Konflikt ermittelt f├╝r "RuntimeLibrary": Der Wert "MT_StaticRelease" stimmt nicht mit dem Wert "MD_DynamicRelease" in test_diff_engine.obj ├╝berein. [C:\VCC\themis\build-msvc-tests\tests\test_diff_engine.vcxproj]
rocksdb.lib(write_unprepared_txn.cc.obj) : error LNK2038: Konflikt ermittelt f├╝r "RuntimeLibrary": Der Wert "MT_StaticRelease" stimmt nicht mit dem Wert "MD_DynamicRelease" in test_pitr_manager.obj ├╝berein. [C:\VCC\themis\build-msvc-tests\tests\test_pitr_manager.vcxproj]
rocksdb.lib(table_factory.cc.obj) : error LNK2038: Konflikt ermittelt f├╝r "RuntimeLibrary": Der Wert "MT_StaticRelease" stimmt nicht mit dem Wert "MD_DynamicRelease" in test_diff_engine.obj ├╝berein. [C:\VCC\themis\build-msvc-tests\tests\test_diff_engine.vcxproj]
rocksdb.lib(compaction_filters.cc.obj) : error LNK2038: Konflikt ermittelt f├╝r "RuntimeLibrary": Der Wert "MT_StaticRelease" stimmt nicht mit dem Wert "MD_DynamicRelease" in test_diff_engine.obj ├╝berein. [C:\VCC\themis\build-msvc-tests\tests\test_diff_engine.vcxproj]
rocksdb.lib(trace_record.cc.obj) : error LNK2038: Konflikt ermittelt f├╝r "RuntimeLibrary": Der Wert "MT_StaticRelease" stimmt nicht mit dem Wert "MD_DynamicRelease" in test_pitr_manager.obj ├╝berein. [C:\VCC\themis\build-msvc-tests\tests\test_pitr_manager.vcxproj]
rocksdb.lib(compact_on_deletion_collector.cc.obj) : error LNK2038: Konflikt ermittelt f├╝r "RuntimeLibrary": Der Wert "MT_StaticRelease" stimmt nicht mit dem Wert "MD_DynamicRelease" in test_pitr_manager.obj ├╝berein. [C:\VCC\themis\build-msvc-tests\tests\test_pitr_manager.vcxproj]
rocksdb.lib(merge_operators.cc.obj) : error LNK2038: Konflikt ermittelt f├╝r "RuntimeLibrary": Der Wert "MT_StaticRelease" stimmt nicht mit dem Wert "MD_DynamicRelease" in test_diff_engine.obj ├╝berein. [C:\VCC\themis\build-msvc-tests\tests\test_diff_engine.vcxproj]
rocksdb.lib(sst_partitioner.cc.obj) : error LNK2038: Konflikt ermittelt f├╝r "RuntimeLibrary": Der Wert "MT_StaticRelease" stimmt nicht mit dem Wert "MD_DynamicRelease" in test_pitr_manager.obj ├╝berein. [C:\VCC\themis\build-msvc-tests\tests\test_pitr_manager.vcxproj]
rocksdb.lib(blob_file_addition.cc.obj) : error LNK2038: Konflikt ermittelt f├╝r "RuntimeLibrary": Der Wert "MT_StaticRelease" stimmt nicht mit dem Wert "MD_DynamicRelease" in test_diff_engine.obj ├╝berein. [C:\VCC\themis\build-msvc-tests\tests\test_diff_engine.vcxproj]
rocksdb.lib(table_factory.cc.obj) : error LNK2038: Konflikt ermittelt f├╝r "RuntimeLibrary": Der Wert "MT_StaticRelease" stimmt nicht mit dem Wert "MD_DynamicRelease" in test_pitr_manager.obj ├╝berein. [C:\VCC\themis\build-msvc-tests\tests\test_pitr_manager.vcxproj]
rocksdb.lib(blob_file_garbage.cc.obj) : error LNK2038: Konflikt ermittelt f├╝r "RuntimeLibrary": Der Wert "MT_StaticRelease" stimmt nicht mit dem Wert "MD_DynamicRelease" in test_diff_engine.obj ├╝berein. [C:\VCC\themis\build-msvc-tests\tests\test_diff_engine.vcxproj]
rocksdb.lib(compaction_filters.cc.obj) : error LNK2038: Konflikt ermittelt f├╝r "RuntimeLibrary": Der Wert "MT_StaticRelease" stimmt nicht mit dem Wert "MD_DynamicRelease" in test_pitr_manager.obj ├╝berein. [C:\VCC\themis\build-msvc-tests\tests\test_pitr_manager.vcxproj]
rocksdb.lib(write_batch_util.cc.obj) : error LNK2038: Konflikt ermittelt f├╝r "RuntimeLibrary": Der Wert "MT_StaticRelease" stimmt nicht mit dem Wert "MD_DynamicRelease" in test_diff_engine.obj ├╝berein. [C:\VCC\themis\build-msvc-tests\tests\test_diff_engine.vcxproj]
rocksdb.lib(merge_operators.cc.obj) : error LNK2038: Konflikt ermittelt f├╝r "RuntimeLibrary": Der Wert "MT_StaticRelease" stimmt nicht mit dem Wert "MD_DynamicRelease" in test_pitr_manager.obj ├╝berein. [C:\VCC\themis\build-msvc-tests\tests\test_pitr_manager.vcxproj]
rocksdb.lib(blob_file_meta.cc.obj) : error LNK2038: Konflikt ermittelt f├╝r "RuntimeLibrary": Der Wert "MT_StaticRelease" stimmt nicht mit dem Wert "MD_DynamicRelease" in test_diff_engine.obj ├╝berein. [C:\VCC\themis\build-msvc-tests\tests\test_diff_engine.vcxproj]
rocksdb.lib(blob_file_addition.cc.obj) : error LNK2038: Konflikt ermittelt f├╝r "RuntimeLibrary": Der Wert "MT_StaticRelease" stimmt nicht mit dem Wert "MD_DynamicRelease" in test_pitr_manager.obj ├╝berein. [C:\VCC\themis\build-msvc-tests\tests\test_pitr_manager.vcxproj]
rocksdb.lib(file_indexer.cc.obj) : error LNK2038: Konflikt ermittelt f├╝r "RuntimeLibrary": Der Wert "MT_StaticRelease" stimmt nicht mit dem Wert "MD_DynamicRelease" in test_diff_engine.obj ├╝berein. [C:\VCC\themis\build-msvc-tests\tests\test_diff_engine.vcxproj]
rocksdb.lib(blob_file_garbage.cc.obj) : error LNK2038: Konflikt ermittelt f├╝r "RuntimeLibrary": Der Wert "MT_StaticRelease" stimmt nicht mit dem Wert "MD_DynamicRelease" in test_pitr_manager.obj ├╝berein. [C:\VCC\themis\build-msvc-tests\tests\test_pitr_manager.vcxproj]
rocksdb.lib(version_builder.cc.obj) : error LNK2038: Konflikt ermittelt f├╝r "RuntimeLibrary": Der Wert "MT_StaticRelease" stimmt nicht mit dem Wert "MD_DynamicRelease" in test_diff_engine.obj ├╝berein. [C:\VCC\themis\build-msvc-tests\tests\test_diff_engine.vcxproj]
rocksdb.lib(write_batch_util.cc.obj) : error LNK2038: Konflikt ermittelt f├╝r "RuntimeLibrary": Der Wert "MT_StaticRelease" stimmt nicht mit dem Wert "MD_DynamicRelease" in test_pitr_manager.obj ├╝berein. [C:\VCC\themis\build-msvc-tests\tests\test_pitr_manager.vcxproj]
rocksdb.lib(blob_file_meta.cc.obj) : error LNK2038: Konflikt ermittelt f├╝r "RuntimeLibrary": Der Wert "MT_StaticRelease" stimmt nicht mit dem Wert "MD_DynamicRelease" in test_pitr_manager.obj ├╝berein. [C:\VCC\themis\build-msvc-tests\tests\test_pitr_manager.vcxproj]
rocksdb.lib(file_indexer.cc.obj) : error LNK2038: Konflikt ermittelt f├╝r "RuntimeLibrary": Der Wert "MT_StaticRelease" stimmt nicht mit dem Wert "MD_DynamicRelease" in test_pitr_manager.obj ├╝berein. [C:\VCC\themis\build-msvc-tests\tests\test_pitr_manager.vcxproj]
rocksdb.lib(version_builder.cc.obj) : error LNK2038: Konflikt ermittelt f├╝r "RuntimeLibrary": Der Wert "MT_StaticRelease" stimmt nicht mit dem Wert "MD_DynamicRelease" in test_pitr_manager.obj ├╝berein. [C:\VCC\themis\build-msvc-tests\tests\test_pitr_manager.vcxproj]
rocksdb.lib(version_edit_handler.cc.obj) : error LNK2038: Konflikt ermittelt f├╝r "RuntimeLibrary": Der Wert "MT_StaticRelease" stimmt nicht mit dem Wert "MD_DynamicRelease" in test_diff_engine.obj ├╝berein. [C:\VCC\themis\build-msvc-tests\tests\test_diff_engine.vcxproj]
rocksdb.lib(version_edit_handler.cc.obj) : error LNK2038: Konflikt ermittelt f├╝r "RuntimeLibrary": Der Wert "MT_StaticRelease" stimmt nicht mit dem Wert "MD_DynamicRelease" in test_pitr_manager.obj ├╝berein. [C:\VCC\themis\build-msvc-tests\tests\test_pitr_manager.vcxproj]
rocksdb.lib(compaction_merging_iterator.cc.obj) : error LNK2038: Konflikt ermittelt f├╝r "RuntimeLibrary": Der Wert "MT_StaticRelease" stimmt nicht mit dem Wert "MD_DynamicRelease" in test_diff_engine.obj ├╝berein. [C:\VCC\themis\build-msvc-tests\tests\test_diff_engine.vcxproj]
rocksdb.lib(write_stall_stats.cc.obj) : error LNK2038: Konflikt ermittelt f├╝r "RuntimeLibrary": Der Wert "MT_StaticRelease" stimmt nicht mit dem Wert "MD_DynamicRelease" in test_diff_engine.obj ├╝berein. [C:\VCC\themis\build-msvc-tests\tests\test_diff_engine.vcxproj]
rocksdb.lib(compaction_merging_iterator.cc.obj) : error LNK2038: Konflikt ermittelt f├╝r "RuntimeLibrary": Der Wert "MT_StaticRelease" stimmt nicht mit dem Wert "MD_DynamicRelease" in test_pitr_manager.obj ├╝berein. [C:\VCC\themis\build-msvc-tests\tests\test_pitr_manager.vcxproj]
rocksdb.lib(compression.cc.obj) : error LNK2038: Konflikt ermittelt f├╝r "RuntimeLibrary": Der Wert "MT_StaticRelease" stimmt nicht mit dem Wert "MD_DynamicRelease" in test_diff_engine.obj ├╝berein. [C:\VCC\themis\build-msvc-tests\tests\test_diff_engine.vcxproj]
rocksdb.lib(transaction_log_impl.cc.obj) : error LNK2038: Konflikt ermittelt f├╝r "RuntimeLibrary": Der Wert "MT_StaticRelease" stimmt nicht mit dem Wert "MD_DynamicRelease" in test_diff_engine.obj ├╝berein. [C:\VCC\themis\build-msvc-tests\tests\test_diff_engine.vcxproj]
rocksdb.lib(write_stall_stats.cc.obj) : error LNK2038: Konflikt ermittelt f├╝r "RuntimeLibrary": Der Wert "MT_StaticRelease" stimmt nicht mit dem Wert "MD_DynamicRelease" in test_pitr_manager.obj ├╝berein. [C:\VCC\themis\build-msvc-tests\tests\test_pitr_manager.vcxproj]
rocksdb.lib(compression.cc.obj) : error LNK2038: Konflikt ermittelt f├╝r "RuntimeLibrary": Der Wert "MT_StaticRelease" stimmt nicht mit dem Wert "MD_DynamicRelease" in test_pitr_manager.obj ├╝berein. [C:\VCC\themis\build-msvc-tests\tests\test_pitr_manager.vcxproj]
rocksdb.lib(transaction_log_impl.cc.obj) : error LNK2038: Konflikt ermittelt f├╝r "RuntimeLibrary": Der Wert "MT_StaticRelease" stimmt nicht mit dem Wert "MD_DynamicRelease" in test_pitr_manager.obj ├╝berein. [C:\VCC\themis\build-msvc-tests\tests\test_pitr_manager.vcxproj]
rocksdb.lib(compaction_job_stats_impl.cc.obj) : error LNK2038: Konflikt ermittelt f├╝r "RuntimeLibrary": Der Wert "MT_StaticRelease" stimmt nicht mit dem Wert "MD_DynamicRelease" in test_diff_engine.obj ├╝berein. [C:\VCC\themis\build-msvc-tests\tests\test_diff_engine.vcxproj]
rocksdb.lib(compaction_job_stats_impl.cc.obj) : error LNK2038: Konflikt ermittelt f├╝r "RuntimeLibrary": Der Wert "MT_StaticRelease" stimmt nicht mit dem Wert "MD_DynamicRelease" in test_pitr_manager.obj ├╝berein. [C:\VCC\themis\build-msvc-tests\tests\test_pitr_manager.vcxproj]
rocksdb.lib(compaction_job.cc.obj) : error LNK2038: Konflikt ermittelt f├╝r "RuntimeLibrary": Der Wert "MT_StaticRelease" stimmt nicht mit dem Wert "MD_DynamicRelease" in test_diff_engine.obj ├╝berein. [C:\VCC\themis\build-msvc-tests\tests\test_diff_engine.vcxproj]
rocksdb.lib(compaction_job.cc.obj) : error LNK2038: Konflikt ermittelt f├╝r "RuntimeLibrary": Der Wert "MT_StaticRelease" stimmt nicht mit dem Wert "MD_DynamicRelease" in test_pitr_manager.obj ├╝berein. [C:\VCC\themis\build-msvc-tests\tests\test_pitr_manager.vcxproj]
rocksdb.lib(flush_job.cc.obj) : error LNK2038: Konflikt ermittelt f├╝r "RuntimeLibrary": Der Wert "MT_StaticRelease" stimmt nicht mit dem Wert "MD_DynamicRelease" in test_pitr_manager.obj ├╝berein. [C:\VCC\themis\build-msvc-tests\tests\test_pitr_manager.vcxproj]
rocksdb.lib(flush_job.cc.obj) : error LNK2038: Konflikt ermittelt f├╝r "RuntimeLibrary": Der Wert "MT_StaticRelease" stimmt nicht mit dem Wert "MD_DynamicRelease" in test_diff_engine.obj ├╝berein. [C:\VCC\themis\build-msvc-tests\tests\test_diff_engine.vcxproj]
rocksdb.lib(concurrent_task_limiter_impl.cc.obj) : error LNK2038: Konflikt ermittelt f├╝r "RuntimeLibrary": Der Wert "MT_StaticRelease" stimmt nicht mit dem Wert "MD_DynamicRelease" in test_pitr_manager.obj ├╝berein. [C:\VCC\themis\build-msvc-tests\tests\test_pitr_manager.vcxproj]
rocksdb.lib(mmap.cc.obj) : error LNK2038: Konflikt ermittelt f├╝r "RuntimeLibrary": Der Wert "MT_StaticRelease" stimmt nicht mit dem Wert "MD_DynamicRelease" in test_pitr_manager.obj ├╝berein. [C:\VCC\themis\build-msvc-tests\tests\test_pitr_manager.vcxproj]
rocksdb.lib(blob_file_reader.cc.obj) : error LNK2038: Konflikt ermittelt f├╝r "RuntimeLibrary": Der Wert "MT_StaticRelease" stimmt nicht mit dem Wert "MD_DynamicRelease" in test_pitr_manager.obj ├╝berein. [C:\VCC\themis\build-msvc-tests\tests\test_pitr_manager.vcxproj]
rocksdb.lib(blob_contents.cc.obj) : error LNK2038: Konflikt ermittelt f├╝r "RuntimeLibrary": Der Wert "MT_StaticRelease" stimmt nicht mit dem Wert "MD_DynamicRelease" in test_pitr_manager.obj ├╝berein. [C:\VCC\themis\build-msvc-tests\tests\test_pitr_manager.vcxproj]
rocksdb.lib(charged_cache.cc.obj) : error LNK2038: Konflikt ermittelt f├╝r "RuntimeLibrary": Der Wert "MT_StaticRelease" stimmt nicht mit dem Wert "MD_DynamicRelease" in test_pitr_manager.obj ├╝berein. [C:\VCC\themis\build-msvc-tests\tests\test_pitr_manager.vcxproj]
rocksdb.lib(plain_table_bloom.cc.obj) : error LNK2038: Konflikt ermittelt f├╝r "RuntimeLibrary": Der Wert "MT_StaticRelease" stimmt nicht mit dem Wert "MD_DynamicRelease" in test_pitr_manager.obj ├╝berein. [C:\VCC\themis\build-msvc-tests\tests\test_pitr_manager.vcxproj]
rocksdb.lib(plain_table_index.cc.obj) : error LNK2038: Konflikt ermittelt f├╝r "RuntimeLibrary": Der Wert "MT_StaticRelease" stimmt nicht mit dem Wert "MD_DynamicRelease" in test_pitr_manager.obj ├╝berein. [C:\VCC\themis\build-msvc-tests\tests\test_pitr_manager.vcxproj]
rocksdb.lib(plain_table_key_coding.cc.obj) : error LNK2038: Konflikt ermittelt f├╝r "RuntimeLibrary": Der Wert "MT_StaticRelease" stimmt nicht mit dem Wert "MD_DynamicRelease" in test_pitr_manager.obj ├╝berein. [C:\VCC\themis\build-msvc-tests\tests\test_pitr_manager.vcxproj]
rocksdb.lib(concurrent_task_limiter_impl.cc.obj) : error LNK2038: Konflikt ermittelt f├╝r "RuntimeLibrary": Der Wert "MT_StaticRelease" stimmt nicht mit dem Wert "MD_DynamicRelease" in test_diff_engine.obj ├╝berein. [C:\VCC\themis\build-msvc-tests\tests\test_diff_engine.vcxproj]
rocksdb.lib(mmap.cc.obj) : error LNK2038: Konflikt ermittelt f├╝r "RuntimeLibrary": Der Wert "MT_StaticRelease" stimmt nicht mit dem Wert "MD_DynamicRelease" in test_diff_engine.obj ├╝berein. [C:\VCC\themis\build-msvc-tests\tests\test_diff_engine.vcxproj]
rocksdb.lib(blob_file_reader.cc.obj) : error LNK2038: Konflikt ermittelt f├╝r "RuntimeLibrary": Der Wert "MT_StaticRelease" stimmt nicht mit dem Wert "MD_DynamicRelease" in test_diff_engine.obj ├╝berein. [C:\VCC\themis\build-msvc-tests\tests\test_diff_engine.vcxproj]
rocksdb.lib(vectorrep.cc.obj) : error LNK2038: Konflikt ermittelt f├╝r "RuntimeLibrary": Der Wert "MT_StaticRelease" stimmt nicht mit dem Wert "MD_DynamicRelease" in test_pitr_manager.obj ├╝berein. [C:\VCC\themis\build-msvc-tests\tests\test_pitr_manager.vcxproj]
rocksdb.lib(blob_contents.cc.obj) : error LNK2038: Konflikt ermittelt f├╝r "RuntimeLibrary": Der Wert "MT_StaticRelease" stimmt nicht mit dem Wert "MD_DynamicRelease" in test_diff_engine.obj ├╝berein. [C:\VCC\themis\build-msvc-tests\tests\test_diff_engine.vcxproj]
rocksdb.lib(charged_cache.cc.obj) : error LNK2038: Konflikt ermittelt f├╝r "RuntimeLibrary": Der Wert "MT_StaticRelease" stimmt nicht mit dem Wert "MD_DynamicRelease" in test_diff_engine.obj ├╝berein. [C:\VCC\themis\build-msvc-tests\tests\test_diff_engine.vcxproj]
rocksdb.lib(hash_skiplist_rep.cc.obj) : error LNK2038: Konflikt ermittelt f├╝r "RuntimeLibrary": Der Wert "MT_StaticRelease" stimmt nicht mit dem Wert "MD_DynamicRelease" in test_pitr_manager.obj ├╝berein. [C:\VCC\themis\build-msvc-tests\tests\test_pitr_manager.vcxproj]
rocksdb.lib(plain_table_bloom.cc.obj) : error LNK2038: Konflikt ermittelt f├╝r "RuntimeLibrary": Der Wert "MT_StaticRelease" stimmt nicht mit dem Wert "MD_DynamicRelease" in test_diff_engine.obj ├╝berein. [C:\VCC\themis\build-msvc-tests\tests\test_diff_engine.vcxproj]
rocksdb.lib(plain_table_index.cc.obj) : error LNK2038: Konflikt ermittelt f├╝r "RuntimeLibrary": Der Wert "MT_StaticRelease" stimmt nicht mit dem Wert "MD_DynamicRelease" in test_diff_engine.obj ├╝berein. [C:\VCC\themis\build-msvc-tests\tests\test_diff_engine.vcxproj]
rocksdb.lib(plain_table_key_coding.cc.obj) : error LNK2038: Konflikt ermittelt f├╝r "RuntimeLibrary": Der Wert "MT_StaticRelease" stimmt nicht mit dem Wert "MD_DynamicRelease" in test_diff_engine.obj ├╝berein. [C:\VCC\themis\build-msvc-tests\tests\test_diff_engine.vcxproj]
rocksdb.lib(hash_linklist_rep.cc.obj) : error LNK2038: Konflikt ermittelt f├╝r "RuntimeLibrary": Der Wert "MT_StaticRelease" stimmt nicht mit dem Wert "MD_DynamicRelease" in test_pitr_manager.obj ├╝berein. [C:\VCC\themis\build-msvc-tests\tests\test_pitr_manager.vcxproj]
rocksdb.lib(vectorrep.cc.obj) : error LNK2038: Konflikt ermittelt f├╝r "RuntimeLibrary": Der Wert "MT_StaticRelease" stimmt nicht mit dem Wert "MD_DynamicRelease" in test_diff_engine.obj ├╝berein. [C:\VCC\themis\build-msvc-tests\tests\test_diff_engine.vcxproj]
rocksdb.lib(hash_skiplist_rep.cc.obj) : error LNK2038: Konflikt ermittelt f├╝r "RuntimeLibrary": Der Wert "MT_StaticRelease" stimmt nicht mit dem Wert "MD_DynamicRelease" in test_diff_engine.obj ├╝berein. [C:\VCC\themis\build-msvc-tests\tests\test_diff_engine.vcxproj]
rocksdb.lib(plain_table_reader.cc.obj) : error LNK2038: Konflikt ermittelt f├╝r "RuntimeLibrary": Der Wert "MT_StaticRelease" stimmt nicht mit dem Wert "MD_DynamicRelease" in test_pitr_manager.obj ├╝berein. [C:\VCC\themis\build-msvc-tests\tests\test_pitr_manager.vcxproj]
rocksdb.lib(hash_linklist_rep.cc.obj) : error LNK2038: Konflikt ermittelt f├╝r "RuntimeLibrary": Der Wert "MT_StaticRelease" stimmt nicht mit dem Wert "MD_DynamicRelease" in test_diff_engine.obj ├╝berein. [C:\VCC\themis\build-msvc-tests\tests\test_diff_engine.vcxproj]
rocksdb.lib(cuckoo_table_reader.cc.obj) : error LNK2038: Konflikt ermittelt f├╝r "RuntimeLibrary": Der Wert "MT_StaticRelease" stimmt nicht mit dem Wert "MD_DynamicRelease" in test_pitr_manager.obj ├╝berein. [C:\VCC\themis\build-msvc-tests\tests\test_pitr_manager.vcxproj]
rocksdb.lib(plain_table_reader.cc.obj) : error LNK2038: Konflikt ermittelt f├╝r "RuntimeLibrary": Der Wert "MT_StaticRelease" stimmt nicht mit dem Wert "MD_DynamicRelease" in test_diff_engine.obj ├╝berein. [C:\VCC\themis\build-msvc-tests\tests\test_diff_engine.vcxproj]
rocksdb.lib(persistent_cache_helper.cc.obj) : error LNK2038: Konflikt ermittelt f├╝r "RuntimeLibrary": Der Wert "MT_StaticRelease" stimmt nicht mit dem Wert "MD_DynamicRelease" in test_pitr_manager.obj ├╝berein. [C:\VCC\themis\build-msvc-tests\tests\test_pitr_manager.vcxproj]
rocksdb.lib(murmurhash.cc.obj) : error LNK2038: Konflikt ermittelt f├╝r "RuntimeLibrary": Der Wert "MT_StaticRelease" stimmt nicht mit dem Wert "MD_DynamicRelease" in test_pitr_manager.obj ├╝berein. [C:\VCC\themis\build-msvc-tests\tests\test_pitr_manager.vcxproj]
rocksdb.lib(data_block_hash_index.cc.obj) : error LNK2038: Konflikt ermittelt f├╝r "RuntimeLibrary": Der Wert "MT_StaticRelease" stimmt nicht mit dem Wert "MD_DynamicRelease" in test_pitr_manager.obj ├╝berein. [C:\VCC\themis\build-msvc-tests\tests\test_pitr_manager.vcxproj]
rocksdb.lib(cuckoo_table_reader.cc.obj) : error LNK2038: Konflikt ermittelt f├╝r "RuntimeLibrary": Der Wert "MT_StaticRelease" stimmt nicht mit dem Wert "MD_DynamicRelease" in test_diff_engine.obj ├╝berein. [C:\VCC\themis\build-msvc-tests\tests\test_diff_engine.vcxproj]
rocksdb.lib(data_block_footer.cc.obj) : error LNK2038: Konflikt ermittelt f├╝r "RuntimeLibrary": Der Wert "MT_StaticRelease" stimmt nicht mit dem Wert "MD_DynamicRelease" in test_pitr_manager.obj ├╝berein. [C:\VCC\themis\build-msvc-tests\tests\test_pitr_manager.vcxproj]
rocksdb.lib(block_prefix_index.cc.obj) : error LNK2038: Konflikt ermittelt f├╝r "RuntimeLibrary": Der Wert "MT_StaticRelease" stimmt nicht mit dem Wert "MD_DynamicRelease" in test_pitr_manager.obj ├╝berein. [C:\VCC\themis\build-msvc-tests\tests\test_pitr_manager.vcxproj]
rocksdb.lib(filter_block_reader_common.cc.obj) : error LNK2038: Konflikt ermittelt f├╝r "RuntimeLibrary": Der Wert "MT_StaticRelease" stimmt nicht mit dem Wert "MD_DynamicRelease" in test_pitr_manager.obj ├╝berein. [C:\VCC\themis\build-msvc-tests\tests\test_pitr_manager.vcxproj]
rocksdb.lib(persistent_cache_helper.cc.obj) : error LNK2038: Konflikt ermittelt f├╝r "RuntimeLibrary": Der Wert "MT_StaticRelease" stimmt nicht mit dem Wert "MD_DynamicRelease" in test_diff_engine.obj ├╝berein. [C:\VCC\themis\build-msvc-tests\tests\test_diff_engine.vcxproj]
rocksdb.lib(index_reader_common.cc.obj) : error LNK2038: Konflikt ermittelt f├╝r "RuntimeLibrary": Der Wert "MT_StaticRelease" stimmt nicht mit dem Wert "MD_DynamicRelease" in test_pitr_manager.obj ├╝berein. [C:\VCC\themis\build-msvc-tests\tests\test_pitr_manager.vcxproj]
rocksdb.lib(murmurhash.cc.obj) : error LNK2038: Konflikt ermittelt f├╝r "RuntimeLibrary": Der Wert "MT_StaticRelease" stimmt nicht mit dem Wert "MD_DynamicRelease" in test_diff_engine.obj ├╝berein. [C:\VCC\themis\build-msvc-tests\tests\test_diff_engine.vcxproj]
rocksdb.lib(data_block_hash_index.cc.obj) : error LNK2038: Konflikt ermittelt f├╝r "RuntimeLibrary": Der Wert "MT_StaticRelease" stimmt nicht mit dem Wert "MD_DynamicRelease" in test_diff_engine.obj ├╝berein. [C:\VCC\themis\build-msvc-tests\tests\test_diff_engine.vcxproj]
rocksdb.lib(data_block_footer.cc.obj) : error LNK2038: Konflikt ermittelt f├╝r "RuntimeLibrary": Der Wert "MT_StaticRelease" stimmt nicht mit dem Wert "MD_DynamicRelease" in test_diff_engine.obj ├╝berein. [C:\VCC\themis\build-msvc-tests\tests\test_diff_engine.vcxproj]
rocksdb.lib(block_prefetcher.cc.obj) : error LNK2038: Konflikt ermittelt f├╝r "RuntimeLibrary": Der Wert "MT_StaticRelease" stimmt nicht mit dem Wert "MD_DynamicRelease" in test_pitr_manager.obj ├╝berein. [C:\VCC\themis\build-msvc-tests\tests\test_pitr_manager.vcxproj]
rocksdb.lib(block_prefix_index.cc.obj) : error LNK2038: Konflikt ermittelt f├╝r "RuntimeLibrary": Der Wert "MT_StaticRelease" stimmt nicht mit dem Wert "MD_DynamicRelease" in test_diff_engine.obj ├╝berein. [C:\VCC\themis\build-msvc-tests\tests\test_diff_engine.vcxproj]
rocksdb.lib(two_level_iterator.cc.obj) : error LNK2038: Konflikt ermittelt f├╝r "RuntimeLibrary": Der Wert "MT_StaticRelease" stimmt nicht mit dem Wert "MD_DynamicRelease" in test_pitr_manager.obj ├╝berein. [C:\VCC\themis\build-msvc-tests\tests\test_pitr_manager.vcxproj]
rocksdb.lib(filter_block_reader_common.cc.obj) : error LNK2038: Konflikt ermittelt f├╝r "RuntimeLibrary": Der Wert "MT_StaticRelease" stimmt nicht mit dem Wert "MD_DynamicRelease" in test_diff_engine.obj ├╝berein. [C:\VCC\themis\build-msvc-tests\tests\test_diff_engine.vcxproj]
rocksdb.lib(partitioned_index_iterator.cc.obj) : error LNK2038: Konflikt ermittelt f├╝r "RuntimeLibrary": Der Wert "MT_StaticRelease" stimmt nicht mit dem Wert "MD_DynamicRelease" in test_pitr_manager.obj ├╝berein. [C:\VCC\themis\build-msvc-tests\tests\test_pitr_manager.vcxproj]
rocksdb.lib(index_reader_common.cc.obj) : error LNK2038: Konflikt ermittelt f├╝r "RuntimeLibrary": Der Wert "MT_StaticRelease" stimmt nicht mit dem Wert "MD_DynamicRelease" in test_diff_engine.obj ├╝berein. [C:\VCC\themis\build-msvc-tests\tests\test_diff_engine.vcxproj]
rocksdb.lib(block_prefetcher.cc.obj) : error LNK2038: Konflikt ermittelt f├╝r "RuntimeLibrary": Der Wert "MT_StaticRelease" stimmt nicht mit dem Wert "MD_DynamicRelease" in test_diff_engine.obj ├╝berein. [C:\VCC\themis\build-msvc-tests\tests\test_diff_engine.vcxproj]
rocksdb.lib(blob_file_builder.cc.obj) : error LNK2038: Konflikt ermittelt f├╝r "RuntimeLibrary": Der Wert "MT_StaticRelease" stimmt nicht mit dem Wert "MD_DynamicRelease" in test_pitr_manager.obj ├╝berein. [C:\VCC\themis\build-msvc-tests\tests\test_pitr_manager.vcxproj]
rocksdb.lib(two_level_iterator.cc.obj) : error LNK2038: Konflikt ermittelt f├╝r "RuntimeLibrary": Der Wert "MT_StaticRelease" stimmt nicht mit dem Wert "MD_DynamicRelease" in test_diff_engine.obj ├╝berein. [C:\VCC\themis\build-msvc-tests\tests\test_diff_engine.vcxproj]
rocksdb.lib(partitioned_index_iterator.cc.obj) : error LNK2038: Konflikt ermittelt f├╝r "RuntimeLibrary": Der Wert "MT_StaticRelease" stimmt nicht mit dem Wert "MD_DynamicRelease" in test_diff_engine.obj ├╝berein. [C:\VCC\themis\build-msvc-tests\tests\test_diff_engine.vcxproj]
rocksdb.lib(compaction_iterator.cc.obj) : error LNK2038: Konflikt ermittelt f├╝r "RuntimeLibrary": Der Wert "MT_StaticRelease" stimmt nicht mit dem Wert "MD_DynamicRelease" in test_pitr_manager.obj ├╝berein. [C:\VCC\themis\build-msvc-tests\tests\test_pitr_manager.vcxproj]
rocksdb.lib(blob_file_builder.cc.obj) : error LNK2038: Konflikt ermittelt f├╝r "RuntimeLibrary": Der Wert "MT_StaticRelease" stimmt nicht mit dem Wert "MD_DynamicRelease" in test_diff_engine.obj ├╝berein. [C:\VCC\themis\build-msvc-tests\tests\test_diff_engine.vcxproj]
rocksdb.lib(output_validator.cc.obj) : error LNK2038: Konflikt ermittelt f├╝r "RuntimeLibrary": Der Wert "MT_StaticRelease" stimmt nicht mit dem Wert "MD_DynamicRelease" in test_pitr_manager.obj ├╝berein. [C:\VCC\themis\build-msvc-tests\tests\test_pitr_manager.vcxproj]
rocksdb.lib(point_lock_tracker.cc.obj) : error LNK2038: Konflikt ermittelt f├╝r "RuntimeLibrary": Der Wert "MT_StaticRelease" stimmt nicht mit dem Wert "MD_DynamicRelease" in test_pitr_manager.obj ├╝berein. [C:\VCC\themis\build-msvc-tests\tests\test_pitr_manager.vcxproj]
rocksdb.lib(compaction_iterator.cc.obj) : error LNK2038: Konflikt ermittelt f├╝r "RuntimeLibrary": Der Wert "MT_StaticRelease" stimmt nicht mit dem Wert "MD_DynamicRelease" in test_diff_engine.obj ├╝berein. [C:\VCC\themis\build-msvc-tests\tests\test_diff_engine.vcxproj]
rocksdb.lib(transaction_db_mutex_impl.cc.obj) : error LNK2038: Konflikt ermittelt f├╝r "RuntimeLibrary": Der Wert "MT_StaticRelease" stimmt nicht mit dem Wert "MD_DynamicRelease" in test_pitr_manager.obj ├╝berein. [C:\VCC\themis\build-msvc-tests\tests\test_pitr_manager.vcxproj]
rocksdb.lib(trace_record_handler.cc.obj) : error LNK2038: Konflikt ermittelt f├╝r "RuntimeLibrary": Der Wert "MT_StaticRelease" stimmt nicht mit dem Wert "MD_DynamicRelease" in test_pitr_manager.obj ├╝berein. [C:\VCC\themis\build-msvc-tests\tests\test_pitr_manager.vcxproj]
rocksdb.lib(output_validator.cc.obj) : error LNK2038: Konflikt ermittelt f├╝r "RuntimeLibrary": Der Wert "MT_StaticRelease" stimmt nicht mit dem Wert "MD_DynamicRelease" in test_diff_engine.obj ├╝berein. [C:\VCC\themis\build-msvc-tests\tests\test_diff_engine.vcxproj]
rocksdb.lib(point_lock_tracker.cc.obj) : error LNK2038: Konflikt ermittelt f├╝r "RuntimeLibrary": Der Wert "MT_StaticRelease" stimmt nicht mit dem Wert "MD_DynamicRelease" in test_diff_engine.obj ├╝berein. [C:\VCC\themis\build-msvc-tests\tests\test_diff_engine.vcxproj]
rocksdb.lib(compact_for_tiering_collector.cc.obj) : error LNK2038: Konflikt ermittelt f├╝r "RuntimeLibrary": Der Wert "MT_StaticRelease" stimmt nicht mit dem Wert "MD_DynamicRelease" in test_pitr_manager.obj ├╝berein. [C:\VCC\themis\build-msvc-tests\tests\test_pitr_manager.vcxproj]
rocksdb.lib(transaction_db_mutex_impl.cc.obj) : error LNK2038: Konflikt ermittelt f├╝r "RuntimeLibrary": Der Wert "MT_StaticRelease" stimmt nicht mit dem Wert "MD_DynamicRelease" in test_diff_engine.obj ├╝berein. [C:\VCC\themis\build-msvc-tests\tests\test_diff_engine.vcxproj]
rocksdb.lib(trace_record_handler.cc.obj) : error LNK2038: Konflikt ermittelt f├╝r "RuntimeLibrary": Der Wert "MT_StaticRelease" stimmt nicht mit dem Wert "MD_DynamicRelease" in test_diff_engine.obj ├╝berein. [C:\VCC\themis\build-msvc-tests\tests\test_diff_engine.vcxproj]
rocksdb.lib(remove_emptyvalue_compactionfilter.cc.obj) : error LNK2038: Konflikt ermittelt f├╝r "RuntimeLibrary": Der Wert "MT_StaticRelease" stimmt nicht mit dem Wert "MD_DynamicRelease" in test_pitr_manager.obj ├╝berein. [C:\VCC\themis\build-msvc-tests\tests\test_pitr_manager.vcxproj]
rocksdb.lib(compact_for_tiering_collector.cc.obj) : error LNK2038: Konflikt ermittelt f├╝r "RuntimeLibrary": Der Wert "MT_StaticRelease" stimmt nicht mit dem Wert "MD_DynamicRelease" in test_diff_engine.obj ├╝berein. [C:\VCC\themis\build-msvc-tests\tests\test_diff_engine.vcxproj]
rocksdb.lib(merge_operator.cc.obj) : error LNK2038: Konflikt ermittelt f├╝r "RuntimeLibrary": Der Wert "MT_StaticRelease" stimmt nicht mit dem Wert "MD_DynamicRelease" in test_pitr_manager.obj ├╝berein. [C:\VCC\themis\build-msvc-tests\tests\test_pitr_manager.vcxproj]
rocksdb.lib(bytesxor.cc.obj) : error LNK2038: Konflikt ermittelt f├╝r "RuntimeLibrary": Der Wert "MT_StaticRelease" stimmt nicht mit dem Wert "MD_DynamicRelease" in test_pitr_manager.obj ├╝berein. [C:\VCC\themis\build-msvc-tests\tests\test_pitr_manager.vcxproj]
rocksdb.lib(remove_emptyvalue_compactionfilter.cc.obj) : error LNK2038: Konflikt ermittelt f├╝r "RuntimeLibrary": Der Wert "MT_StaticRelease" stimmt nicht mit dem Wert "MD_DynamicRelease" in test_diff_engine.obj ├╝berein. [C:\VCC\themis\build-msvc-tests\tests\test_diff_engine.vcxproj]
rocksdb.lib(max.cc.obj) : error LNK2038: Konflikt ermittelt f├╝r "RuntimeLibrary": Der Wert "MT_StaticRelease" stimmt nicht mit dem Wert "MD_DynamicRelease" in test_pitr_manager.obj ├╝berein. [C:\VCC\themis\build-msvc-tests\tests\test_pitr_manager.vcxproj]
rocksdb.lib(merge_operator.cc.obj) : error LNK2038: Konflikt ermittelt f├╝r "RuntimeLibrary": Der Wert "MT_StaticRelease" stimmt nicht mit dem Wert "MD_DynamicRelease" in test_diff_engine.obj ├╝berein. [C:\VCC\themis\build-msvc-tests\tests\test_diff_engine.vcxproj]
rocksdb.lib(put.cc.obj) : error LNK2038: Konflikt ermittelt f├╝r "RuntimeLibrary": Der Wert "MT_StaticRelease" stimmt nicht mit dem Wert "MD_DynamicRelease" in test_pitr_manager.obj ├╝berein. [C:\VCC\themis\build-msvc-tests\tests\test_pitr_manager.vcxproj]
rocksdb.lib(bytesxor.cc.obj) : error LNK2038: Konflikt ermittelt f├╝r "RuntimeLibrary": Der Wert "MT_StaticRelease" stimmt nicht mit dem Wert "MD_DynamicRelease" in test_diff_engine.obj ├╝berein. [C:\VCC\themis\build-msvc-tests\tests\test_diff_engine.vcxproj]
rocksdb.lib(max.cc.obj) : error LNK2038: Konflikt ermittelt f├╝r "RuntimeLibrary": Der Wert "MT_StaticRelease" stimmt nicht mit dem Wert "MD_DynamicRelease" in test_diff_engine.obj ├╝berein. [C:\VCC\themis\build-msvc-tests\tests\test_diff_engine.vcxproj]
rocksdb.lib(sortlist.cc.obj) : error LNK2038: Konflikt ermittelt f├╝r "RuntimeLibrary": Der Wert "MT_StaticRelease" stimmt nicht mit dem Wert "MD_DynamicRelease" in test_pitr_manager.obj ├╝berein. [C:\VCC\themis\build-msvc-tests\tests\test_pitr_manager.vcxproj]
rocksdb.lib(put.cc.obj) : error LNK2038: Konflikt ermittelt f├╝r "RuntimeLibrary": Der Wert "MT_StaticRelease" stimmt nicht mit dem Wert "MD_DynamicRelease" in test_diff_engine.obj ├╝berein. [C:\VCC\themis\build-msvc-tests\tests\test_diff_engine.vcxproj]
rocksdb.lib(sortlist.cc.obj) : error LNK2038: Konflikt ermittelt f├╝r "RuntimeLibrary": Der Wert "MT_StaticRelease" stimmt nicht mit dem Wert "MD_DynamicRelease" in test_diff_engine.obj ├╝berein. [C:\VCC\themis\build-msvc-tests\tests\test_diff_engine.vcxproj]
rocksdb.lib(stringappend.cc.obj) : error LNK2038: Konflikt ermittelt f├╝r "RuntimeLibrary": Der Wert "MT_StaticRelease" stimmt nicht mit dem Wert "MD_DynamicRelease" in test_pitr_manager.obj ├╝berein. [C:\VCC\themis\build-msvc-tests\tests\test_pitr_manager.vcxproj]
rocksdb.lib(stringappend.cc.obj) : error LNK2038: Konflikt ermittelt f├╝r "RuntimeLibrary": Der Wert "MT_StaticRelease" stimmt nicht mit dem Wert "MD_DynamicRelease" in test_diff_engine.obj ├╝berein. [C:\VCC\themis\build-msvc-tests\tests\test_diff_engine.vcxproj]
rocksdb.lib(stringappend2.cc.obj) : error LNK2038: Konflikt ermittelt f├╝r "RuntimeLibrary": Der Wert "MT_StaticRelease" stimmt nicht mit dem Wert "MD_DynamicRelease" in test_diff_engine.obj ├╝berein. [C:\VCC\themis\build-msvc-tests\tests\test_diff_engine.vcxproj]
rocksdb.lib(stringappend2.cc.obj) : error LNK2038: Konflikt ermittelt f├╝r "RuntimeLibrary": Der Wert "MT_StaticRelease" stimmt nicht mit dem Wert "MD_DynamicRelease" in test_pitr_manager.obj ├╝berein. [C:\VCC\themis\build-msvc-tests\tests\test_pitr_manager.vcxproj]
rocksdb.lib(uint64add.cc.obj) : error LNK2038: Konflikt ermittelt f├╝r "RuntimeLibrary": Der Wert "MT_StaticRelease" stimmt nicht mit dem Wert "MD_DynamicRelease" in test_diff_engine.obj ├╝berein. [C:\VCC\themis\build-msvc-tests\tests\test_diff_engine.vcxproj]
rocksdb.lib(uint64add.cc.obj) : error LNK2038: Konflikt ermittelt f├╝r "RuntimeLibrary": Der Wert "MT_StaticRelease" stimmt nicht mit dem Wert "MD_DynamicRelease" in test_pitr_manager.obj ├╝berein. [C:\VCC\themis\build-msvc-tests\tests\test_pitr_manager.vcxproj]
rocksdb.lib(blob_garbage_meter.cc.obj) : error LNK2038: Konflikt ermittelt f├╝r "RuntimeLibrary": Der Wert "MT_StaticRelease" stimmt nicht mit dem Wert "MD_DynamicRelease" in test_diff_engine.obj ├╝berein. [C:\VCC\themis\build-msvc-tests\tests\test_diff_engine.vcxproj]
rocksdb.lib(blob_garbage_meter.cc.obj) : error LNK2038: Konflikt ermittelt f├╝r "RuntimeLibrary": Der Wert "MT_StaticRelease" stimmt nicht mit dem Wert "MD_DynamicRelease" in test_pitr_manager.obj ├╝berein. [C:\VCC\themis\build-msvc-tests\tests\test_pitr_manager.vcxproj]
rocksdb.lib(compaction_outputs.cc.obj) : error LNK2038: Konflikt ermittelt f├╝r "RuntimeLibrary": Der Wert "MT_StaticRelease" stimmt nicht mit dem Wert "MD_DynamicRelease" in test_diff_engine.obj ├╝berein. [C:\VCC\themis\build-msvc-tests\tests\test_diff_engine.vcxproj]
rocksdb.lib(compaction_outputs.cc.obj) : error LNK2038: Konflikt ermittelt f├╝r "RuntimeLibrary": Der Wert "MT_StaticRelease" stimmt nicht mit dem Wert "MD_DynamicRelease" in test_pitr_manager.obj ├╝berein. [C:\VCC\themis\build-msvc-tests\tests\test_pitr_manager.vcxproj]
rocksdb.lib(compaction_service_job.cc.obj) : error LNK2038: Konflikt ermittelt f├╝r "RuntimeLibrary": Der Wert "MT_StaticRelease" stimmt nicht mit dem Wert "MD_DynamicRelease" in test_diff_engine.obj ├╝berein. [C:\VCC\themis\build-msvc-tests\tests\test_diff_engine.vcxproj]
rocksdb.lib(compaction_service_job.cc.obj) : error LNK2038: Konflikt ermittelt f├╝r "RuntimeLibrary": Der Wert "MT_StaticRelease" stimmt nicht mit dem Wert "MD_DynamicRelease" in test_pitr_manager.obj ├╝berein. [C:\VCC\themis\build-msvc-tests\tests\test_pitr_manager.vcxproj]
rocksdb.lib(subcompaction_state.cc.obj) : error LNK2038: Konflikt ermittelt f├╝r "RuntimeLibrary": Der Wert "MT_StaticRelease" stimmt nicht mit dem Wert "MD_DynamicRelease" in test_diff_engine.obj ├╝berein. [C:\VCC\themis\build-msvc-tests\tests\test_diff_engine.vcxproj]
rocksdb.lib(subcompaction_state.cc.obj) : error LNK2038: Konflikt ermittelt f├╝r "RuntimeLibrary": Der Wert "MT_StaticRelease" stimmt nicht mit dem Wert "MD_DynamicRelease" in test_pitr_manager.obj ├╝berein. [C:\VCC\themis\build-msvc-tests\tests\test_pitr_manager.vcxproj]
rocksdb.lib(compaction_state.cc.obj) : error LNK2038: Konflikt ermittelt f├╝r "RuntimeLibrary": Der Wert "MT_StaticRelease" stimmt nicht mit dem Wert "MD_DynamicRelease" in test_pitr_manager.obj ├╝berein. [C:\VCC\themis\build-msvc-tests\tests\test_pitr_manager.vcxproj]
rocksdb.lib(compaction_state.cc.obj) : error LNK2038: Konflikt ermittelt f├╝r "RuntimeLibrary": Der Wert "MT_StaticRelease" stimmt nicht mit dem Wert "MD_DynamicRelease" in test_diff_engine.obj ├╝berein. [C:\VCC\themis\build-msvc-tests\tests\test_diff_engine.vcxproj]
rocksdb.lib(blob_log_format.cc.obj) : error LNK2038: Konflikt ermittelt f├╝r "RuntimeLibrary": Der Wert "MT_StaticRelease" stimmt nicht mit dem Wert "MD_DynamicRelease" in test_pitr_manager.obj ├╝berein. [C:\VCC\themis\build-msvc-tests\tests\test_pitr_manager.vcxproj]
rocksdb.lib(blob_log_format.cc.obj) : error LNK2038: Konflikt ermittelt f├╝r "RuntimeLibrary": Der Wert "MT_StaticRelease" stimmt nicht mit dem Wert "MD_DynamicRelease" in test_diff_engine.obj ├╝berein. [C:\VCC\themis\build-msvc-tests\tests\test_diff_engine.vcxproj]
rocksdb.lib(blob_log_writer.cc.obj) : error LNK2038: Konflikt ermittelt f├╝r "RuntimeLibrary": Der Wert "MT_StaticRelease" stimmt nicht mit dem Wert "MD_DynamicRelease" in test_pitr_manager.obj ├╝berein. [C:\VCC\themis\build-msvc-tests\tests\test_pitr_manager.vcxproj]
rocksdb.lib(blob_log_writer.cc.obj) : error LNK2038: Konflikt ermittelt f├╝r "RuntimeLibrary": Der Wert "MT_StaticRelease" stimmt nicht mit dem Wert "MD_DynamicRelease" in test_diff_engine.obj ├╝berein. [C:\VCC\themis\build-msvc-tests\tests\test_diff_engine.vcxproj]
rocksdb.lib(trace_record_result.cc.obj) : error LNK2038: Konflikt ermittelt f├╝r "RuntimeLibrary": Der Wert "MT_StaticRelease" stimmt nicht mit dem Wert "MD_DynamicRelease" in test_diff_engine.obj ├╝berein. [C:\VCC\themis\build-msvc-tests\tests\test_diff_engine.vcxproj]
rocksdb.lib(trace_record_result.cc.obj) : error LNK2038: Konflikt ermittelt f├╝r "RuntimeLibrary": Der Wert "MT_StaticRelease" stimmt nicht mit dem Wert "MD_DynamicRelease" in test_pitr_manager.obj ├╝berein. [C:\VCC\themis\build-msvc-tests\tests\test_pitr_manager.vcxproj]
fmt.lib(format.cc.obj) : error LNK2038: Konflikt ermittelt f├╝r "RuntimeLibrary": Der Wert "MT_StaticRelease" stimmt nicht mit dem Wert "MD_DynamicRelease" in test_pitr_manager.obj ├╝berein. [C:\VCC\themis\build-msvc-tests\tests\test_pitr_manager.vcxproj]
libcpmt.lib(locale0.obj) : error LNK2038: Konflikt ermittelt f├╝r "RuntimeLibrary": Der Wert "MT_StaticRelease" stimmt nicht mit dem Wert "MD_DynamicRelease" in test_pitr_manager.obj ├╝berein. [C:\VCC\themis\build-msvc-tests\tests\test_pitr_manager.vcxproj]
libcpmt.lib(cout.obj) : error LNK2038: Konflikt ermittelt f├╝r "RuntimeLibrary": Der Wert "MT_StaticRelease" stimmt nicht mit dem Wert "MD_DynamicRelease" in test_pitr_manager.obj ├╝berein. [C:\VCC\themis\build-msvc-tests\tests\test_pitr_manager.vcxproj]
libcpmt.lib(cerr.obj) : error LNK2038: Konflikt ermittelt f├╝r "RuntimeLibrary": Der Wert "MT_StaticRelease" stimmt nicht mit dem Wert "MD_DynamicRelease" in test_pitr_manager.obj ├╝berein. [C:\VCC\themis\build-msvc-tests\tests\test_pitr_manager.vcxproj]
libcpmt.lib(locale0.obj) : error LNK2038: Konflikt ermittelt f├╝r "RuntimeLibrary": Der Wert "MT_StaticRelease" stimmt nicht mit dem Wert "MD_DynamicRelease" in test_diff_engine.obj ├╝berein. [C:\VCC\themis\build-msvc-tests\tests\test_diff_engine.vcxproj]
libcpmt.lib(locale.obj) : error LNK2038: Konflikt ermittelt f├╝r "RuntimeLibrary": Der Wert "MT_StaticRelease" stimmt nicht mit dem Wert "MD_DynamicRelease" in test_pitr_manager.obj ├╝berein. [C:\VCC\themis\build-msvc-tests\tests\test_pitr_manager.vcxproj]
libcpmt.lib(cout.obj) : error LNK2038: Konflikt ermittelt f├╝r "RuntimeLibrary": Der Wert "MT_StaticRelease" stimmt nicht mit dem Wert "MD_DynamicRelease" in test_diff_engine.obj ├╝berein. [C:\VCC\themis\build-msvc-tests\tests\test_diff_engine.vcxproj]
libcpmt.lib(iosptrs.obj) : error LNK2038: Konflikt ermittelt f├╝r "RuntimeLibrary": Der Wert "MT_StaticRelease" stimmt nicht mit dem Wert "MD_DynamicRelease" in test_pitr_manager.obj ├╝berein. [C:\VCC\themis\build-msvc-tests\tests\test_pitr_manager.vcxproj]
libcpmt.lib(xlock.obj) : error LNK2038: Konflikt ermittelt f├╝r "RuntimeLibrary": Der Wert "MT_StaticRelease" stimmt nicht mit dem Wert "MD_DynamicRelease" in test_pitr_manager.obj ├╝berein. [C:\VCC\themis\build-msvc-tests\tests\test_pitr_manager.vcxproj]
libcpmt.lib(wlocale.obj) : error LNK2038: Konflikt ermittelt f├╝r "RuntimeLibrary": Der Wert "MT_StaticRelease" stimmt nicht mit dem Wert "MD_DynamicRelease" in test_pitr_manager.obj ├╝berein. [C:\VCC\themis\build-msvc-tests\tests\test_pitr_manager.vcxproj]
libcpmt.lib(cerr.obj) : error LNK2038: Konflikt ermittelt f├╝r "RuntimeLibrary": Der Wert "MT_StaticRelease" stimmt nicht mit dem Wert "MD_DynamicRelease" in test_diff_engine.obj ├╝berein. [C:\VCC\themis\build-msvc-tests\tests\test_diff_engine.vcxproj]
libcpmt.lib(locale.obj) : error LNK2038: Konflikt ermittelt f├╝r "RuntimeLibrary": Der Wert "MT_StaticRelease" stimmt nicht mit dem Wert "MD_DynamicRelease" in test_diff_engine.obj ├╝berein. [C:\VCC\themis\build-msvc-tests\tests\test_diff_engine.vcxproj]
libcpmt.lib(iosptrs.obj) : error LNK2038: Konflikt ermittelt f├╝r "RuntimeLibrary": Der Wert "MT_StaticRelease" stimmt nicht mit dem Wert "MD_DynamicRelease" in test_diff_engine.obj ├╝berein. [C:\VCC\themis\build-msvc-tests\tests\test_diff_engine.vcxproj]
libcpmt.lib(xlock.obj) : error LNK2038: Konflikt ermittelt f├╝r "RuntimeLibrary": Der Wert "MT_StaticRelease" stimmt nicht mit dem Wert "MD_DynamicRelease" in test_diff_engine.obj ├╝berein. [C:\VCC\themis\build-msvc-tests\tests\test_diff_engine.vcxproj]
libcpmt.lib(xlocale.obj) : error LNK2038: Konflikt ermittelt f├╝r "RuntimeLibrary": Der Wert "MT_StaticRelease" stimmt nicht mit dem Wert "MD_DynamicRelease" in test_pitr_manager.obj ├╝berein. [C:\VCC\themis\build-msvc-tests\tests\test_pitr_manager.vcxproj]
libcpmt.lib(wlocale.obj) : error LNK2038: Konflikt ermittelt f├╝r "RuntimeLibrary": Der Wert "MT_StaticRelease" stimmt nicht mit dem Wert "MD_DynamicRelease" in test_diff_engine.obj ├╝berein. [C:\VCC\themis\build-msvc-tests\tests\test_diff_engine.vcxproj]
libcpmt.lib(xmtx.obj) : error LNK2038: Konflikt ermittelt f├╝r "RuntimeLibrary": Der Wert "MT_StaticRelease" stimmt nicht mit dem Wert "MD_DynamicRelease" in test_pitr_manager.obj ├╝berein. [C:\VCC\themis\build-msvc-tests\tests\test_pitr_manager.vcxproj]
libcpmt.lib(xdateord.obj) : error LNK2038: Konflikt ermittelt f├╝r "RuntimeLibrary": Der Wert "MT_StaticRelease" stimmt nicht mit dem Wert "MD_DynamicRelease" in test_pitr_manager.obj ├╝berein. [C:\VCC\themis\build-msvc-tests\tests\test_pitr_manager.vcxproj]
libcpmt.lib(xwcscoll.obj) : error LNK2038: Konflikt ermittelt f├╝r "RuntimeLibrary": Der Wert "MT_StaticRelease" stimmt nicht mit dem Wert "MD_DynamicRelease" in test_pitr_manager.obj ├╝berein. [C:\VCC\themis\build-msvc-tests\tests\test_pitr_manager.vcxproj]
libcpmt.lib(xwcsxfrm.obj) : error LNK2038: Konflikt ermittelt f├╝r "RuntimeLibrary": Der Wert "MT_StaticRelease" stimmt nicht mit dem Wert "MD_DynamicRelease" in test_pitr_manager.obj ├╝berein. [C:\VCC\themis\build-msvc-tests\tests\test_pitr_manager.vcxproj]
libcpmt.lib(xgetwctype.obj) : error LNK2038: Konflikt ermittelt f├╝r "RuntimeLibrary": Der Wert "MT_StaticRelease" stimmt nicht mit dem Wert "MD_DynamicRelease" in test_pitr_manager.obj ├╝berein. [C:\VCC\themis\build-msvc-tests\tests\test_pitr_manager.vcxproj]
libcpmt.lib(xtowlower.obj) : error LNK2038: Konflikt ermittelt f├╝r "RuntimeLibrary": Der Wert "MT_StaticRelease" stimmt nicht mit dem Wert "MD_DynamicRelease" in test_pitr_manager.obj ├╝berein. [C:\VCC\themis\build-msvc-tests\tests\test_pitr_manager.vcxproj]
libcpmt.lib(xtowupper.obj) : error LNK2038: Konflikt ermittelt f├╝r "RuntimeLibrary": Der Wert "MT_StaticRelease" stimmt nicht mit dem Wert "MD_DynamicRelease" in test_pitr_manager.obj ├╝berein. [C:\VCC\themis\build-msvc-tests\tests\test_pitr_manager.vcxproj]
libcpmt.lib(StlCompareStringW.obj) : error LNK2038: Konflikt ermittelt f├╝r "RuntimeLibrary": Der Wert "MT_StaticRelease" stimmt nicht mit dem Wert "MD_DynamicRelease" in test_pitr_manager.obj ├╝berein. [C:\VCC\themis\build-msvc-tests\tests\test_pitr_manager.vcxproj]
libcpmt.lib(StlLCMapStringW.obj) : error LNK2038: Konflikt ermittelt f├╝r "RuntimeLibrary": Der Wert "MT_StaticRelease" stimmt nicht mit dem Wert "MD_DynamicRelease" in test_pitr_manager.obj ├╝berein. [C:\VCC\themis\build-msvc-tests\tests\test_pitr_manager.vcxproj]
libcpmt.lib(xlocale.obj) : error LNK2038: Konflikt ermittelt f├╝r "RuntimeLibrary": Der Wert "MT_StaticRelease" stimmt nicht mit dem Wert "MD_DynamicRelease" in test_diff_engine.obj ├╝berein. [C:\VCC\themis\build-msvc-tests\tests\test_diff_engine.vcxproj]
libcpmt.lib(xmtx.obj) : error LNK2038: Konflikt ermittelt f├╝r "RuntimeLibrary": Der Wert "MT_StaticRelease" stimmt nicht mit dem Wert "MD_DynamicRelease" in test_diff_engine.obj ├╝berein. [C:\VCC\themis\build-msvc-tests\tests\test_diff_engine.vcxproj]
libcpmt.lib(xdateord.obj) : error LNK2038: Konflikt ermittelt f├╝r "RuntimeLibrary": Der Wert "MT_StaticRelease" stimmt nicht mit dem Wert "MD_DynamicRelease" in test_diff_engine.obj ├╝berein. [C:\VCC\themis\build-msvc-tests\tests\test_diff_engine.vcxproj]
libcpmt.lib(xwcscoll.obj) : error LNK2038: Konflikt ermittelt f├╝r "RuntimeLibrary": Der Wert "MT_StaticRelease" stimmt nicht mit dem Wert "MD_DynamicRelease" in test_diff_engine.obj ├╝berein. [C:\VCC\themis\build-msvc-tests\tests\test_diff_engine.vcxproj]
libcpmt.lib(xwcsxfrm.obj) : error LNK2038: Konflikt ermittelt f├╝r "RuntimeLibrary": Der Wert "MT_StaticRelease" stimmt nicht mit dem Wert "MD_DynamicRelease" in test_diff_engine.obj ├╝berein. [C:\VCC\themis\build-msvc-tests\tests\test_diff_engine.vcxproj]
libcpmt.lib(xgetwctype.obj) : error LNK2038: Konflikt ermittelt f├╝r "RuntimeLibrary": Der Wert "MT_StaticRelease" stimmt nicht mit dem Wert "MD_DynamicRelease" in test_diff_engine.obj ├╝berein. [C:\VCC\themis\build-msvc-tests\tests\test_diff_engine.vcxproj]
libcpmt.lib(xtowlower.obj) : error LNK2038: Konflikt ermittelt f├╝r "RuntimeLibrary": Der Wert "MT_StaticRelease" stimmt nicht mit dem Wert "MD_DynamicRelease" in test_diff_engine.obj ├╝berein. [C:\VCC\themis\build-msvc-tests\tests\test_diff_engine.vcxproj]
libcpmt.lib(xtowupper.obj) : error LNK2038: Konflikt ermittelt f├╝r "RuntimeLibrary": Der Wert "MT_StaticRelease" stimmt nicht mit dem Wert "MD_DynamicRelease" in test_diff_engine.obj ├╝berein. [C:\VCC\themis\build-msvc-tests\tests\test_diff_engine.vcxproj]
libcpmt.lib(StlCompareStringW.obj) : error LNK2038: Konflikt ermittelt f├╝r "RuntimeLibrary": Der Wert "MT_StaticRelease" stimmt nicht mit dem Wert "MD_DynamicRelease" in test_diff_engine.obj ├╝berein. [C:\VCC\themis\build-msvc-tests\tests\test_diff_engine.vcxproj]
libcpmt.lib(StlLCMapStringW.obj) : error LNK2038: Konflikt ermittelt f├╝r "RuntimeLibrary": Der Wert "MT_StaticRelease" stimmt nicht mit dem Wert "MD_DynamicRelease" in test_diff_engine.obj ├╝berein. [C:\VCC\themis\build-msvc-tests\tests\test_diff_engine.vcxproj]
LINK : warning LNK4098: Standardbibliothek "LIBCMT" steht in Konflikt mit anderen Bibliotheken; /NODEFAULTLIB:Bibliothek verwenden. [C:\VCC\themis\build-msvc-tests\tests\test_pitr_manager.vcxproj]
gtest_main.lib(gtest_main.cc.obj) : error LNK2038: Konflikt ermittelt f├╝r "RuntimeLibrary": Der Wert "MT_StaticRelease" stimmt nicht mit dem Wert "MD_DynamicRelease" in test_diff_engine.obj ├╝berein. [C:\VCC\themis\build-msvc-tests\tests\test_diff_engine.vcxproj]
LINK : warning LNK4098: Standardbibliothek "LIBCMT" steht in Konflikt mit anderen Bibliotheken; /NODEFAULTLIB:Bibliothek verwenden. [C:\VCC\themis\build-msvc-tests\tests\test_diff_engine.vcxproj]
C:\VCC\themis\build-msvc-tests\tests\Release\test_pitr_manager.exe : fatal error LNK1319: 287 Konflikte ermittelt [C:\VCC\themis\build-msvc-tests\tests\test_pitr_manager.vcxproj]
C:\VCC\themis\build-msvc-tests\tests\Release\test_diff_engine.exe : fatal error LNK1319: 288 Konflikte ermittelt [C:\VCC\themis\build-msvc-tests\tests\test_diff_engine.vcxproj]
  themis_server.vcxproj -> C:\VCC\themis\build-msvc-tests\cmake\Release\themis_server.exe
themis_core.lib(lora_functions.obj) : error LNK2001: Nicht aufgel├Âstes externes Symbol ""public: class std::optional<struct themis::llm::lora::LoRAOrchestrator::JobInfo> __cdecl themis::llm::lora::LoRAOrchestrator::getJob(class std::basic_string<char,struct std::char_traits<char>,class std::allocator<char> > const &)const " (?getJob@LoRAOrchestrator@lora@llm@themis@@QEBA?AV?$optional@UJobInfo@LoRAOrchestrator@lora@llm@themis@@@std@@AEBV?$basic_string@DU?$char_traits@D@std@@V?$allocator@D@2@@6@@Z)". [C:\VCC\themis\build-msvc-tests\cmake\themis_demo.vcxproj]
themis_core.lib(lora_functions.obj) : error LNK2001: Nicht aufgel├Âstes externes Symbol ""public: class std::basic_string<char,struct std::char_traits<char>,class std::allocator<char> > __cdecl themis::llm::lora::LoRAOrchestrator::loadAdapter(class std::basic_string<char,struct std::char_traits<char>,class std::allocator<char> > const &,bool)" (?loadAdapter@LoRAOrchestrator@lora@llm@themis@@QEAA?AV?$basic_string@DU?$char_traits@D@std@@V?$allocator@D@2@@std@@AEBV56@_N@Z)". [C:\VCC\themis\build-msvc-tests\cmake\themis_demo.vcxproj]
themis_core.lib(lora_functions.obj) : error LNK2001: Nicht aufgel├Âstes externes Symbol ""public: class std::vector<struct themis::llm::lora::AdapterInfo,class std::allocator<struct themis::llm::lora::AdapterInfo> > __cdecl themis::llm::lora::LoRAOrchestrator::searchAdapters(class nlohmann::json_abi_v3_11_3::basic_json<class std::map,class std::vector,class std::basic_string<char,struct std::char_traits<char>,class std::allocator<char> >,bool,__int64,unsigned __int64,double,class std::allocator,struct nlohmann::json_abi_v3_11_3::adl_serializer,class std::vector<unsigned char,class std::allocator<unsigned char> >,void> const &)const " (?searchAdapters@LoRAOrchestrator@lora@llm@themis@@QEBA?AV?$vector@UAdapterInfo@lora@llm@themis@@V?$allocator@UAdapterInfo@lora@llm@themis@@@std@@@std@@AEBV?$basic_json@Vmap@std@@Vvector@2@V?$basic_string@DU?$char_traits@D@std@@V?$allocator@D@2@@2@_N_J_KNVallocator@2@Uadl_serializer@json_abi_v3_11_3@nlohmann@@V?$vector@EV?$allocator@E@std@@@2@X@json_abi_v3_11_3@nlohmann@@@Z)". [C:\VCC\themis\build-msvc-tests\cmake\themis_demo.vcxproj]
themis_core.lib(lora_functions.obj) : error LNK2001: Nicht aufgel├Âstes externes Symbol ""public: class std::vector<class std::basic_string<char,struct std::char_traits<char>,class std::allocator<char> >,class std::allocator<class std::basic_string<char,struct std::char_traits<char>,class std::allocator<char> > > > __cdecl themis::llm::lora::LoRAOrchestrator::getVersions(class std::basic_string<char,struct std::char_traits<char>,class std::allocator<char> > const &)const " (?getVersions@LoRAOrchestrator@lora@llm@themis@@QEBA?AV?$vector@V?$basic_string@DU?$char_traits@D@std@@V?$allocator@D@2@@std@@V?$allocator@V?$basic_string@DU?$char_traits@D@std@@V?$allocator@D@2@@std@@@2@@std@@AEBV?$basic_string@DU?$char_traits@D@std@@V?$allocator@D@2@@6@@Z)". [C:\VCC\themis\build-msvc-tests\cmake\themis_demo.vcxproj]
themis_core.lib(lora_functions.obj) : error LNK2001: Nicht aufgel├Âstes externes Symbol ""public: bool __cdecl themis::llm::lora::LoRAOrchestrator::isLoaded(class std::basic_string<char,struct std::char_traits<char>,class std::allocator<char> > const &)const " (?isLoaded@LoRAOrchestrator@lora@llm@themis@@QEBA_NAEBV?$basic_string@DU?$char_traits@D@std@@V?$allocator@D@2@@std@@@Z)". [C:\VCC\themis\build-msvc-tests\cmake\themis_demo.vcxproj]
themis_core.lib(lora_functions.obj) : error LNK2001: Nicht aufgel├Âstes externes Symbol ""public: class std::optional<struct themis::llm::lora::AdapterInfo> __cdecl themis::llm::lora::LoRAOrchestrator::getAdapter(class std::basic_string<char,struct std::char_traits<char>,class std::allocator<char> > const &)const " (?getAdapter@LoRAOrchestrator@lora@llm@themis@@QEBA?AV?$optional@UAdapterInfo@lora@llm@themis@@@std@@AEBV?$basic_string@DU?$char_traits@D@std@@V?$allocator@D@2@@6@@Z)". [C:\VCC\themis\build-msvc-tests\cmake\themis_demo.vcxproj]
themis_core.lib(lora_functions.obj) : error LNK2001: Nicht aufgel├Âstes externes Symbol ""public: class std::basic_string<char,struct std::char_traits<char>,class std::allocator<char> > __cdecl themis::llm::lora::LoRAOrchestrator::createAdapter(class std::basic_string<char,struct std::char_traits<char>,class std::allocator<char> > const &,struct themis::llm::lora::TrainingData const &,class std::optional<struct themis::llm::lora::LoRAHyperparameters> const &,bool)" (?createAdapter@LoRAOrchestrator@lora@llm@themis@@QEAA?AV?$basic_string@DU?$char_traits@D@std@@V?$allocator@D@2@@std@@AEBV56@AEBUTrainingData@234@AEBV?$optional@ULoRAHyperparameters@lora@llm@themis@@@6@_N@Z)". [C:\VCC\themis\build-msvc-tests\cmake\themis_demo.vcxproj]
C:\VCC\themis\build-msvc-tests\cmake\Release\themis_demo.exe : fatal error LNK1120: 7 nicht aufgel├Âste Externe [C:\VCC\themis\build-msvc-tests\cmake\themis_demo.vcxproj]
C:\VCC\themis\tests\test_llamacpp_integration.cpp(70,5): error C2228: Links von ".length" m├╝ssen sich in einer Klasse/Struktur/Union befinden [C:\VCC\themis\build-msvc-tests\cmake\themis_llm_tests.vcxproj]
      C:\VCC\themis\tests\test_llamacpp_integration.cpp(70,5):
      Typ ist ÔÇ×const uint32_tÔÇ£
  
C:\VCC\themis\tests\test_llamacpp_integration.cpp(70,5): error C2672: "testing::internal::CmpHelperGT": keine ├╝bereinstimmende ├╝berladene Funktion gefunden [C:\VCC\themis\build-msvc-tests\cmake\themis_llm_tests.vcxproj]
      C:\VCC\themis\build-msvc-tests\vcpkg_installed\x64-windows-static\include\gtest\gtest.h(1480,1):
      kann "testing::AssertionResult testing::internal::CmpHelperGT(const char *,const char *,const T1 &,const T2 &)" sein
          C:\VCC\themis\tests\test_llamacpp_integration.cpp(70,5):
          ÔÇ×testing::AssertionResult testing::internal::CmpHelperGT(const char *,const char *,const T1 &,const T2 &)ÔÇ£ erwartet, dass 4 Argumente ÔÇô 3 angegeben werden.
  
C:\VCC\themis\tests\test_llamacpp_integration.cpp(70,5): error C2737: "gtest_ar": Das Objekt "const" muss initialisiert werden. [C:\VCC\themis\build-msvc-tests\cmake\themis_llm_tests.vcxproj]
  themis_secidx_tests.vcxproj -> C:\VCC\themis\build-msvc-tests\cmake\Release\themis_secidx_tests.exe
C:\VCC\themis\tests\test_llamacpp_integration.cpp(70,5): error C2228: Links von ".length" m├╝ssen sich in einer Klasse/Struktur/Union befinden [C:\VCC\themis\build-msvc-tests\cmake\themis_tests.vcxproj]
      C:\VCC\themis\tests\test_llamacpp_integration.cpp(70,5):
      Typ ist ÔÇ×const uint32_tÔÇ£
  
C:\VCC\themis\tests\test_llamacpp_integration.cpp(70,5): error C2672: "testing::internal::CmpHelperGT": keine ├╝bereinstimmende ├╝berladene Funktion gefunden [C:\VCC\themis\build-msvc-tests\cmake\themis_tests.vcxproj]
      C:\VCC\themis\build-msvc-tests\vcpkg_installed\x64-windows-static\include\gtest\gtest.h(1480,1):
      kann "testing::AssertionResult testing::internal::CmpHelperGT(const char *,const char *,const T1 &,const T2 &)" sein
          C:\VCC\themis\tests\test_llamacpp_integration.cpp(70,5):
          ÔÇ×testing::AssertionResult testing::internal::CmpHelperGT(const char *,const char *,const T1 &,const T2 &)ÔÇ£ erwartet, dass 4 Argumente ÔÇô 3 angegeben werden.
  
C:\VCC\themis\tests\test_llamacpp_integration.cpp(70,5): error C2737: "gtest_ar": Das Objekt "const" muss initialisiert werden. [C:\VCC\themis\build-msvc-tests\cmake\themis_tests.vcxproj]
  themis_demo_encryption.vcxproj -> C:\VCC\themis\build-msvc-tests\cmake\Release\themis_demo_encryption.exe
gtest.lib(gtest-all.cc.obj) : error LNK2038: Konflikt ermittelt f├╝r "RuntimeLibrary": Der Wert "MT_StaticRelease" stimmt nicht mit dem Wert "MD_DynamicRelease" in test_snapshot_manager.obj ├╝berein. [C:\VCC\themis\build-msvc-tests\tests\test_snapshot_manager.vcxproj]
  themis_core.lib(rocksdb_wrapper.obj) : Es wurde ein mit /GL kompiliertes MSIL .netmodule oder module gefunden. Verkn├╝pfung wird mit /LTCG erneut gestartet. F├╝gen Sie /LTCG zur Linkbefehlszeile hinzu, um die Linkerleistung zu erh├Âhen.
gtest.lib(gtest-all.cc.obj) : error LNK2038: Konflikt ermittelt f├╝r "RuntimeLibrary": Der Wert "MT_StaticRelease" stimmt nicht mit dem Wert "MD_DynamicRelease" in test_snapshot_manager.obj ├╝berein. [C:\VCC\themis\build-msvc-tests\tests\test_snapshot_manager.vcxproj]
themis_core.lib(rocksdb_wrapper.obj) : error LNK2038: Konflikt ermittelt f├╝r "RuntimeLibrary": Der Wert "MT_StaticRelease" stimmt nicht mit dem Wert "MD_DynamicRelease" in test_snapshot_manager.obj ├╝berein. [C:\VCC\themis\build-msvc-tests\tests\test_snapshot_manager.vcxproj]
themis_core.lib(changefeed.obj) : error LNK2038: Konflikt ermittelt f├╝r "RuntimeLibrary": Der Wert "MT_StaticRelease" stimmt nicht mit dem Wert "MD_DynamicRelease" in test_snapshot_manager.obj ├╝berein. [C:\VCC\themis\build-msvc-tests\tests\test_snapshot_manager.vcxproj]
themis_core.lib(snapshot_manager.obj) : error LNK2038: Konflikt ermittelt f├╝r "RuntimeLibrary": Der Wert "MT_StaticRelease" stimmt nicht mit dem Wert "MD_DynamicRelease" in test_snapshot_manager.obj ├╝berein. [C:\VCC\themis\build-msvc-tests\tests\test_snapshot_manager.vcxproj]
themis_core.lib(logger.obj) : error LNK2038: Konflikt ermittelt f├╝r "RuntimeLibrary": Der Wert "MT_StaticRelease" stimmt nicht mit dem Wert "MD_DynamicRelease" in test_snapshot_manager.obj ├╝berein. [C:\VCC\themis\build-msvc-tests\tests\test_snapshot_manager.vcxproj]
spdlog.lib(spdlog.cpp.obj) : error LNK2038: Konflikt ermittelt f├╝r "RuntimeLibrary": Der Wert "MT_StaticRelease" stimmt nicht mit dem Wert "MD_DynamicRelease" in test_snapshot_manager.obj ├╝berein. [C:\VCC\themis\build-msvc-tests\tests\test_snapshot_manager.vcxproj]
spdlog.lib(file_sinks.cpp.obj) : error LNK2038: Konflikt ermittelt f├╝r "RuntimeLibrary": Der Wert "MT_StaticRelease" stimmt nicht mit dem Wert "MD_DynamicRelease" in test_snapshot_manager.obj ├╝berein. [C:\VCC\themis\build-msvc-tests\tests\test_snapshot_manager.vcxproj]
spdlog.lib(color_sinks.cpp.obj) : error LNK2038: Konflikt ermittelt f├╝r "RuntimeLibrary": Der Wert "MT_StaticRelease" stimmt nicht mit dem Wert "MD_DynamicRelease" in test_snapshot_manager.obj ├╝berein. [C:\VCC\themis\build-msvc-tests\tests\test_snapshot_manager.vcxproj]
spdlog.lib(async.cpp.obj) : error LNK2038: Konflikt ermittelt f├╝r "RuntimeLibrary": Der Wert "MT_StaticRelease" stimmt nicht mit dem Wert "MD_DynamicRelease" in test_snapshot_manager.obj ├╝berein. [C:\VCC\themis\build-msvc-tests\tests\test_snapshot_manager.vcxproj]
rocksdb.lib(write_batch.cc.obj) : error LNK2038: Konflikt ermittelt f├╝r "RuntimeLibrary": Der Wert "MT_StaticRelease" stimmt nicht mit dem Wert "MD_DynamicRelease" in test_snapshot_manager.obj ├╝berein. [C:\VCC\themis\build-msvc-tests\tests\test_snapshot_manager.vcxproj]
rocksdb.lib(filter_policy.cc.obj) : error LNK2038: Konflikt ermittelt f├╝r "RuntimeLibrary": Der Wert "MT_StaticRelease" stimmt nicht mit dem Wert "MD_DynamicRelease" in test_snapshot_manager.obj ├╝berein. [C:\VCC\themis\build-msvc-tests\tests\test_snapshot_manager.vcxproj]
rocksdb.lib(options.cc.obj) : error LNK2038: Konflikt ermittelt f├╝r "RuntimeLibrary": Der Wert "MT_StaticRelease" stimmt nicht mit dem Wert "MD_DynamicRelease" in test_snapshot_manager.obj ├╝berein. [C:\VCC\themis\build-msvc-tests\tests\test_snapshot_manager.vcxproj]
rocksdb.lib(backup_engine.cc.obj) : error LNK2038: Konflikt ermittelt f├╝r "RuntimeLibrary": Der Wert "MT_StaticRelease" stimmt nicht mit dem Wert "MD_DynamicRelease" in test_snapshot_manager.obj ├╝berein. [C:\VCC\themis\build-msvc-tests\tests\test_snapshot_manager.vcxproj]
rocksdb.lib(checkpoint_impl.cc.obj) : error LNK2038: Konflikt ermittelt f├╝r "RuntimeLibrary": Der Wert "MT_StaticRelease" stimmt nicht mit dem Wert "MD_DynamicRelease" in test_snapshot_manager.obj ├╝berein. [C:\VCC\themis\build-msvc-tests\tests\test_snapshot_manager.vcxproj]
rocksdb.lib(block_based_table_factory.cc.obj) : error LNK2038: Konflikt ermittelt f├╝r "RuntimeLibrary": Der Wert "MT_StaticRelease" stimmt nicht mit dem Wert "MD_DynamicRelease" in test_snapshot_manager.obj ├╝berein. [C:\VCC\themis\build-msvc-tests\tests\test_snapshot_manager.vcxproj]
rocksdb.lib(lru_cache.cc.obj) : error LNK2038: Konflikt ermittelt f├╝r "RuntimeLibrary": Der Wert "MT_StaticRelease" stimmt nicht mit dem Wert "MD_DynamicRelease" in test_snapshot_manager.obj ├╝berein. [C:\VCC\themis\build-msvc-tests\tests\test_snapshot_manager.vcxproj]
rocksdb.lib(env_default.cc.obj) : error LNK2038: Konflikt ermittelt f├╝r "RuntimeLibrary": Der Wert "MT_StaticRelease" stimmt nicht mit dem Wert "MD_DynamicRelease" in test_snapshot_manager.obj ├╝berein. [C:\VCC\themis\build-msvc-tests\tests\test_snapshot_manager.vcxproj]
rocksdb.lib(pessimistic_transaction_db.cc.obj) : error LNK2038: Konflikt ermittelt f├╝r "RuntimeLibrary": Der Wert "MT_StaticRelease" stimmt nicht mit dem Wert "MD_DynamicRelease" in test_snapshot_manager.obj ├╝berein. [C:\VCC\themis\build-msvc-tests\tests\test_snapshot_manager.vcxproj]
rocksdb.lib(db_impl.cc.obj) : error LNK2038: Konflikt ermittelt f├╝r "RuntimeLibrary": Der Wert "MT_StaticRelease" stimmt nicht mit dem Wert "MD_DynamicRelease" in test_snapshot_manager.obj ├╝berein. [C:\VCC\themis\build-msvc-tests\tests\test_snapshot_manager.vcxproj]
rocksdb.lib(write_batch_with_index.cc.obj) : error LNK2038: Konflikt ermittelt f├╝r "RuntimeLibrary": Der Wert "MT_StaticRelease" stimmt nicht mit dem Wert "MD_DynamicRelease" in test_snapshot_manager.obj ├╝berein. [C:\VCC\themis\build-msvc-tests\tests\test_snapshot_manager.vcxproj]
rocksdb.lib(statistics.cc.obj) : error LNK2038: Konflikt ermittelt f├╝r "RuntimeLibrary": Der Wert "MT_StaticRelease" stimmt nicht mit dem Wert "MD_DynamicRelease" in test_snapshot_manager.obj ├╝berein. [C:\VCC\themis\build-msvc-tests\tests\test_snapshot_manager.vcxproj]
rocksdb.lib(cleanable.cc.obj) : error LNK2038: Konflikt ermittelt f├╝r "RuntimeLibrary": Der Wert "MT_StaticRelease" stimmt nicht mit dem Wert "MD_DynamicRelease" in test_snapshot_manager.obj ├╝berein. [C:\VCC\themis\build-msvc-tests\tests\test_snapshot_manager.vcxproj]
rocksdb.lib(status.cc.obj) : error LNK2038: Konflikt ermittelt f├╝r "RuntimeLibrary": Der Wert "MT_StaticRelease" stimmt nicht mit dem Wert "MD_DynamicRelease" in test_snapshot_manager.obj ├╝berein. [C:\VCC\themis\build-msvc-tests\tests\test_snapshot_manager.vcxproj]
rocksdb.lib(port_win.cc.obj) : error LNK2038: Konflikt ermittelt f├╝r "RuntimeLibrary": Der Wert "MT_StaticRelease" stimmt nicht mit dem Wert "MD_DynamicRelease" in test_snapshot_manager.obj ├╝berein. [C:\VCC\themis\build-msvc-tests\tests\test_snapshot_manager.vcxproj]
rocksdb.lib(slice.cc.obj) : error LNK2038: Konflikt ermittelt f├╝r "RuntimeLibrary": Der Wert "MT_StaticRelease" stimmt nicht mit dem Wert "MD_DynamicRelease" in test_snapshot_manager.obj ├╝berein. [C:\VCC\themis\build-msvc-tests\tests\test_snapshot_manager.vcxproj]
rocksdb.lib(write_batch_base.cc.obj) : error LNK2038: Konflikt ermittelt f├╝r "RuntimeLibrary": Der Wert "MT_StaticRelease" stimmt nicht mit dem Wert "MD_DynamicRelease" in test_snapshot_manager.obj ├╝berein. [C:\VCC\themis\build-msvc-tests\tests\test_snapshot_manager.vcxproj]
rocksdb.lib(comparator.cc.obj) : error LNK2038: Konflikt ermittelt f├╝r "RuntimeLibrary": Der Wert "MT_StaticRelease" stimmt nicht mit dem Wert "MD_DynamicRelease" in test_snapshot_manager.obj ├╝berein. [C:\VCC\themis\build-msvc-tests\tests\test_snapshot_manager.vcxproj]
rocksdb.lib(env.cc.obj) : error LNK2038: Konflikt ermittelt f├╝r "RuntimeLibrary": Der Wert "MT_StaticRelease" stimmt nicht mit dem Wert "MD_DynamicRelease" in test_snapshot_manager.obj ├╝berein. [C:\VCC\themis\build-msvc-tests\tests\test_snapshot_manager.vcxproj]
rocksdb.lib(coding.cc.obj) : error LNK2038: Konflikt ermittelt f├╝r "RuntimeLibrary": Der Wert "MT_StaticRelease" stimmt nicht mit dem Wert "MD_DynamicRelease" in test_snapshot_manager.obj ├╝berein. [C:\VCC\themis\build-msvc-tests\tests\test_snapshot_manager.vcxproj]
rocksdb.lib(logs_with_prep_tracker.cc.obj) : error LNK2038: Konflikt ermittelt f├╝r "RuntimeLibrary": Der Wert "MT_StaticRelease" stimmt nicht mit dem Wert "MD_DynamicRelease" in test_snapshot_manager.obj ├╝berein. [C:\VCC\themis\build-msvc-tests\tests\test_snapshot_manager.vcxproj]
rocksdb.lib(hash.cc.obj) : error LNK2038: Konflikt ermittelt f├╝r "RuntimeLibrary": Der Wert "MT_StaticRelease" stimmt nicht mit dem Wert "MD_DynamicRelease" in test_snapshot_manager.obj ├╝berein. [C:\VCC\themis\build-msvc-tests\tests\test_snapshot_manager.vcxproj]
rocksdb.lib(env_win.cc.obj) : error LNK2038: Konflikt ermittelt f├╝r "RuntimeLibrary": Der Wert "MT_StaticRelease" stimmt nicht mit dem Wert "MD_DynamicRelease" in test_snapshot_manager.obj ├╝berein. [C:\VCC\themis\build-msvc-tests\tests\test_snapshot_manager.vcxproj]
rocksdb.lib(seqno_to_time_mapping.cc.obj) : error LNK2038: Konflikt ermittelt f├╝r "RuntimeLibrary": Der Wert "MT_StaticRelease" stimmt nicht mit dem Wert "MD_DynamicRelease" in test_snapshot_manager.obj ├╝berein. [C:\VCC\themis\build-msvc-tests\tests\test_snapshot_manager.vcxproj]
rocksdb.lib(dbformat.cc.obj) : error LNK2038: Konflikt ermittelt f├╝r "RuntimeLibrary": Der Wert "MT_StaticRelease" stimmt nicht mit dem Wert "MD_DynamicRelease" in test_snapshot_manager.obj ├╝berein. [C:\VCC\themis\build-msvc-tests\tests\test_snapshot_manager.vcxproj]
rocksdb.lib(memtable.cc.obj) : error LNK2038: Konflikt ermittelt f├╝r "RuntimeLibrary": Der Wert "MT_StaticRelease" stimmt nicht mit dem Wert "MD_DynamicRelease" in test_snapshot_manager.obj ├╝berein. [C:\VCC\themis\build-msvc-tests\tests\test_snapshot_manager.vcxproj]
rocksdb.lib(memtable_list.cc.obj) : error LNK2038: Konflikt ermittelt f├╝r "RuntimeLibrary": Der Wert "MT_StaticRelease" stimmt nicht mit dem Wert "MD_DynamicRelease" in test_snapshot_manager.obj ├╝berein. [C:\VCC\themis\build-msvc-tests\tests\test_snapshot_manager.vcxproj]
rocksdb.lib(flush_scheduler.cc.obj) : error LNK2038: Konflikt ermittelt f├╝r "RuntimeLibrary": Der Wert "MT_StaticRelease" stimmt nicht mit dem Wert "MD_DynamicRelease" in test_snapshot_manager.obj ├╝berein. [C:\VCC\themis\build-msvc-tests\tests\test_snapshot_manager.vcxproj]
rocksdb.lib(trim_history_scheduler.cc.obj) : error LNK2038: Konflikt ermittelt f├╝r "RuntimeLibrary": Der Wert "MT_StaticRelease" stimmt nicht mit dem Wert "MD_DynamicRelease" in test_snapshot_manager.obj ├╝berein. [C:\VCC\themis\build-msvc-tests\tests\test_snapshot_manager.vcxproj]
rocksdb.lib(column_family.cc.obj) : error LNK2038: Konflikt ermittelt f├╝r "RuntimeLibrary": Der Wert "MT_StaticRelease" stimmt nicht mit dem Wert "MD_DynamicRelease" in test_snapshot_manager.obj ├╝berein. [C:\VCC\themis\build-msvc-tests\tests\test_snapshot_manager.vcxproj]
rocksdb.lib(wide_column_serialization.cc.obj) : error LNK2038: Konflikt ermittelt f├╝r "RuntimeLibrary": Der Wert "MT_StaticRelease" stimmt nicht mit dem Wert "MD_DynamicRelease" in test_snapshot_manager.obj ├╝berein. [C:\VCC\themis\build-msvc-tests\tests\test_snapshot_manager.vcxproj]
rocksdb.lib(merge_helper.cc.obj) : error LNK2038: Konflikt ermittelt f├╝r "RuntimeLibrary": Der Wert "MT_StaticRelease" stimmt nicht mit dem Wert "MD_DynamicRelease" in test_snapshot_manager.obj ├╝berein. [C:\VCC\themis\build-msvc-tests\tests\test_snapshot_manager.vcxproj]
rocksdb.lib(wide_columns_helper.cc.obj) : error LNK2038: Konflikt ermittelt f├╝r "RuntimeLibrary": Der Wert "MT_StaticRelease" stimmt nicht mit dem Wert "MD_DynamicRelease" in test_snapshot_manager.obj ├╝berein. [C:\VCC\themis\build-msvc-tests\tests\test_snapshot_manager.vcxproj]
rocksdb.lib(wide_columns.cc.obj) : error LNK2038: Konflikt ermittelt f├╝r "RuntimeLibrary": Der Wert "MT_StaticRelease" stimmt nicht mit dem Wert "MD_DynamicRelease" in test_snapshot_manager.obj ├╝berein. [C:\VCC\themis\build-msvc-tests\tests\test_snapshot_manager.vcxproj]
rocksdb.lib(configurable.cc.obj) : error LNK2038: Konflikt ermittelt f├╝r "RuntimeLibrary": Der Wert "MT_StaticRelease" stimmt nicht mit dem Wert "MD_DynamicRelease" in test_snapshot_manager.obj ├╝berein. [C:\VCC\themis\build-msvc-tests\tests\test_snapshot_manager.vcxproj]
rocksdb.lib(customizable.cc.obj) : error LNK2038: Konflikt ermittelt f├╝r "RuntimeLibrary": Der Wert "MT_StaticRelease" stimmt nicht mit dem Wert "MD_DynamicRelease" in test_snapshot_manager.obj ├╝berein. [C:\VCC\themis\build-msvc-tests\tests\test_snapshot_manager.vcxproj]
rocksdb.lib(object_registry.cc.obj) : error LNK2038: Konflikt ermittelt f├╝r "RuntimeLibrary": Der Wert "MT_StaticRelease" stimmt nicht mit dem Wert "MD_DynamicRelease" in test_snapshot_manager.obj ├╝berein. [C:\VCC\themis\build-msvc-tests\tests\test_snapshot_manager.vcxproj]
rocksdb.lib(string_util.cc.obj) : error LNK2038: Konflikt ermittelt f├╝r "RuntimeLibrary": Der Wert "MT_StaticRelease" stimmt nicht mit dem Wert "MD_DynamicRelease" in test_snapshot_manager.obj ├╝berein. [C:\VCC\themis\build-msvc-tests\tests\test_snapshot_manager.vcxproj]
rocksdb.lib(cache_reservation_manager.cc.obj) : error LNK2038: Konflikt ermittelt f├╝r "RuntimeLibrary": Der Wert "MT_StaticRelease" stimmt nicht mit dem Wert "MD_DynamicRelease" in test_snapshot_manager.obj ├╝berein. [C:\VCC\themis\build-msvc-tests\tests\test_snapshot_manager.vcxproj]
rocksdb.lib(ribbon_config.cc.obj) : error LNK2038: Konflikt ermittelt f├╝r "RuntimeLibrary": Der Wert "MT_StaticRelease" stimmt nicht mit dem Wert "MD_DynamicRelease" in test_snapshot_manager.obj ├╝berein. [C:\VCC\themis\build-msvc-tests\tests\test_snapshot_manager.vcxproj]
rocksdb.lib(options_helper.cc.obj) : error LNK2038: Konflikt ermittelt f├╝r "RuntimeLibrary": Der Wert "MT_StaticRelease" stimmt nicht mit dem Wert "MD_DynamicRelease" in test_snapshot_manager.obj ├╝berein. [C:\VCC\themis\build-msvc-tests\tests\test_snapshot_manager.vcxproj]
rocksdb.lib(skiplistrep.cc.obj) : error LNK2038: Konflikt ermittelt f├╝r "RuntimeLibrary": Der Wert "MT_StaticRelease" stimmt nicht mit dem Wert "MD_DynamicRelease" in test_snapshot_manager.obj ├╝berein. [C:\VCC\themis\build-msvc-tests\tests\test_snapshot_manager.vcxproj]
rocksdb.lib(write_buffer_manager.cc.obj) : error LNK2038: Konflikt ermittelt f├╝r "RuntimeLibrary": Der Wert "MT_StaticRelease" stimmt nicht mit dem Wert "MD_DynamicRelease" in test_snapshot_manager.obj ├╝berein. [C:\VCC\themis\build-msvc-tests\tests\test_snapshot_manager.vcxproj]
rocksdb.lib(db_options.cc.obj) : error LNK2038: Konflikt ermittelt f├╝r "RuntimeLibrary": Der Wert "MT_StaticRelease" stimmt nicht mit dem Wert "MD_DynamicRelease" in test_snapshot_manager.obj ├╝berein. [C:\VCC\themis\build-msvc-tests\tests\test_snapshot_manager.vcxproj]
rocksdb.lib(format.cc.obj) : error LNK2038: Konflikt ermittelt f├╝r "RuntimeLibrary": Der Wert "MT_StaticRelease" stimmt nicht mit dem Wert "MD_DynamicRelease" in test_snapshot_manager.obj ├╝berein. [C:\VCC\themis\build-msvc-tests\tests\test_snapshot_manager.vcxproj]
rocksdb.lib(file_system.cc.obj) : error LNK2038: Konflikt ermittelt f├╝r "RuntimeLibrary": Der Wert "MT_StaticRelease" stimmt nicht mit dem Wert "MD_DynamicRelease" in test_snapshot_manager.obj ├╝berein. [C:\VCC\themis\build-msvc-tests\tests\test_snapshot_manager.vcxproj]
rocksdb.lib(composite_env.cc.obj) : error LNK2038: Konflikt ermittelt f├╝r "RuntimeLibrary": Der Wert "MT_StaticRelease" stimmt nicht mit dem Wert "MD_DynamicRelease" in test_snapshot_manager.obj ├╝berein. [C:\VCC\themis\build-msvc-tests\tests\test_snapshot_manager.vcxproj]
rocksdb.lib(fs_remap.cc.obj) : error LNK2038: Konflikt ermittelt f├╝r "RuntimeLibrary": Der Wert "MT_StaticRelease" stimmt nicht mit dem Wert "MD_DynamicRelease" in test_snapshot_manager.obj ├╝berein. [C:\VCC\themis\build-msvc-tests\tests\test_snapshot_manager.vcxproj]
rocksdb.lib(win_thread.cc.obj) : error LNK2038: Konflikt ermittelt f├╝r "RuntimeLibrary": Der Wert "MT_StaticRelease" stimmt nicht mit dem Wert "MD_DynamicRelease" in test_snapshot_manager.obj ├╝berein. [C:\VCC\themis\build-msvc-tests\tests\test_snapshot_manager.vcxproj]
rocksdb.lib(filename.cc.obj) : error LNK2038: Konflikt ermittelt f├╝r "RuntimeLibrary": Der Wert "MT_StaticRelease" stimmt nicht mit dem Wert "MD_DynamicRelease" in test_snapshot_manager.obj ├╝berein. [C:\VCC\themis\build-msvc-tests\tests\test_snapshot_manager.vcxproj]
rocksdb.lib(file_system_tracer.cc.obj) : error LNK2038: Konflikt ermittelt f├╝r "RuntimeLibrary": Der Wert "MT_StaticRelease" stimmt nicht mit dem Wert "MD_DynamicRelease" in test_snapshot_manager.obj ├╝berein. [C:\VCC\themis\build-msvc-tests\tests\test_snapshot_manager.vcxproj]
rocksdb.lib(sequence_file_reader.cc.obj) : error LNK2038: Konflikt ermittelt f├╝r "RuntimeLibrary": Der Wert "MT_StaticRelease" stimmt nicht mit dem Wert "MD_DynamicRelease" in test_snapshot_manager.obj ├╝berein. [C:\VCC\themis\build-msvc-tests\tests\test_snapshot_manager.vcxproj]
rocksdb.lib(line_file_reader.cc.obj) : error LNK2038: Konflikt ermittelt f├╝r "RuntimeLibrary": Der Wert "MT_StaticRelease" stimmt nicht mit dem Wert "MD_DynamicRelease" in test_snapshot_manager.obj ├╝berein. [C:\VCC\themis\build-msvc-tests\tests\test_snapshot_manager.vcxproj]
rocksdb.lib(rate_limiter.cc.obj) : error LNK2038: Konflikt ermittelt f├╝r "RuntimeLibrary": Der Wert "MT_StaticRelease" stimmt nicht mit dem Wert "MD_DynamicRelease" in test_snapshot_manager.obj ├╝berein. [C:\VCC\themis\build-msvc-tests\tests\test_snapshot_manager.vcxproj]
rocksdb.lib(writable_file_writer.cc.obj) : error LNK2038: Konflikt ermittelt f├╝r "RuntimeLibrary": Der Wert "MT_StaticRelease" stimmt nicht mit dem Wert "MD_DynamicRelease" in test_snapshot_manager.obj ├╝berein. [C:\VCC\themis\build-msvc-tests\tests\test_snapshot_manager.vcxproj]
rocksdb.lib(sst_file_dumper.cc.obj) : error LNK2038: Konflikt ermittelt f├╝r "RuntimeLibrary": Der Wert "MT_StaticRelease" stimmt nicht mit dem Wert "MD_DynamicRelease" in test_snapshot_manager.obj ├╝berein. [C:\VCC\themis\build-msvc-tests\tests\test_snapshot_manager.vcxproj]
rocksdb.lib(crc32c.cc.obj) : error LNK2038: Konflikt ermittelt f├╝r "RuntimeLibrary": Der Wert "MT_StaticRelease" stimmt nicht mit dem Wert "MD_DynamicRelease" in test_snapshot_manager.obj ├╝berein. [C:\VCC\themis\build-msvc-tests\tests\test_snapshot_manager.vcxproj]
rocksdb.lib(iostats_context.cc.obj) : error LNK2038: Konflikt ermittelt f├╝r "RuntimeLibrary": Der Wert "MT_StaticRelease" stimmt nicht mit dem Wert "MD_DynamicRelease" in test_snapshot_manager.obj ├╝berein. [C:\VCC\themis\build-msvc-tests\tests\test_snapshot_manager.vcxproj]
rocksdb.lib(file_util.cc.obj) : error LNK2038: Konflikt ermittelt f├╝r "RuntimeLibrary": Der Wert "MT_StaticRelease" stimmt nicht mit dem Wert "MD_DynamicRelease" in test_snapshot_manager.obj ├╝berein. [C:\VCC\themis\build-msvc-tests\tests\test_snapshot_manager.vcxproj]
rocksdb.lib(cache_key.cc.obj) : error LNK2038: Konflikt ermittelt f├╝r "RuntimeLibrary": Der Wert "MT_StaticRelease" stimmt nicht mit dem Wert "MD_DynamicRelease" in test_snapshot_manager.obj ├╝berein. [C:\VCC\themis\build-msvc-tests\tests\test_snapshot_manager.vcxproj]
rocksdb.lib(cache.cc.obj) : error LNK2038: Konflikt ermittelt f├╝r "RuntimeLibrary": Der Wert "MT_StaticRelease" stimmt nicht mit dem Wert "MD_DynamicRelease" in test_snapshot_manager.obj ├╝berein. [C:\VCC\themis\build-msvc-tests\tests\test_snapshot_manager.vcxproj]
rocksdb.lib(flush_block_policy.cc.obj) : error LNK2038: Konflikt ermittelt f├╝r "RuntimeLibrary": Der Wert "MT_StaticRelease" stimmt nicht mit dem Wert "MD_DynamicRelease" in test_snapshot_manager.obj ├╝berein. [C:\VCC\themis\build-msvc-tests\tests\test_snapshot_manager.vcxproj]
rocksdb.lib(block_based_table_builder.cc.obj) : error LNK2038: Konflikt ermittelt f├╝r "RuntimeLibrary": Der Wert "MT_StaticRelease" stimmt nicht mit dem Wert "MD_DynamicRelease" in test_snapshot_manager.obj ├╝berein. [C:\VCC\themis\build-msvc-tests\tests\test_snapshot_manager.vcxproj]
rocksdb.lib(block_based_table_reader.cc.obj) : error LNK2038: Konflikt ermittelt f├╝r "RuntimeLibrary": Der Wert "MT_StaticRelease" stimmt nicht mit dem Wert "MD_DynamicRelease" in test_snapshot_manager.obj ├╝berein. [C:\VCC\themis\build-msvc-tests\tests\test_snapshot_manager.vcxproj]
rocksdb.lib(cache_entry_roles.cc.obj) : error LNK2038: Konflikt ermittelt f├╝r "RuntimeLibrary": Der Wert "MT_StaticRelease" stimmt nicht mit dem Wert "MD_DynamicRelease" in test_snapshot_manager.obj ├╝berein. [C:\VCC\themis\build-msvc-tests\tests\test_snapshot_manager.vcxproj]
rocksdb.lib(sharded_cache.cc.obj) : error LNK2038: Konflikt ermittelt f├╝r "RuntimeLibrary": Der Wert "MT_StaticRelease" stimmt nicht mit dem Wert "MD_DynamicRelease" in test_snapshot_manager.obj ├╝berein. [C:\VCC\themis\build-msvc-tests\tests\test_snapshot_manager.vcxproj]
rocksdb.lib(secondary_cache_adapter.cc.obj) : error LNK2038: Konflikt ermittelt f├╝r "RuntimeLibrary": Der Wert "MT_StaticRelease" stimmt nicht mit dem Wert "MD_DynamicRelease" in test_snapshot_manager.obj ├╝berein. [C:\VCC\themis\build-msvc-tests\tests\test_snapshot_manager.vcxproj]
rocksdb.lib(compression_context_cache.cc.obj) : error LNK2038: Konflikt ermittelt f├╝r "RuntimeLibrary": Der Wert "MT_StaticRelease" stimmt nicht mit dem Wert "MD_DynamicRelease" in test_snapshot_manager.obj ├╝berein. [C:\VCC\themis\build-msvc-tests\tests\test_snapshot_manager.vcxproj]
rocksdb.lib(thread_local.cc.obj) : error LNK2038: Konflikt ermittelt f├╝r "RuntimeLibrary": Der Wert "MT_StaticRelease" stimmt nicht mit dem Wert "MD_DynamicRelease" in test_snapshot_manager.obj ├╝berein. [C:\VCC\themis\build-msvc-tests\tests\test_snapshot_manager.vcxproj]
rocksdb.lib(iterator.cc.obj) : error LNK2038: Konflikt ermittelt f├╝r "RuntimeLibrary": Der Wert "MT_StaticRelease" stimmt nicht mit dem Wert "MD_DynamicRelease" in test_snapshot_manager.obj ├╝berein. [C:\VCC\themis\build-msvc-tests\tests\test_snapshot_manager.vcxproj]
rocksdb.lib(instrumented_mutex.cc.obj) : error LNK2038: Konflikt ermittelt f├╝r "RuntimeLibrary": Der Wert "MT_StaticRelease" stimmt nicht mit dem Wert "MD_DynamicRelease" in test_snapshot_manager.obj ├╝berein. [C:\VCC\themis\build-msvc-tests\tests\test_snapshot_manager.vcxproj]
rocksdb.lib(db_impl_write.cc.obj) : error LNK2038: Konflikt ermittelt f├╝r "RuntimeLibrary": Der Wert "MT_StaticRelease" stimmt nicht mit dem Wert "MD_DynamicRelease" in test_snapshot_manager.obj ├╝berein. [C:\VCC\themis\build-msvc-tests\tests\test_snapshot_manager.vcxproj]
rocksdb.lib(db_impl_open.cc.obj) : error LNK2038: Konflikt ermittelt f├╝r "RuntimeLibrary": Der Wert "MT_StaticRelease" stimmt nicht mit dem Wert "MD_DynamicRelease" in test_snapshot_manager.obj ├╝berein. [C:\VCC\themis\build-msvc-tests\tests\test_snapshot_manager.vcxproj]
rocksdb.lib(pessimistic_transaction.cc.obj) : error LNK2038: Konflikt ermittelt f├╝r "RuntimeLibrary": Der Wert "MT_StaticRelease" stimmt nicht mit dem Wert "MD_DynamicRelease" in test_snapshot_manager.obj ├╝berein. [C:\VCC\themis\build-msvc-tests\tests\test_snapshot_manager.vcxproj]
rocksdb.lib(lock_manager.cc.obj) : error LNK2038: Konflikt ermittelt f├╝r "RuntimeLibrary": Der Wert "MT_StaticRelease" stimmt nicht mit dem Wert "MD_DynamicRelease" in test_snapshot_manager.obj ├╝berein. [C:\VCC\themis\build-msvc-tests\tests\test_snapshot_manager.vcxproj]
rocksdb.lib(write_prepared_txn_db.cc.obj) : error LNK2038: Konflikt ermittelt f├╝r "RuntimeLibrary": Der Wert "MT_StaticRelease" stimmt nicht mit dem Wert "MD_DynamicRelease" in test_snapshot_manager.obj ├╝berein. [C:\VCC\themis\build-msvc-tests\tests\test_snapshot_manager.vcxproj]
rocksdb.lib(write_unprepared_txn_db.cc.obj) : error LNK2038: Konflikt ermittelt f├╝r "RuntimeLibrary": Der Wert "MT_StaticRelease" stimmt nicht mit dem Wert "MD_DynamicRelease" in test_snapshot_manager.obj ├╝berein. [C:\VCC\themis\build-msvc-tests\tests\test_snapshot_manager.vcxproj]
rocksdb.lib(attribute_group_iterator_impl.cc.obj) : error LNK2038: Konflikt ermittelt f├╝r "RuntimeLibrary": Der Wert "MT_StaticRelease" stimmt nicht mit dem Wert "MD_DynamicRelease" in test_snapshot_manager.obj ├╝berein. [C:\VCC\themis\build-msvc-tests\tests\test_snapshot_manager.vcxproj]
rocksdb.lib(unique_id.cc.obj) : error LNK2038: Konflikt ermittelt f├╝r "RuntimeLibrary": Der Wert "MT_StaticRelease" stimmt nicht mit dem Wert "MD_DynamicRelease" in test_snapshot_manager.obj ├╝berein. [C:\VCC\themis\build-msvc-tests\tests\test_snapshot_manager.vcxproj]
rocksdb.lib(build_version.cc.obj) : error LNK2038: Konflikt ermittelt f├╝r "RuntimeLibrary": Der Wert "MT_StaticRelease" stimmt nicht mit dem Wert "MD_DynamicRelease" in test_snapshot_manager.obj ├╝berein. [C:\VCC\themis\build-msvc-tests\tests\test_snapshot_manager.vcxproj]
rocksdb.lib(trace_replay.cc.obj) : error LNK2038: Konflikt ermittelt f├╝r "RuntimeLibrary": Der Wert "MT_StaticRelease" stimmt nicht mit dem Wert "MD_DynamicRelease" in test_snapshot_manager.obj ├╝berein. [C:\VCC\themis\build-msvc-tests\tests\test_snapshot_manager.vcxproj]
rocksdb.lib(io_tracer.cc.obj) : error LNK2038: Konflikt ermittelt f├╝r "RuntimeLibrary": Der Wert "MT_StaticRelease" stimmt nicht mit dem Wert "MD_DynamicRelease" in test_snapshot_manager.obj ├╝berein. [C:\VCC\themis\build-msvc-tests\tests\test_snapshot_manager.vcxproj]
rocksdb.lib(cf_options.cc.obj) : error LNK2038: Konflikt ermittelt f├╝r "RuntimeLibrary": Der Wert "MT_StaticRelease" stimmt nicht mit dem Wert "MD_DynamicRelease" in test_snapshot_manager.obj ├╝berein. [C:\VCC\themis\build-msvc-tests\tests\test_snapshot_manager.vcxproj]
rocksdb.lib(block_cache_tracer.cc.obj) : error LNK2038: Konflikt ermittelt f├╝r "RuntimeLibrary": Der Wert "MT_StaticRelease" stimmt nicht mit dem Wert "MD_DynamicRelease" in test_snapshot_manager.obj ├╝berein. [C:\VCC\themis\build-msvc-tests\tests\test_snapshot_manager.vcxproj]
rocksdb.lib(snapshot_impl.cc.obj) : error LNK2038: Konflikt ermittelt f├╝r "RuntimeLibrary": Der Wert "MT_StaticRelease" stimmt nicht mit dem Wert "MD_DynamicRelease" in test_snapshot_manager.obj ├╝berein. [C:\VCC\themis\build-msvc-tests\tests\test_snapshot_manager.vcxproj]
rocksdb.lib(version_edit.cc.obj) : error LNK2038: Konflikt ermittelt f├╝r "RuntimeLibrary": Der Wert "MT_StaticRelease" stimmt nicht mit dem Wert "MD_DynamicRelease" in test_snapshot_manager.obj ├╝berein. [C:\VCC\themis\build-msvc-tests\tests\test_snapshot_manager.vcxproj]
rocksdb.lib(thread_status_util.cc.obj) : error LNK2038: Konflikt ermittelt f├╝r "RuntimeLibrary": Der Wert "MT_StaticRelease" stimmt nicht mit dem Wert "MD_DynamicRelease" in test_snapshot_manager.obj ├╝berein. [C:\VCC\themis\build-msvc-tests\tests\test_snapshot_manager.vcxproj]
rocksdb.lib(range_del_aggregator.cc.obj) : error LNK2038: Konflikt ermittelt f├╝r "RuntimeLibrary": Der Wert "MT_StaticRelease" stimmt nicht mit dem Wert "MD_DynamicRelease" in test_snapshot_manager.obj ├╝berein. [C:\VCC\themis\build-msvc-tests\tests\test_snapshot_manager.vcxproj]
rocksdb.lib(write_thread.cc.obj) : error LNK2038: Konflikt ermittelt f├╝r "RuntimeLibrary": Der Wert "MT_StaticRelease" stimmt nicht mit dem Wert "MD_DynamicRelease" in test_snapshot_manager.obj ├╝berein. [C:\VCC\themis\build-msvc-tests\tests\test_snapshot_manager.vcxproj]
rocksdb.lib(write_controller.cc.obj) : error LNK2038: Konflikt ermittelt f├╝r "RuntimeLibrary": Der Wert "MT_StaticRelease" stimmt nicht mit dem Wert "MD_DynamicRelease" in test_snapshot_manager.obj ├╝berein. [C:\VCC\themis\build-msvc-tests\tests\test_snapshot_manager.vcxproj]
rocksdb.lib(error_handler.cc.obj) : error LNK2038: Konflikt ermittelt f├╝r "RuntimeLibrary": Der Wert "MT_StaticRelease" stimmt nicht mit dem Wert "MD_DynamicRelease" in test_snapshot_manager.obj ├╝berein. [C:\VCC\themis\build-msvc-tests\tests\test_snapshot_manager.vcxproj]
rocksdb.lib(udt_util.cc.obj) : error LNK2038: Konflikt ermittelt f├╝r "RuntimeLibrary": Der Wert "MT_StaticRelease" stimmt nicht mit dem Wert "MD_DynamicRelease" in test_snapshot_manager.obj ├╝berein. [C:\VCC\themis\build-msvc-tests\tests\test_snapshot_manager.vcxproj]
rocksdb.lib(offpeak_time_info.cc.obj) : error LNK2038: Konflikt ermittelt f├╝r "RuntimeLibrary": Der Wert "MT_StaticRelease" stimmt nicht mit dem Wert "MD_DynamicRelease" in test_snapshot_manager.obj ├╝berein. [C:\VCC\themis\build-msvc-tests\tests\test_snapshot_manager.vcxproj]
rocksdb.lib(version_set.cc.obj) : error LNK2038: Konflikt ermittelt f├╝r "RuntimeLibrary": Der Wert "MT_StaticRelease" stimmt nicht mit dem Wert "MD_DynamicRelease" in test_snapshot_manager.obj ├╝berein. [C:\VCC\themis\build-msvc-tests\tests\test_snapshot_manager.vcxproj]
rocksdb.lib(sst_file_manager_impl.cc.obj) : error LNK2038: Konflikt ermittelt f├╝r "RuntimeLibrary": Der Wert "MT_StaticRelease" stimmt nicht mit dem Wert "MD_DynamicRelease" in test_snapshot_manager.obj ├╝berein. [C:\VCC\themis\build-msvc-tests\tests\test_snapshot_manager.vcxproj]
rocksdb.lib(internal_stats.cc.obj) : error LNK2038: Konflikt ermittelt f├╝r "RuntimeLibrary": Der Wert "MT_StaticRelease" stimmt nicht mit dem Wert "MD_DynamicRelease" in test_snapshot_manager.obj ├╝berein. [C:\VCC\themis\build-msvc-tests\tests\test_snapshot_manager.vcxproj]
rocksdb.lib(log_writer.cc.obj) : error LNK2038: Konflikt ermittelt f├╝r "RuntimeLibrary": Der Wert "MT_StaticRelease" stimmt nicht mit dem Wert "MD_DynamicRelease" in test_snapshot_manager.obj ├╝berein. [C:\VCC\themis\build-msvc-tests\tests\test_snapshot_manager.vcxproj]
rocksdb.lib(external_sst_file_ingestion_job.cc.obj) : error LNK2038: Konflikt ermittelt f├╝r "RuntimeLibrary": Der Wert "MT_StaticRelease" stimmt nicht mit dem Wert "MD_DynamicRelease" in test_snapshot_manager.obj ├╝berein. [C:\VCC\themis\build-msvc-tests\tests\test_snapshot_manager.vcxproj]
rocksdb.lib(import_column_family_job.cc.obj) : error LNK2038: Konflikt ermittelt f├╝r "RuntimeLibrary": Der Wert "MT_StaticRelease" stimmt nicht mit dem Wert "MD_DynamicRelease" in test_snapshot_manager.obj ├╝berein. [C:\VCC\themis\build-msvc-tests\tests\test_snapshot_manager.vcxproj]
rocksdb.lib(periodic_task_scheduler.cc.obj) : error LNK2038: Konflikt ermittelt f├╝r "RuntimeLibrary": Der Wert "MT_StaticRelease" stimmt nicht mit dem Wert "MD_DynamicRelease" in test_snapshot_manager.obj ├╝berein. [C:\VCC\themis\build-msvc-tests\tests\test_snapshot_manager.vcxproj]
rocksdb.lib(wal_manager.cc.obj) : error LNK2038: Konflikt ermittelt f├╝r "RuntimeLibrary": Der Wert "MT_StaticRelease" stimmt nicht mit dem Wert "MD_DynamicRelease" in test_snapshot_manager.obj ├╝berein. [C:\VCC\themis\build-msvc-tests\tests\test_snapshot_manager.vcxproj]
rocksdb.lib(merging_iterator.cc.obj) : error LNK2038: Konflikt ermittelt f├╝r "RuntimeLibrary": Der Wert "MT_StaticRelease" stimmt nicht mit dem Wert "MD_DynamicRelease" in test_snapshot_manager.obj ├╝berein. [C:\VCC\themis\build-msvc-tests\tests\test_snapshot_manager.vcxproj]
rocksdb.lib(db_impl_compaction_flush.cc.obj) : error LNK2038: Konflikt ermittelt f├╝r "RuntimeLibrary": Der Wert "MT_StaticRelease" stimmt nicht mit dem Wert "MD_DynamicRelease" in test_snapshot_manager.obj ├╝berein. [C:\VCC\themis\build-msvc-tests\tests\test_snapshot_manager.vcxproj]
rocksdb.lib(db_impl_files.cc.obj) : error LNK2038: Konflikt ermittelt f├╝r "RuntimeLibrary": Der Wert "MT_StaticRelease" stimmt nicht mit dem Wert "MD_DynamicRelease" in test_snapshot_manager.obj ├╝berein. [C:\VCC\themis\build-msvc-tests\tests\test_snapshot_manager.vcxproj]
rocksdb.lib(db_filesnapshot.cc.obj) : error LNK2038: Konflikt ermittelt f├╝r "RuntimeLibrary": Der Wert "MT_StaticRelease" stimmt nicht mit dem Wert "MD_DynamicRelease" in test_snapshot_manager.obj ├╝berein. [C:\VCC\themis\build-msvc-tests\tests\test_snapshot_manager.vcxproj]
rocksdb.lib(db_impl_experimental.cc.obj) : error LNK2038: Konflikt ermittelt f├╝r "RuntimeLibrary": Der Wert "MT_StaticRelease" stimmt nicht mit dem Wert "MD_DynamicRelease" in test_snapshot_manager.obj ├╝berein. [C:\VCC\themis\build-msvc-tests\tests\test_snapshot_manager.vcxproj]
rocksdb.lib(db_iter.cc.obj) : error LNK2038: Konflikt ermittelt f├╝r "RuntimeLibrary": Der Wert "MT_StaticRelease" stimmt nicht mit dem Wert "MD_DynamicRelease" in test_snapshot_manager.obj ├╝berein. [C:\VCC\themis\build-msvc-tests\tests\test_snapshot_manager.vcxproj]
rocksdb.lib(arena_wrapped_db_iter.cc.obj) : error LNK2038: Konflikt ermittelt f├╝r "RuntimeLibrary": Der Wert "MT_StaticRelease" stimmt nicht mit dem Wert "MD_DynamicRelease" in test_snapshot_manager.obj ├╝berein. [C:\VCC\themis\build-msvc-tests\tests\test_snapshot_manager.vcxproj]
rocksdb.lib(coalescing_iterator.cc.obj) : error LNK2038: Konflikt ermittelt f├╝r "RuntimeLibrary": Der Wert "MT_StaticRelease" stimmt nicht mit dem Wert "MD_DynamicRelease" in test_snapshot_manager.obj ├╝berein. [C:\VCC\themis\build-msvc-tests\tests\test_snapshot_manager.vcxproj]
rocksdb.lib(convenience.cc.obj) : error LNK2038: Konflikt ermittelt f├╝r "RuntimeLibrary": Der Wert "MT_StaticRelease" stimmt nicht mit dem Wert "MD_DynamicRelease" in test_snapshot_manager.obj ├╝berein. [C:\VCC\themis\build-msvc-tests\tests\test_snapshot_manager.vcxproj]
rocksdb.lib(db_info_dumper.cc.obj) : error LNK2038: Konflikt ermittelt f├╝r "RuntimeLibrary": Der Wert "MT_StaticRelease" stimmt nicht mit dem Wert "MD_DynamicRelease" in test_snapshot_manager.obj ├╝berein. [C:\VCC\themis\build-msvc-tests\tests\test_snapshot_manager.vcxproj]
rocksdb.lib(forward_iterator.cc.obj) : error LNK2038: Konflikt ermittelt f├╝r "RuntimeLibrary": Der Wert "MT_StaticRelease" stimmt nicht mit dem Wert "MD_DynamicRelease" in test_snapshot_manager.obj ├╝berein. [C:\VCC\themis\build-msvc-tests\tests\test_snapshot_manager.vcxproj]
rocksdb.lib(malloc_stats.cc.obj) : error LNK2038: Konflikt ermittelt f├╝r "RuntimeLibrary": Der Wert "MT_StaticRelease" stimmt nicht mit dem Wert "MD_DynamicRelease" in test_snapshot_manager.obj ├╝berein. [C:\VCC\themis\build-msvc-tests\tests\test_snapshot_manager.vcxproj]
rocksdb.lib(unique_id_gen.cc.obj) : error LNK2038: Konflikt ermittelt f├╝r "RuntimeLibrary": Der Wert "MT_StaticRelease" stimmt nicht mit dem Wert "MD_DynamicRelease" in test_snapshot_manager.obj ├╝berein. [C:\VCC\themis\build-msvc-tests\tests\test_snapshot_manager.vcxproj]
rocksdb.lib(in_memory_stats_history.cc.obj) : error LNK2038: Konflikt ermittelt f├╝r "RuntimeLibrary": Der Wert "MT_StaticRelease" stimmt nicht mit dem Wert "MD_DynamicRelease" in test_snapshot_manager.obj ├╝berein. [C:\VCC\themis\build-msvc-tests\tests\test_snapshot_manager.vcxproj]
rocksdb.lib(persistent_stats_history.cc.obj) : error LNK2038: Konflikt ermittelt f├╝r "RuntimeLibrary": Der Wert "MT_StaticRelease" stimmt nicht mit dem Wert "MD_DynamicRelease" in test_snapshot_manager.obj ├╝berein. [C:\VCC\themis\build-msvc-tests\tests\test_snapshot_manager.vcxproj]
rocksdb.lib(options_parser.cc.obj) : error LNK2038: Konflikt ermittelt f├╝r "RuntimeLibrary": Der Wert "MT_StaticRelease" stimmt nicht mit dem Wert "MD_DynamicRelease" in test_snapshot_manager.obj ├╝berein. [C:\VCC\themis\build-msvc-tests\tests\test_snapshot_manager.vcxproj]
rocksdb.lib(replayer_impl.cc.obj) : error LNK2038: Konflikt ermittelt f├╝r "RuntimeLibrary": Der Wert "MT_StaticRelease" stimmt nicht mit dem Wert "MD_DynamicRelease" in test_snapshot_manager.obj ├╝berein. [C:\VCC\themis\build-msvc-tests\tests\test_snapshot_manager.vcxproj]
rocksdb.lib(table_properties.cc.obj) : error LNK2038: Konflikt ermittelt f├╝r "RuntimeLibrary": Der Wert "MT_StaticRelease" stimmt nicht mit dem Wert "MD_DynamicRelease" in test_snapshot_manager.obj ├╝berein. [C:\VCC\themis\build-msvc-tests\tests\test_snapshot_manager.vcxproj]
rocksdb.lib(perf_level.cc.obj) : error LNK2038: Konflikt ermittelt f├╝r "RuntimeLibrary": Der Wert "MT_StaticRelease" stimmt nicht mit dem Wert "MD_DynamicRelease" in test_snapshot_manager.obj ├╝berein. [C:\VCC\themis\build-msvc-tests\tests\test_snapshot_manager.vcxproj]
rocksdb.lib(perf_context.cc.obj) : error LNK2038: Konflikt ermittelt f├╝r "RuntimeLibrary": Der Wert "MT_StaticRelease" stimmt nicht mit dem Wert "MD_DynamicRelease" in test_snapshot_manager.obj ├╝berein. [C:\VCC\themis\build-msvc-tests\tests\test_snapshot_manager.vcxproj]
rocksdb.lib(random.cc.obj) : error LNK2038: Konflikt ermittelt f├╝r "RuntimeLibrary": Der Wert "MT_StaticRelease" stimmt nicht mit dem Wert "MD_DynamicRelease" in test_snapshot_manager.obj ├╝berein. [C:\VCC\themis\build-msvc-tests\tests\test_snapshot_manager.vcxproj]
rocksdb.lib(arena.cc.obj) : error LNK2038: Konflikt ermittelt f├╝r "RuntimeLibrary": Der Wert "MT_StaticRelease" stimmt nicht mit dem Wert "MD_DynamicRelease" in test_snapshot_manager.obj ├╝berein. [C:\VCC\themis\build-msvc-tests\tests\test_snapshot_manager.vcxproj]
rocksdb.lib(write_batch_with_index_internal.cc.obj) : error LNK2038: Konflikt ermittelt f├╝r "RuntimeLibrary": Der Wert "MT_StaticRelease" stimmt nicht mit dem Wert "MD_DynamicRelease" in test_snapshot_manager.obj ├╝berein. [C:\VCC\themis\build-msvc-tests\tests\test_snapshot_manager.vcxproj]
rocksdb.lib(histogram.cc.obj) : error LNK2038: Konflikt ermittelt f├╝r "RuntimeLibrary": Der Wert "MT_StaticRelease" stimmt nicht mit dem Wert "MD_DynamicRelease" in test_snapshot_manager.obj ├╝berein. [C:\VCC\themis\build-msvc-tests\tests\test_snapshot_manager.vcxproj]
rocksdb.lib(mock_env.cc.obj) : error LNK2038: Konflikt ermittelt f├╝r "RuntimeLibrary": Der Wert "MT_StaticRelease" stimmt nicht mit dem Wert "MD_DynamicRelease" in test_snapshot_manager.obj ├╝berein. [C:\VCC\themis\build-msvc-tests\tests\test_snapshot_manager.vcxproj]
rocksdb.lib(threadpool_imp.cc.obj) : error LNK2038: Konflikt ermittelt f├╝r "RuntimeLibrary": Der Wert "MT_StaticRelease" stimmt nicht mit dem Wert "MD_DynamicRelease" in test_snapshot_manager.obj ├╝berein. [C:\VCC\themis\build-msvc-tests\tests\test_snapshot_manager.vcxproj]
rocksdb.lib(thread_status_updater.cc.obj) : error LNK2038: Konflikt ermittelt f├╝r "RuntimeLibrary": Der Wert "MT_StaticRelease" stimmt nicht mit dem Wert "MD_DynamicRelease" in test_snapshot_manager.obj ├╝berein. [C:\VCC\themis\build-msvc-tests\tests\test_snapshot_manager.vcxproj]
rocksdb.lib(io_win.cc.obj) : error LNK2038: Konflikt ermittelt f├╝r "RuntimeLibrary": Der Wert "MT_StaticRelease" stimmt nicht mit dem Wert "MD_DynamicRelease" in test_snapshot_manager.obj ├╝berein. [C:\VCC\themis\build-msvc-tests\tests\test_snapshot_manager.vcxproj]
rocksdb.lib(win_logger.cc.obj) : error LNK2038: Konflikt ermittelt f├╝r "RuntimeLibrary": Der Wert "MT_StaticRelease" stimmt nicht mit dem Wert "MD_DynamicRelease" in test_snapshot_manager.obj ├╝berein. [C:\VCC\themis\build-msvc-tests\tests\test_snapshot_manager.vcxproj]
rocksdb.lib(range_tombstone_fragmenter.cc.obj) : error LNK2038: Konflikt ermittelt f├╝r "RuntimeLibrary": Der Wert "MT_StaticRelease" stimmt nicht mit dem Wert "MD_DynamicRelease" in test_snapshot_manager.obj ├╝berein. [C:\VCC\themis\build-msvc-tests\tests\test_snapshot_manager.vcxproj]
rocksdb.lib(alloc_tracker.cc.obj) : error LNK2038: Konflikt ermittelt f├╝r "RuntimeLibrary": Der Wert "MT_StaticRelease" stimmt nicht mit dem Wert "MD_DynamicRelease" in test_snapshot_manager.obj ├╝berein. [C:\VCC\themis\build-msvc-tests\tests\test_snapshot_manager.vcxproj]
rocksdb.lib(concurrent_arena.cc.obj) : error LNK2038: Konflikt ermittelt f├╝r "RuntimeLibrary": Der Wert "MT_StaticRelease" stimmt nicht mit dem Wert "MD_DynamicRelease" in test_snapshot_manager.obj ├╝berein. [C:\VCC\themis\build-msvc-tests\tests\test_snapshot_manager.vcxproj]
rocksdb.lib(dynamic_bloom.cc.obj) : error LNK2038: Konflikt ermittelt f├╝r "RuntimeLibrary": Der Wert "MT_StaticRelease" stimmt nicht mit dem Wert "MD_DynamicRelease" in test_snapshot_manager.obj ├╝berein. [C:\VCC\themis\build-msvc-tests\tests\test_snapshot_manager.vcxproj]
rocksdb.lib(log_buffer.cc.obj) : error LNK2038: Konflikt ermittelt f├╝r "RuntimeLibrary": Der Wert "MT_StaticRelease" stimmt nicht mit dem Wert "MD_DynamicRelease" in test_snapshot_manager.obj ├╝berein. [C:\VCC\themis\build-msvc-tests\tests\test_snapshot_manager.vcxproj]
rocksdb.lib(table_properties_collector.cc.obj) : error LNK2038: Konflikt ermittelt f├╝r "RuntimeLibrary": Der Wert "MT_StaticRelease" stimmt nicht mit dem Wert "MD_DynamicRelease" in test_snapshot_manager.obj ├╝berein. [C:\VCC\themis\build-msvc-tests\tests\test_snapshot_manager.vcxproj]
rocksdb.lib(table_cache.cc.obj) : error LNK2038: Konflikt ermittelt f├╝r "RuntimeLibrary": Der Wert "MT_StaticRelease" stimmt nicht mit dem Wert "MD_DynamicRelease" in test_snapshot_manager.obj ├╝berein. [C:\VCC\themis\build-msvc-tests\tests\test_snapshot_manager.vcxproj]
rocksdb.lib(blob_file_cache.cc.obj) : error LNK2038: Konflikt ermittelt f├╝r "RuntimeLibrary": Der Wert "MT_StaticRelease" stimmt nicht mit dem Wert "MD_DynamicRelease" in test_snapshot_manager.obj ├╝berein. [C:\VCC\themis\build-msvc-tests\tests\test_snapshot_manager.vcxproj]
rocksdb.lib(blob_source.cc.obj) : error LNK2038: Konflikt ermittelt f├╝r "RuntimeLibrary": Der Wert "MT_StaticRelease" stimmt nicht mit dem Wert "MD_DynamicRelease" in test_snapshot_manager.obj ├╝berein. [C:\VCC\themis\build-msvc-tests\tests\test_snapshot_manager.vcxproj]
rocksdb.lib(compaction.cc.obj) : error LNK2038: Konflikt ermittelt f├╝r "RuntimeLibrary": Der Wert "MT_StaticRelease" stimmt nicht mit dem Wert "MD_DynamicRelease" in test_snapshot_manager.obj ├╝berein. [C:\VCC\themis\build-msvc-tests\tests\test_snapshot_manager.vcxproj]
rocksdb.lib(compaction_picker.cc.obj) : error LNK2038: Konflikt ermittelt f├╝r "RuntimeLibrary": Der Wert "MT_StaticRelease" stimmt nicht mit dem Wert "MD_DynamicRelease" in test_snapshot_manager.obj ├╝berein. [C:\VCC\themis\build-msvc-tests\tests\test_snapshot_manager.vcxproj]
rocksdb.lib(compaction_picker_fifo.cc.obj) : error LNK2038: Konflikt ermittelt f├╝r "RuntimeLibrary": Der Wert "MT_StaticRelease" stimmt nicht mit dem Wert "MD_DynamicRelease" in test_snapshot_manager.obj ├╝berein. [C:\VCC\themis\build-msvc-tests\tests\test_snapshot_manager.vcxproj]
rocksdb.lib(compaction_picker_level.cc.obj) : error LNK2038: Konflikt ermittelt f├╝r "RuntimeLibrary": Der Wert "MT_StaticRelease" stimmt nicht mit dem Wert "MD_DynamicRelease" in test_snapshot_manager.obj ├╝berein. [C:\VCC\themis\build-msvc-tests\tests\test_snapshot_manager.vcxproj]
rocksdb.lib(compaction_picker_universal.cc.obj) : error LNK2038: Konflikt ermittelt f├╝r "RuntimeLibrary": Der Wert "MT_StaticRelease" stimmt nicht mit dem Wert "MD_DynamicRelease" in test_snapshot_manager.obj ├╝berein. [C:\VCC\themis\build-msvc-tests\tests\test_snapshot_manager.vcxproj]
rocksdb.lib(delete_scheduler.cc.obj) : error LNK2038: Konflikt ermittelt f├╝r "RuntimeLibrary": Der Wert "MT_StaticRelease" stimmt nicht mit dem Wert "MD_DynamicRelease" in test_snapshot_manager.obj ├╝berein. [C:\VCC\themis\build-msvc-tests\tests\test_snapshot_manager.vcxproj]
rocksdb.lib(blob_fetcher.cc.obj) : error LNK2038: Konflikt ermittelt f├╝r "RuntimeLibrary": Der Wert "MT_StaticRelease" stimmt nicht mit dem Wert "MD_DynamicRelease" in test_snapshot_manager.obj ├╝berein. [C:\VCC\themis\build-msvc-tests\tests\test_snapshot_manager.vcxproj]
rocksdb.lib(prefetch_buffer_collection.cc.obj) : error LNK2038: Konflikt ermittelt f├╝r "RuntimeLibrary": Der Wert "MT_StaticRelease" stimmt nicht mit dem Wert "MD_DynamicRelease" in test_snapshot_manager.obj ├╝berein. [C:\VCC\themis\build-msvc-tests\tests\test_snapshot_manager.vcxproj]
rocksdb.lib(file_checksum_helper.cc.obj) : error LNK2038: Konflikt ermittelt f├╝r "RuntimeLibrary": Der Wert "MT_StaticRelease" stimmt nicht mit dem Wert "MD_DynamicRelease" in test_snapshot_manager.obj ├╝berein. [C:\VCC\themis\build-msvc-tests\tests\test_snapshot_manager.vcxproj]
rocksdb.lib(event_helpers.cc.obj) : error LNK2038: Konflikt ermittelt f├╝r "RuntimeLibrary": Der Wert "MT_StaticRelease" stimmt nicht mit dem Wert "MD_DynamicRelease" in test_snapshot_manager.obj ├╝berein. [C:\VCC\themis\build-msvc-tests\tests\test_snapshot_manager.vcxproj]
rocksdb.lib(wal_filter.cc.obj) : error LNK2038: Konflikt ermittelt f├╝r "RuntimeLibrary": Der Wert "MT_StaticRelease" stimmt nicht mit dem Wert "MD_DynamicRelease" in test_snapshot_manager.obj ├╝berein. [C:\VCC\themis\build-msvc-tests\tests\test_snapshot_manager.vcxproj]
rocksdb.lib(file_prefetch_buffer.cc.obj) : error LNK2038: Konflikt ermittelt f├╝r "RuntimeLibrary": Der Wert "MT_StaticRelease" stimmt nicht mit dem Wert "MD_DynamicRelease" in test_snapshot_manager.obj ├╝berein. [C:\VCC\themis\build-msvc-tests\tests\test_snapshot_manager.vcxproj]
rocksdb.lib(random_access_file_reader.cc.obj) : error LNK2038: Konflikt ermittelt f├╝r "RuntimeLibrary": Der Wert "MT_StaticRelease" stimmt nicht mit dem Wert "MD_DynamicRelease" in test_snapshot_manager.obj ├╝berein. [C:\VCC\themis\build-msvc-tests\tests\test_snapshot_manager.vcxproj]
rocksdb.lib(plain_table_builder.cc.obj) : error LNK2038: Konflikt ermittelt f├╝r "RuntimeLibrary": Der Wert "MT_StaticRelease" stimmt nicht mit dem Wert "MD_DynamicRelease" in test_snapshot_manager.obj ├╝berein. [C:\VCC\themis\build-msvc-tests\tests\test_snapshot_manager.vcxproj]
rocksdb.lib(env_encryption.cc.obj) : error LNK2038: Konflikt ermittelt f├╝r "RuntimeLibrary": Der Wert "MT_StaticRelease" stimmt nicht mit dem Wert "MD_DynamicRelease" in test_snapshot_manager.obj ├╝berein. [C:\VCC\themis\build-msvc-tests\tests\test_snapshot_manager.vcxproj]
rocksdb.lib(counted_fs.cc.obj) : error LNK2038: Konflikt ermittelt f├╝r "RuntimeLibrary": Der Wert "MT_StaticRelease" stimmt nicht mit dem Wert "MD_DynamicRelease" in test_snapshot_manager.obj ├╝berein. [C:\VCC\themis\build-msvc-tests\tests\test_snapshot_manager.vcxproj]
rocksdb.lib(env_timed.cc.obj) : error LNK2038: Konflikt ermittelt f├╝r "RuntimeLibrary": Der Wert "MT_StaticRelease" stimmt nicht mit dem Wert "MD_DynamicRelease" in test_snapshot_manager.obj ├╝berein. [C:\VCC\themis\build-msvc-tests\tests\test_snapshot_manager.vcxproj]
rocksdb.lib(plain_table_factory.cc.obj) : error LNK2038: Konflikt ermittelt f├╝r "RuntimeLibrary": Der Wert "MT_StaticRelease" stimmt nicht mit dem Wert "MD_DynamicRelease" in test_snapshot_manager.obj ├╝berein. [C:\VCC\themis\build-msvc-tests\tests\test_snapshot_manager.vcxproj]
rocksdb.lib(cuckoo_table_factory.cc.obj) : error LNK2038: Konflikt ermittelt f├╝r "RuntimeLibrary": Der Wert "MT_StaticRelease" stimmt nicht mit dem Wert "MD_DynamicRelease" in test_snapshot_manager.obj ├╝berein. [C:\VCC\themis\build-msvc-tests\tests\test_snapshot_manager.vcxproj]
rocksdb.lib(meta_blocks.cc.obj) : error LNK2038: Konflikt ermittelt f├╝r "RuntimeLibrary": Der Wert "MT_StaticRelease" stimmt nicht mit dem Wert "MD_DynamicRelease" in test_snapshot_manager.obj ├╝berein. [C:\VCC\themis\build-msvc-tests\tests\test_snapshot_manager.vcxproj]
rocksdb.lib(cuckoo_table_builder.cc.obj) : error LNK2038: Konflikt ermittelt f├╝r "RuntimeLibrary": Der Wert "MT_StaticRelease" stimmt nicht mit dem Wert "MD_DynamicRelease" in test_snapshot_manager.obj ├╝berein. [C:\VCC\themis\build-msvc-tests\tests\test_snapshot_manager.vcxproj]
rocksdb.lib(compressed_secondary_cache.cc.obj) : error LNK2038: Konflikt ermittelt f├╝r "RuntimeLibrary": Der Wert "MT_StaticRelease" stimmt nicht mit dem Wert "MD_DynamicRelease" in test_snapshot_manager.obj ├╝berein. [C:\VCC\themis\build-msvc-tests\tests\test_snapshot_manager.vcxproj]
rocksdb.lib(block_builder.cc.obj) : error LNK2038: Konflikt ermittelt f├╝r "RuntimeLibrary": Der Wert "MT_StaticRelease" stimmt nicht mit dem Wert "MD_DynamicRelease" in test_snapshot_manager.obj ├╝berein. [C:\VCC\themis\build-msvc-tests\tests\test_snapshot_manager.vcxproj]
rocksdb.lib(cache_helpers.cc.obj) : error LNK2038: Konflikt ermittelt f├╝r "RuntimeLibrary": Der Wert "MT_StaticRelease" stimmt nicht mit dem Wert "MD_DynamicRelease" in test_snapshot_manager.obj ├╝berein. [C:\VCC\themis\build-msvc-tests\tests\test_snapshot_manager.vcxproj]
rocksdb.lib(block.cc.obj) : error LNK2038: Konflikt ermittelt f├╝r "RuntimeLibrary": Der Wert "MT_StaticRelease" stimmt nicht mit dem Wert "MD_DynamicRelease" in test_snapshot_manager.obj ├╝berein. [C:\VCC\themis\build-msvc-tests\tests\test_snapshot_manager.vcxproj]
rocksdb.lib(block_cache.cc.obj) : error LNK2038: Konflikt ermittelt f├╝r "RuntimeLibrary": Der Wert "MT_StaticRelease" stimmt nicht mit dem Wert "MD_DynamicRelease" in test_snapshot_manager.obj ├╝berein. [C:\VCC\themis\build-msvc-tests\tests\test_snapshot_manager.vcxproj]
rocksdb.lib(index_builder.cc.obj) : error LNK2038: Konflikt ermittelt f├╝r "RuntimeLibrary": Der Wert "MT_StaticRelease" stimmt nicht mit dem Wert "MD_DynamicRelease" in test_snapshot_manager.obj ├╝berein. [C:\VCC\themis\build-msvc-tests\tests\test_snapshot_manager.vcxproj]
rocksdb.lib(full_filter_block.cc.obj) : error LNK2038: Konflikt ermittelt f├╝r "RuntimeLibrary": Der Wert "MT_StaticRelease" stimmt nicht mit dem Wert "MD_DynamicRelease" in test_snapshot_manager.obj ├╝berein. [C:\VCC\themis\build-msvc-tests\tests\test_snapshot_manager.vcxproj]
rocksdb.lib(partitioned_filter_block.cc.obj) : error LNK2038: Konflikt ermittelt f├╝r "RuntimeLibrary": Der Wert "MT_StaticRelease" stimmt nicht mit dem Wert "MD_DynamicRelease" in test_snapshot_manager.obj ├╝berein. [C:\VCC\themis\build-msvc-tests\tests\test_snapshot_manager.vcxproj]
rocksdb.lib(parsed_full_filter_block.cc.obj) : error LNK2038: Konflikt ermittelt f├╝r "RuntimeLibrary": Der Wert "MT_StaticRelease" stimmt nicht mit dem Wert "MD_DynamicRelease" in test_snapshot_manager.obj ├╝berein. [C:\VCC\themis\build-msvc-tests\tests\test_snapshot_manager.vcxproj]
rocksdb.lib(uncompression_dict_reader.cc.obj) : error LNK2038: Konflikt ermittelt f├╝r "RuntimeLibrary": Der Wert "MT_StaticRelease" stimmt nicht mit dem Wert "MD_DynamicRelease" in test_snapshot_manager.obj ├╝berein. [C:\VCC\themis\build-msvc-tests\tests\test_snapshot_manager.vcxproj]
rocksdb.lib(get_context.cc.obj) : error LNK2038: Konflikt ermittelt f├╝r "RuntimeLibrary": Der Wert "MT_StaticRelease" stimmt nicht mit dem Wert "MD_DynamicRelease" in test_snapshot_manager.obj ├╝berein. [C:\VCC\themis\build-msvc-tests\tests\test_snapshot_manager.vcxproj]
rocksdb.lib(reader_common.cc.obj) : error LNK2038: Konflikt ermittelt f├╝r "RuntimeLibrary": Der Wert "MT_StaticRelease" stimmt nicht mit dem Wert "MD_DynamicRelease" in test_snapshot_manager.obj ├╝berein. [C:\VCC\themis\build-msvc-tests\tests\test_snapshot_manager.vcxproj]
rocksdb.lib(binary_search_index_reader.cc.obj) : error LNK2038: Konflikt ermittelt f├╝r "RuntimeLibrary": Der Wert "MT_StaticRelease" stimmt nicht mit dem Wert "MD_DynamicRelease" in test_snapshot_manager.obj ├╝berein. [C:\VCC\themis\build-msvc-tests\tests\test_snapshot_manager.vcxproj]
rocksdb.lib(block_based_table_iterator.cc.obj) : error LNK2038: Konflikt ermittelt f├╝r "RuntimeLibrary": Der Wert "MT_StaticRelease" stimmt nicht mit dem Wert "MD_DynamicRelease" in test_snapshot_manager.obj ├╝berein. [C:\VCC\themis\build-msvc-tests\tests\test_snapshot_manager.vcxproj]
rocksdb.lib(hash_index_reader.cc.obj) : error LNK2038: Konflikt ermittelt f├╝r "RuntimeLibrary": Der Wert "MT_StaticRelease" stimmt nicht mit dem Wert "MD_DynamicRelease" in test_snapshot_manager.obj ├╝berein. [C:\VCC\themis\build-msvc-tests\tests\test_snapshot_manager.vcxproj]
rocksdb.lib(partitioned_index_reader.cc.obj) : error LNK2038: Konflikt ermittelt f├╝r "RuntimeLibrary": Der Wert "MT_StaticRelease" stimmt nicht mit dem Wert "MD_DynamicRelease" in test_snapshot_manager.obj ├╝berein. [C:\VCC\themis\build-msvc-tests\tests\test_snapshot_manager.vcxproj]
rocksdb.lib(block_fetcher.cc.obj) : error LNK2038: Konflikt ermittelt f├╝r "RuntimeLibrary": Der Wert "MT_StaticRelease" stimmt nicht mit dem Wert "MD_DynamicRelease" in test_snapshot_manager.obj ├╝berein. [C:\VCC\themis\build-msvc-tests\tests\test_snapshot_manager.vcxproj]
rocksdb.lib(sst_file_writer.cc.obj) : error LNK2038: Konflikt ermittelt f├╝r "RuntimeLibrary": Der Wert "MT_StaticRelease" stimmt nicht mit dem Wert "MD_DynamicRelease" in test_snapshot_manager.obj ├╝berein. [C:\VCC\themis\build-msvc-tests\tests\test_snapshot_manager.vcxproj]
rocksdb.lib(clock_cache.cc.obj) : error LNK2038: Konflikt ermittelt f├╝r "RuntimeLibrary": Der Wert "MT_StaticRelease" stimmt nicht mit dem Wert "MD_DynamicRelease" in test_snapshot_manager.obj ├╝berein. [C:\VCC\themis\build-msvc-tests\tests\test_snapshot_manager.vcxproj]
rocksdb.lib(tiered_secondary_cache.cc.obj) : error LNK2038: Konflikt ermittelt f├╝r "RuntimeLibrary": Der Wert "MT_StaticRelease" stimmt nicht mit dem Wert "MD_DynamicRelease" in test_snapshot_manager.obj ├╝berein. [C:\VCC\themis\build-msvc-tests\tests\test_snapshot_manager.vcxproj]
rocksdb.lib(auto_roll_logger.cc.obj) : error LNK2038: Konflikt ermittelt f├╝r "RuntimeLibrary": Der Wert "MT_StaticRelease" stimmt nicht mit dem Wert "MD_DynamicRelease" in test_snapshot_manager.obj ├╝berein. [C:\VCC\themis\build-msvc-tests\tests\test_snapshot_manager.vcxproj]
rocksdb.lib(event_logger.cc.obj) : error LNK2038: Konflikt ermittelt f├╝r "RuntimeLibrary": Der Wert "MT_StaticRelease" stimmt nicht mit dem Wert "MD_DynamicRelease" in test_snapshot_manager.obj ├╝berein. [C:\VCC\themis\build-msvc-tests\tests\test_snapshot_manager.vcxproj]
rocksdb.lib(wal_edit.cc.obj) : error LNK2038: Konflikt ermittelt f├╝r "RuntimeLibrary": Der Wert "MT_StaticRelease" stimmt nicht mit dem Wert "MD_DynamicRelease" in test_snapshot_manager.obj ├╝berein. [C:\VCC\themis\build-msvc-tests\tests\test_snapshot_manager.vcxproj]
rocksdb.lib(log_reader.cc.obj) : error LNK2038: Konflikt ermittelt f├╝r "RuntimeLibrary": Der Wert "MT_StaticRelease" stimmt nicht mit dem Wert "MD_DynamicRelease" in test_snapshot_manager.obj ├╝berein. [C:\VCC\themis\build-msvc-tests\tests\test_snapshot_manager.vcxproj]
rocksdb.lib(builder.cc.obj) : error LNK2038: Konflikt ermittelt f├╝r "RuntimeLibrary": Der Wert "MT_StaticRelease" stimmt nicht mit dem Wert "MD_DynamicRelease" in test_snapshot_manager.obj ├╝berein. [C:\VCC\themis\build-msvc-tests\tests\test_snapshot_manager.vcxproj]
rocksdb.lib(snapshot_checker.cc.obj) : error LNK2038: Konflikt ermittelt f├╝r "RuntimeLibrary": Der Wert "MT_StaticRelease" stimmt nicht mit dem Wert "MD_DynamicRelease" in test_snapshot_manager.obj ├╝berein. [C:\VCC\themis\build-msvc-tests\tests\test_snapshot_manager.vcxproj]
rocksdb.lib(read_write_util.cc.obj) : error LNK2038: Konflikt ermittelt f├╝r "RuntimeLibrary": Der Wert "MT_StaticRelease" stimmt nicht mit dem Wert "MD_DynamicRelease" in test_snapshot_manager.obj ├╝berein. [C:\VCC\themis\build-msvc-tests\tests\test_snapshot_manager.vcxproj]
rocksdb.lib(transaction_util.cc.obj) : error LNK2038: Konflikt ermittelt f├╝r "RuntimeLibrary": Der Wert "MT_StaticRelease" stimmt nicht mit dem Wert "MD_DynamicRelease" in test_snapshot_manager.obj ├╝berein. [C:\VCC\themis\build-msvc-tests\tests\test_snapshot_manager.vcxproj]
rocksdb.lib(transaction_base.cc.obj) : error LNK2038: Konflikt ermittelt f├╝r "RuntimeLibrary": Der Wert "MT_StaticRelease" stimmt nicht mit dem Wert "MD_DynamicRelease" in test_snapshot_manager.obj ├╝berein. [C:\VCC\themis\build-msvc-tests\tests\test_snapshot_manager.vcxproj]
rocksdb.lib(point_lock_manager.cc.obj) : error LNK2038: Konflikt ermittelt f├╝r "RuntimeLibrary": Der Wert "MT_StaticRelease" stimmt nicht mit dem Wert "MD_DynamicRelease" in test_snapshot_manager.obj ├╝berein. [C:\VCC\themis\build-msvc-tests\tests\test_snapshot_manager.vcxproj]
rocksdb.lib(write_prepared_txn.cc.obj) : error LNK2038: Konflikt ermittelt f├╝r "RuntimeLibrary": Der Wert "MT_StaticRelease" stimmt nicht mit dem Wert "MD_DynamicRelease" in test_snapshot_manager.obj ├╝berein. [C:\VCC\themis\build-msvc-tests\tests\test_snapshot_manager.vcxproj]
rocksdb.lib(write_unprepared_txn.cc.obj) : error LNK2038: Konflikt ermittelt f├╝r "RuntimeLibrary": Der Wert "MT_StaticRelease" stimmt nicht mit dem Wert "MD_DynamicRelease" in test_snapshot_manager.obj ├╝berein. [C:\VCC\themis\build-msvc-tests\tests\test_snapshot_manager.vcxproj]
rocksdb.lib(trace_record.cc.obj) : error LNK2038: Konflikt ermittelt f├╝r "RuntimeLibrary": Der Wert "MT_StaticRelease" stimmt nicht mit dem Wert "MD_DynamicRelease" in test_snapshot_manager.obj ├╝berein. [C:\VCC\themis\build-msvc-tests\tests\test_snapshot_manager.vcxproj]
rocksdb.lib(compact_on_deletion_collector.cc.obj) : error LNK2038: Konflikt ermittelt f├╝r "RuntimeLibrary": Der Wert "MT_StaticRelease" stimmt nicht mit dem Wert "MD_DynamicRelease" in test_snapshot_manager.obj ├╝berein. [C:\VCC\themis\build-msvc-tests\tests\test_snapshot_manager.vcxproj]
rocksdb.lib(sst_partitioner.cc.obj) : error LNK2038: Konflikt ermittelt f├╝r "RuntimeLibrary": Der Wert "MT_StaticRelease" stimmt nicht mit dem Wert "MD_DynamicRelease" in test_snapshot_manager.obj ├╝berein. [C:\VCC\themis\build-msvc-tests\tests\test_snapshot_manager.vcxproj]
rocksdb.lib(table_factory.cc.obj) : error LNK2038: Konflikt ermittelt f├╝r "RuntimeLibrary": Der Wert "MT_StaticRelease" stimmt nicht mit dem Wert "MD_DynamicRelease" in test_snapshot_manager.obj ├╝berein. [C:\VCC\themis\build-msvc-tests\tests\test_snapshot_manager.vcxproj]
rocksdb.lib(compaction_filters.cc.obj) : error LNK2038: Konflikt ermittelt f├╝r "RuntimeLibrary": Der Wert "MT_StaticRelease" stimmt nicht mit dem Wert "MD_DynamicRelease" in test_snapshot_manager.obj ├╝berein. [C:\VCC\themis\build-msvc-tests\tests\test_snapshot_manager.vcxproj]
rocksdb.lib(merge_operators.cc.obj) : error LNK2038: Konflikt ermittelt f├╝r "RuntimeLibrary": Der Wert "MT_StaticRelease" stimmt nicht mit dem Wert "MD_DynamicRelease" in test_snapshot_manager.obj ├╝berein. [C:\VCC\themis\build-msvc-tests\tests\test_snapshot_manager.vcxproj]
rocksdb.lib(blob_file_addition.cc.obj) : error LNK2038: Konflikt ermittelt f├╝r "RuntimeLibrary": Der Wert "MT_StaticRelease" stimmt nicht mit dem Wert "MD_DynamicRelease" in test_snapshot_manager.obj ├╝berein. [C:\VCC\themis\build-msvc-tests\tests\test_snapshot_manager.vcxproj]
rocksdb.lib(blob_file_garbage.cc.obj) : error LNK2038: Konflikt ermittelt f├╝r "RuntimeLibrary": Der Wert "MT_StaticRelease" stimmt nicht mit dem Wert "MD_DynamicRelease" in test_snapshot_manager.obj ├╝berein. [C:\VCC\themis\build-msvc-tests\tests\test_snapshot_manager.vcxproj]
rocksdb.lib(write_batch_util.cc.obj) : error LNK2038: Konflikt ermittelt f├╝r "RuntimeLibrary": Der Wert "MT_StaticRelease" stimmt nicht mit dem Wert "MD_DynamicRelease" in test_snapshot_manager.obj ├╝berein. [C:\VCC\themis\build-msvc-tests\tests\test_snapshot_manager.vcxproj]
rocksdb.lib(blob_file_meta.cc.obj) : error LNK2038: Konflikt ermittelt f├╝r "RuntimeLibrary": Der Wert "MT_StaticRelease" stimmt nicht mit dem Wert "MD_DynamicRelease" in test_snapshot_manager.obj ├╝berein. [C:\VCC\themis\build-msvc-tests\tests\test_snapshot_manager.vcxproj]
rocksdb.lib(file_indexer.cc.obj) : error LNK2038: Konflikt ermittelt f├╝r "RuntimeLibrary": Der Wert "MT_StaticRelease" stimmt nicht mit dem Wert "MD_DynamicRelease" in test_snapshot_manager.obj ├╝berein. [C:\VCC\themis\build-msvc-tests\tests\test_snapshot_manager.vcxproj]
rocksdb.lib(version_builder.cc.obj) : error LNK2038: Konflikt ermittelt f├╝r "RuntimeLibrary": Der Wert "MT_StaticRelease" stimmt nicht mit dem Wert "MD_DynamicRelease" in test_snapshot_manager.obj ├╝berein. [C:\VCC\themis\build-msvc-tests\tests\test_snapshot_manager.vcxproj]
rocksdb.lib(version_edit_handler.cc.obj) : error LNK2038: Konflikt ermittelt f├╝r "RuntimeLibrary": Der Wert "MT_StaticRelease" stimmt nicht mit dem Wert "MD_DynamicRelease" in test_snapshot_manager.obj ├╝berein. [C:\VCC\themis\build-msvc-tests\tests\test_snapshot_manager.vcxproj]
rocksdb.lib(compaction_merging_iterator.cc.obj) : error LNK2038: Konflikt ermittelt f├╝r "RuntimeLibrary": Der Wert "MT_StaticRelease" stimmt nicht mit dem Wert "MD_DynamicRelease" in test_snapshot_manager.obj ├╝berein. [C:\VCC\themis\build-msvc-tests\tests\test_snapshot_manager.vcxproj]
rocksdb.lib(write_stall_stats.cc.obj) : error LNK2038: Konflikt ermittelt f├╝r "RuntimeLibrary": Der Wert "MT_StaticRelease" stimmt nicht mit dem Wert "MD_DynamicRelease" in test_snapshot_manager.obj ├╝berein. [C:\VCC\themis\build-msvc-tests\tests\test_snapshot_manager.vcxproj]
rocksdb.lib(compression.cc.obj) : error LNK2038: Konflikt ermittelt f├╝r "RuntimeLibrary": Der Wert "MT_StaticRelease" stimmt nicht mit dem Wert "MD_DynamicRelease" in test_snapshot_manager.obj ├╝berein. [C:\VCC\themis\build-msvc-tests\tests\test_snapshot_manager.vcxproj]
rocksdb.lib(transaction_log_impl.cc.obj) : error LNK2038: Konflikt ermittelt f├╝r "RuntimeLibrary": Der Wert "MT_StaticRelease" stimmt nicht mit dem Wert "MD_DynamicRelease" in test_snapshot_manager.obj ├╝berein. [C:\VCC\themis\build-msvc-tests\tests\test_snapshot_manager.vcxproj]
rocksdb.lib(compaction_job_stats_impl.cc.obj) : error LNK2038: Konflikt ermittelt f├╝r "RuntimeLibrary": Der Wert "MT_StaticRelease" stimmt nicht mit dem Wert "MD_DynamicRelease" in test_snapshot_manager.obj ├╝berein. [C:\VCC\themis\build-msvc-tests\tests\test_snapshot_manager.vcxproj]
rocksdb.lib(compaction_job.cc.obj) : error LNK2038: Konflikt ermittelt f├╝r "RuntimeLibrary": Der Wert "MT_StaticRelease" stimmt nicht mit dem Wert "MD_DynamicRelease" in test_snapshot_manager.obj ├╝berein. [C:\VCC\themis\build-msvc-tests\tests\test_snapshot_manager.vcxproj]
rocksdb.lib(flush_job.cc.obj) : error LNK2038: Konflikt ermittelt f├╝r "RuntimeLibrary": Der Wert "MT_StaticRelease" stimmt nicht mit dem Wert "MD_DynamicRelease" in test_snapshot_manager.obj ├╝berein. [C:\VCC\themis\build-msvc-tests\tests\test_snapshot_manager.vcxproj]
rocksdb.lib(concurrent_task_limiter_impl.cc.obj) : error LNK2038: Konflikt ermittelt f├╝r "RuntimeLibrary": Der Wert "MT_StaticRelease" stimmt nicht mit dem Wert "MD_DynamicRelease" in test_snapshot_manager.obj ├╝berein. [C:\VCC\themis\build-msvc-tests\tests\test_snapshot_manager.vcxproj]
rocksdb.lib(mmap.cc.obj) : error LNK2038: Konflikt ermittelt f├╝r "RuntimeLibrary": Der Wert "MT_StaticRelease" stimmt nicht mit dem Wert "MD_DynamicRelease" in test_snapshot_manager.obj ├╝berein. [C:\VCC\themis\build-msvc-tests\tests\test_snapshot_manager.vcxproj]
rocksdb.lib(blob_file_reader.cc.obj) : error LNK2038: Konflikt ermittelt f├╝r "RuntimeLibrary": Der Wert "MT_StaticRelease" stimmt nicht mit dem Wert "MD_DynamicRelease" in test_snapshot_manager.obj ├╝berein. [C:\VCC\themis\build-msvc-tests\tests\test_snapshot_manager.vcxproj]
rocksdb.lib(blob_contents.cc.obj) : error LNK2038: Konflikt ermittelt f├╝r "RuntimeLibrary": Der Wert "MT_StaticRelease" stimmt nicht mit dem Wert "MD_DynamicRelease" in test_snapshot_manager.obj ├╝berein. [C:\VCC\themis\build-msvc-tests\tests\test_snapshot_manager.vcxproj]
rocksdb.lib(charged_cache.cc.obj) : error LNK2038: Konflikt ermittelt f├╝r "RuntimeLibrary": Der Wert "MT_StaticRelease" stimmt nicht mit dem Wert "MD_DynamicRelease" in test_snapshot_manager.obj ├╝berein. [C:\VCC\themis\build-msvc-tests\tests\test_snapshot_manager.vcxproj]
rocksdb.lib(plain_table_bloom.cc.obj) : error LNK2038: Konflikt ermittelt f├╝r "RuntimeLibrary": Der Wert "MT_StaticRelease" stimmt nicht mit dem Wert "MD_DynamicRelease" in test_snapshot_manager.obj ├╝berein. [C:\VCC\themis\build-msvc-tests\tests\test_snapshot_manager.vcxproj]
rocksdb.lib(plain_table_index.cc.obj) : error LNK2038: Konflikt ermittelt f├╝r "RuntimeLibrary": Der Wert "MT_StaticRelease" stimmt nicht mit dem Wert "MD_DynamicRelease" in test_snapshot_manager.obj ├╝berein. [C:\VCC\themis\build-msvc-tests\tests\test_snapshot_manager.vcxproj]
rocksdb.lib(plain_table_key_coding.cc.obj) : error LNK2038: Konflikt ermittelt f├╝r "RuntimeLibrary": Der Wert "MT_StaticRelease" stimmt nicht mit dem Wert "MD_DynamicRelease" in test_snapshot_manager.obj ├╝berein. [C:\VCC\themis\build-msvc-tests\tests\test_snapshot_manager.vcxproj]
rocksdb.lib(vectorrep.cc.obj) : error LNK2038: Konflikt ermittelt f├╝r "RuntimeLibrary": Der Wert "MT_StaticRelease" stimmt nicht mit dem Wert "MD_DynamicRelease" in test_snapshot_manager.obj ├╝berein. [C:\VCC\themis\build-msvc-tests\tests\test_snapshot_manager.vcxproj]
rocksdb.lib(hash_skiplist_rep.cc.obj) : error LNK2038: Konflikt ermittelt f├╝r "RuntimeLibrary": Der Wert "MT_StaticRelease" stimmt nicht mit dem Wert "MD_DynamicRelease" in test_snapshot_manager.obj ├╝berein. [C:\VCC\themis\build-msvc-tests\tests\test_snapshot_manager.vcxproj]
rocksdb.lib(hash_linklist_rep.cc.obj) : error LNK2038: Konflikt ermittelt f├╝r "RuntimeLibrary": Der Wert "MT_StaticRelease" stimmt nicht mit dem Wert "MD_DynamicRelease" in test_snapshot_manager.obj ├╝berein. [C:\VCC\themis\build-msvc-tests\tests\test_snapshot_manager.vcxproj]
rocksdb.lib(plain_table_reader.cc.obj) : error LNK2038: Konflikt ermittelt f├╝r "RuntimeLibrary": Der Wert "MT_StaticRelease" stimmt nicht mit dem Wert "MD_DynamicRelease" in test_snapshot_manager.obj ├╝berein. [C:\VCC\themis\build-msvc-tests\tests\test_snapshot_manager.vcxproj]
rocksdb.lib(cuckoo_table_reader.cc.obj) : error LNK2038: Konflikt ermittelt f├╝r "RuntimeLibrary": Der Wert "MT_StaticRelease" stimmt nicht mit dem Wert "MD_DynamicRelease" in test_snapshot_manager.obj ├╝berein. [C:\VCC\themis\build-msvc-tests\tests\test_snapshot_manager.vcxproj]
rocksdb.lib(persistent_cache_helper.cc.obj) : error LNK2038: Konflikt ermittelt f├╝r "RuntimeLibrary": Der Wert "MT_StaticRelease" stimmt nicht mit dem Wert "MD_DynamicRelease" in test_snapshot_manager.obj ├╝berein. [C:\VCC\themis\build-msvc-tests\tests\test_snapshot_manager.vcxproj]
rocksdb.lib(murmurhash.cc.obj) : error LNK2038: Konflikt ermittelt f├╝r "RuntimeLibrary": Der Wert "MT_StaticRelease" stimmt nicht mit dem Wert "MD_DynamicRelease" in test_snapshot_manager.obj ├╝berein. [C:\VCC\themis\build-msvc-tests\tests\test_snapshot_manager.vcxproj]
rocksdb.lib(data_block_hash_index.cc.obj) : error LNK2038: Konflikt ermittelt f├╝r "RuntimeLibrary": Der Wert "MT_StaticRelease" stimmt nicht mit dem Wert "MD_DynamicRelease" in test_snapshot_manager.obj ├╝berein. [C:\VCC\themis\build-msvc-tests\tests\test_snapshot_manager.vcxproj]
rocksdb.lib(data_block_footer.cc.obj) : error LNK2038: Konflikt ermittelt f├╝r "RuntimeLibrary": Der Wert "MT_StaticRelease" stimmt nicht mit dem Wert "MD_DynamicRelease" in test_snapshot_manager.obj ├╝berein. [C:\VCC\themis\build-msvc-tests\tests\test_snapshot_manager.vcxproj]
rocksdb.lib(block_prefix_index.cc.obj) : error LNK2038: Konflikt ermittelt f├╝r "RuntimeLibrary": Der Wert "MT_StaticRelease" stimmt nicht mit dem Wert "MD_DynamicRelease" in test_snapshot_manager.obj ├╝berein. [C:\VCC\themis\build-msvc-tests\tests\test_snapshot_manager.vcxproj]
rocksdb.lib(filter_block_reader_common.cc.obj) : error LNK2038: Konflikt ermittelt f├╝r "RuntimeLibrary": Der Wert "MT_StaticRelease" stimmt nicht mit dem Wert "MD_DynamicRelease" in test_snapshot_manager.obj ├╝berein. [C:\VCC\themis\build-msvc-tests\tests\test_snapshot_manager.vcxproj]
rocksdb.lib(index_reader_common.cc.obj) : error LNK2038: Konflikt ermittelt f├╝r "RuntimeLibrary": Der Wert "MT_StaticRelease" stimmt nicht mit dem Wert "MD_DynamicRelease" in test_snapshot_manager.obj ├╝berein. [C:\VCC\themis\build-msvc-tests\tests\test_snapshot_manager.vcxproj]
rocksdb.lib(block_prefetcher.cc.obj) : error LNK2038: Konflikt ermittelt f├╝r "RuntimeLibrary": Der Wert "MT_StaticRelease" stimmt nicht mit dem Wert "MD_DynamicRelease" in test_snapshot_manager.obj ├╝berein. [C:\VCC\themis\build-msvc-tests\tests\test_snapshot_manager.vcxproj]
rocksdb.lib(two_level_iterator.cc.obj) : error LNK2038: Konflikt ermittelt f├╝r "RuntimeLibrary": Der Wert "MT_StaticRelease" stimmt nicht mit dem Wert "MD_DynamicRelease" in test_snapshot_manager.obj ├╝berein. [C:\VCC\themis\build-msvc-tests\tests\test_snapshot_manager.vcxproj]
rocksdb.lib(partitioned_index_iterator.cc.obj) : error LNK2038: Konflikt ermittelt f├╝r "RuntimeLibrary": Der Wert "MT_StaticRelease" stimmt nicht mit dem Wert "MD_DynamicRelease" in test_snapshot_manager.obj ├╝berein. [C:\VCC\themis\build-msvc-tests\tests\test_snapshot_manager.vcxproj]
rocksdb.lib(blob_file_builder.cc.obj) : error LNK2038: Konflikt ermittelt f├╝r "RuntimeLibrary": Der Wert "MT_StaticRelease" stimmt nicht mit dem Wert "MD_DynamicRelease" in test_snapshot_manager.obj ├╝berein. [C:\VCC\themis\build-msvc-tests\tests\test_snapshot_manager.vcxproj]
rocksdb.lib(compaction_iterator.cc.obj) : error LNK2038: Konflikt ermittelt f├╝r "RuntimeLibrary": Der Wert "MT_StaticRelease" stimmt nicht mit dem Wert "MD_DynamicRelease" in test_snapshot_manager.obj ├╝berein. [C:\VCC\themis\build-msvc-tests\tests\test_snapshot_manager.vcxproj]
rocksdb.lib(output_validator.cc.obj) : error LNK2038: Konflikt ermittelt f├╝r "RuntimeLibrary": Der Wert "MT_StaticRelease" stimmt nicht mit dem Wert "MD_DynamicRelease" in test_snapshot_manager.obj ├╝berein. [C:\VCC\themis\build-msvc-tests\tests\test_snapshot_manager.vcxproj]
rocksdb.lib(point_lock_tracker.cc.obj) : error LNK2038: Konflikt ermittelt f├╝r "RuntimeLibrary": Der Wert "MT_StaticRelease" stimmt nicht mit dem Wert "MD_DynamicRelease" in test_snapshot_manager.obj ├╝berein. [C:\VCC\themis\build-msvc-tests\tests\test_snapshot_manager.vcxproj]
rocksdb.lib(transaction_db_mutex_impl.cc.obj) : error LNK2038: Konflikt ermittelt f├╝r "RuntimeLibrary": Der Wert "MT_StaticRelease" stimmt nicht mit dem Wert "MD_DynamicRelease" in test_snapshot_manager.obj ├╝berein. [C:\VCC\themis\build-msvc-tests\tests\test_snapshot_manager.vcxproj]
rocksdb.lib(trace_record_handler.cc.obj) : error LNK2038: Konflikt ermittelt f├╝r "RuntimeLibrary": Der Wert "MT_StaticRelease" stimmt nicht mit dem Wert "MD_DynamicRelease" in test_snapshot_manager.obj ├╝berein. [C:\VCC\themis\build-msvc-tests\tests\test_snapshot_manager.vcxproj]
rocksdb.lib(compact_for_tiering_collector.cc.obj) : error LNK2038: Konflikt ermittelt f├╝r "RuntimeLibrary": Der Wert "MT_StaticRelease" stimmt nicht mit dem Wert "MD_DynamicRelease" in test_snapshot_manager.obj ├╝berein. [C:\VCC\themis\build-msvc-tests\tests\test_snapshot_manager.vcxproj]
rocksdb.lib(remove_emptyvalue_compactionfilter.cc.obj) : error LNK2038: Konflikt ermittelt f├╝r "RuntimeLibrary": Der Wert "MT_StaticRelease" stimmt nicht mit dem Wert "MD_DynamicRelease" in test_snapshot_manager.obj ├╝berein. [C:\VCC\themis\build-msvc-tests\tests\test_snapshot_manager.vcxproj]
rocksdb.lib(merge_operator.cc.obj) : error LNK2038: Konflikt ermittelt f├╝r "RuntimeLibrary": Der Wert "MT_StaticRelease" stimmt nicht mit dem Wert "MD_DynamicRelease" in test_snapshot_manager.obj ├╝berein. [C:\VCC\themis\build-msvc-tests\tests\test_snapshot_manager.vcxproj]
rocksdb.lib(bytesxor.cc.obj) : error LNK2038: Konflikt ermittelt f├╝r "RuntimeLibrary": Der Wert "MT_StaticRelease" stimmt nicht mit dem Wert "MD_DynamicRelease" in test_snapshot_manager.obj ├╝berein. [C:\VCC\themis\build-msvc-tests\tests\test_snapshot_manager.vcxproj]
rocksdb.lib(max.cc.obj) : error LNK2038: Konflikt ermittelt f├╝r "RuntimeLibrary": Der Wert "MT_StaticRelease" stimmt nicht mit dem Wert "MD_DynamicRelease" in test_snapshot_manager.obj ├╝berein. [C:\VCC\themis\build-msvc-tests\tests\test_snapshot_manager.vcxproj]
rocksdb.lib(put.cc.obj) : error LNK2038: Konflikt ermittelt f├╝r "RuntimeLibrary": Der Wert "MT_StaticRelease" stimmt nicht mit dem Wert "MD_DynamicRelease" in test_snapshot_manager.obj ├╝berein. [C:\VCC\themis\build-msvc-tests\tests\test_snapshot_manager.vcxproj]
rocksdb.lib(sortlist.cc.obj) : error LNK2038: Konflikt ermittelt f├╝r "RuntimeLibrary": Der Wert "MT_StaticRelease" stimmt nicht mit dem Wert "MD_DynamicRelease" in test_snapshot_manager.obj ├╝berein. [C:\VCC\themis\build-msvc-tests\tests\test_snapshot_manager.vcxproj]
rocksdb.lib(stringappend.cc.obj) : error LNK2038: Konflikt ermittelt f├╝r "RuntimeLibrary": Der Wert "MT_StaticRelease" stimmt nicht mit dem Wert "MD_DynamicRelease" in test_snapshot_manager.obj ├╝berein. [C:\VCC\themis\build-msvc-tests\tests\test_snapshot_manager.vcxproj]
rocksdb.lib(stringappend2.cc.obj) : error LNK2038: Konflikt ermittelt f├╝r "RuntimeLibrary": Der Wert "MT_StaticRelease" stimmt nicht mit dem Wert "MD_DynamicRelease" in test_snapshot_manager.obj ├╝berein. [C:\VCC\themis\build-msvc-tests\tests\test_snapshot_manager.vcxproj]
rocksdb.lib(uint64add.cc.obj) : error LNK2038: Konflikt ermittelt f├╝r "RuntimeLibrary": Der Wert "MT_StaticRelease" stimmt nicht mit dem Wert "MD_DynamicRelease" in test_snapshot_manager.obj ├╝berein. [C:\VCC\themis\build-msvc-tests\tests\test_snapshot_manager.vcxproj]
rocksdb.lib(blob_garbage_meter.cc.obj) : error LNK2038: Konflikt ermittelt f├╝r "RuntimeLibrary": Der Wert "MT_StaticRelease" stimmt nicht mit dem Wert "MD_DynamicRelease" in test_snapshot_manager.obj ├╝berein. [C:\VCC\themis\build-msvc-tests\tests\test_snapshot_manager.vcxproj]
rocksdb.lib(compaction_outputs.cc.obj) : error LNK2038: Konflikt ermittelt f├╝r "RuntimeLibrary": Der Wert "MT_StaticRelease" stimmt nicht mit dem Wert "MD_DynamicRelease" in test_snapshot_manager.obj ├╝berein. [C:\VCC\themis\build-msvc-tests\tests\test_snapshot_manager.vcxproj]
rocksdb.lib(compaction_service_job.cc.obj) : error LNK2038: Konflikt ermittelt f├╝r "RuntimeLibrary": Der Wert "MT_StaticRelease" stimmt nicht mit dem Wert "MD_DynamicRelease" in test_snapshot_manager.obj ├╝berein. [C:\VCC\themis\build-msvc-tests\tests\test_snapshot_manager.vcxproj]
rocksdb.lib(subcompaction_state.cc.obj) : error LNK2038: Konflikt ermittelt f├╝r "RuntimeLibrary": Der Wert "MT_StaticRelease" stimmt nicht mit dem Wert "MD_DynamicRelease" in test_snapshot_manager.obj ├╝berein. [C:\VCC\themis\build-msvc-tests\tests\test_snapshot_manager.vcxproj]
rocksdb.lib(compaction_state.cc.obj) : error LNK2038: Konflikt ermittelt f├╝r "RuntimeLibrary": Der Wert "MT_StaticRelease" stimmt nicht mit dem Wert "MD_DynamicRelease" in test_snapshot_manager.obj ├╝berein. [C:\VCC\themis\build-msvc-tests\tests\test_snapshot_manager.vcxproj]
rocksdb.lib(blob_log_format.cc.obj) : error LNK2038: Konflikt ermittelt f├╝r "RuntimeLibrary": Der Wert "MT_StaticRelease" stimmt nicht mit dem Wert "MD_DynamicRelease" in test_snapshot_manager.obj ├╝berein. [C:\VCC\themis\build-msvc-tests\tests\test_snapshot_manager.vcxproj]
rocksdb.lib(blob_log_writer.cc.obj) : error LNK2038: Konflikt ermittelt f├╝r "RuntimeLibrary": Der Wert "MT_StaticRelease" stimmt nicht mit dem Wert "MD_DynamicRelease" in test_snapshot_manager.obj ├╝berein. [C:\VCC\themis\build-msvc-tests\tests\test_snapshot_manager.vcxproj]
rocksdb.lib(trace_record_result.cc.obj) : error LNK2038: Konflikt ermittelt f├╝r "RuntimeLibrary": Der Wert "MT_StaticRelease" stimmt nicht mit dem Wert "MD_DynamicRelease" in test_snapshot_manager.obj ├╝berein. [C:\VCC\themis\build-msvc-tests\tests\test_snapshot_manager.vcxproj]
fmt.lib(format.cc.obj) : error LNK2038: Konflikt ermittelt f├╝r "RuntimeLibrary": Der Wert "MT_StaticRelease" stimmt nicht mit dem Wert "MD_DynamicRelease" in test_snapshot_manager.obj ├╝berein. [C:\VCC\themis\build-msvc-tests\tests\test_snapshot_manager.vcxproj]
libcpmt.lib(locale0.obj) : error LNK2038: Konflikt ermittelt f├╝r "RuntimeLibrary": Der Wert "MT_StaticRelease" stimmt nicht mit dem Wert "MD_DynamicRelease" in test_snapshot_manager.obj ├╝berein. [C:\VCC\themis\build-msvc-tests\tests\test_snapshot_manager.vcxproj]
libcpmt.lib(cout.obj) : error LNK2038: Konflikt ermittelt f├╝r "RuntimeLibrary": Der Wert "MT_StaticRelease" stimmt nicht mit dem Wert "MD_DynamicRelease" in test_snapshot_manager.obj ├╝berein. [C:\VCC\themis\build-msvc-tests\tests\test_snapshot_manager.vcxproj]
libcpmt.lib(cerr.obj) : error LNK2038: Konflikt ermittelt f├╝r "RuntimeLibrary": Der Wert "MT_StaticRelease" stimmt nicht mit dem Wert "MD_DynamicRelease" in test_snapshot_manager.obj ├╝berein. [C:\VCC\themis\build-msvc-tests\tests\test_snapshot_manager.vcxproj]
libcpmt.lib(locale.obj) : error LNK2038: Konflikt ermittelt f├╝r "RuntimeLibrary": Der Wert "MT_StaticRelease" stimmt nicht mit dem Wert "MD_DynamicRelease" in test_snapshot_manager.obj ├╝berein. [C:\VCC\themis\build-msvc-tests\tests\test_snapshot_manager.vcxproj]
libcpmt.lib(iosptrs.obj) : error LNK2038: Konflikt ermittelt f├╝r "RuntimeLibrary": Der Wert "MT_StaticRelease" stimmt nicht mit dem Wert "MD_DynamicRelease" in test_snapshot_manager.obj ├╝berein. [C:\VCC\themis\build-msvc-tests\tests\test_snapshot_manager.vcxproj]
libcpmt.lib(xlock.obj) : error LNK2038: Konflikt ermittelt f├╝r "RuntimeLibrary": Der Wert "MT_StaticRelease" stimmt nicht mit dem Wert "MD_DynamicRelease" in test_snapshot_manager.obj ├╝berein. [C:\VCC\themis\build-msvc-tests\tests\test_snapshot_manager.vcxproj]
libcpmt.lib(wlocale.obj) : error LNK2038: Konflikt ermittelt f├╝r "RuntimeLibrary": Der Wert "MT_StaticRelease" stimmt nicht mit dem Wert "MD_DynamicRelease" in test_snapshot_manager.obj ├╝berein. [C:\VCC\themis\build-msvc-tests\tests\test_snapshot_manager.vcxproj]
libcpmt.lib(xlocale.obj) : error LNK2038: Konflikt ermittelt f├╝r "RuntimeLibrary": Der Wert "MT_StaticRelease" stimmt nicht mit dem Wert "MD_DynamicRelease" in test_snapshot_manager.obj ├╝berein. [C:\VCC\themis\build-msvc-tests\tests\test_snapshot_manager.vcxproj]
libcpmt.lib(xmtx.obj) : error LNK2038: Konflikt ermittelt f├╝r "RuntimeLibrary": Der Wert "MT_StaticRelease" stimmt nicht mit dem Wert "MD_DynamicRelease" in test_snapshot_manager.obj ├╝berein. [C:\VCC\themis\build-msvc-tests\tests\test_snapshot_manager.vcxproj]
libcpmt.lib(xdateord.obj) : error LNK2038: Konflikt ermittelt f├╝r "RuntimeLibrary": Der Wert "MT_StaticRelease" stimmt nicht mit dem Wert "MD_DynamicRelease" in test_snapshot_manager.obj ├╝berein. [C:\VCC\themis\build-msvc-tests\tests\test_snapshot_manager.vcxproj]
libcpmt.lib(xwcscoll.obj) : error LNK2038: Konflikt ermittelt f├╝r "RuntimeLibrary": Der Wert "MT_StaticRelease" stimmt nicht mit dem Wert "MD_DynamicRelease" in test_snapshot_manager.obj ├╝berein. [C:\VCC\themis\build-msvc-tests\tests\test_snapshot_manager.vcxproj]
libcpmt.lib(xwcsxfrm.obj) : error LNK2038: Konflikt ermittelt f├╝r "RuntimeLibrary": Der Wert "MT_StaticRelease" stimmt nicht mit dem Wert "MD_DynamicRelease" in test_snapshot_manager.obj ├╝berein. [C:\VCC\themis\build-msvc-tests\tests\test_snapshot_manager.vcxproj]
libcpmt.lib(xgetwctype.obj) : error LNK2038: Konflikt ermittelt f├╝r "RuntimeLibrary": Der Wert "MT_StaticRelease" stimmt nicht mit dem Wert "MD_DynamicRelease" in test_snapshot_manager.obj ├╝berein. [C:\VCC\themis\build-msvc-tests\tests\test_snapshot_manager.vcxproj]
libcpmt.lib(xtowlower.obj) : error LNK2038: Konflikt ermittelt f├╝r "RuntimeLibrary": Der Wert "MT_StaticRelease" stimmt nicht mit dem Wert "MD_DynamicRelease" in test_snapshot_manager.obj ├╝berein. [C:\VCC\themis\build-msvc-tests\tests\test_snapshot_manager.vcxproj]
libcpmt.lib(xtowupper.obj) : error LNK2038: Konflikt ermittelt f├╝r "RuntimeLibrary": Der Wert "MT_StaticRelease" stimmt nicht mit dem Wert "MD_DynamicRelease" in test_snapshot_manager.obj ├╝berein. [C:\VCC\themis\build-msvc-tests\tests\test_snapshot_manager.vcxproj]
libcpmt.lib(StlCompareStringW.obj) : error LNK2038: Konflikt ermittelt f├╝r "RuntimeLibrary": Der Wert "MT_StaticRelease" stimmt nicht mit dem Wert "MD_DynamicRelease" in test_snapshot_manager.obj ├╝berein. [C:\VCC\themis\build-msvc-tests\tests\test_snapshot_manager.vcxproj]
libcpmt.lib(StlLCMapStringW.obj) : error LNK2038: Konflikt ermittelt f├╝r "RuntimeLibrary": Der Wert "MT_StaticRelease" stimmt nicht mit dem Wert "MD_DynamicRelease" in test_snapshot_manager.obj ├╝berein. [C:\VCC\themis\build-msvc-tests\tests\test_snapshot_manager.vcxproj]
gtest_main.lib(gtest_main.cc.obj) : error LNK2038: Konflikt ermittelt f├╝r "RuntimeLibrary": Der Wert "MT_StaticRelease" stimmt nicht mit dem Wert "MD_DynamicRelease" in test_snapshot_manager.obj ├╝berein. [C:\VCC\themis\build-msvc-tests\tests\test_snapshot_manager.vcxproj]
LINK : warning LNK4098: Standardbibliothek "LIBCMT" steht in Konflikt mit anderen Bibliotheken; /NODEFAULTLIB:Bibliothek verwenden. [C:\VCC\themis\build-msvc-tests\tests\test_snapshot_manager.vcxproj]
C:\VCC\themis\build-msvc-tests\tests\Release\test_snapshot_manager.exe : fatal error LNK1319: 287 Konflikte ermittelt [C:\VCC\themis\build-msvc-tests\tests\test_snapshot_manager.vcxproj]
gtest.lib(gtest-all.cc.obj) : error LNK2038: Konflikt ermittelt f├╝r "RuntimeLibrary": Der Wert "MT_StaticRelease" stimmt nicht mit dem Wert "MD_DynamicRelease" in test_snapshot_integration.obj ├╝berein. [C:\VCC\themis\build-msvc-tests\tests\test_snapshot_integration.vcxproj]
  themis_core.lib(rocksdb_wrapper.obj) : Es wurde ein mit /GL kompiliertes MSIL .netmodule oder module gefunden. Verkn├╝pfung wird mit /LTCG erneut gestartet. F├╝gen Sie /LTCG zur Linkbefehlszeile hinzu, um die Linkerleistung zu erh├Âhen.
gtest.lib(gtest-all.cc.obj) : error LNK2038: Konflikt ermittelt f├╝r "RuntimeLibrary": Der Wert "MT_StaticRelease" stimmt nicht mit dem Wert "MD_DynamicRelease" in test_snapshot_integration.obj ├╝berein. [C:\VCC\themis\build-msvc-tests\tests\test_snapshot_integration.vcxproj]
themis_core.lib(rocksdb_wrapper.obj) : error LNK2038: Konflikt ermittelt f├╝r "RuntimeLibrary": Der Wert "MT_StaticRelease" stimmt nicht mit dem Wert "MD_DynamicRelease" in test_snapshot_integration.obj ├╝berein. [C:\VCC\themis\build-msvc-tests\tests\test_snapshot_integration.vcxproj]
themis_core.lib(changefeed.obj) : error LNK2038: Konflikt ermittelt f├╝r "RuntimeLibrary": Der Wert "MT_StaticRelease" stimmt nicht mit dem Wert "MD_DynamicRelease" in test_snapshot_integration.obj ├╝berein. [C:\VCC\themis\build-msvc-tests\tests\test_snapshot_integration.vcxproj]
themis_core.lib(snapshot_manager.obj) : error LNK2038: Konflikt ermittelt f├╝r "RuntimeLibrary": Der Wert "MT_StaticRelease" stimmt nicht mit dem Wert "MD_DynamicRelease" in test_snapshot_integration.obj ├╝berein. [C:\VCC\themis\build-msvc-tests\tests\test_snapshot_integration.vcxproj]
themis_core.lib(logger.obj) : error LNK2038: Konflikt ermittelt f├╝r "RuntimeLibrary": Der Wert "MT_StaticRelease" stimmt nicht mit dem Wert "MD_DynamicRelease" in test_snapshot_integration.obj ├╝berein. [C:\VCC\themis\build-msvc-tests\tests\test_snapshot_integration.vcxproj]
spdlog.lib(spdlog.cpp.obj) : error LNK2038: Konflikt ermittelt f├╝r "RuntimeLibrary": Der Wert "MT_StaticRelease" stimmt nicht mit dem Wert "MD_DynamicRelease" in test_snapshot_integration.obj ├╝berein. [C:\VCC\themis\build-msvc-tests\tests\test_snapshot_integration.vcxproj]
spdlog.lib(file_sinks.cpp.obj) : error LNK2038: Konflikt ermittelt f├╝r "RuntimeLibrary": Der Wert "MT_StaticRelease" stimmt nicht mit dem Wert "MD_DynamicRelease" in test_snapshot_integration.obj ├╝berein. [C:\VCC\themis\build-msvc-tests\tests\test_snapshot_integration.vcxproj]
spdlog.lib(color_sinks.cpp.obj) : error LNK2038: Konflikt ermittelt f├╝r "RuntimeLibrary": Der Wert "MT_StaticRelease" stimmt nicht mit dem Wert "MD_DynamicRelease" in test_snapshot_integration.obj ├╝berein. [C:\VCC\themis\build-msvc-tests\tests\test_snapshot_integration.vcxproj]
spdlog.lib(async.cpp.obj) : error LNK2038: Konflikt ermittelt f├╝r "RuntimeLibrary": Der Wert "MT_StaticRelease" stimmt nicht mit dem Wert "MD_DynamicRelease" in test_snapshot_integration.obj ├╝berein. [C:\VCC\themis\build-msvc-tests\tests\test_snapshot_integration.vcxproj]
fmt.lib(format.cc.obj) : error LNK2038: Konflikt ermittelt f├╝r "RuntimeLibrary": Der Wert "MT_StaticRelease" stimmt nicht mit dem Wert "MD_DynamicRelease" in test_snapshot_integration.obj ├╝berein. [C:\VCC\themis\build-msvc-tests\tests\test_snapshot_integration.vcxproj]
rocksdb.lib(write_batch.cc.obj) : error LNK2038: Konflikt ermittelt f├╝r "RuntimeLibrary": Der Wert "MT_StaticRelease" stimmt nicht mit dem Wert "MD_DynamicRelease" in test_snapshot_integration.obj ├╝berein. [C:\VCC\themis\build-msvc-tests\tests\test_snapshot_integration.vcxproj]
rocksdb.lib(filter_policy.cc.obj) : error LNK2038: Konflikt ermittelt f├╝r "RuntimeLibrary": Der Wert "MT_StaticRelease" stimmt nicht mit dem Wert "MD_DynamicRelease" in test_snapshot_integration.obj ├╝berein. [C:\VCC\themis\build-msvc-tests\tests\test_snapshot_integration.vcxproj]
rocksdb.lib(options.cc.obj) : error LNK2038: Konflikt ermittelt f├╝r "RuntimeLibrary": Der Wert "MT_StaticRelease" stimmt nicht mit dem Wert "MD_DynamicRelease" in test_snapshot_integration.obj ├╝berein. [C:\VCC\themis\build-msvc-tests\tests\test_snapshot_integration.vcxproj]
rocksdb.lib(backup_engine.cc.obj) : error LNK2038: Konflikt ermittelt f├╝r "RuntimeLibrary": Der Wert "MT_StaticRelease" stimmt nicht mit dem Wert "MD_DynamicRelease" in test_snapshot_integration.obj ├╝berein. [C:\VCC\themis\build-msvc-tests\tests\test_snapshot_integration.vcxproj]
rocksdb.lib(checkpoint_impl.cc.obj) : error LNK2038: Konflikt ermittelt f├╝r "RuntimeLibrary": Der Wert "MT_StaticRelease" stimmt nicht mit dem Wert "MD_DynamicRelease" in test_snapshot_integration.obj ├╝berein. [C:\VCC\themis\build-msvc-tests\tests\test_snapshot_integration.vcxproj]
rocksdb.lib(block_based_table_factory.cc.obj) : error LNK2038: Konflikt ermittelt f├╝r "RuntimeLibrary": Der Wert "MT_StaticRelease" stimmt nicht mit dem Wert "MD_DynamicRelease" in test_snapshot_integration.obj ├╝berein. [C:\VCC\themis\build-msvc-tests\tests\test_snapshot_integration.vcxproj]
rocksdb.lib(lru_cache.cc.obj) : error LNK2038: Konflikt ermittelt f├╝r "RuntimeLibrary": Der Wert "MT_StaticRelease" stimmt nicht mit dem Wert "MD_DynamicRelease" in test_snapshot_integration.obj ├╝berein. [C:\VCC\themis\build-msvc-tests\tests\test_snapshot_integration.vcxproj]
rocksdb.lib(env_default.cc.obj) : error LNK2038: Konflikt ermittelt f├╝r "RuntimeLibrary": Der Wert "MT_StaticRelease" stimmt nicht mit dem Wert "MD_DynamicRelease" in test_snapshot_integration.obj ├╝berein. [C:\VCC\themis\build-msvc-tests\tests\test_snapshot_integration.vcxproj]
rocksdb.lib(pessimistic_transaction_db.cc.obj) : error LNK2038: Konflikt ermittelt f├╝r "RuntimeLibrary": Der Wert "MT_StaticRelease" stimmt nicht mit dem Wert "MD_DynamicRelease" in test_snapshot_integration.obj ├╝berein. [C:\VCC\themis\build-msvc-tests\tests\test_snapshot_integration.vcxproj]
rocksdb.lib(db_impl.cc.obj) : error LNK2038: Konflikt ermittelt f├╝r "RuntimeLibrary": Der Wert "MT_StaticRelease" stimmt nicht mit dem Wert "MD_DynamicRelease" in test_snapshot_integration.obj ├╝berein. [C:\VCC\themis\build-msvc-tests\tests\test_snapshot_integration.vcxproj]
rocksdb.lib(write_batch_with_index.cc.obj) : error LNK2038: Konflikt ermittelt f├╝r "RuntimeLibrary": Der Wert "MT_StaticRelease" stimmt nicht mit dem Wert "MD_DynamicRelease" in test_snapshot_integration.obj ├╝berein. [C:\VCC\themis\build-msvc-tests\tests\test_snapshot_integration.vcxproj]
rocksdb.lib(statistics.cc.obj) : error LNK2038: Konflikt ermittelt f├╝r "RuntimeLibrary": Der Wert "MT_StaticRelease" stimmt nicht mit dem Wert "MD_DynamicRelease" in test_snapshot_integration.obj ├╝berein. [C:\VCC\themis\build-msvc-tests\tests\test_snapshot_integration.vcxproj]
rocksdb.lib(cleanable.cc.obj) : error LNK2038: Konflikt ermittelt f├╝r "RuntimeLibrary": Der Wert "MT_StaticRelease" stimmt nicht mit dem Wert "MD_DynamicRelease" in test_snapshot_integration.obj ├╝berein. [C:\VCC\themis\build-msvc-tests\tests\test_snapshot_integration.vcxproj]
rocksdb.lib(status.cc.obj) : error LNK2038: Konflikt ermittelt f├╝r "RuntimeLibrary": Der Wert "MT_StaticRelease" stimmt nicht mit dem Wert "MD_DynamicRelease" in test_snapshot_integration.obj ├╝berein. [C:\VCC\themis\build-msvc-tests\tests\test_snapshot_integration.vcxproj]
rocksdb.lib(port_win.cc.obj) : error LNK2038: Konflikt ermittelt f├╝r "RuntimeLibrary": Der Wert "MT_StaticRelease" stimmt nicht mit dem Wert "MD_DynamicRelease" in test_snapshot_integration.obj ├╝berein. [C:\VCC\themis\build-msvc-tests\tests\test_snapshot_integration.vcxproj]
rocksdb.lib(slice.cc.obj) : error LNK2038: Konflikt ermittelt f├╝r "RuntimeLibrary": Der Wert "MT_StaticRelease" stimmt nicht mit dem Wert "MD_DynamicRelease" in test_snapshot_integration.obj ├╝berein. [C:\VCC\themis\build-msvc-tests\tests\test_snapshot_integration.vcxproj]
rocksdb.lib(write_batch_base.cc.obj) : error LNK2038: Konflikt ermittelt f├╝r "RuntimeLibrary": Der Wert "MT_StaticRelease" stimmt nicht mit dem Wert "MD_DynamicRelease" in test_snapshot_integration.obj ├╝berein. [C:\VCC\themis\build-msvc-tests\tests\test_snapshot_integration.vcxproj]
rocksdb.lib(comparator.cc.obj) : error LNK2038: Konflikt ermittelt f├╝r "RuntimeLibrary": Der Wert "MT_StaticRelease" stimmt nicht mit dem Wert "MD_DynamicRelease" in test_snapshot_integration.obj ├╝berein. [C:\VCC\themis\build-msvc-tests\tests\test_snapshot_integration.vcxproj]
rocksdb.lib(env.cc.obj) : error LNK2038: Konflikt ermittelt f├╝r "RuntimeLibrary": Der Wert "MT_StaticRelease" stimmt nicht mit dem Wert "MD_DynamicRelease" in test_snapshot_integration.obj ├╝berein. [C:\VCC\themis\build-msvc-tests\tests\test_snapshot_integration.vcxproj]
rocksdb.lib(coding.cc.obj) : error LNK2038: Konflikt ermittelt f├╝r "RuntimeLibrary": Der Wert "MT_StaticRelease" stimmt nicht mit dem Wert "MD_DynamicRelease" in test_snapshot_integration.obj ├╝berein. [C:\VCC\themis\build-msvc-tests\tests\test_snapshot_integration.vcxproj]
rocksdb.lib(logs_with_prep_tracker.cc.obj) : error LNK2038: Konflikt ermittelt f├╝r "RuntimeLibrary": Der Wert "MT_StaticRelease" stimmt nicht mit dem Wert "MD_DynamicRelease" in test_snapshot_integration.obj ├╝berein. [C:\VCC\themis\build-msvc-tests\tests\test_snapshot_integration.vcxproj]
rocksdb.lib(hash.cc.obj) : error LNK2038: Konflikt ermittelt f├╝r "RuntimeLibrary": Der Wert "MT_StaticRelease" stimmt nicht mit dem Wert "MD_DynamicRelease" in test_snapshot_integration.obj ├╝berein. [C:\VCC\themis\build-msvc-tests\tests\test_snapshot_integration.vcxproj]
rocksdb.lib(env_win.cc.obj) : error LNK2038: Konflikt ermittelt f├╝r "RuntimeLibrary": Der Wert "MT_StaticRelease" stimmt nicht mit dem Wert "MD_DynamicRelease" in test_snapshot_integration.obj ├╝berein. [C:\VCC\themis\build-msvc-tests\tests\test_snapshot_integration.vcxproj]
rocksdb.lib(seqno_to_time_mapping.cc.obj) : error LNK2038: Konflikt ermittelt f├╝r "RuntimeLibrary": Der Wert "MT_StaticRelease" stimmt nicht mit dem Wert "MD_DynamicRelease" in test_snapshot_integration.obj ├╝berein. [C:\VCC\themis\build-msvc-tests\tests\test_snapshot_integration.vcxproj]
rocksdb.lib(dbformat.cc.obj) : error LNK2038: Konflikt ermittelt f├╝r "RuntimeLibrary": Der Wert "MT_StaticRelease" stimmt nicht mit dem Wert "MD_DynamicRelease" in test_snapshot_integration.obj ├╝berein. [C:\VCC\themis\build-msvc-tests\tests\test_snapshot_integration.vcxproj]
rocksdb.lib(memtable.cc.obj) : error LNK2038: Konflikt ermittelt f├╝r "RuntimeLibrary": Der Wert "MT_StaticRelease" stimmt nicht mit dem Wert "MD_DynamicRelease" in test_snapshot_integration.obj ├╝berein. [C:\VCC\themis\build-msvc-tests\tests\test_snapshot_integration.vcxproj]
rocksdb.lib(memtable_list.cc.obj) : error LNK2038: Konflikt ermittelt f├╝r "RuntimeLibrary": Der Wert "MT_StaticRelease" stimmt nicht mit dem Wert "MD_DynamicRelease" in test_snapshot_integration.obj ├╝berein. [C:\VCC\themis\build-msvc-tests\tests\test_snapshot_integration.vcxproj]
rocksdb.lib(flush_scheduler.cc.obj) : error LNK2038: Konflikt ermittelt f├╝r "RuntimeLibrary": Der Wert "MT_StaticRelease" stimmt nicht mit dem Wert "MD_DynamicRelease" in test_snapshot_integration.obj ├╝berein. [C:\VCC\themis\build-msvc-tests\tests\test_snapshot_integration.vcxproj]
rocksdb.lib(trim_history_scheduler.cc.obj) : error LNK2038: Konflikt ermittelt f├╝r "RuntimeLibrary": Der Wert "MT_StaticRelease" stimmt nicht mit dem Wert "MD_DynamicRelease" in test_snapshot_integration.obj ├╝berein. [C:\VCC\themis\build-msvc-tests\tests\test_snapshot_integration.vcxproj]
rocksdb.lib(column_family.cc.obj) : error LNK2038: Konflikt ermittelt f├╝r "RuntimeLibrary": Der Wert "MT_StaticRelease" stimmt nicht mit dem Wert "MD_DynamicRelease" in test_snapshot_integration.obj ├╝berein. [C:\VCC\themis\build-msvc-tests\tests\test_snapshot_integration.vcxproj]
rocksdb.lib(wide_column_serialization.cc.obj) : error LNK2038: Konflikt ermittelt f├╝r "RuntimeLibrary": Der Wert "MT_StaticRelease" stimmt nicht mit dem Wert "MD_DynamicRelease" in test_snapshot_integration.obj ├╝berein. [C:\VCC\themis\build-msvc-tests\tests\test_snapshot_integration.vcxproj]
rocksdb.lib(merge_helper.cc.obj) : error LNK2038: Konflikt ermittelt f├╝r "RuntimeLibrary": Der Wert "MT_StaticRelease" stimmt nicht mit dem Wert "MD_DynamicRelease" in test_snapshot_integration.obj ├╝berein. [C:\VCC\themis\build-msvc-tests\tests\test_snapshot_integration.vcxproj]
rocksdb.lib(wide_columns_helper.cc.obj) : error LNK2038: Konflikt ermittelt f├╝r "RuntimeLibrary": Der Wert "MT_StaticRelease" stimmt nicht mit dem Wert "MD_DynamicRelease" in test_snapshot_integration.obj ├╝berein. [C:\VCC\themis\build-msvc-tests\tests\test_snapshot_integration.vcxproj]
rocksdb.lib(wide_columns.cc.obj) : error LNK2038: Konflikt ermittelt f├╝r "RuntimeLibrary": Der Wert "MT_StaticRelease" stimmt nicht mit dem Wert "MD_DynamicRelease" in test_snapshot_integration.obj ├╝berein. [C:\VCC\themis\build-msvc-tests\tests\test_snapshot_integration.vcxproj]
rocksdb.lib(configurable.cc.obj) : error LNK2038: Konflikt ermittelt f├╝r "RuntimeLibrary": Der Wert "MT_StaticRelease" stimmt nicht mit dem Wert "MD_DynamicRelease" in test_snapshot_integration.obj ├╝berein. [C:\VCC\themis\build-msvc-tests\tests\test_snapshot_integration.vcxproj]
rocksdb.lib(customizable.cc.obj) : error LNK2038: Konflikt ermittelt f├╝r "RuntimeLibrary": Der Wert "MT_StaticRelease" stimmt nicht mit dem Wert "MD_DynamicRelease" in test_snapshot_integration.obj ├╝berein. [C:\VCC\themis\build-msvc-tests\tests\test_snapshot_integration.vcxproj]
rocksdb.lib(object_registry.cc.obj) : error LNK2038: Konflikt ermittelt f├╝r "RuntimeLibrary": Der Wert "MT_StaticRelease" stimmt nicht mit dem Wert "MD_DynamicRelease" in test_snapshot_integration.obj ├╝berein. [C:\VCC\themis\build-msvc-tests\tests\test_snapshot_integration.vcxproj]
rocksdb.lib(string_util.cc.obj) : error LNK2038: Konflikt ermittelt f├╝r "RuntimeLibrary": Der Wert "MT_StaticRelease" stimmt nicht mit dem Wert "MD_DynamicRelease" in test_snapshot_integration.obj ├╝berein. [C:\VCC\themis\build-msvc-tests\tests\test_snapshot_integration.vcxproj]
rocksdb.lib(cache_reservation_manager.cc.obj) : error LNK2038: Konflikt ermittelt f├╝r "RuntimeLibrary": Der Wert "MT_StaticRelease" stimmt nicht mit dem Wert "MD_DynamicRelease" in test_snapshot_integration.obj ├╝berein. [C:\VCC\themis\build-msvc-tests\tests\test_snapshot_integration.vcxproj]
rocksdb.lib(ribbon_config.cc.obj) : error LNK2038: Konflikt ermittelt f├╝r "RuntimeLibrary": Der Wert "MT_StaticRelease" stimmt nicht mit dem Wert "MD_DynamicRelease" in test_snapshot_integration.obj ├╝berein. [C:\VCC\themis\build-msvc-tests\tests\test_snapshot_integration.vcxproj]
rocksdb.lib(options_helper.cc.obj) : error LNK2038: Konflikt ermittelt f├╝r "RuntimeLibrary": Der Wert "MT_StaticRelease" stimmt nicht mit dem Wert "MD_DynamicRelease" in test_snapshot_integration.obj ├╝berein. [C:\VCC\themis\build-msvc-tests\tests\test_snapshot_integration.vcxproj]
rocksdb.lib(skiplistrep.cc.obj) : error LNK2038: Konflikt ermittelt f├╝r "RuntimeLibrary": Der Wert "MT_StaticRelease" stimmt nicht mit dem Wert "MD_DynamicRelease" in test_snapshot_integration.obj ├╝berein. [C:\VCC\themis\build-msvc-tests\tests\test_snapshot_integration.vcxproj]
rocksdb.lib(write_buffer_manager.cc.obj) : error LNK2038: Konflikt ermittelt f├╝r "RuntimeLibrary": Der Wert "MT_StaticRelease" stimmt nicht mit dem Wert "MD_DynamicRelease" in test_snapshot_integration.obj ├╝berein. [C:\VCC\themis\build-msvc-tests\tests\test_snapshot_integration.vcxproj]
rocksdb.lib(db_options.cc.obj) : error LNK2038: Konflikt ermittelt f├╝r "RuntimeLibrary": Der Wert "MT_StaticRelease" stimmt nicht mit dem Wert "MD_DynamicRelease" in test_snapshot_integration.obj ├╝berein. [C:\VCC\themis\build-msvc-tests\tests\test_snapshot_integration.vcxproj]
rocksdb.lib(format.cc.obj) : error LNK2038: Konflikt ermittelt f├╝r "RuntimeLibrary": Der Wert "MT_StaticRelease" stimmt nicht mit dem Wert "MD_DynamicRelease" in test_snapshot_integration.obj ├╝berein. [C:\VCC\themis\build-msvc-tests\tests\test_snapshot_integration.vcxproj]
rocksdb.lib(file_system.cc.obj) : error LNK2038: Konflikt ermittelt f├╝r "RuntimeLibrary": Der Wert "MT_StaticRelease" stimmt nicht mit dem Wert "MD_DynamicRelease" in test_snapshot_integration.obj ├╝berein. [C:\VCC\themis\build-msvc-tests\tests\test_snapshot_integration.vcxproj]
rocksdb.lib(composite_env.cc.obj) : error LNK2038: Konflikt ermittelt f├╝r "RuntimeLibrary": Der Wert "MT_StaticRelease" stimmt nicht mit dem Wert "MD_DynamicRelease" in test_snapshot_integration.obj ├╝berein. [C:\VCC\themis\build-msvc-tests\tests\test_snapshot_integration.vcxproj]
rocksdb.lib(fs_remap.cc.obj) : error LNK2038: Konflikt ermittelt f├╝r "RuntimeLibrary": Der Wert "MT_StaticRelease" stimmt nicht mit dem Wert "MD_DynamicRelease" in test_snapshot_integration.obj ├╝berein. [C:\VCC\themis\build-msvc-tests\tests\test_snapshot_integration.vcxproj]
rocksdb.lib(win_thread.cc.obj) : error LNK2038: Konflikt ermittelt f├╝r "RuntimeLibrary": Der Wert "MT_StaticRelease" stimmt nicht mit dem Wert "MD_DynamicRelease" in test_snapshot_integration.obj ├╝berein. [C:\VCC\themis\build-msvc-tests\tests\test_snapshot_integration.vcxproj]
rocksdb.lib(filename.cc.obj) : error LNK2038: Konflikt ermittelt f├╝r "RuntimeLibrary": Der Wert "MT_StaticRelease" stimmt nicht mit dem Wert "MD_DynamicRelease" in test_snapshot_integration.obj ├╝berein. [C:\VCC\themis\build-msvc-tests\tests\test_snapshot_integration.vcxproj]
rocksdb.lib(file_system_tracer.cc.obj) : error LNK2038: Konflikt ermittelt f├╝r "RuntimeLibrary": Der Wert "MT_StaticRelease" stimmt nicht mit dem Wert "MD_DynamicRelease" in test_snapshot_integration.obj ├╝berein. [C:\VCC\themis\build-msvc-tests\tests\test_snapshot_integration.vcxproj]
rocksdb.lib(sequence_file_reader.cc.obj) : error LNK2038: Konflikt ermittelt f├╝r "RuntimeLibrary": Der Wert "MT_StaticRelease" stimmt nicht mit dem Wert "MD_DynamicRelease" in test_snapshot_integration.obj ├╝berein. [C:\VCC\themis\build-msvc-tests\tests\test_snapshot_integration.vcxproj]
rocksdb.lib(line_file_reader.cc.obj) : error LNK2038: Konflikt ermittelt f├╝r "RuntimeLibrary": Der Wert "MT_StaticRelease" stimmt nicht mit dem Wert "MD_DynamicRelease" in test_snapshot_integration.obj ├╝berein. [C:\VCC\themis\build-msvc-tests\tests\test_snapshot_integration.vcxproj]
rocksdb.lib(rate_limiter.cc.obj) : error LNK2038: Konflikt ermittelt f├╝r "RuntimeLibrary": Der Wert "MT_StaticRelease" stimmt nicht mit dem Wert "MD_DynamicRelease" in test_snapshot_integration.obj ├╝berein. [C:\VCC\themis\build-msvc-tests\tests\test_snapshot_integration.vcxproj]
rocksdb.lib(writable_file_writer.cc.obj) : error LNK2038: Konflikt ermittelt f├╝r "RuntimeLibrary": Der Wert "MT_StaticRelease" stimmt nicht mit dem Wert "MD_DynamicRelease" in test_snapshot_integration.obj ├╝berein. [C:\VCC\themis\build-msvc-tests\tests\test_snapshot_integration.vcxproj]
rocksdb.lib(sst_file_dumper.cc.obj) : error LNK2038: Konflikt ermittelt f├╝r "RuntimeLibrary": Der Wert "MT_StaticRelease" stimmt nicht mit dem Wert "MD_DynamicRelease" in test_snapshot_integration.obj ├╝berein. [C:\VCC\themis\build-msvc-tests\tests\test_snapshot_integration.vcxproj]
rocksdb.lib(crc32c.cc.obj) : error LNK2038: Konflikt ermittelt f├╝r "RuntimeLibrary": Der Wert "MT_StaticRelease" stimmt nicht mit dem Wert "MD_DynamicRelease" in test_snapshot_integration.obj ├╝berein. [C:\VCC\themis\build-msvc-tests\tests\test_snapshot_integration.vcxproj]
rocksdb.lib(iostats_context.cc.obj) : error LNK2038: Konflikt ermittelt f├╝r "RuntimeLibrary": Der Wert "MT_StaticRelease" stimmt nicht mit dem Wert "MD_DynamicRelease" in test_snapshot_integration.obj ├╝berein. [C:\VCC\themis\build-msvc-tests\tests\test_snapshot_integration.vcxproj]
rocksdb.lib(file_util.cc.obj) : error LNK2038: Konflikt ermittelt f├╝r "RuntimeLibrary": Der Wert "MT_StaticRelease" stimmt nicht mit dem Wert "MD_DynamicRelease" in test_snapshot_integration.obj ├╝berein. [C:\VCC\themis\build-msvc-tests\tests\test_snapshot_integration.vcxproj]
rocksdb.lib(cache_key.cc.obj) : error LNK2038: Konflikt ermittelt f├╝r "RuntimeLibrary": Der Wert "MT_StaticRelease" stimmt nicht mit dem Wert "MD_DynamicRelease" in test_snapshot_integration.obj ├╝berein. [C:\VCC\themis\build-msvc-tests\tests\test_snapshot_integration.vcxproj]
rocksdb.lib(cache.cc.obj) : error LNK2038: Konflikt ermittelt f├╝r "RuntimeLibrary": Der Wert "MT_StaticRelease" stimmt nicht mit dem Wert "MD_DynamicRelease" in test_snapshot_integration.obj ├╝berein. [C:\VCC\themis\build-msvc-tests\tests\test_snapshot_integration.vcxproj]
rocksdb.lib(flush_block_policy.cc.obj) : error LNK2038: Konflikt ermittelt f├╝r "RuntimeLibrary": Der Wert "MT_StaticRelease" stimmt nicht mit dem Wert "MD_DynamicRelease" in test_snapshot_integration.obj ├╝berein. [C:\VCC\themis\build-msvc-tests\tests\test_snapshot_integration.vcxproj]
rocksdb.lib(block_based_table_builder.cc.obj) : error LNK2038: Konflikt ermittelt f├╝r "RuntimeLibrary": Der Wert "MT_StaticRelease" stimmt nicht mit dem Wert "MD_DynamicRelease" in test_snapshot_integration.obj ├╝berein. [C:\VCC\themis\build-msvc-tests\tests\test_snapshot_integration.vcxproj]
rocksdb.lib(block_based_table_reader.cc.obj) : error LNK2038: Konflikt ermittelt f├╝r "RuntimeLibrary": Der Wert "MT_StaticRelease" stimmt nicht mit dem Wert "MD_DynamicRelease" in test_snapshot_integration.obj ├╝berein. [C:\VCC\themis\build-msvc-tests\tests\test_snapshot_integration.vcxproj]
rocksdb.lib(cache_entry_roles.cc.obj) : error LNK2038: Konflikt ermittelt f├╝r "RuntimeLibrary": Der Wert "MT_StaticRelease" stimmt nicht mit dem Wert "MD_DynamicRelease" in test_snapshot_integration.obj ├╝berein. [C:\VCC\themis\build-msvc-tests\tests\test_snapshot_integration.vcxproj]
rocksdb.lib(sharded_cache.cc.obj) : error LNK2038: Konflikt ermittelt f├╝r "RuntimeLibrary": Der Wert "MT_StaticRelease" stimmt nicht mit dem Wert "MD_DynamicRelease" in test_snapshot_integration.obj ├╝berein. [C:\VCC\themis\build-msvc-tests\tests\test_snapshot_integration.vcxproj]
rocksdb.lib(secondary_cache_adapter.cc.obj) : error LNK2038: Konflikt ermittelt f├╝r "RuntimeLibrary": Der Wert "MT_StaticRelease" stimmt nicht mit dem Wert "MD_DynamicRelease" in test_snapshot_integration.obj ├╝berein. [C:\VCC\themis\build-msvc-tests\tests\test_snapshot_integration.vcxproj]
rocksdb.lib(compression_context_cache.cc.obj) : error LNK2038: Konflikt ermittelt f├╝r "RuntimeLibrary": Der Wert "MT_StaticRelease" stimmt nicht mit dem Wert "MD_DynamicRelease" in test_snapshot_integration.obj ├╝berein. [C:\VCC\themis\build-msvc-tests\tests\test_snapshot_integration.vcxproj]
rocksdb.lib(thread_local.cc.obj) : error LNK2038: Konflikt ermittelt f├╝r "RuntimeLibrary": Der Wert "MT_StaticRelease" stimmt nicht mit dem Wert "MD_DynamicRelease" in test_snapshot_integration.obj ├╝berein. [C:\VCC\themis\build-msvc-tests\tests\test_snapshot_integration.vcxproj]
rocksdb.lib(iterator.cc.obj) : error LNK2038: Konflikt ermittelt f├╝r "RuntimeLibrary": Der Wert "MT_StaticRelease" stimmt nicht mit dem Wert "MD_DynamicRelease" in test_snapshot_integration.obj ├╝berein. [C:\VCC\themis\build-msvc-tests\tests\test_snapshot_integration.vcxproj]
rocksdb.lib(instrumented_mutex.cc.obj) : error LNK2038: Konflikt ermittelt f├╝r "RuntimeLibrary": Der Wert "MT_StaticRelease" stimmt nicht mit dem Wert "MD_DynamicRelease" in test_snapshot_integration.obj ├╝berein. [C:\VCC\themis\build-msvc-tests\tests\test_snapshot_integration.vcxproj]
rocksdb.lib(db_impl_write.cc.obj) : error LNK2038: Konflikt ermittelt f├╝r "RuntimeLibrary": Der Wert "MT_StaticRelease" stimmt nicht mit dem Wert "MD_DynamicRelease" in test_snapshot_integration.obj ├╝berein. [C:\VCC\themis\build-msvc-tests\tests\test_snapshot_integration.vcxproj]
rocksdb.lib(db_impl_open.cc.obj) : error LNK2038: Konflikt ermittelt f├╝r "RuntimeLibrary": Der Wert "MT_StaticRelease" stimmt nicht mit dem Wert "MD_DynamicRelease" in test_snapshot_integration.obj ├╝berein. [C:\VCC\themis\build-msvc-tests\tests\test_snapshot_integration.vcxproj]
rocksdb.lib(pessimistic_transaction.cc.obj) : error LNK2038: Konflikt ermittelt f├╝r "RuntimeLibrary": Der Wert "MT_StaticRelease" stimmt nicht mit dem Wert "MD_DynamicRelease" in test_snapshot_integration.obj ├╝berein. [C:\VCC\themis\build-msvc-tests\tests\test_snapshot_integration.vcxproj]
rocksdb.lib(lock_manager.cc.obj) : error LNK2038: Konflikt ermittelt f├╝r "RuntimeLibrary": Der Wert "MT_StaticRelease" stimmt nicht mit dem Wert "MD_DynamicRelease" in test_snapshot_integration.obj ├╝berein. [C:\VCC\themis\build-msvc-tests\tests\test_snapshot_integration.vcxproj]
rocksdb.lib(write_prepared_txn_db.cc.obj) : error LNK2038: Konflikt ermittelt f├╝r "RuntimeLibrary": Der Wert "MT_StaticRelease" stimmt nicht mit dem Wert "MD_DynamicRelease" in test_snapshot_integration.obj ├╝berein. [C:\VCC\themis\build-msvc-tests\tests\test_snapshot_integration.vcxproj]
rocksdb.lib(write_unprepared_txn_db.cc.obj) : error LNK2038: Konflikt ermittelt f├╝r "RuntimeLibrary": Der Wert "MT_StaticRelease" stimmt nicht mit dem Wert "MD_DynamicRelease" in test_snapshot_integration.obj ├╝berein. [C:\VCC\themis\build-msvc-tests\tests\test_snapshot_integration.vcxproj]
rocksdb.lib(attribute_group_iterator_impl.cc.obj) : error LNK2038: Konflikt ermittelt f├╝r "RuntimeLibrary": Der Wert "MT_StaticRelease" stimmt nicht mit dem Wert "MD_DynamicRelease" in test_snapshot_integration.obj ├╝berein. [C:\VCC\themis\build-msvc-tests\tests\test_snapshot_integration.vcxproj]
rocksdb.lib(unique_id.cc.obj) : error LNK2038: Konflikt ermittelt f├╝r "RuntimeLibrary": Der Wert "MT_StaticRelease" stimmt nicht mit dem Wert "MD_DynamicRelease" in test_snapshot_integration.obj ├╝berein. [C:\VCC\themis\build-msvc-tests\tests\test_snapshot_integration.vcxproj]
rocksdb.lib(build_version.cc.obj) : error LNK2038: Konflikt ermittelt f├╝r "RuntimeLibrary": Der Wert "MT_StaticRelease" stimmt nicht mit dem Wert "MD_DynamicRelease" in test_snapshot_integration.obj ├╝berein. [C:\VCC\themis\build-msvc-tests\tests\test_snapshot_integration.vcxproj]
rocksdb.lib(trace_replay.cc.obj) : error LNK2038: Konflikt ermittelt f├╝r "RuntimeLibrary": Der Wert "MT_StaticRelease" stimmt nicht mit dem Wert "MD_DynamicRelease" in test_snapshot_integration.obj ├╝berein. [C:\VCC\themis\build-msvc-tests\tests\test_snapshot_integration.vcxproj]
rocksdb.lib(io_tracer.cc.obj) : error LNK2038: Konflikt ermittelt f├╝r "RuntimeLibrary": Der Wert "MT_StaticRelease" stimmt nicht mit dem Wert "MD_DynamicRelease" in test_snapshot_integration.obj ├╝berein. [C:\VCC\themis\build-msvc-tests\tests\test_snapshot_integration.vcxproj]
rocksdb.lib(cf_options.cc.obj) : error LNK2038: Konflikt ermittelt f├╝r "RuntimeLibrary": Der Wert "MT_StaticRelease" stimmt nicht mit dem Wert "MD_DynamicRelease" in test_snapshot_integration.obj ├╝berein. [C:\VCC\themis\build-msvc-tests\tests\test_snapshot_integration.vcxproj]
rocksdb.lib(block_cache_tracer.cc.obj) : error LNK2038: Konflikt ermittelt f├╝r "RuntimeLibrary": Der Wert "MT_StaticRelease" stimmt nicht mit dem Wert "MD_DynamicRelease" in test_snapshot_integration.obj ├╝berein. [C:\VCC\themis\build-msvc-tests\tests\test_snapshot_integration.vcxproj]
rocksdb.lib(snapshot_impl.cc.obj) : error LNK2038: Konflikt ermittelt f├╝r "RuntimeLibrary": Der Wert "MT_StaticRelease" stimmt nicht mit dem Wert "MD_DynamicRelease" in test_snapshot_integration.obj ├╝berein. [C:\VCC\themis\build-msvc-tests\tests\test_snapshot_integration.vcxproj]
rocksdb.lib(version_edit.cc.obj) : error LNK2038: Konflikt ermittelt f├╝r "RuntimeLibrary": Der Wert "MT_StaticRelease" stimmt nicht mit dem Wert "MD_DynamicRelease" in test_snapshot_integration.obj ├╝berein. [C:\VCC\themis\build-msvc-tests\tests\test_snapshot_integration.vcxproj]
rocksdb.lib(thread_status_util.cc.obj) : error LNK2038: Konflikt ermittelt f├╝r "RuntimeLibrary": Der Wert "MT_StaticRelease" stimmt nicht mit dem Wert "MD_DynamicRelease" in test_snapshot_integration.obj ├╝berein. [C:\VCC\themis\build-msvc-tests\tests\test_snapshot_integration.vcxproj]
rocksdb.lib(range_del_aggregator.cc.obj) : error LNK2038: Konflikt ermittelt f├╝r "RuntimeLibrary": Der Wert "MT_StaticRelease" stimmt nicht mit dem Wert "MD_DynamicRelease" in test_snapshot_integration.obj ├╝berein. [C:\VCC\themis\build-msvc-tests\tests\test_snapshot_integration.vcxproj]
rocksdb.lib(write_thread.cc.obj) : error LNK2038: Konflikt ermittelt f├╝r "RuntimeLibrary": Der Wert "MT_StaticRelease" stimmt nicht mit dem Wert "MD_DynamicRelease" in test_snapshot_integration.obj ├╝berein. [C:\VCC\themis\build-msvc-tests\tests\test_snapshot_integration.vcxproj]
rocksdb.lib(write_controller.cc.obj) : error LNK2038: Konflikt ermittelt f├╝r "RuntimeLibrary": Der Wert "MT_StaticRelease" stimmt nicht mit dem Wert "MD_DynamicRelease" in test_snapshot_integration.obj ├╝berein. [C:\VCC\themis\build-msvc-tests\tests\test_snapshot_integration.vcxproj]
rocksdb.lib(error_handler.cc.obj) : error LNK2038: Konflikt ermittelt f├╝r "RuntimeLibrary": Der Wert "MT_StaticRelease" stimmt nicht mit dem Wert "MD_DynamicRelease" in test_snapshot_integration.obj ├╝berein. [C:\VCC\themis\build-msvc-tests\tests\test_snapshot_integration.vcxproj]
rocksdb.lib(udt_util.cc.obj) : error LNK2038: Konflikt ermittelt f├╝r "RuntimeLibrary": Der Wert "MT_StaticRelease" stimmt nicht mit dem Wert "MD_DynamicRelease" in test_snapshot_integration.obj ├╝berein. [C:\VCC\themis\build-msvc-tests\tests\test_snapshot_integration.vcxproj]
rocksdb.lib(offpeak_time_info.cc.obj) : error LNK2038: Konflikt ermittelt f├╝r "RuntimeLibrary": Der Wert "MT_StaticRelease" stimmt nicht mit dem Wert "MD_DynamicRelease" in test_snapshot_integration.obj ├╝berein. [C:\VCC\themis\build-msvc-tests\tests\test_snapshot_integration.vcxproj]
rocksdb.lib(version_set.cc.obj) : error LNK2038: Konflikt ermittelt f├╝r "RuntimeLibrary": Der Wert "MT_StaticRelease" stimmt nicht mit dem Wert "MD_DynamicRelease" in test_snapshot_integration.obj ├╝berein. [C:\VCC\themis\build-msvc-tests\tests\test_snapshot_integration.vcxproj]
rocksdb.lib(sst_file_manager_impl.cc.obj) : error LNK2038: Konflikt ermittelt f├╝r "RuntimeLibrary": Der Wert "MT_StaticRelease" stimmt nicht mit dem Wert "MD_DynamicRelease" in test_snapshot_integration.obj ├╝berein. [C:\VCC\themis\build-msvc-tests\tests\test_snapshot_integration.vcxproj]
rocksdb.lib(internal_stats.cc.obj) : error LNK2038: Konflikt ermittelt f├╝r "RuntimeLibrary": Der Wert "MT_StaticRelease" stimmt nicht mit dem Wert "MD_DynamicRelease" in test_snapshot_integration.obj ├╝berein. [C:\VCC\themis\build-msvc-tests\tests\test_snapshot_integration.vcxproj]
rocksdb.lib(log_writer.cc.obj) : error LNK2038: Konflikt ermittelt f├╝r "RuntimeLibrary": Der Wert "MT_StaticRelease" stimmt nicht mit dem Wert "MD_DynamicRelease" in test_snapshot_integration.obj ├╝berein. [C:\VCC\themis\build-msvc-tests\tests\test_snapshot_integration.vcxproj]
rocksdb.lib(external_sst_file_ingestion_job.cc.obj) : error LNK2038: Konflikt ermittelt f├╝r "RuntimeLibrary": Der Wert "MT_StaticRelease" stimmt nicht mit dem Wert "MD_DynamicRelease" in test_snapshot_integration.obj ├╝berein. [C:\VCC\themis\build-msvc-tests\tests\test_snapshot_integration.vcxproj]
rocksdb.lib(import_column_family_job.cc.obj) : error LNK2038: Konflikt ermittelt f├╝r "RuntimeLibrary": Der Wert "MT_StaticRelease" stimmt nicht mit dem Wert "MD_DynamicRelease" in test_snapshot_integration.obj ├╝berein. [C:\VCC\themis\build-msvc-tests\tests\test_snapshot_integration.vcxproj]
rocksdb.lib(periodic_task_scheduler.cc.obj) : error LNK2038: Konflikt ermittelt f├╝r "RuntimeLibrary": Der Wert "MT_StaticRelease" stimmt nicht mit dem Wert "MD_DynamicRelease" in test_snapshot_integration.obj ├╝berein. [C:\VCC\themis\build-msvc-tests\tests\test_snapshot_integration.vcxproj]
rocksdb.lib(wal_manager.cc.obj) : error LNK2038: Konflikt ermittelt f├╝r "RuntimeLibrary": Der Wert "MT_StaticRelease" stimmt nicht mit dem Wert "MD_DynamicRelease" in test_snapshot_integration.obj ├╝berein. [C:\VCC\themis\build-msvc-tests\tests\test_snapshot_integration.vcxproj]
rocksdb.lib(merging_iterator.cc.obj) : error LNK2038: Konflikt ermittelt f├╝r "RuntimeLibrary": Der Wert "MT_StaticRelease" stimmt nicht mit dem Wert "MD_DynamicRelease" in test_snapshot_integration.obj ├╝berein. [C:\VCC\themis\build-msvc-tests\tests\test_snapshot_integration.vcxproj]
rocksdb.lib(db_impl_compaction_flush.cc.obj) : error LNK2038: Konflikt ermittelt f├╝r "RuntimeLibrary": Der Wert "MT_StaticRelease" stimmt nicht mit dem Wert "MD_DynamicRelease" in test_snapshot_integration.obj ├╝berein. [C:\VCC\themis\build-msvc-tests\tests\test_snapshot_integration.vcxproj]
rocksdb.lib(db_impl_files.cc.obj) : error LNK2038: Konflikt ermittelt f├╝r "RuntimeLibrary": Der Wert "MT_StaticRelease" stimmt nicht mit dem Wert "MD_DynamicRelease" in test_snapshot_integration.obj ├╝berein. [C:\VCC\themis\build-msvc-tests\tests\test_snapshot_integration.vcxproj]
rocksdb.lib(db_filesnapshot.cc.obj) : error LNK2038: Konflikt ermittelt f├╝r "RuntimeLibrary": Der Wert "MT_StaticRelease" stimmt nicht mit dem Wert "MD_DynamicRelease" in test_snapshot_integration.obj ├╝berein. [C:\VCC\themis\build-msvc-tests\tests\test_snapshot_integration.vcxproj]
rocksdb.lib(db_impl_experimental.cc.obj) : error LNK2038: Konflikt ermittelt f├╝r "RuntimeLibrary": Der Wert "MT_StaticRelease" stimmt nicht mit dem Wert "MD_DynamicRelease" in test_snapshot_integration.obj ├╝berein. [C:\VCC\themis\build-msvc-tests\tests\test_snapshot_integration.vcxproj]
rocksdb.lib(db_iter.cc.obj) : error LNK2038: Konflikt ermittelt f├╝r "RuntimeLibrary": Der Wert "MT_StaticRelease" stimmt nicht mit dem Wert "MD_DynamicRelease" in test_snapshot_integration.obj ├╝berein. [C:\VCC\themis\build-msvc-tests\tests\test_snapshot_integration.vcxproj]
rocksdb.lib(arena_wrapped_db_iter.cc.obj) : error LNK2038: Konflikt ermittelt f├╝r "RuntimeLibrary": Der Wert "MT_StaticRelease" stimmt nicht mit dem Wert "MD_DynamicRelease" in test_snapshot_integration.obj ├╝berein. [C:\VCC\themis\build-msvc-tests\tests\test_snapshot_integration.vcxproj]
rocksdb.lib(coalescing_iterator.cc.obj) : error LNK2038: Konflikt ermittelt f├╝r "RuntimeLibrary": Der Wert "MT_StaticRelease" stimmt nicht mit dem Wert "MD_DynamicRelease" in test_snapshot_integration.obj ├╝berein. [C:\VCC\themis\build-msvc-tests\tests\test_snapshot_integration.vcxproj]
rocksdb.lib(convenience.cc.obj) : error LNK2038: Konflikt ermittelt f├╝r "RuntimeLibrary": Der Wert "MT_StaticRelease" stimmt nicht mit dem Wert "MD_DynamicRelease" in test_snapshot_integration.obj ├╝berein. [C:\VCC\themis\build-msvc-tests\tests\test_snapshot_integration.vcxproj]
rocksdb.lib(db_info_dumper.cc.obj) : error LNK2038: Konflikt ermittelt f├╝r "RuntimeLibrary": Der Wert "MT_StaticRelease" stimmt nicht mit dem Wert "MD_DynamicRelease" in test_snapshot_integration.obj ├╝berein. [C:\VCC\themis\build-msvc-tests\tests\test_snapshot_integration.vcxproj]
rocksdb.lib(forward_iterator.cc.obj) : error LNK2038: Konflikt ermittelt f├╝r "RuntimeLibrary": Der Wert "MT_StaticRelease" stimmt nicht mit dem Wert "MD_DynamicRelease" in test_snapshot_integration.obj ├╝berein. [C:\VCC\themis\build-msvc-tests\tests\test_snapshot_integration.vcxproj]
rocksdb.lib(malloc_stats.cc.obj) : error LNK2038: Konflikt ermittelt f├╝r "RuntimeLibrary": Der Wert "MT_StaticRelease" stimmt nicht mit dem Wert "MD_DynamicRelease" in test_snapshot_integration.obj ├╝berein. [C:\VCC\themis\build-msvc-tests\tests\test_snapshot_integration.vcxproj]
rocksdb.lib(unique_id_gen.cc.obj) : error LNK2038: Konflikt ermittelt f├╝r "RuntimeLibrary": Der Wert "MT_StaticRelease" stimmt nicht mit dem Wert "MD_DynamicRelease" in test_snapshot_integration.obj ├╝berein. [C:\VCC\themis\build-msvc-tests\tests\test_snapshot_integration.vcxproj]
rocksdb.lib(in_memory_stats_history.cc.obj) : error LNK2038: Konflikt ermittelt f├╝r "RuntimeLibrary": Der Wert "MT_StaticRelease" stimmt nicht mit dem Wert "MD_DynamicRelease" in test_snapshot_integration.obj ├╝berein. [C:\VCC\themis\build-msvc-tests\tests\test_snapshot_integration.vcxproj]
rocksdb.lib(persistent_stats_history.cc.obj) : error LNK2038: Konflikt ermittelt f├╝r "RuntimeLibrary": Der Wert "MT_StaticRelease" stimmt nicht mit dem Wert "MD_DynamicRelease" in test_snapshot_integration.obj ├╝berein. [C:\VCC\themis\build-msvc-tests\tests\test_snapshot_integration.vcxproj]
rocksdb.lib(options_parser.cc.obj) : error LNK2038: Konflikt ermittelt f├╝r "RuntimeLibrary": Der Wert "MT_StaticRelease" stimmt nicht mit dem Wert "MD_DynamicRelease" in test_snapshot_integration.obj ├╝berein. [C:\VCC\themis\build-msvc-tests\tests\test_snapshot_integration.vcxproj]
rocksdb.lib(replayer_impl.cc.obj) : error LNK2038: Konflikt ermittelt f├╝r "RuntimeLibrary": Der Wert "MT_StaticRelease" stimmt nicht mit dem Wert "MD_DynamicRelease" in test_snapshot_integration.obj ├╝berein. [C:\VCC\themis\build-msvc-tests\tests\test_snapshot_integration.vcxproj]
rocksdb.lib(table_properties.cc.obj) : error LNK2038: Konflikt ermittelt f├╝r "RuntimeLibrary": Der Wert "MT_StaticRelease" stimmt nicht mit dem Wert "MD_DynamicRelease" in test_snapshot_integration.obj ├╝berein. [C:\VCC\themis\build-msvc-tests\tests\test_snapshot_integration.vcxproj]
rocksdb.lib(perf_level.cc.obj) : error LNK2038: Konflikt ermittelt f├╝r "RuntimeLibrary": Der Wert "MT_StaticRelease" stimmt nicht mit dem Wert "MD_DynamicRelease" in test_snapshot_integration.obj ├╝berein. [C:\VCC\themis\build-msvc-tests\tests\test_snapshot_integration.vcxproj]
rocksdb.lib(perf_context.cc.obj) : error LNK2038: Konflikt ermittelt f├╝r "RuntimeLibrary": Der Wert "MT_StaticRelease" stimmt nicht mit dem Wert "MD_DynamicRelease" in test_snapshot_integration.obj ├╝berein. [C:\VCC\themis\build-msvc-tests\tests\test_snapshot_integration.vcxproj]
rocksdb.lib(random.cc.obj) : error LNK2038: Konflikt ermittelt f├╝r "RuntimeLibrary": Der Wert "MT_StaticRelease" stimmt nicht mit dem Wert "MD_DynamicRelease" in test_snapshot_integration.obj ├╝berein. [C:\VCC\themis\build-msvc-tests\tests\test_snapshot_integration.vcxproj]
rocksdb.lib(arena.cc.obj) : error LNK2038: Konflikt ermittelt f├╝r "RuntimeLibrary": Der Wert "MT_StaticRelease" stimmt nicht mit dem Wert "MD_DynamicRelease" in test_snapshot_integration.obj ├╝berein. [C:\VCC\themis\build-msvc-tests\tests\test_snapshot_integration.vcxproj]
rocksdb.lib(write_batch_with_index_internal.cc.obj) : error LNK2038: Konflikt ermittelt f├╝r "RuntimeLibrary": Der Wert "MT_StaticRelease" stimmt nicht mit dem Wert "MD_DynamicRelease" in test_snapshot_integration.obj ├╝berein. [C:\VCC\themis\build-msvc-tests\tests\test_snapshot_integration.vcxproj]
rocksdb.lib(histogram.cc.obj) : error LNK2038: Konflikt ermittelt f├╝r "RuntimeLibrary": Der Wert "MT_StaticRelease" stimmt nicht mit dem Wert "MD_DynamicRelease" in test_snapshot_integration.obj ├╝berein. [C:\VCC\themis\build-msvc-tests\tests\test_snapshot_integration.vcxproj]
rocksdb.lib(mock_env.cc.obj) : error LNK2038: Konflikt ermittelt f├╝r "RuntimeLibrary": Der Wert "MT_StaticRelease" stimmt nicht mit dem Wert "MD_DynamicRelease" in test_snapshot_integration.obj ├╝berein. [C:\VCC\themis\build-msvc-tests\tests\test_snapshot_integration.vcxproj]
rocksdb.lib(threadpool_imp.cc.obj) : error LNK2038: Konflikt ermittelt f├╝r "RuntimeLibrary": Der Wert "MT_StaticRelease" stimmt nicht mit dem Wert "MD_DynamicRelease" in test_snapshot_integration.obj ├╝berein. [C:\VCC\themis\build-msvc-tests\tests\test_snapshot_integration.vcxproj]
rocksdb.lib(thread_status_updater.cc.obj) : error LNK2038: Konflikt ermittelt f├╝r "RuntimeLibrary": Der Wert "MT_StaticRelease" stimmt nicht mit dem Wert "MD_DynamicRelease" in test_snapshot_integration.obj ├╝berein. [C:\VCC\themis\build-msvc-tests\tests\test_snapshot_integration.vcxproj]
rocksdb.lib(io_win.cc.obj) : error LNK2038: Konflikt ermittelt f├╝r "RuntimeLibrary": Der Wert "MT_StaticRelease" stimmt nicht mit dem Wert "MD_DynamicRelease" in test_snapshot_integration.obj ├╝berein. [C:\VCC\themis\build-msvc-tests\tests\test_snapshot_integration.vcxproj]
rocksdb.lib(win_logger.cc.obj) : error LNK2038: Konflikt ermittelt f├╝r "RuntimeLibrary": Der Wert "MT_StaticRelease" stimmt nicht mit dem Wert "MD_DynamicRelease" in test_snapshot_integration.obj ├╝berein. [C:\VCC\themis\build-msvc-tests\tests\test_snapshot_integration.vcxproj]
rocksdb.lib(range_tombstone_fragmenter.cc.obj) : error LNK2038: Konflikt ermittelt f├╝r "RuntimeLibrary": Der Wert "MT_StaticRelease" stimmt nicht mit dem Wert "MD_DynamicRelease" in test_snapshot_integration.obj ├╝berein. [C:\VCC\themis\build-msvc-tests\tests\test_snapshot_integration.vcxproj]
rocksdb.lib(alloc_tracker.cc.obj) : error LNK2038: Konflikt ermittelt f├╝r "RuntimeLibrary": Der Wert "MT_StaticRelease" stimmt nicht mit dem Wert "MD_DynamicRelease" in test_snapshot_integration.obj ├╝berein. [C:\VCC\themis\build-msvc-tests\tests\test_snapshot_integration.vcxproj]
rocksdb.lib(concurrent_arena.cc.obj) : error LNK2038: Konflikt ermittelt f├╝r "RuntimeLibrary": Der Wert "MT_StaticRelease" stimmt nicht mit dem Wert "MD_DynamicRelease" in test_snapshot_integration.obj ├╝berein. [C:\VCC\themis\build-msvc-tests\tests\test_snapshot_integration.vcxproj]
rocksdb.lib(dynamic_bloom.cc.obj) : error LNK2038: Konflikt ermittelt f├╝r "RuntimeLibrary": Der Wert "MT_StaticRelease" stimmt nicht mit dem Wert "MD_DynamicRelease" in test_snapshot_integration.obj ├╝berein. [C:\VCC\themis\build-msvc-tests\tests\test_snapshot_integration.vcxproj]
rocksdb.lib(log_buffer.cc.obj) : error LNK2038: Konflikt ermittelt f├╝r "RuntimeLibrary": Der Wert "MT_StaticRelease" stimmt nicht mit dem Wert "MD_DynamicRelease" in test_snapshot_integration.obj ├╝berein. [C:\VCC\themis\build-msvc-tests\tests\test_snapshot_integration.vcxproj]
rocksdb.lib(table_properties_collector.cc.obj) : error LNK2038: Konflikt ermittelt f├╝r "RuntimeLibrary": Der Wert "MT_StaticRelease" stimmt nicht mit dem Wert "MD_DynamicRelease" in test_snapshot_integration.obj ├╝berein. [C:\VCC\themis\build-msvc-tests\tests\test_snapshot_integration.vcxproj]
rocksdb.lib(table_cache.cc.obj) : error LNK2038: Konflikt ermittelt f├╝r "RuntimeLibrary": Der Wert "MT_StaticRelease" stimmt nicht mit dem Wert "MD_DynamicRelease" in test_snapshot_integration.obj ├╝berein. [C:\VCC\themis\build-msvc-tests\tests\test_snapshot_integration.vcxproj]
rocksdb.lib(blob_file_cache.cc.obj) : error LNK2038: Konflikt ermittelt f├╝r "RuntimeLibrary": Der Wert "MT_StaticRelease" stimmt nicht mit dem Wert "MD_DynamicRelease" in test_snapshot_integration.obj ├╝berein. [C:\VCC\themis\build-msvc-tests\tests\test_snapshot_integration.vcxproj]
rocksdb.lib(blob_source.cc.obj) : error LNK2038: Konflikt ermittelt f├╝r "RuntimeLibrary": Der Wert "MT_StaticRelease" stimmt nicht mit dem Wert "MD_DynamicRelease" in test_snapshot_integration.obj ├╝berein. [C:\VCC\themis\build-msvc-tests\tests\test_snapshot_integration.vcxproj]
rocksdb.lib(compaction.cc.obj) : error LNK2038: Konflikt ermittelt f├╝r "RuntimeLibrary": Der Wert "MT_StaticRelease" stimmt nicht mit dem Wert "MD_DynamicRelease" in test_snapshot_integration.obj ├╝berein. [C:\VCC\themis\build-msvc-tests\tests\test_snapshot_integration.vcxproj]
rocksdb.lib(compaction_picker.cc.obj) : error LNK2038: Konflikt ermittelt f├╝r "RuntimeLibrary": Der Wert "MT_StaticRelease" stimmt nicht mit dem Wert "MD_DynamicRelease" in test_snapshot_integration.obj ├╝berein. [C:\VCC\themis\build-msvc-tests\tests\test_snapshot_integration.vcxproj]
rocksdb.lib(compaction_picker_fifo.cc.obj) : error LNK2038: Konflikt ermittelt f├╝r "RuntimeLibrary": Der Wert "MT_StaticRelease" stimmt nicht mit dem Wert "MD_DynamicRelease" in test_snapshot_integration.obj ├╝berein. [C:\VCC\themis\build-msvc-tests\tests\test_snapshot_integration.vcxproj]
rocksdb.lib(compaction_picker_level.cc.obj) : error LNK2038: Konflikt ermittelt f├╝r "RuntimeLibrary": Der Wert "MT_StaticRelease" stimmt nicht mit dem Wert "MD_DynamicRelease" in test_snapshot_integration.obj ├╝berein. [C:\VCC\themis\build-msvc-tests\tests\test_snapshot_integration.vcxproj]
rocksdb.lib(compaction_picker_universal.cc.obj) : error LNK2038: Konflikt ermittelt f├╝r "RuntimeLibrary": Der Wert "MT_StaticRelease" stimmt nicht mit dem Wert "MD_DynamicRelease" in test_snapshot_integration.obj ├╝berein. [C:\VCC\themis\build-msvc-tests\tests\test_snapshot_integration.vcxproj]
rocksdb.lib(delete_scheduler.cc.obj) : error LNK2038: Konflikt ermittelt f├╝r "RuntimeLibrary": Der Wert "MT_StaticRelease" stimmt nicht mit dem Wert "MD_DynamicRelease" in test_snapshot_integration.obj ├╝berein. [C:\VCC\themis\build-msvc-tests\tests\test_snapshot_integration.vcxproj]
rocksdb.lib(blob_fetcher.cc.obj) : error LNK2038: Konflikt ermittelt f├╝r "RuntimeLibrary": Der Wert "MT_StaticRelease" stimmt nicht mit dem Wert "MD_DynamicRelease" in test_snapshot_integration.obj ├╝berein. [C:\VCC\themis\build-msvc-tests\tests\test_snapshot_integration.vcxproj]
rocksdb.lib(prefetch_buffer_collection.cc.obj) : error LNK2038: Konflikt ermittelt f├╝r "RuntimeLibrary": Der Wert "MT_StaticRelease" stimmt nicht mit dem Wert "MD_DynamicRelease" in test_snapshot_integration.obj ├╝berein. [C:\VCC\themis\build-msvc-tests\tests\test_snapshot_integration.vcxproj]
rocksdb.lib(file_checksum_helper.cc.obj) : error LNK2038: Konflikt ermittelt f├╝r "RuntimeLibrary": Der Wert "MT_StaticRelease" stimmt nicht mit dem Wert "MD_DynamicRelease" in test_snapshot_integration.obj ├╝berein. [C:\VCC\themis\build-msvc-tests\tests\test_snapshot_integration.vcxproj]
rocksdb.lib(event_helpers.cc.obj) : error LNK2038: Konflikt ermittelt f├╝r "RuntimeLibrary": Der Wert "MT_StaticRelease" stimmt nicht mit dem Wert "MD_DynamicRelease" in test_snapshot_integration.obj ├╝berein. [C:\VCC\themis\build-msvc-tests\tests\test_snapshot_integration.vcxproj]
rocksdb.lib(wal_filter.cc.obj) : error LNK2038: Konflikt ermittelt f├╝r "RuntimeLibrary": Der Wert "MT_StaticRelease" stimmt nicht mit dem Wert "MD_DynamicRelease" in test_snapshot_integration.obj ├╝berein. [C:\VCC\themis\build-msvc-tests\tests\test_snapshot_integration.vcxproj]
rocksdb.lib(file_prefetch_buffer.cc.obj) : error LNK2038: Konflikt ermittelt f├╝r "RuntimeLibrary": Der Wert "MT_StaticRelease" stimmt nicht mit dem Wert "MD_DynamicRelease" in test_snapshot_integration.obj ├╝berein. [C:\VCC\themis\build-msvc-tests\tests\test_snapshot_integration.vcxproj]
rocksdb.lib(random_access_file_reader.cc.obj) : error LNK2038: Konflikt ermittelt f├╝r "RuntimeLibrary": Der Wert "MT_StaticRelease" stimmt nicht mit dem Wert "MD_DynamicRelease" in test_snapshot_integration.obj ├╝berein. [C:\VCC\themis\build-msvc-tests\tests\test_snapshot_integration.vcxproj]
rocksdb.lib(plain_table_builder.cc.obj) : error LNK2038: Konflikt ermittelt f├╝r "RuntimeLibrary": Der Wert "MT_StaticRelease" stimmt nicht mit dem Wert "MD_DynamicRelease" in test_snapshot_integration.obj ├╝berein. [C:\VCC\themis\build-msvc-tests\tests\test_snapshot_integration.vcxproj]
rocksdb.lib(env_encryption.cc.obj) : error LNK2038: Konflikt ermittelt f├╝r "RuntimeLibrary": Der Wert "MT_StaticRelease" stimmt nicht mit dem Wert "MD_DynamicRelease" in test_snapshot_integration.obj ├╝berein. [C:\VCC\themis\build-msvc-tests\tests\test_snapshot_integration.vcxproj]
rocksdb.lib(counted_fs.cc.obj) : error LNK2038: Konflikt ermittelt f├╝r "RuntimeLibrary": Der Wert "MT_StaticRelease" stimmt nicht mit dem Wert "MD_DynamicRelease" in test_snapshot_integration.obj ├╝berein. [C:\VCC\themis\build-msvc-tests\tests\test_snapshot_integration.vcxproj]
rocksdb.lib(env_timed.cc.obj) : error LNK2038: Konflikt ermittelt f├╝r "RuntimeLibrary": Der Wert "MT_StaticRelease" stimmt nicht mit dem Wert "MD_DynamicRelease" in test_snapshot_integration.obj ├╝berein. [C:\VCC\themis\build-msvc-tests\tests\test_snapshot_integration.vcxproj]
rocksdb.lib(plain_table_factory.cc.obj) : error LNK2038: Konflikt ermittelt f├╝r "RuntimeLibrary": Der Wert "MT_StaticRelease" stimmt nicht mit dem Wert "MD_DynamicRelease" in test_snapshot_integration.obj ├╝berein. [C:\VCC\themis\build-msvc-tests\tests\test_snapshot_integration.vcxproj]
rocksdb.lib(cuckoo_table_factory.cc.obj) : error LNK2038: Konflikt ermittelt f├╝r "RuntimeLibrary": Der Wert "MT_StaticRelease" stimmt nicht mit dem Wert "MD_DynamicRelease" in test_snapshot_integration.obj ├╝berein. [C:\VCC\themis\build-msvc-tests\tests\test_snapshot_integration.vcxproj]
rocksdb.lib(meta_blocks.cc.obj) : error LNK2038: Konflikt ermittelt f├╝r "RuntimeLibrary": Der Wert "MT_StaticRelease" stimmt nicht mit dem Wert "MD_DynamicRelease" in test_snapshot_integration.obj ├╝berein. [C:\VCC\themis\build-msvc-tests\tests\test_snapshot_integration.vcxproj]
rocksdb.lib(cuckoo_table_builder.cc.obj) : error LNK2038: Konflikt ermittelt f├╝r "RuntimeLibrary": Der Wert "MT_StaticRelease" stimmt nicht mit dem Wert "MD_DynamicRelease" in test_snapshot_integration.obj ├╝berein. [C:\VCC\themis\build-msvc-tests\tests\test_snapshot_integration.vcxproj]
rocksdb.lib(compressed_secondary_cache.cc.obj) : error LNK2038: Konflikt ermittelt f├╝r "RuntimeLibrary": Der Wert "MT_StaticRelease" stimmt nicht mit dem Wert "MD_DynamicRelease" in test_snapshot_integration.obj ├╝berein. [C:\VCC\themis\build-msvc-tests\tests\test_snapshot_integration.vcxproj]
rocksdb.lib(block_builder.cc.obj) : error LNK2038: Konflikt ermittelt f├╝r "RuntimeLibrary": Der Wert "MT_StaticRelease" stimmt nicht mit dem Wert "MD_DynamicRelease" in test_snapshot_integration.obj ├╝berein. [C:\VCC\themis\build-msvc-tests\tests\test_snapshot_integration.vcxproj]
rocksdb.lib(cache_helpers.cc.obj) : error LNK2038: Konflikt ermittelt f├╝r "RuntimeLibrary": Der Wert "MT_StaticRelease" stimmt nicht mit dem Wert "MD_DynamicRelease" in test_snapshot_integration.obj ├╝berein. [C:\VCC\themis\build-msvc-tests\tests\test_snapshot_integration.vcxproj]
rocksdb.lib(block.cc.obj) : error LNK2038: Konflikt ermittelt f├╝r "RuntimeLibrary": Der Wert "MT_StaticRelease" stimmt nicht mit dem Wert "MD_DynamicRelease" in test_snapshot_integration.obj ├╝berein. [C:\VCC\themis\build-msvc-tests\tests\test_snapshot_integration.vcxproj]
rocksdb.lib(block_cache.cc.obj) : error LNK2038: Konflikt ermittelt f├╝r "RuntimeLibrary": Der Wert "MT_StaticRelease" stimmt nicht mit dem Wert "MD_DynamicRelease" in test_snapshot_integration.obj ├╝berein. [C:\VCC\themis\build-msvc-tests\tests\test_snapshot_integration.vcxproj]
rocksdb.lib(index_builder.cc.obj) : error LNK2038: Konflikt ermittelt f├╝r "RuntimeLibrary": Der Wert "MT_StaticRelease" stimmt nicht mit dem Wert "MD_DynamicRelease" in test_snapshot_integration.obj ├╝berein. [C:\VCC\themis\build-msvc-tests\tests\test_snapshot_integration.vcxproj]
rocksdb.lib(full_filter_block.cc.obj) : error LNK2038: Konflikt ermittelt f├╝r "RuntimeLibrary": Der Wert "MT_StaticRelease" stimmt nicht mit dem Wert "MD_DynamicRelease" in test_snapshot_integration.obj ├╝berein. [C:\VCC\themis\build-msvc-tests\tests\test_snapshot_integration.vcxproj]
rocksdb.lib(partitioned_filter_block.cc.obj) : error LNK2038: Konflikt ermittelt f├╝r "RuntimeLibrary": Der Wert "MT_StaticRelease" stimmt nicht mit dem Wert "MD_DynamicRelease" in test_snapshot_integration.obj ├╝berein. [C:\VCC\themis\build-msvc-tests\tests\test_snapshot_integration.vcxproj]
rocksdb.lib(parsed_full_filter_block.cc.obj) : error LNK2038: Konflikt ermittelt f├╝r "RuntimeLibrary": Der Wert "MT_StaticRelease" stimmt nicht mit dem Wert "MD_DynamicRelease" in test_snapshot_integration.obj ├╝berein. [C:\VCC\themis\build-msvc-tests\tests\test_snapshot_integration.vcxproj]
rocksdb.lib(uncompression_dict_reader.cc.obj) : error LNK2038: Konflikt ermittelt f├╝r "RuntimeLibrary": Der Wert "MT_StaticRelease" stimmt nicht mit dem Wert "MD_DynamicRelease" in test_snapshot_integration.obj ├╝berein. [C:\VCC\themis\build-msvc-tests\tests\test_snapshot_integration.vcxproj]
rocksdb.lib(get_context.cc.obj) : error LNK2038: Konflikt ermittelt f├╝r "RuntimeLibrary": Der Wert "MT_StaticRelease" stimmt nicht mit dem Wert "MD_DynamicRelease" in test_snapshot_integration.obj ├╝berein. [C:\VCC\themis\build-msvc-tests\tests\test_snapshot_integration.vcxproj]
rocksdb.lib(reader_common.cc.obj) : error LNK2038: Konflikt ermittelt f├╝r "RuntimeLibrary": Der Wert "MT_StaticRelease" stimmt nicht mit dem Wert "MD_DynamicRelease" in test_snapshot_integration.obj ├╝berein. [C:\VCC\themis\build-msvc-tests\tests\test_snapshot_integration.vcxproj]
rocksdb.lib(binary_search_index_reader.cc.obj) : error LNK2038: Konflikt ermittelt f├╝r "RuntimeLibrary": Der Wert "MT_StaticRelease" stimmt nicht mit dem Wert "MD_DynamicRelease" in test_snapshot_integration.obj ├╝berein. [C:\VCC\themis\build-msvc-tests\tests\test_snapshot_integration.vcxproj]
rocksdb.lib(block_based_table_iterator.cc.obj) : error LNK2038: Konflikt ermittelt f├╝r "RuntimeLibrary": Der Wert "MT_StaticRelease" stimmt nicht mit dem Wert "MD_DynamicRelease" in test_snapshot_integration.obj ├╝berein. [C:\VCC\themis\build-msvc-tests\tests\test_snapshot_integration.vcxproj]
rocksdb.lib(hash_index_reader.cc.obj) : error LNK2038: Konflikt ermittelt f├╝r "RuntimeLibrary": Der Wert "MT_StaticRelease" stimmt nicht mit dem Wert "MD_DynamicRelease" in test_snapshot_integration.obj ├╝berein. [C:\VCC\themis\build-msvc-tests\tests\test_snapshot_integration.vcxproj]
rocksdb.lib(partitioned_index_reader.cc.obj) : error LNK2038: Konflikt ermittelt f├╝r "RuntimeLibrary": Der Wert "MT_StaticRelease" stimmt nicht mit dem Wert "MD_DynamicRelease" in test_snapshot_integration.obj ├╝berein. [C:\VCC\themis\build-msvc-tests\tests\test_snapshot_integration.vcxproj]
rocksdb.lib(block_fetcher.cc.obj) : error LNK2038: Konflikt ermittelt f├╝r "RuntimeLibrary": Der Wert "MT_StaticRelease" stimmt nicht mit dem Wert "MD_DynamicRelease" in test_snapshot_integration.obj ├╝berein. [C:\VCC\themis\build-msvc-tests\tests\test_snapshot_integration.vcxproj]
rocksdb.lib(sst_file_writer.cc.obj) : error LNK2038: Konflikt ermittelt f├╝r "RuntimeLibrary": Der Wert "MT_StaticRelease" stimmt nicht mit dem Wert "MD_DynamicRelease" in test_snapshot_integration.obj ├╝berein. [C:\VCC\themis\build-msvc-tests\tests\test_snapshot_integration.vcxproj]
rocksdb.lib(clock_cache.cc.obj) : error LNK2038: Konflikt ermittelt f├╝r "RuntimeLibrary": Der Wert "MT_StaticRelease" stimmt nicht mit dem Wert "MD_DynamicRelease" in test_snapshot_integration.obj ├╝berein. [C:\VCC\themis\build-msvc-tests\tests\test_snapshot_integration.vcxproj]
rocksdb.lib(tiered_secondary_cache.cc.obj) : error LNK2038: Konflikt ermittelt f├╝r "RuntimeLibrary": Der Wert "MT_StaticRelease" stimmt nicht mit dem Wert "MD_DynamicRelease" in test_snapshot_integration.obj ├╝berein. [C:\VCC\themis\build-msvc-tests\tests\test_snapshot_integration.vcxproj]
rocksdb.lib(auto_roll_logger.cc.obj) : error LNK2038: Konflikt ermittelt f├╝r "RuntimeLibrary": Der Wert "MT_StaticRelease" stimmt nicht mit dem Wert "MD_DynamicRelease" in test_snapshot_integration.obj ├╝berein. [C:\VCC\themis\build-msvc-tests\tests\test_snapshot_integration.vcxproj]
rocksdb.lib(event_logger.cc.obj) : error LNK2038: Konflikt ermittelt f├╝r "RuntimeLibrary": Der Wert "MT_StaticRelease" stimmt nicht mit dem Wert "MD_DynamicRelease" in test_snapshot_integration.obj ├╝berein. [C:\VCC\themis\build-msvc-tests\tests\test_snapshot_integration.vcxproj]
rocksdb.lib(wal_edit.cc.obj) : error LNK2038: Konflikt ermittelt f├╝r "RuntimeLibrary": Der Wert "MT_StaticRelease" stimmt nicht mit dem Wert "MD_DynamicRelease" in test_snapshot_integration.obj ├╝berein. [C:\VCC\themis\build-msvc-tests\tests\test_snapshot_integration.vcxproj]
rocksdb.lib(log_reader.cc.obj) : error LNK2038: Konflikt ermittelt f├╝r "RuntimeLibrary": Der Wert "MT_StaticRelease" stimmt nicht mit dem Wert "MD_DynamicRelease" in test_snapshot_integration.obj ├╝berein. [C:\VCC\themis\build-msvc-tests\tests\test_snapshot_integration.vcxproj]
rocksdb.lib(builder.cc.obj) : error LNK2038: Konflikt ermittelt f├╝r "RuntimeLibrary": Der Wert "MT_StaticRelease" stimmt nicht mit dem Wert "MD_DynamicRelease" in test_snapshot_integration.obj ├╝berein. [C:\VCC\themis\build-msvc-tests\tests\test_snapshot_integration.vcxproj]
rocksdb.lib(snapshot_checker.cc.obj) : error LNK2038: Konflikt ermittelt f├╝r "RuntimeLibrary": Der Wert "MT_StaticRelease" stimmt nicht mit dem Wert "MD_DynamicRelease" in test_snapshot_integration.obj ├╝berein. [C:\VCC\themis\build-msvc-tests\tests\test_snapshot_integration.vcxproj]
rocksdb.lib(read_write_util.cc.obj) : error LNK2038: Konflikt ermittelt f├╝r "RuntimeLibrary": Der Wert "MT_StaticRelease" stimmt nicht mit dem Wert "MD_DynamicRelease" in test_snapshot_integration.obj ├╝berein. [C:\VCC\themis\build-msvc-tests\tests\test_snapshot_integration.vcxproj]
rocksdb.lib(transaction_util.cc.obj) : error LNK2038: Konflikt ermittelt f├╝r "RuntimeLibrary": Der Wert "MT_StaticRelease" stimmt nicht mit dem Wert "MD_DynamicRelease" in test_snapshot_integration.obj ├╝berein. [C:\VCC\themis\build-msvc-tests\tests\test_snapshot_integration.vcxproj]
rocksdb.lib(transaction_base.cc.obj) : error LNK2038: Konflikt ermittelt f├╝r "RuntimeLibrary": Der Wert "MT_StaticRelease" stimmt nicht mit dem Wert "MD_DynamicRelease" in test_snapshot_integration.obj ├╝berein. [C:\VCC\themis\build-msvc-tests\tests\test_snapshot_integration.vcxproj]
rocksdb.lib(point_lock_manager.cc.obj) : error LNK2038: Konflikt ermittelt f├╝r "RuntimeLibrary": Der Wert "MT_StaticRelease" stimmt nicht mit dem Wert "MD_DynamicRelease" in test_snapshot_integration.obj ├╝berein. [C:\VCC\themis\build-msvc-tests\tests\test_snapshot_integration.vcxproj]
rocksdb.lib(write_prepared_txn.cc.obj) : error LNK2038: Konflikt ermittelt f├╝r "RuntimeLibrary": Der Wert "MT_StaticRelease" stimmt nicht mit dem Wert "MD_DynamicRelease" in test_snapshot_integration.obj ├╝berein. [C:\VCC\themis\build-msvc-tests\tests\test_snapshot_integration.vcxproj]
rocksdb.lib(write_unprepared_txn.cc.obj) : error LNK2038: Konflikt ermittelt f├╝r "RuntimeLibrary": Der Wert "MT_StaticRelease" stimmt nicht mit dem Wert "MD_DynamicRelease" in test_snapshot_integration.obj ├╝berein. [C:\VCC\themis\build-msvc-tests\tests\test_snapshot_integration.vcxproj]
rocksdb.lib(trace_record.cc.obj) : error LNK2038: Konflikt ermittelt f├╝r "RuntimeLibrary": Der Wert "MT_StaticRelease" stimmt nicht mit dem Wert "MD_DynamicRelease" in test_snapshot_integration.obj ├╝berein. [C:\VCC\themis\build-msvc-tests\tests\test_snapshot_integration.vcxproj]
rocksdb.lib(compact_on_deletion_collector.cc.obj) : error LNK2038: Konflikt ermittelt f├╝r "RuntimeLibrary": Der Wert "MT_StaticRelease" stimmt nicht mit dem Wert "MD_DynamicRelease" in test_snapshot_integration.obj ├╝berein. [C:\VCC\themis\build-msvc-tests\tests\test_snapshot_integration.vcxproj]
rocksdb.lib(sst_partitioner.cc.obj) : error LNK2038: Konflikt ermittelt f├╝r "RuntimeLibrary": Der Wert "MT_StaticRelease" stimmt nicht mit dem Wert "MD_DynamicRelease" in test_snapshot_integration.obj ├╝berein. [C:\VCC\themis\build-msvc-tests\tests\test_snapshot_integration.vcxproj]
rocksdb.lib(table_factory.cc.obj) : error LNK2038: Konflikt ermittelt f├╝r "RuntimeLibrary": Der Wert "MT_StaticRelease" stimmt nicht mit dem Wert "MD_DynamicRelease" in test_snapshot_integration.obj ├╝berein. [C:\VCC\themis\build-msvc-tests\tests\test_snapshot_integration.vcxproj]
rocksdb.lib(compaction_filters.cc.obj) : error LNK2038: Konflikt ermittelt f├╝r "RuntimeLibrary": Der Wert "MT_StaticRelease" stimmt nicht mit dem Wert "MD_DynamicRelease" in test_snapshot_integration.obj ├╝berein. [C:\VCC\themis\build-msvc-tests\tests\test_snapshot_integration.vcxproj]
rocksdb.lib(merge_operators.cc.obj) : error LNK2038: Konflikt ermittelt f├╝r "RuntimeLibrary": Der Wert "MT_StaticRelease" stimmt nicht mit dem Wert "MD_DynamicRelease" in test_snapshot_integration.obj ├╝berein. [C:\VCC\themis\build-msvc-tests\tests\test_snapshot_integration.vcxproj]
rocksdb.lib(blob_file_addition.cc.obj) : error LNK2038: Konflikt ermittelt f├╝r "RuntimeLibrary": Der Wert "MT_StaticRelease" stimmt nicht mit dem Wert "MD_DynamicRelease" in test_snapshot_integration.obj ├╝berein. [C:\VCC\themis\build-msvc-tests\tests\test_snapshot_integration.vcxproj]
rocksdb.lib(blob_file_garbage.cc.obj) : error LNK2038: Konflikt ermittelt f├╝r "RuntimeLibrary": Der Wert "MT_StaticRelease" stimmt nicht mit dem Wert "MD_DynamicRelease" in test_snapshot_integration.obj ├╝berein. [C:\VCC\themis\build-msvc-tests\tests\test_snapshot_integration.vcxproj]
rocksdb.lib(write_batch_util.cc.obj) : error LNK2038: Konflikt ermittelt f├╝r "RuntimeLibrary": Der Wert "MT_StaticRelease" stimmt nicht mit dem Wert "MD_DynamicRelease" in test_snapshot_integration.obj ├╝berein. [C:\VCC\themis\build-msvc-tests\tests\test_snapshot_integration.vcxproj]
rocksdb.lib(blob_file_meta.cc.obj) : error LNK2038: Konflikt ermittelt f├╝r "RuntimeLibrary": Der Wert "MT_StaticRelease" stimmt nicht mit dem Wert "MD_DynamicRelease" in test_snapshot_integration.obj ├╝berein. [C:\VCC\themis\build-msvc-tests\tests\test_snapshot_integration.vcxproj]
rocksdb.lib(file_indexer.cc.obj) : error LNK2038: Konflikt ermittelt f├╝r "RuntimeLibrary": Der Wert "MT_StaticRelease" stimmt nicht mit dem Wert "MD_DynamicRelease" in test_snapshot_integration.obj ├╝berein. [C:\VCC\themis\build-msvc-tests\tests\test_snapshot_integration.vcxproj]
rocksdb.lib(version_builder.cc.obj) : error LNK2038: Konflikt ermittelt f├╝r "RuntimeLibrary": Der Wert "MT_StaticRelease" stimmt nicht mit dem Wert "MD_DynamicRelease" in test_snapshot_integration.obj ├╝berein. [C:\VCC\themis\build-msvc-tests\tests\test_snapshot_integration.vcxproj]
rocksdb.lib(version_edit_handler.cc.obj) : error LNK2038: Konflikt ermittelt f├╝r "RuntimeLibrary": Der Wert "MT_StaticRelease" stimmt nicht mit dem Wert "MD_DynamicRelease" in test_snapshot_integration.obj ├╝berein. [C:\VCC\themis\build-msvc-tests\tests\test_snapshot_integration.vcxproj]
rocksdb.lib(compaction_merging_iterator.cc.obj) : error LNK2038: Konflikt ermittelt f├╝r "RuntimeLibrary": Der Wert "MT_StaticRelease" stimmt nicht mit dem Wert "MD_DynamicRelease" in test_snapshot_integration.obj ├╝berein. [C:\VCC\themis\build-msvc-tests\tests\test_snapshot_integration.vcxproj]
rocksdb.lib(write_stall_stats.cc.obj) : error LNK2038: Konflikt ermittelt f├╝r "RuntimeLibrary": Der Wert "MT_StaticRelease" stimmt nicht mit dem Wert "MD_DynamicRelease" in test_snapshot_integration.obj ├╝berein. [C:\VCC\themis\build-msvc-tests\tests\test_snapshot_integration.vcxproj]
rocksdb.lib(compression.cc.obj) : error LNK2038: Konflikt ermittelt f├╝r "RuntimeLibrary": Der Wert "MT_StaticRelease" stimmt nicht mit dem Wert "MD_DynamicRelease" in test_snapshot_integration.obj ├╝berein. [C:\VCC\themis\build-msvc-tests\tests\test_snapshot_integration.vcxproj]
rocksdb.lib(transaction_log_impl.cc.obj) : error LNK2038: Konflikt ermittelt f├╝r "RuntimeLibrary": Der Wert "MT_StaticRelease" stimmt nicht mit dem Wert "MD_DynamicRelease" in test_snapshot_integration.obj ├╝berein. [C:\VCC\themis\build-msvc-tests\tests\test_snapshot_integration.vcxproj]
rocksdb.lib(compaction_job_stats_impl.cc.obj) : error LNK2038: Konflikt ermittelt f├╝r "RuntimeLibrary": Der Wert "MT_StaticRelease" stimmt nicht mit dem Wert "MD_DynamicRelease" in test_snapshot_integration.obj ├╝berein. [C:\VCC\themis\build-msvc-tests\tests\test_snapshot_integration.vcxproj]
rocksdb.lib(compaction_job.cc.obj) : error LNK2038: Konflikt ermittelt f├╝r "RuntimeLibrary": Der Wert "MT_StaticRelease" stimmt nicht mit dem Wert "MD_DynamicRelease" in test_snapshot_integration.obj ├╝berein. [C:\VCC\themis\build-msvc-tests\tests\test_snapshot_integration.vcxproj]
rocksdb.lib(flush_job.cc.obj) : error LNK2038: Konflikt ermittelt f├╝r "RuntimeLibrary": Der Wert "MT_StaticRelease" stimmt nicht mit dem Wert "MD_DynamicRelease" in test_snapshot_integration.obj ├╝berein. [C:\VCC\themis\build-msvc-tests\tests\test_snapshot_integration.vcxproj]
rocksdb.lib(concurrent_task_limiter_impl.cc.obj) : error LNK2038: Konflikt ermittelt f├╝r "RuntimeLibrary": Der Wert "MT_StaticRelease" stimmt nicht mit dem Wert "MD_DynamicRelease" in test_snapshot_integration.obj ├╝berein. [C:\VCC\themis\build-msvc-tests\tests\test_snapshot_integration.vcxproj]
rocksdb.lib(mmap.cc.obj) : error LNK2038: Konflikt ermittelt f├╝r "RuntimeLibrary": Der Wert "MT_StaticRelease" stimmt nicht mit dem Wert "MD_DynamicRelease" in test_snapshot_integration.obj ├╝berein. [C:\VCC\themis\build-msvc-tests\tests\test_snapshot_integration.vcxproj]
rocksdb.lib(blob_file_reader.cc.obj) : error LNK2038: Konflikt ermittelt f├╝r "RuntimeLibrary": Der Wert "MT_StaticRelease" stimmt nicht mit dem Wert "MD_DynamicRelease" in test_snapshot_integration.obj ├╝berein. [C:\VCC\themis\build-msvc-tests\tests\test_snapshot_integration.vcxproj]
rocksdb.lib(blob_contents.cc.obj) : error LNK2038: Konflikt ermittelt f├╝r "RuntimeLibrary": Der Wert "MT_StaticRelease" stimmt nicht mit dem Wert "MD_DynamicRelease" in test_snapshot_integration.obj ├╝berein. [C:\VCC\themis\build-msvc-tests\tests\test_snapshot_integration.vcxproj]
rocksdb.lib(charged_cache.cc.obj) : error LNK2038: Konflikt ermittelt f├╝r "RuntimeLibrary": Der Wert "MT_StaticRelease" stimmt nicht mit dem Wert "MD_DynamicRelease" in test_snapshot_integration.obj ├╝berein. [C:\VCC\themis\build-msvc-tests\tests\test_snapshot_integration.vcxproj]
rocksdb.lib(plain_table_bloom.cc.obj) : error LNK2038: Konflikt ermittelt f├╝r "RuntimeLibrary": Der Wert "MT_StaticRelease" stimmt nicht mit dem Wert "MD_DynamicRelease" in test_snapshot_integration.obj ├╝berein. [C:\VCC\themis\build-msvc-tests\tests\test_snapshot_integration.vcxproj]
rocksdb.lib(plain_table_index.cc.obj) : error LNK2038: Konflikt ermittelt f├╝r "RuntimeLibrary": Der Wert "MT_StaticRelease" stimmt nicht mit dem Wert "MD_DynamicRelease" in test_snapshot_integration.obj ├╝berein. [C:\VCC\themis\build-msvc-tests\tests\test_snapshot_integration.vcxproj]
rocksdb.lib(plain_table_key_coding.cc.obj) : error LNK2038: Konflikt ermittelt f├╝r "RuntimeLibrary": Der Wert "MT_StaticRelease" stimmt nicht mit dem Wert "MD_DynamicRelease" in test_snapshot_integration.obj ├╝berein. [C:\VCC\themis\build-msvc-tests\tests\test_snapshot_integration.vcxproj]
rocksdb.lib(vectorrep.cc.obj) : error LNK2038: Konflikt ermittelt f├╝r "RuntimeLibrary": Der Wert "MT_StaticRelease" stimmt nicht mit dem Wert "MD_DynamicRelease" in test_snapshot_integration.obj ├╝berein. [C:\VCC\themis\build-msvc-tests\tests\test_snapshot_integration.vcxproj]
rocksdb.lib(hash_skiplist_rep.cc.obj) : error LNK2038: Konflikt ermittelt f├╝r "RuntimeLibrary": Der Wert "MT_StaticRelease" stimmt nicht mit dem Wert "MD_DynamicRelease" in test_snapshot_integration.obj ├╝berein. [C:\VCC\themis\build-msvc-tests\tests\test_snapshot_integration.vcxproj]
rocksdb.lib(hash_linklist_rep.cc.obj) : error LNK2038: Konflikt ermittelt f├╝r "RuntimeLibrary": Der Wert "MT_StaticRelease" stimmt nicht mit dem Wert "MD_DynamicRelease" in test_snapshot_integration.obj ├╝berein. [C:\VCC\themis\build-msvc-tests\tests\test_snapshot_integration.vcxproj]
rocksdb.lib(plain_table_reader.cc.obj) : error LNK2038: Konflikt ermittelt f├╝r "RuntimeLibrary": Der Wert "MT_StaticRelease" stimmt nicht mit dem Wert "MD_DynamicRelease" in test_snapshot_integration.obj ├╝berein. [C:\VCC\themis\build-msvc-tests\tests\test_snapshot_integration.vcxproj]
rocksdb.lib(cuckoo_table_reader.cc.obj) : error LNK2038: Konflikt ermittelt f├╝r "RuntimeLibrary": Der Wert "MT_StaticRelease" stimmt nicht mit dem Wert "MD_DynamicRelease" in test_snapshot_integration.obj ├╝berein. [C:\VCC\themis\build-msvc-tests\tests\test_snapshot_integration.vcxproj]
rocksdb.lib(persistent_cache_helper.cc.obj) : error LNK2038: Konflikt ermittelt f├╝r "RuntimeLibrary": Der Wert "MT_StaticRelease" stimmt nicht mit dem Wert "MD_DynamicRelease" in test_snapshot_integration.obj ├╝berein. [C:\VCC\themis\build-msvc-tests\tests\test_snapshot_integration.vcxproj]
rocksdb.lib(murmurhash.cc.obj) : error LNK2038: Konflikt ermittelt f├╝r "RuntimeLibrary": Der Wert "MT_StaticRelease" stimmt nicht mit dem Wert "MD_DynamicRelease" in test_snapshot_integration.obj ├╝berein. [C:\VCC\themis\build-msvc-tests\tests\test_snapshot_integration.vcxproj]
rocksdb.lib(data_block_hash_index.cc.obj) : error LNK2038: Konflikt ermittelt f├╝r "RuntimeLibrary": Der Wert "MT_StaticRelease" stimmt nicht mit dem Wert "MD_DynamicRelease" in test_snapshot_integration.obj ├╝berein. [C:\VCC\themis\build-msvc-tests\tests\test_snapshot_integration.vcxproj]
rocksdb.lib(data_block_footer.cc.obj) : error LNK2038: Konflikt ermittelt f├╝r "RuntimeLibrary": Der Wert "MT_StaticRelease" stimmt nicht mit dem Wert "MD_DynamicRelease" in test_snapshot_integration.obj ├╝berein. [C:\VCC\themis\build-msvc-tests\tests\test_snapshot_integration.vcxproj]
rocksdb.lib(block_prefix_index.cc.obj) : error LNK2038: Konflikt ermittelt f├╝r "RuntimeLibrary": Der Wert "MT_StaticRelease" stimmt nicht mit dem Wert "MD_DynamicRelease" in test_snapshot_integration.obj ├╝berein. [C:\VCC\themis\build-msvc-tests\tests\test_snapshot_integration.vcxproj]
rocksdb.lib(filter_block_reader_common.cc.obj) : error LNK2038: Konflikt ermittelt f├╝r "RuntimeLibrary": Der Wert "MT_StaticRelease" stimmt nicht mit dem Wert "MD_DynamicRelease" in test_snapshot_integration.obj ├╝berein. [C:\VCC\themis\build-msvc-tests\tests\test_snapshot_integration.vcxproj]
rocksdb.lib(index_reader_common.cc.obj) : error LNK2038: Konflikt ermittelt f├╝r "RuntimeLibrary": Der Wert "MT_StaticRelease" stimmt nicht mit dem Wert "MD_DynamicRelease" in test_snapshot_integration.obj ├╝berein. [C:\VCC\themis\build-msvc-tests\tests\test_snapshot_integration.vcxproj]
rocksdb.lib(block_prefetcher.cc.obj) : error LNK2038: Konflikt ermittelt f├╝r "RuntimeLibrary": Der Wert "MT_StaticRelease" stimmt nicht mit dem Wert "MD_DynamicRelease" in test_snapshot_integration.obj ├╝berein. [C:\VCC\themis\build-msvc-tests\tests\test_snapshot_integration.vcxproj]
rocksdb.lib(two_level_iterator.cc.obj) : error LNK2038: Konflikt ermittelt f├╝r "RuntimeLibrary": Der Wert "MT_StaticRelease" stimmt nicht mit dem Wert "MD_DynamicRelease" in test_snapshot_integration.obj ├╝berein. [C:\VCC\themis\build-msvc-tests\tests\test_snapshot_integration.vcxproj]
rocksdb.lib(partitioned_index_iterator.cc.obj) : error LNK2038: Konflikt ermittelt f├╝r "RuntimeLibrary": Der Wert "MT_StaticRelease" stimmt nicht mit dem Wert "MD_DynamicRelease" in test_snapshot_integration.obj ├╝berein. [C:\VCC\themis\build-msvc-tests\tests\test_snapshot_integration.vcxproj]
rocksdb.lib(blob_file_builder.cc.obj) : error LNK2038: Konflikt ermittelt f├╝r "RuntimeLibrary": Der Wert "MT_StaticRelease" stimmt nicht mit dem Wert "MD_DynamicRelease" in test_snapshot_integration.obj ├╝berein. [C:\VCC\themis\build-msvc-tests\tests\test_snapshot_integration.vcxproj]
rocksdb.lib(compaction_iterator.cc.obj) : error LNK2038: Konflikt ermittelt f├╝r "RuntimeLibrary": Der Wert "MT_StaticRelease" stimmt nicht mit dem Wert "MD_DynamicRelease" in test_snapshot_integration.obj ├╝berein. [C:\VCC\themis\build-msvc-tests\tests\test_snapshot_integration.vcxproj]
rocksdb.lib(output_validator.cc.obj) : error LNK2038: Konflikt ermittelt f├╝r "RuntimeLibrary": Der Wert "MT_StaticRelease" stimmt nicht mit dem Wert "MD_DynamicRelease" in test_snapshot_integration.obj ├╝berein. [C:\VCC\themis\build-msvc-tests\tests\test_snapshot_integration.vcxproj]
rocksdb.lib(point_lock_tracker.cc.obj) : error LNK2038: Konflikt ermittelt f├╝r "RuntimeLibrary": Der Wert "MT_StaticRelease" stimmt nicht mit dem Wert "MD_DynamicRelease" in test_snapshot_integration.obj ├╝berein. [C:\VCC\themis\build-msvc-tests\tests\test_snapshot_integration.vcxproj]
rocksdb.lib(transaction_db_mutex_impl.cc.obj) : error LNK2038: Konflikt ermittelt f├╝r "RuntimeLibrary": Der Wert "MT_StaticRelease" stimmt nicht mit dem Wert "MD_DynamicRelease" in test_snapshot_integration.obj ├╝berein. [C:\VCC\themis\build-msvc-tests\tests\test_snapshot_integration.vcxproj]
rocksdb.lib(trace_record_handler.cc.obj) : error LNK2038: Konflikt ermittelt f├╝r "RuntimeLibrary": Der Wert "MT_StaticRelease" stimmt nicht mit dem Wert "MD_DynamicRelease" in test_snapshot_integration.obj ├╝berein. [C:\VCC\themis\build-msvc-tests\tests\test_snapshot_integration.vcxproj]
rocksdb.lib(compact_for_tiering_collector.cc.obj) : error LNK2038: Konflikt ermittelt f├╝r "RuntimeLibrary": Der Wert "MT_StaticRelease" stimmt nicht mit dem Wert "MD_DynamicRelease" in test_snapshot_integration.obj ├╝berein. [C:\VCC\themis\build-msvc-tests\tests\test_snapshot_integration.vcxproj]
rocksdb.lib(remove_emptyvalue_compactionfilter.cc.obj) : error LNK2038: Konflikt ermittelt f├╝r "RuntimeLibrary": Der Wert "MT_StaticRelease" stimmt nicht mit dem Wert "MD_DynamicRelease" in test_snapshot_integration.obj ├╝berein. [C:\VCC\themis\build-msvc-tests\tests\test_snapshot_integration.vcxproj]
rocksdb.lib(merge_operator.cc.obj) : error LNK2038: Konflikt ermittelt f├╝r "RuntimeLibrary": Der Wert "MT_StaticRelease" stimmt nicht mit dem Wert "MD_DynamicRelease" in test_snapshot_integration.obj ├╝berein. [C:\VCC\themis\build-msvc-tests\tests\test_snapshot_integration.vcxproj]
rocksdb.lib(bytesxor.cc.obj) : error LNK2038: Konflikt ermittelt f├╝r "RuntimeLibrary": Der Wert "MT_StaticRelease" stimmt nicht mit dem Wert "MD_DynamicRelease" in test_snapshot_integration.obj ├╝berein. [C:\VCC\themis\build-msvc-tests\tests\test_snapshot_integration.vcxproj]
rocksdb.lib(max.cc.obj) : error LNK2038: Konflikt ermittelt f├╝r "RuntimeLibrary": Der Wert "MT_StaticRelease" stimmt nicht mit dem Wert "MD_DynamicRelease" in test_snapshot_integration.obj ├╝berein. [C:\VCC\themis\build-msvc-tests\tests\test_snapshot_integration.vcxproj]
rocksdb.lib(put.cc.obj) : error LNK2038: Konflikt ermittelt f├╝r "RuntimeLibrary": Der Wert "MT_StaticRelease" stimmt nicht mit dem Wert "MD_DynamicRelease" in test_snapshot_integration.obj ├╝berein. [C:\VCC\themis\build-msvc-tests\tests\test_snapshot_integration.vcxproj]
rocksdb.lib(sortlist.cc.obj) : error LNK2038: Konflikt ermittelt f├╝r "RuntimeLibrary": Der Wert "MT_StaticRelease" stimmt nicht mit dem Wert "MD_DynamicRelease" in test_snapshot_integration.obj ├╝berein. [C:\VCC\themis\build-msvc-tests\tests\test_snapshot_integration.vcxproj]
rocksdb.lib(stringappend.cc.obj) : error LNK2038: Konflikt ermittelt f├╝r "RuntimeLibrary": Der Wert "MT_StaticRelease" stimmt nicht mit dem Wert "MD_DynamicRelease" in test_snapshot_integration.obj ├╝berein. [C:\VCC\themis\build-msvc-tests\tests\test_snapshot_integration.vcxproj]
rocksdb.lib(stringappend2.cc.obj) : error LNK2038: Konflikt ermittelt f├╝r "RuntimeLibrary": Der Wert "MT_StaticRelease" stimmt nicht mit dem Wert "MD_DynamicRelease" in test_snapshot_integration.obj ├╝berein. [C:\VCC\themis\build-msvc-tests\tests\test_snapshot_integration.vcxproj]
rocksdb.lib(uint64add.cc.obj) : error LNK2038: Konflikt ermittelt f├╝r "RuntimeLibrary": Der Wert "MT_StaticRelease" stimmt nicht mit dem Wert "MD_DynamicRelease" in test_snapshot_integration.obj ├╝berein. [C:\VCC\themis\build-msvc-tests\tests\test_snapshot_integration.vcxproj]
rocksdb.lib(blob_garbage_meter.cc.obj) : error LNK2038: Konflikt ermittelt f├╝r "RuntimeLibrary": Der Wert "MT_StaticRelease" stimmt nicht mit dem Wert "MD_DynamicRelease" in test_snapshot_integration.obj ├╝berein. [C:\VCC\themis\build-msvc-tests\tests\test_snapshot_integration.vcxproj]
rocksdb.lib(compaction_outputs.cc.obj) : error LNK2038: Konflikt ermittelt f├╝r "RuntimeLibrary": Der Wert "MT_StaticRelease" stimmt nicht mit dem Wert "MD_DynamicRelease" in test_snapshot_integration.obj ├╝berein. [C:\VCC\themis\build-msvc-tests\tests\test_snapshot_integration.vcxproj]
rocksdb.lib(compaction_service_job.cc.obj) : error LNK2038: Konflikt ermittelt f├╝r "RuntimeLibrary": Der Wert "MT_StaticRelease" stimmt nicht mit dem Wert "MD_DynamicRelease" in test_snapshot_integration.obj ├╝berein. [C:\VCC\themis\build-msvc-tests\tests\test_snapshot_integration.vcxproj]
rocksdb.lib(subcompaction_state.cc.obj) : error LNK2038: Konflikt ermittelt f├╝r "RuntimeLibrary": Der Wert "MT_StaticRelease" stimmt nicht mit dem Wert "MD_DynamicRelease" in test_snapshot_integration.obj ├╝berein. [C:\VCC\themis\build-msvc-tests\tests\test_snapshot_integration.vcxproj]
rocksdb.lib(compaction_state.cc.obj) : error LNK2038: Konflikt ermittelt f├╝r "RuntimeLibrary": Der Wert "MT_StaticRelease" stimmt nicht mit dem Wert "MD_DynamicRelease" in test_snapshot_integration.obj ├╝berein. [C:\VCC\themis\build-msvc-tests\tests\test_snapshot_integration.vcxproj]
rocksdb.lib(blob_log_format.cc.obj) : error LNK2038: Konflikt ermittelt f├╝r "RuntimeLibrary": Der Wert "MT_StaticRelease" stimmt nicht mit dem Wert "MD_DynamicRelease" in test_snapshot_integration.obj ├╝berein. [C:\VCC\themis\build-msvc-tests\tests\test_snapshot_integration.vcxproj]
rocksdb.lib(blob_log_writer.cc.obj) : error LNK2038: Konflikt ermittelt f├╝r "RuntimeLibrary": Der Wert "MT_StaticRelease" stimmt nicht mit dem Wert "MD_DynamicRelease" in test_snapshot_integration.obj ├╝berein. [C:\VCC\themis\build-msvc-tests\tests\test_snapshot_integration.vcxproj]
rocksdb.lib(trace_record_result.cc.obj) : error LNK2038: Konflikt ermittelt f├╝r "RuntimeLibrary": Der Wert "MT_StaticRelease" stimmt nicht mit dem Wert "MD_DynamicRelease" in test_snapshot_integration.obj ├╝berein. [C:\VCC\themis\build-msvc-tests\tests\test_snapshot_integration.vcxproj]
libcpmt.lib(locale0.obj) : error LNK2038: Konflikt ermittelt f├╝r "RuntimeLibrary": Der Wert "MT_StaticRelease" stimmt nicht mit dem Wert "MD_DynamicRelease" in test_snapshot_integration.obj ├╝berein. [C:\VCC\themis\build-msvc-tests\tests\test_snapshot_integration.vcxproj]
libcpmt.lib(cout.obj) : error LNK2038: Konflikt ermittelt f├╝r "RuntimeLibrary": Der Wert "MT_StaticRelease" stimmt nicht mit dem Wert "MD_DynamicRelease" in test_snapshot_integration.obj ├╝berein. [C:\VCC\themis\build-msvc-tests\tests\test_snapshot_integration.vcxproj]
libcpmt.lib(cerr.obj) : error LNK2038: Konflikt ermittelt f├╝r "RuntimeLibrary": Der Wert "MT_StaticRelease" stimmt nicht mit dem Wert "MD_DynamicRelease" in test_snapshot_integration.obj ├╝berein. [C:\VCC\themis\build-msvc-tests\tests\test_snapshot_integration.vcxproj]
libcpmt.lib(locale.obj) : error LNK2038: Konflikt ermittelt f├╝r "RuntimeLibrary": Der Wert "MT_StaticRelease" stimmt nicht mit dem Wert "MD_DynamicRelease" in test_snapshot_integration.obj ├╝berein. [C:\VCC\themis\build-msvc-tests\tests\test_snapshot_integration.vcxproj]
libcpmt.lib(iosptrs.obj) : error LNK2038: Konflikt ermittelt f├╝r "RuntimeLibrary": Der Wert "MT_StaticRelease" stimmt nicht mit dem Wert "MD_DynamicRelease" in test_snapshot_integration.obj ├╝berein. [C:\VCC\themis\build-msvc-tests\tests\test_snapshot_integration.vcxproj]
libcpmt.lib(xlock.obj) : error LNK2038: Konflikt ermittelt f├╝r "RuntimeLibrary": Der Wert "MT_StaticRelease" stimmt nicht mit dem Wert "MD_DynamicRelease" in test_snapshot_integration.obj ├╝berein. [C:\VCC\themis\build-msvc-tests\tests\test_snapshot_integration.vcxproj]
libcpmt.lib(wlocale.obj) : error LNK2038: Konflikt ermittelt f├╝r "RuntimeLibrary": Der Wert "MT_StaticRelease" stimmt nicht mit dem Wert "MD_DynamicRelease" in test_snapshot_integration.obj ├╝berein. [C:\VCC\themis\build-msvc-tests\tests\test_snapshot_integration.vcxproj]
libcpmt.lib(xlocale.obj) : error LNK2038: Konflikt ermittelt f├╝r "RuntimeLibrary": Der Wert "MT_StaticRelease" stimmt nicht mit dem Wert "MD_DynamicRelease" in test_snapshot_integration.obj ├╝berein. [C:\VCC\themis\build-msvc-tests\tests\test_snapshot_integration.vcxproj]
libcpmt.lib(xmtx.obj) : error LNK2038: Konflikt ermittelt f├╝r "RuntimeLibrary": Der Wert "MT_StaticRelease" stimmt nicht mit dem Wert "MD_DynamicRelease" in test_snapshot_integration.obj ├╝berein. [C:\VCC\themis\build-msvc-tests\tests\test_snapshot_integration.vcxproj]
libcpmt.lib(xdateord.obj) : error LNK2038: Konflikt ermittelt f├╝r "RuntimeLibrary": Der Wert "MT_StaticRelease" stimmt nicht mit dem Wert "MD_DynamicRelease" in test_snapshot_integration.obj ├╝berein. [C:\VCC\themis\build-msvc-tests\tests\test_snapshot_integration.vcxproj]
libcpmt.lib(xwcscoll.obj) : error LNK2038: Konflikt ermittelt f├╝r "RuntimeLibrary": Der Wert "MT_StaticRelease" stimmt nicht mit dem Wert "MD_DynamicRelease" in test_snapshot_integration.obj ├╝berein. [C:\VCC\themis\build-msvc-tests\tests\test_snapshot_integration.vcxproj]
libcpmt.lib(xwcsxfrm.obj) : error LNK2038: Konflikt ermittelt f├╝r "RuntimeLibrary": Der Wert "MT_StaticRelease" stimmt nicht mit dem Wert "MD_DynamicRelease" in test_snapshot_integration.obj ├╝berein. [C:\VCC\themis\build-msvc-tests\tests\test_snapshot_integration.vcxproj]
libcpmt.lib(xgetwctype.obj) : error LNK2038: Konflikt ermittelt f├╝r "RuntimeLibrary": Der Wert "MT_StaticRelease" stimmt nicht mit dem Wert "MD_DynamicRelease" in test_snapshot_integration.obj ├╝berein. [C:\VCC\themis\build-msvc-tests\tests\test_snapshot_integration.vcxproj]
libcpmt.lib(xtowlower.obj) : error LNK2038: Konflikt ermittelt f├╝r "RuntimeLibrary": Der Wert "MT_StaticRelease" stimmt nicht mit dem Wert "MD_DynamicRelease" in test_snapshot_integration.obj ├╝berein. [C:\VCC\themis\build-msvc-tests\tests\test_snapshot_integration.vcxproj]
libcpmt.lib(xtowupper.obj) : error LNK2038: Konflikt ermittelt f├╝r "RuntimeLibrary": Der Wert "MT_StaticRelease" stimmt nicht mit dem Wert "MD_DynamicRelease" in test_snapshot_integration.obj ├╝berein. [C:\VCC\themis\build-msvc-tests\tests\test_snapshot_integration.vcxproj]
libcpmt.lib(StlCompareStringW.obj) : error LNK2038: Konflikt ermittelt f├╝r "RuntimeLibrary": Der Wert "MT_StaticRelease" stimmt nicht mit dem Wert "MD_DynamicRelease" in test_snapshot_integration.obj ├╝berein. [C:\VCC\themis\build-msvc-tests\tests\test_snapshot_integration.vcxproj]
libcpmt.lib(StlLCMapStringW.obj) : error LNK2038: Konflikt ermittelt f├╝r "RuntimeLibrary": Der Wert "MT_StaticRelease" stimmt nicht mit dem Wert "MD_DynamicRelease" in test_snapshot_integration.obj ├╝berein. [C:\VCC\themis\build-msvc-tests\tests\test_snapshot_integration.vcxproj]
gtest_main.lib(gtest_main.cc.obj) : error LNK2038: Konflikt ermittelt f├╝r "RuntimeLibrary": Der Wert "MT_StaticRelease" stimmt nicht mit dem Wert "MD_DynamicRelease" in test_snapshot_integration.obj ├╝berein. [C:\VCC\themis\build-msvc-tests\tests\test_snapshot_integration.vcxproj]
LINK : warning LNK4098: Standardbibliothek "LIBCMT" steht in Konflikt mit anderen Bibliotheken; /NODEFAULTLIB:Bibliothek verwenden. [C:\VCC\themis\build-msvc-tests\tests\test_snapshot_integration.vcxproj]
C:\VCC\themis\build-msvc-tests\tests\Release\test_snapshot_integration.exe : fatal error LNK1319: 287 Konflikte ermittelt [C:\VCC\themis\build-msvc-tests\tests\test_snapshot_integration.vcxproj]
gtest.lib(gtest-all.cc.obj) : error LNK2038: Konflikt ermittelt f├╝r "RuntimeLibrary": Der Wert "MT_StaticRelease" stimmt nicht mit dem Wert "MD_DynamicRelease" in test_schema_manager.obj ├╝berein. [C:\VCC\themis\build-msvc-tests\tests\test_schema_manager.vcxproj]
  themis_core.lib(schema_manager.obj) : Es wurde ein mit /GL kompiliertes MSIL .netmodule oder module gefunden. Verkn├╝pfung wird mit /LTCG erneut gestartet. F├╝gen Sie /LTCG zur Linkbefehlszeile hinzu, um die Linkerleistung zu erh├Âhen.
gtest.lib(gtest-all.cc.obj) : error LNK2038: Konflikt ermittelt f├╝r "RuntimeLibrary": Der Wert "MT_StaticRelease" stimmt nicht mit dem Wert "MD_DynamicRelease" in test_schema_manager.obj ├╝berein. [C:\VCC\themis\build-msvc-tests\tests\test_schema_manager.vcxproj]
themis_core.lib(schema_manager.obj) : error LNK2038: Konflikt ermittelt f├╝r "RuntimeLibrary": Der Wert "MT_StaticRelease" stimmt nicht mit dem Wert "MD_DynamicRelease" in test_schema_manager.obj ├╝berein. [C:\VCC\themis\build-msvc-tests\tests\test_schema_manager.vcxproj]
themis_core.lib(rocksdb_wrapper.obj) : error LNK2038: Konflikt ermittelt f├╝r "RuntimeLibrary": Der Wert "MT_StaticRelease" stimmt nicht mit dem Wert "MD_DynamicRelease" in test_schema_manager.obj ├╝berein. [C:\VCC\themis\build-msvc-tests\tests\test_schema_manager.vcxproj]
themis_core.lib(base_entity.obj) : error LNK2038: Konflikt ermittelt f├╝r "RuntimeLibrary": Der Wert "MT_StaticRelease" stimmt nicht mit dem Wert "MD_DynamicRelease" in test_schema_manager.obj ├╝berein. [C:\VCC\themis\build-msvc-tests\tests\test_schema_manager.vcxproj]
themis_core.lib(secondary_index.obj) : error LNK2038: Konflikt ermittelt f├╝r "RuntimeLibrary": Der Wert "MT_StaticRelease" stimmt nicht mit dem Wert "MD_DynamicRelease" in test_schema_manager.obj ├╝berein. [C:\VCC\themis\build-msvc-tests\tests\test_schema_manager.vcxproj]
themis_core.lib(logger.obj) : error LNK2038: Konflikt ermittelt f├╝r "RuntimeLibrary": Der Wert "MT_StaticRelease" stimmt nicht mit dem Wert "MD_DynamicRelease" in test_schema_manager.obj ├╝berein. [C:\VCC\themis\build-msvc-tests\tests\test_schema_manager.vcxproj]
themis_core.lib(serialization.obj) : error LNK2038: Konflikt ermittelt f├╝r "RuntimeLibrary": Der Wert "MT_StaticRelease" stimmt nicht mit dem Wert "MD_DynamicRelease" in test_schema_manager.obj ├╝berein. [C:\VCC\themis\build-msvc-tests\tests\test_schema_manager.vcxproj]
themis_core.lib(ewkb.obj) : error LNK2038: Konflikt ermittelt f├╝r "RuntimeLibrary": Der Wert "MT_StaticRelease" stimmt nicht mit dem Wert "MD_DynamicRelease" in test_schema_manager.obj ├╝berein. [C:\VCC\themis\build-msvc-tests\tests\test_schema_manager.vcxproj]
themis_core.lib(normalizer.obj) : error LNK2038: Konflikt ermittelt f├╝r "RuntimeLibrary": Der Wert "MT_StaticRelease" stimmt nicht mit dem Wert "MD_DynamicRelease" in test_schema_manager.obj ├╝berein. [C:\VCC\themis\build-msvc-tests\tests\test_schema_manager.vcxproj]
themis_core.lib(stopwords.obj) : error LNK2038: Konflikt ermittelt f├╝r "RuntimeLibrary": Der Wert "MT_StaticRelease" stimmt nicht mit dem Wert "MD_DynamicRelease" in test_schema_manager.obj ├╝berein. [C:\VCC\themis\build-msvc-tests\tests\test_schema_manager.vcxproj]
themis_core.lib(stemmer.obj) : error LNK2038: Konflikt ermittelt f├╝r "RuntimeLibrary": Der Wert "MT_StaticRelease" stimmt nicht mit dem Wert "MD_DynamicRelease" in test_schema_manager.obj ├╝berein. [C:\VCC\themis\build-msvc-tests\tests\test_schema_manager.vcxproj]
themis_core.lib(key_schema.obj) : error LNK2038: Konflikt ermittelt f├╝r "RuntimeLibrary": Der Wert "MT_StaticRelease" stimmt nicht mit dem Wert "MD_DynamicRelease" in test_schema_manager.obj ├╝berein. [C:\VCC\themis\build-msvc-tests\tests\test_schema_manager.vcxproj]
spdlog.lib(spdlog.cpp.obj) : error LNK2038: Konflikt ermittelt f├╝r "RuntimeLibrary": Der Wert "MT_StaticRelease" stimmt nicht mit dem Wert "MD_DynamicRelease" in test_schema_manager.obj ├╝berein. [C:\VCC\themis\build-msvc-tests\tests\test_schema_manager.vcxproj]
spdlog.lib(file_sinks.cpp.obj) : error LNK2038: Konflikt ermittelt f├╝r "RuntimeLibrary": Der Wert "MT_StaticRelease" stimmt nicht mit dem Wert "MD_DynamicRelease" in test_schema_manager.obj ├╝berein. [C:\VCC\themis\build-msvc-tests\tests\test_schema_manager.vcxproj]
spdlog.lib(color_sinks.cpp.obj) : error LNK2038: Konflikt ermittelt f├╝r "RuntimeLibrary": Der Wert "MT_StaticRelease" stimmt nicht mit dem Wert "MD_DynamicRelease" in test_schema_manager.obj ├╝berein. [C:\VCC\themis\build-msvc-tests\tests\test_schema_manager.vcxproj]
spdlog.lib(async.cpp.obj) : error LNK2038: Konflikt ermittelt f├╝r "RuntimeLibrary": Der Wert "MT_StaticRelease" stimmt nicht mit dem Wert "MD_DynamicRelease" in test_schema_manager.obj ├╝berein. [C:\VCC\themis\build-msvc-tests\tests\test_schema_manager.vcxproj]
rocksdb.lib(slice.cc.obj) : error LNK2038: Konflikt ermittelt f├╝r "RuntimeLibrary": Der Wert "MT_StaticRelease" stimmt nicht mit dem Wert "MD_DynamicRelease" in test_schema_manager.obj ├╝berein. [C:\VCC\themis\build-msvc-tests\tests\test_schema_manager.vcxproj]
rocksdb.lib(write_batch.cc.obj) : error LNK2038: Konflikt ermittelt f├╝r "RuntimeLibrary": Der Wert "MT_StaticRelease" stimmt nicht mit dem Wert "MD_DynamicRelease" in test_schema_manager.obj ├╝berein. [C:\VCC\themis\build-msvc-tests\tests\test_schema_manager.vcxproj]
rocksdb.lib(filter_policy.cc.obj) : error LNK2038: Konflikt ermittelt f├╝r "RuntimeLibrary": Der Wert "MT_StaticRelease" stimmt nicht mit dem Wert "MD_DynamicRelease" in test_schema_manager.obj ├╝berein. [C:\VCC\themis\build-msvc-tests\tests\test_schema_manager.vcxproj]
rocksdb.lib(options.cc.obj) : error LNK2038: Konflikt ermittelt f├╝r "RuntimeLibrary": Der Wert "MT_StaticRelease" stimmt nicht mit dem Wert "MD_DynamicRelease" in test_schema_manager.obj ├╝berein. [C:\VCC\themis\build-msvc-tests\tests\test_schema_manager.vcxproj]
rocksdb.lib(backup_engine.cc.obj) : error LNK2038: Konflikt ermittelt f├╝r "RuntimeLibrary": Der Wert "MT_StaticRelease" stimmt nicht mit dem Wert "MD_DynamicRelease" in test_schema_manager.obj ├╝berein. [C:\VCC\themis\build-msvc-tests\tests\test_schema_manager.vcxproj]
rocksdb.lib(checkpoint_impl.cc.obj) : error LNK2038: Konflikt ermittelt f├╝r "RuntimeLibrary": Der Wert "MT_StaticRelease" stimmt nicht mit dem Wert "MD_DynamicRelease" in test_schema_manager.obj ├╝berein. [C:\VCC\themis\build-msvc-tests\tests\test_schema_manager.vcxproj]
rocksdb.lib(block_based_table_factory.cc.obj) : error LNK2038: Konflikt ermittelt f├╝r "RuntimeLibrary": Der Wert "MT_StaticRelease" stimmt nicht mit dem Wert "MD_DynamicRelease" in test_schema_manager.obj ├╝berein. [C:\VCC\themis\build-msvc-tests\tests\test_schema_manager.vcxproj]
rocksdb.lib(lru_cache.cc.obj) : error LNK2038: Konflikt ermittelt f├╝r "RuntimeLibrary": Der Wert "MT_StaticRelease" stimmt nicht mit dem Wert "MD_DynamicRelease" in test_schema_manager.obj ├╝berein. [C:\VCC\themis\build-msvc-tests\tests\test_schema_manager.vcxproj]
rocksdb.lib(env_default.cc.obj) : error LNK2038: Konflikt ermittelt f├╝r "RuntimeLibrary": Der Wert "MT_StaticRelease" stimmt nicht mit dem Wert "MD_DynamicRelease" in test_schema_manager.obj ├╝berein. [C:\VCC\themis\build-msvc-tests\tests\test_schema_manager.vcxproj]
rocksdb.lib(pessimistic_transaction_db.cc.obj) : error LNK2038: Konflikt ermittelt f├╝r "RuntimeLibrary": Der Wert "MT_StaticRelease" stimmt nicht mit dem Wert "MD_DynamicRelease" in test_schema_manager.obj ├╝berein. [C:\VCC\themis\build-msvc-tests\tests\test_schema_manager.vcxproj]
rocksdb.lib(db_impl.cc.obj) : error LNK2038: Konflikt ermittelt f├╝r "RuntimeLibrary": Der Wert "MT_StaticRelease" stimmt nicht mit dem Wert "MD_DynamicRelease" in test_schema_manager.obj ├╝berein. [C:\VCC\themis\build-msvc-tests\tests\test_schema_manager.vcxproj]
rocksdb.lib(write_batch_with_index.cc.obj) : error LNK2038: Konflikt ermittelt f├╝r "RuntimeLibrary": Der Wert "MT_StaticRelease" stimmt nicht mit dem Wert "MD_DynamicRelease" in test_schema_manager.obj ├╝berein. [C:\VCC\themis\build-msvc-tests\tests\test_schema_manager.vcxproj]
rocksdb.lib(statistics.cc.obj) : error LNK2038: Konflikt ermittelt f├╝r "RuntimeLibrary": Der Wert "MT_StaticRelease" stimmt nicht mit dem Wert "MD_DynamicRelease" in test_schema_manager.obj ├╝berein. [C:\VCC\themis\build-msvc-tests\tests\test_schema_manager.vcxproj]
rocksdb.lib(cleanable.cc.obj) : error LNK2038: Konflikt ermittelt f├╝r "RuntimeLibrary": Der Wert "MT_StaticRelease" stimmt nicht mit dem Wert "MD_DynamicRelease" in test_schema_manager.obj ├╝berein. [C:\VCC\themis\build-msvc-tests\tests\test_schema_manager.vcxproj]
rocksdb.lib(status.cc.obj) : error LNK2038: Konflikt ermittelt f├╝r "RuntimeLibrary": Der Wert "MT_StaticRelease" stimmt nicht mit dem Wert "MD_DynamicRelease" in test_schema_manager.obj ├╝berein. [C:\VCC\themis\build-msvc-tests\tests\test_schema_manager.vcxproj]
rocksdb.lib(port_win.cc.obj) : error LNK2038: Konflikt ermittelt f├╝r "RuntimeLibrary": Der Wert "MT_StaticRelease" stimmt nicht mit dem Wert "MD_DynamicRelease" in test_schema_manager.obj ├╝berein. [C:\VCC\themis\build-msvc-tests\tests\test_schema_manager.vcxproj]
rocksdb.lib(configurable.cc.obj) : error LNK2038: Konflikt ermittelt f├╝r "RuntimeLibrary": Der Wert "MT_StaticRelease" stimmt nicht mit dem Wert "MD_DynamicRelease" in test_schema_manager.obj ├╝berein. [C:\VCC\themis\build-msvc-tests\tests\test_schema_manager.vcxproj]
rocksdb.lib(customizable.cc.obj) : error LNK2038: Konflikt ermittelt f├╝r "RuntimeLibrary": Der Wert "MT_StaticRelease" stimmt nicht mit dem Wert "MD_DynamicRelease" in test_schema_manager.obj ├╝berein. [C:\VCC\themis\build-msvc-tests\tests\test_schema_manager.vcxproj]
rocksdb.lib(options_helper.cc.obj) : error LNK2038: Konflikt ermittelt f├╝r "RuntimeLibrary": Der Wert "MT_StaticRelease" stimmt nicht mit dem Wert "MD_DynamicRelease" in test_schema_manager.obj ├╝berein. [C:\VCC\themis\build-msvc-tests\tests\test_schema_manager.vcxproj]
rocksdb.lib(object_registry.cc.obj) : error LNK2038: Konflikt ermittelt f├╝r "RuntimeLibrary": Der Wert "MT_StaticRelease" stimmt nicht mit dem Wert "MD_DynamicRelease" in test_schema_manager.obj ├╝berein. [C:\VCC\themis\build-msvc-tests\tests\test_schema_manager.vcxproj]
rocksdb.lib(string_util.cc.obj) : error LNK2038: Konflikt ermittelt f├╝r "RuntimeLibrary": Der Wert "MT_StaticRelease" stimmt nicht mit dem Wert "MD_DynamicRelease" in test_schema_manager.obj ├╝berein. [C:\VCC\themis\build-msvc-tests\tests\test_schema_manager.vcxproj]
rocksdb.lib(write_batch_base.cc.obj) : error LNK2038: Konflikt ermittelt f├╝r "RuntimeLibrary": Der Wert "MT_StaticRelease" stimmt nicht mit dem Wert "MD_DynamicRelease" in test_schema_manager.obj ├╝berein. [C:\VCC\themis\build-msvc-tests\tests\test_schema_manager.vcxproj]
rocksdb.lib(comparator.cc.obj) : error LNK2038: Konflikt ermittelt f├╝r "RuntimeLibrary": Der Wert "MT_StaticRelease" stimmt nicht mit dem Wert "MD_DynamicRelease" in test_schema_manager.obj ├╝berein. [C:\VCC\themis\build-msvc-tests\tests\test_schema_manager.vcxproj]
rocksdb.lib(env.cc.obj) : error LNK2038: Konflikt ermittelt f├╝r "RuntimeLibrary": Der Wert "MT_StaticRelease" stimmt nicht mit dem Wert "MD_DynamicRelease" in test_schema_manager.obj ├╝berein. [C:\VCC\themis\build-msvc-tests\tests\test_schema_manager.vcxproj]
rocksdb.lib(coding.cc.obj) : error LNK2038: Konflikt ermittelt f├╝r "RuntimeLibrary": Der Wert "MT_StaticRelease" stimmt nicht mit dem Wert "MD_DynamicRelease" in test_schema_manager.obj ├╝berein. [C:\VCC\themis\build-msvc-tests\tests\test_schema_manager.vcxproj]
rocksdb.lib(logs_with_prep_tracker.cc.obj) : error LNK2038: Konflikt ermittelt f├╝r "RuntimeLibrary": Der Wert "MT_StaticRelease" stimmt nicht mit dem Wert "MD_DynamicRelease" in test_schema_manager.obj ├╝berein. [C:\VCC\themis\build-msvc-tests\tests\test_schema_manager.vcxproj]
rocksdb.lib(hash.cc.obj) : error LNK2038: Konflikt ermittelt f├╝r "RuntimeLibrary": Der Wert "MT_StaticRelease" stimmt nicht mit dem Wert "MD_DynamicRelease" in test_schema_manager.obj ├╝berein. [C:\VCC\themis\build-msvc-tests\tests\test_schema_manager.vcxproj]
rocksdb.lib(env_win.cc.obj) : error LNK2038: Konflikt ermittelt f├╝r "RuntimeLibrary": Der Wert "MT_StaticRelease" stimmt nicht mit dem Wert "MD_DynamicRelease" in test_schema_manager.obj ├╝berein. [C:\VCC\themis\build-msvc-tests\tests\test_schema_manager.vcxproj]
rocksdb.lib(seqno_to_time_mapping.cc.obj) : error LNK2038: Konflikt ermittelt f├╝r "RuntimeLibrary": Der Wert "MT_StaticRelease" stimmt nicht mit dem Wert "MD_DynamicRelease" in test_schema_manager.obj ├╝berein. [C:\VCC\themis\build-msvc-tests\tests\test_schema_manager.vcxproj]
rocksdb.lib(dbformat.cc.obj) : error LNK2038: Konflikt ermittelt f├╝r "RuntimeLibrary": Der Wert "MT_StaticRelease" stimmt nicht mit dem Wert "MD_DynamicRelease" in test_schema_manager.obj ├╝berein. [C:\VCC\themis\build-msvc-tests\tests\test_schema_manager.vcxproj]
rocksdb.lib(memtable.cc.obj) : error LNK2038: Konflikt ermittelt f├╝r "RuntimeLibrary": Der Wert "MT_StaticRelease" stimmt nicht mit dem Wert "MD_DynamicRelease" in test_schema_manager.obj ├╝berein. [C:\VCC\themis\build-msvc-tests\tests\test_schema_manager.vcxproj]
rocksdb.lib(memtable_list.cc.obj) : error LNK2038: Konflikt ermittelt f├╝r "RuntimeLibrary": Der Wert "MT_StaticRelease" stimmt nicht mit dem Wert "MD_DynamicRelease" in test_schema_manager.obj ├╝berein. [C:\VCC\themis\build-msvc-tests\tests\test_schema_manager.vcxproj]
rocksdb.lib(flush_scheduler.cc.obj) : error LNK2038: Konflikt ermittelt f├╝r "RuntimeLibrary": Der Wert "MT_StaticRelease" stimmt nicht mit dem Wert "MD_DynamicRelease" in test_schema_manager.obj ├╝berein. [C:\VCC\themis\build-msvc-tests\tests\test_schema_manager.vcxproj]
rocksdb.lib(trim_history_scheduler.cc.obj) : error LNK2038: Konflikt ermittelt f├╝r "RuntimeLibrary": Der Wert "MT_StaticRelease" stimmt nicht mit dem Wert "MD_DynamicRelease" in test_schema_manager.obj ├╝berein. [C:\VCC\themis\build-msvc-tests\tests\test_schema_manager.vcxproj]
rocksdb.lib(column_family.cc.obj) : error LNK2038: Konflikt ermittelt f├╝r "RuntimeLibrary": Der Wert "MT_StaticRelease" stimmt nicht mit dem Wert "MD_DynamicRelease" in test_schema_manager.obj ├╝berein. [C:\VCC\themis\build-msvc-tests\tests\test_schema_manager.vcxproj]
rocksdb.lib(wide_column_serialization.cc.obj) : error LNK2038: Konflikt ermittelt f├╝r "RuntimeLibrary": Der Wert "MT_StaticRelease" stimmt nicht mit dem Wert "MD_DynamicRelease" in test_schema_manager.obj ├╝berein. [C:\VCC\themis\build-msvc-tests\tests\test_schema_manager.vcxproj]
rocksdb.lib(merge_helper.cc.obj) : error LNK2038: Konflikt ermittelt f├╝r "RuntimeLibrary": Der Wert "MT_StaticRelease" stimmt nicht mit dem Wert "MD_DynamicRelease" in test_schema_manager.obj ├╝berein. [C:\VCC\themis\build-msvc-tests\tests\test_schema_manager.vcxproj]
rocksdb.lib(wide_columns_helper.cc.obj) : error LNK2038: Konflikt ermittelt f├╝r "RuntimeLibrary": Der Wert "MT_StaticRelease" stimmt nicht mit dem Wert "MD_DynamicRelease" in test_schema_manager.obj ├╝berein. [C:\VCC\themis\build-msvc-tests\tests\test_schema_manager.vcxproj]
rocksdb.lib(wide_columns.cc.obj) : error LNK2038: Konflikt ermittelt f├╝r "RuntimeLibrary": Der Wert "MT_StaticRelease" stimmt nicht mit dem Wert "MD_DynamicRelease" in test_schema_manager.obj ├╝berein. [C:\VCC\themis\build-msvc-tests\tests\test_schema_manager.vcxproj]
rocksdb.lib(cache_reservation_manager.cc.obj) : error LNK2038: Konflikt ermittelt f├╝r "RuntimeLibrary": Der Wert "MT_StaticRelease" stimmt nicht mit dem Wert "MD_DynamicRelease" in test_schema_manager.obj ├╝berein. [C:\VCC\themis\build-msvc-tests\tests\test_schema_manager.vcxproj]
rocksdb.lib(ribbon_config.cc.obj) : error LNK2038: Konflikt ermittelt f├╝r "RuntimeLibrary": Der Wert "MT_StaticRelease" stimmt nicht mit dem Wert "MD_DynamicRelease" in test_schema_manager.obj ├╝berein. [C:\VCC\themis\build-msvc-tests\tests\test_schema_manager.vcxproj]
rocksdb.lib(skiplistrep.cc.obj) : error LNK2038: Konflikt ermittelt f├╝r "RuntimeLibrary": Der Wert "MT_StaticRelease" stimmt nicht mit dem Wert "MD_DynamicRelease" in test_schema_manager.obj ├╝berein. [C:\VCC\themis\build-msvc-tests\tests\test_schema_manager.vcxproj]
rocksdb.lib(write_buffer_manager.cc.obj) : error LNK2038: Konflikt ermittelt f├╝r "RuntimeLibrary": Der Wert "MT_StaticRelease" stimmt nicht mit dem Wert "MD_DynamicRelease" in test_schema_manager.obj ├╝berein. [C:\VCC\themis\build-msvc-tests\tests\test_schema_manager.vcxproj]
rocksdb.lib(db_options.cc.obj) : error LNK2038: Konflikt ermittelt f├╝r "RuntimeLibrary": Der Wert "MT_StaticRelease" stimmt nicht mit dem Wert "MD_DynamicRelease" in test_schema_manager.obj ├╝berein. [C:\VCC\themis\build-msvc-tests\tests\test_schema_manager.vcxproj]
rocksdb.lib(format.cc.obj) : error LNK2038: Konflikt ermittelt f├╝r "RuntimeLibrary": Der Wert "MT_StaticRelease" stimmt nicht mit dem Wert "MD_DynamicRelease" in test_schema_manager.obj ├╝berein. [C:\VCC\themis\build-msvc-tests\tests\test_schema_manager.vcxproj]
rocksdb.lib(file_system.cc.obj) : error LNK2038: Konflikt ermittelt f├╝r "RuntimeLibrary": Der Wert "MT_StaticRelease" stimmt nicht mit dem Wert "MD_DynamicRelease" in test_schema_manager.obj ├╝berein. [C:\VCC\themis\build-msvc-tests\tests\test_schema_manager.vcxproj]
rocksdb.lib(composite_env.cc.obj) : error LNK2038: Konflikt ermittelt f├╝r "RuntimeLibrary": Der Wert "MT_StaticRelease" stimmt nicht mit dem Wert "MD_DynamicRelease" in test_schema_manager.obj ├╝berein. [C:\VCC\themis\build-msvc-tests\tests\test_schema_manager.vcxproj]
rocksdb.lib(fs_remap.cc.obj) : error LNK2038: Konflikt ermittelt f├╝r "RuntimeLibrary": Der Wert "MT_StaticRelease" stimmt nicht mit dem Wert "MD_DynamicRelease" in test_schema_manager.obj ├╝berein. [C:\VCC\themis\build-msvc-tests\tests\test_schema_manager.vcxproj]
rocksdb.lib(win_thread.cc.obj) : error LNK2038: Konflikt ermittelt f├╝r "RuntimeLibrary": Der Wert "MT_StaticRelease" stimmt nicht mit dem Wert "MD_DynamicRelease" in test_schema_manager.obj ├╝berein. [C:\VCC\themis\build-msvc-tests\tests\test_schema_manager.vcxproj]
rocksdb.lib(filename.cc.obj) : error LNK2038: Konflikt ermittelt f├╝r "RuntimeLibrary": Der Wert "MT_StaticRelease" stimmt nicht mit dem Wert "MD_DynamicRelease" in test_schema_manager.obj ├╝berein. [C:\VCC\themis\build-msvc-tests\tests\test_schema_manager.vcxproj]
rocksdb.lib(file_system_tracer.cc.obj) : error LNK2038: Konflikt ermittelt f├╝r "RuntimeLibrary": Der Wert "MT_StaticRelease" stimmt nicht mit dem Wert "MD_DynamicRelease" in test_schema_manager.obj ├╝berein. [C:\VCC\themis\build-msvc-tests\tests\test_schema_manager.vcxproj]
rocksdb.lib(sequence_file_reader.cc.obj) : error LNK2038: Konflikt ermittelt f├╝r "RuntimeLibrary": Der Wert "MT_StaticRelease" stimmt nicht mit dem Wert "MD_DynamicRelease" in test_schema_manager.obj ├╝berein. [C:\VCC\themis\build-msvc-tests\tests\test_schema_manager.vcxproj]
rocksdb.lib(line_file_reader.cc.obj) : error LNK2038: Konflikt ermittelt f├╝r "RuntimeLibrary": Der Wert "MT_StaticRelease" stimmt nicht mit dem Wert "MD_DynamicRelease" in test_schema_manager.obj ├╝berein. [C:\VCC\themis\build-msvc-tests\tests\test_schema_manager.vcxproj]
rocksdb.lib(rate_limiter.cc.obj) : error LNK2038: Konflikt ermittelt f├╝r "RuntimeLibrary": Der Wert "MT_StaticRelease" stimmt nicht mit dem Wert "MD_DynamicRelease" in test_schema_manager.obj ├╝berein. [C:\VCC\themis\build-msvc-tests\tests\test_schema_manager.vcxproj]
rocksdb.lib(writable_file_writer.cc.obj) : error LNK2038: Konflikt ermittelt f├╝r "RuntimeLibrary": Der Wert "MT_StaticRelease" stimmt nicht mit dem Wert "MD_DynamicRelease" in test_schema_manager.obj ├╝berein. [C:\VCC\themis\build-msvc-tests\tests\test_schema_manager.vcxproj]
rocksdb.lib(sst_file_dumper.cc.obj) : error LNK2038: Konflikt ermittelt f├╝r "RuntimeLibrary": Der Wert "MT_StaticRelease" stimmt nicht mit dem Wert "MD_DynamicRelease" in test_schema_manager.obj ├╝berein. [C:\VCC\themis\build-msvc-tests\tests\test_schema_manager.vcxproj]
rocksdb.lib(crc32c.cc.obj) : error LNK2038: Konflikt ermittelt f├╝r "RuntimeLibrary": Der Wert "MT_StaticRelease" stimmt nicht mit dem Wert "MD_DynamicRelease" in test_schema_manager.obj ├╝berein. [C:\VCC\themis\build-msvc-tests\tests\test_schema_manager.vcxproj]
rocksdb.lib(iostats_context.cc.obj) : error LNK2038: Konflikt ermittelt f├╝r "RuntimeLibrary": Der Wert "MT_StaticRelease" stimmt nicht mit dem Wert "MD_DynamicRelease" in test_schema_manager.obj ├╝berein. [C:\VCC\themis\build-msvc-tests\tests\test_schema_manager.vcxproj]
rocksdb.lib(file_util.cc.obj) : error LNK2038: Konflikt ermittelt f├╝r "RuntimeLibrary": Der Wert "MT_StaticRelease" stimmt nicht mit dem Wert "MD_DynamicRelease" in test_schema_manager.obj ├╝berein. [C:\VCC\themis\build-msvc-tests\tests\test_schema_manager.vcxproj]
rocksdb.lib(cache_key.cc.obj) : error LNK2038: Konflikt ermittelt f├╝r "RuntimeLibrary": Der Wert "MT_StaticRelease" stimmt nicht mit dem Wert "MD_DynamicRelease" in test_schema_manager.obj ├╝berein. [C:\VCC\themis\build-msvc-tests\tests\test_schema_manager.vcxproj]
rocksdb.lib(cache.cc.obj) : error LNK2038: Konflikt ermittelt f├╝r "RuntimeLibrary": Der Wert "MT_StaticRelease" stimmt nicht mit dem Wert "MD_DynamicRelease" in test_schema_manager.obj ├╝berein. [C:\VCC\themis\build-msvc-tests\tests\test_schema_manager.vcxproj]
rocksdb.lib(flush_block_policy.cc.obj) : error LNK2038: Konflikt ermittelt f├╝r "RuntimeLibrary": Der Wert "MT_StaticRelease" stimmt nicht mit dem Wert "MD_DynamicRelease" in test_schema_manager.obj ├╝berein. [C:\VCC\themis\build-msvc-tests\tests\test_schema_manager.vcxproj]
rocksdb.lib(block_based_table_builder.cc.obj) : error LNK2038: Konflikt ermittelt f├╝r "RuntimeLibrary": Der Wert "MT_StaticRelease" stimmt nicht mit dem Wert "MD_DynamicRelease" in test_schema_manager.obj ├╝berein. [C:\VCC\themis\build-msvc-tests\tests\test_schema_manager.vcxproj]
rocksdb.lib(block_based_table_reader.cc.obj) : error LNK2038: Konflikt ermittelt f├╝r "RuntimeLibrary": Der Wert "MT_StaticRelease" stimmt nicht mit dem Wert "MD_DynamicRelease" in test_schema_manager.obj ├╝berein. [C:\VCC\themis\build-msvc-tests\tests\test_schema_manager.vcxproj]
rocksdb.lib(cache_entry_roles.cc.obj) : error LNK2038: Konflikt ermittelt f├╝r "RuntimeLibrary": Der Wert "MT_StaticRelease" stimmt nicht mit dem Wert "MD_DynamicRelease" in test_schema_manager.obj ├╝berein. [C:\VCC\themis\build-msvc-tests\tests\test_schema_manager.vcxproj]
rocksdb.lib(sharded_cache.cc.obj) : error LNK2038: Konflikt ermittelt f├╝r "RuntimeLibrary": Der Wert "MT_StaticRelease" stimmt nicht mit dem Wert "MD_DynamicRelease" in test_schema_manager.obj ├╝berein. [C:\VCC\themis\build-msvc-tests\tests\test_schema_manager.vcxproj]
rocksdb.lib(secondary_cache_adapter.cc.obj) : error LNK2038: Konflikt ermittelt f├╝r "RuntimeLibrary": Der Wert "MT_StaticRelease" stimmt nicht mit dem Wert "MD_DynamicRelease" in test_schema_manager.obj ├╝berein. [C:\VCC\themis\build-msvc-tests\tests\test_schema_manager.vcxproj]
rocksdb.lib(compression_context_cache.cc.obj) : error LNK2038: Konflikt ermittelt f├╝r "RuntimeLibrary": Der Wert "MT_StaticRelease" stimmt nicht mit dem Wert "MD_DynamicRelease" in test_schema_manager.obj ├╝berein. [C:\VCC\themis\build-msvc-tests\tests\test_schema_manager.vcxproj]
rocksdb.lib(thread_local.cc.obj) : error LNK2038: Konflikt ermittelt f├╝r "RuntimeLibrary": Der Wert "MT_StaticRelease" stimmt nicht mit dem Wert "MD_DynamicRelease" in test_schema_manager.obj ├╝berein. [C:\VCC\themis\build-msvc-tests\tests\test_schema_manager.vcxproj]
rocksdb.lib(iterator.cc.obj) : error LNK2038: Konflikt ermittelt f├╝r "RuntimeLibrary": Der Wert "MT_StaticRelease" stimmt nicht mit dem Wert "MD_DynamicRelease" in test_schema_manager.obj ├╝berein. [C:\VCC\themis\build-msvc-tests\tests\test_schema_manager.vcxproj]
rocksdb.lib(instrumented_mutex.cc.obj) : error LNK2038: Konflikt ermittelt f├╝r "RuntimeLibrary": Der Wert "MT_StaticRelease" stimmt nicht mit dem Wert "MD_DynamicRelease" in test_schema_manager.obj ├╝berein. [C:\VCC\themis\build-msvc-tests\tests\test_schema_manager.vcxproj]
rocksdb.lib(db_impl_write.cc.obj) : error LNK2038: Konflikt ermittelt f├╝r "RuntimeLibrary": Der Wert "MT_StaticRelease" stimmt nicht mit dem Wert "MD_DynamicRelease" in test_schema_manager.obj ├╝berein. [C:\VCC\themis\build-msvc-tests\tests\test_schema_manager.vcxproj]
rocksdb.lib(db_impl_open.cc.obj) : error LNK2038: Konflikt ermittelt f├╝r "RuntimeLibrary": Der Wert "MT_StaticRelease" stimmt nicht mit dem Wert "MD_DynamicRelease" in test_schema_manager.obj ├╝berein. [C:\VCC\themis\build-msvc-tests\tests\test_schema_manager.vcxproj]
rocksdb.lib(pessimistic_transaction.cc.obj) : error LNK2038: Konflikt ermittelt f├╝r "RuntimeLibrary": Der Wert "MT_StaticRelease" stimmt nicht mit dem Wert "MD_DynamicRelease" in test_schema_manager.obj ├╝berein. [C:\VCC\themis\build-msvc-tests\tests\test_schema_manager.vcxproj]
rocksdb.lib(lock_manager.cc.obj) : error LNK2038: Konflikt ermittelt f├╝r "RuntimeLibrary": Der Wert "MT_StaticRelease" stimmt nicht mit dem Wert "MD_DynamicRelease" in test_schema_manager.obj ├╝berein. [C:\VCC\themis\build-msvc-tests\tests\test_schema_manager.vcxproj]
rocksdb.lib(write_prepared_txn_db.cc.obj) : error LNK2038: Konflikt ermittelt f├╝r "RuntimeLibrary": Der Wert "MT_StaticRelease" stimmt nicht mit dem Wert "MD_DynamicRelease" in test_schema_manager.obj ├╝berein. [C:\VCC\themis\build-msvc-tests\tests\test_schema_manager.vcxproj]
rocksdb.lib(write_unprepared_txn_db.cc.obj) : error LNK2038: Konflikt ermittelt f├╝r "RuntimeLibrary": Der Wert "MT_StaticRelease" stimmt nicht mit dem Wert "MD_DynamicRelease" in test_schema_manager.obj ├╝berein. [C:\VCC\themis\build-msvc-tests\tests\test_schema_manager.vcxproj]
rocksdb.lib(attribute_group_iterator_impl.cc.obj) : error LNK2038: Konflikt ermittelt f├╝r "RuntimeLibrary": Der Wert "MT_StaticRelease" stimmt nicht mit dem Wert "MD_DynamicRelease" in test_schema_manager.obj ├╝berein. [C:\VCC\themis\build-msvc-tests\tests\test_schema_manager.vcxproj]
rocksdb.lib(unique_id.cc.obj) : error LNK2038: Konflikt ermittelt f├╝r "RuntimeLibrary": Der Wert "MT_StaticRelease" stimmt nicht mit dem Wert "MD_DynamicRelease" in test_schema_manager.obj ├╝berein. [C:\VCC\themis\build-msvc-tests\tests\test_schema_manager.vcxproj]
rocksdb.lib(build_version.cc.obj) : error LNK2038: Konflikt ermittelt f├╝r "RuntimeLibrary": Der Wert "MT_StaticRelease" stimmt nicht mit dem Wert "MD_DynamicRelease" in test_schema_manager.obj ├╝berein. [C:\VCC\themis\build-msvc-tests\tests\test_schema_manager.vcxproj]
rocksdb.lib(trace_replay.cc.obj) : error LNK2038: Konflikt ermittelt f├╝r "RuntimeLibrary": Der Wert "MT_StaticRelease" stimmt nicht mit dem Wert "MD_DynamicRelease" in test_schema_manager.obj ├╝berein. [C:\VCC\themis\build-msvc-tests\tests\test_schema_manager.vcxproj]
rocksdb.lib(io_tracer.cc.obj) : error LNK2038: Konflikt ermittelt f├╝r "RuntimeLibrary": Der Wert "MT_StaticRelease" stimmt nicht mit dem Wert "MD_DynamicRelease" in test_schema_manager.obj ├╝berein. [C:\VCC\themis\build-msvc-tests\tests\test_schema_manager.vcxproj]
rocksdb.lib(cf_options.cc.obj) : error LNK2038: Konflikt ermittelt f├╝r "RuntimeLibrary": Der Wert "MT_StaticRelease" stimmt nicht mit dem Wert "MD_DynamicRelease" in test_schema_manager.obj ├╝berein. [C:\VCC\themis\build-msvc-tests\tests\test_schema_manager.vcxproj]
rocksdb.lib(block_cache_tracer.cc.obj) : error LNK2038: Konflikt ermittelt f├╝r "RuntimeLibrary": Der Wert "MT_StaticRelease" stimmt nicht mit dem Wert "MD_DynamicRelease" in test_schema_manager.obj ├╝berein. [C:\VCC\themis\build-msvc-tests\tests\test_schema_manager.vcxproj]
rocksdb.lib(snapshot_impl.cc.obj) : error LNK2038: Konflikt ermittelt f├╝r "RuntimeLibrary": Der Wert "MT_StaticRelease" stimmt nicht mit dem Wert "MD_DynamicRelease" in test_schema_manager.obj ├╝berein. [C:\VCC\themis\build-msvc-tests\tests\test_schema_manager.vcxproj]
rocksdb.lib(version_edit.cc.obj) : error LNK2038: Konflikt ermittelt f├╝r "RuntimeLibrary": Der Wert "MT_StaticRelease" stimmt nicht mit dem Wert "MD_DynamicRelease" in test_schema_manager.obj ├╝berein. [C:\VCC\themis\build-msvc-tests\tests\test_schema_manager.vcxproj]
rocksdb.lib(thread_status_util.cc.obj) : error LNK2038: Konflikt ermittelt f├╝r "RuntimeLibrary": Der Wert "MT_StaticRelease" stimmt nicht mit dem Wert "MD_DynamicRelease" in test_schema_manager.obj ├╝berein. [C:\VCC\themis\build-msvc-tests\tests\test_schema_manager.vcxproj]
rocksdb.lib(range_del_aggregator.cc.obj) : error LNK2038: Konflikt ermittelt f├╝r "RuntimeLibrary": Der Wert "MT_StaticRelease" stimmt nicht mit dem Wert "MD_DynamicRelease" in test_schema_manager.obj ├╝berein. [C:\VCC\themis\build-msvc-tests\tests\test_schema_manager.vcxproj]
rocksdb.lib(write_thread.cc.obj) : error LNK2038: Konflikt ermittelt f├╝r "RuntimeLibrary": Der Wert "MT_StaticRelease" stimmt nicht mit dem Wert "MD_DynamicRelease" in test_schema_manager.obj ├╝berein. [C:\VCC\themis\build-msvc-tests\tests\test_schema_manager.vcxproj]
rocksdb.lib(write_controller.cc.obj) : error LNK2038: Konflikt ermittelt f├╝r "RuntimeLibrary": Der Wert "MT_StaticRelease" stimmt nicht mit dem Wert "MD_DynamicRelease" in test_schema_manager.obj ├╝berein. [C:\VCC\themis\build-msvc-tests\tests\test_schema_manager.vcxproj]
rocksdb.lib(error_handler.cc.obj) : error LNK2038: Konflikt ermittelt f├╝r "RuntimeLibrary": Der Wert "MT_StaticRelease" stimmt nicht mit dem Wert "MD_DynamicRelease" in test_schema_manager.obj ├╝berein. [C:\VCC\themis\build-msvc-tests\tests\test_schema_manager.vcxproj]
rocksdb.lib(udt_util.cc.obj) : error LNK2038: Konflikt ermittelt f├╝r "RuntimeLibrary": Der Wert "MT_StaticRelease" stimmt nicht mit dem Wert "MD_DynamicRelease" in test_schema_manager.obj ├╝berein. [C:\VCC\themis\build-msvc-tests\tests\test_schema_manager.vcxproj]
rocksdb.lib(offpeak_time_info.cc.obj) : error LNK2038: Konflikt ermittelt f├╝r "RuntimeLibrary": Der Wert "MT_StaticRelease" stimmt nicht mit dem Wert "MD_DynamicRelease" in test_schema_manager.obj ├╝berein. [C:\VCC\themis\build-msvc-tests\tests\test_schema_manager.vcxproj]
rocksdb.lib(version_set.cc.obj) : error LNK2038: Konflikt ermittelt f├╝r "RuntimeLibrary": Der Wert "MT_StaticRelease" stimmt nicht mit dem Wert "MD_DynamicRelease" in test_schema_manager.obj ├╝berein. [C:\VCC\themis\build-msvc-tests\tests\test_schema_manager.vcxproj]
rocksdb.lib(sst_file_manager_impl.cc.obj) : error LNK2038: Konflikt ermittelt f├╝r "RuntimeLibrary": Der Wert "MT_StaticRelease" stimmt nicht mit dem Wert "MD_DynamicRelease" in test_schema_manager.obj ├╝berein. [C:\VCC\themis\build-msvc-tests\tests\test_schema_manager.vcxproj]
rocksdb.lib(internal_stats.cc.obj) : error LNK2038: Konflikt ermittelt f├╝r "RuntimeLibrary": Der Wert "MT_StaticRelease" stimmt nicht mit dem Wert "MD_DynamicRelease" in test_schema_manager.obj ├╝berein. [C:\VCC\themis\build-msvc-tests\tests\test_schema_manager.vcxproj]
rocksdb.lib(log_writer.cc.obj) : error LNK2038: Konflikt ermittelt f├╝r "RuntimeLibrary": Der Wert "MT_StaticRelease" stimmt nicht mit dem Wert "MD_DynamicRelease" in test_schema_manager.obj ├╝berein. [C:\VCC\themis\build-msvc-tests\tests\test_schema_manager.vcxproj]
rocksdb.lib(external_sst_file_ingestion_job.cc.obj) : error LNK2038: Konflikt ermittelt f├╝r "RuntimeLibrary": Der Wert "MT_StaticRelease" stimmt nicht mit dem Wert "MD_DynamicRelease" in test_schema_manager.obj ├╝berein. [C:\VCC\themis\build-msvc-tests\tests\test_schema_manager.vcxproj]
rocksdb.lib(import_column_family_job.cc.obj) : error LNK2038: Konflikt ermittelt f├╝r "RuntimeLibrary": Der Wert "MT_StaticRelease" stimmt nicht mit dem Wert "MD_DynamicRelease" in test_schema_manager.obj ├╝berein. [C:\VCC\themis\build-msvc-tests\tests\test_schema_manager.vcxproj]
rocksdb.lib(periodic_task_scheduler.cc.obj) : error LNK2038: Konflikt ermittelt f├╝r "RuntimeLibrary": Der Wert "MT_StaticRelease" stimmt nicht mit dem Wert "MD_DynamicRelease" in test_schema_manager.obj ├╝berein. [C:\VCC\themis\build-msvc-tests\tests\test_schema_manager.vcxproj]
rocksdb.lib(wal_manager.cc.obj) : error LNK2038: Konflikt ermittelt f├╝r "RuntimeLibrary": Der Wert "MT_StaticRelease" stimmt nicht mit dem Wert "MD_DynamicRelease" in test_schema_manager.obj ├╝berein. [C:\VCC\themis\build-msvc-tests\tests\test_schema_manager.vcxproj]
rocksdb.lib(merging_iterator.cc.obj) : error LNK2038: Konflikt ermittelt f├╝r "RuntimeLibrary": Der Wert "MT_StaticRelease" stimmt nicht mit dem Wert "MD_DynamicRelease" in test_schema_manager.obj ├╝berein. [C:\VCC\themis\build-msvc-tests\tests\test_schema_manager.vcxproj]
rocksdb.lib(db_impl_compaction_flush.cc.obj) : error LNK2038: Konflikt ermittelt f├╝r "RuntimeLibrary": Der Wert "MT_StaticRelease" stimmt nicht mit dem Wert "MD_DynamicRelease" in test_schema_manager.obj ├╝berein. [C:\VCC\themis\build-msvc-tests\tests\test_schema_manager.vcxproj]
rocksdb.lib(db_impl_files.cc.obj) : error LNK2038: Konflikt ermittelt f├╝r "RuntimeLibrary": Der Wert "MT_StaticRelease" stimmt nicht mit dem Wert "MD_DynamicRelease" in test_schema_manager.obj ├╝berein. [C:\VCC\themis\build-msvc-tests\tests\test_schema_manager.vcxproj]
rocksdb.lib(db_filesnapshot.cc.obj) : error LNK2038: Konflikt ermittelt f├╝r "RuntimeLibrary": Der Wert "MT_StaticRelease" stimmt nicht mit dem Wert "MD_DynamicRelease" in test_schema_manager.obj ├╝berein. [C:\VCC\themis\build-msvc-tests\tests\test_schema_manager.vcxproj]
rocksdb.lib(db_impl_experimental.cc.obj) : error LNK2038: Konflikt ermittelt f├╝r "RuntimeLibrary": Der Wert "MT_StaticRelease" stimmt nicht mit dem Wert "MD_DynamicRelease" in test_schema_manager.obj ├╝berein. [C:\VCC\themis\build-msvc-tests\tests\test_schema_manager.vcxproj]
rocksdb.lib(db_iter.cc.obj) : error LNK2038: Konflikt ermittelt f├╝r "RuntimeLibrary": Der Wert "MT_StaticRelease" stimmt nicht mit dem Wert "MD_DynamicRelease" in test_schema_manager.obj ├╝berein. [C:\VCC\themis\build-msvc-tests\tests\test_schema_manager.vcxproj]
rocksdb.lib(arena_wrapped_db_iter.cc.obj) : error LNK2038: Konflikt ermittelt f├╝r "RuntimeLibrary": Der Wert "MT_StaticRelease" stimmt nicht mit dem Wert "MD_DynamicRelease" in test_schema_manager.obj ├╝berein. [C:\VCC\themis\build-msvc-tests\tests\test_schema_manager.vcxproj]
rocksdb.lib(coalescing_iterator.cc.obj) : error LNK2038: Konflikt ermittelt f├╝r "RuntimeLibrary": Der Wert "MT_StaticRelease" stimmt nicht mit dem Wert "MD_DynamicRelease" in test_schema_manager.obj ├╝berein. [C:\VCC\themis\build-msvc-tests\tests\test_schema_manager.vcxproj]
rocksdb.lib(convenience.cc.obj) : error LNK2038: Konflikt ermittelt f├╝r "RuntimeLibrary": Der Wert "MT_StaticRelease" stimmt nicht mit dem Wert "MD_DynamicRelease" in test_schema_manager.obj ├╝berein. [C:\VCC\themis\build-msvc-tests\tests\test_schema_manager.vcxproj]
rocksdb.lib(db_info_dumper.cc.obj) : error LNK2038: Konflikt ermittelt f├╝r "RuntimeLibrary": Der Wert "MT_StaticRelease" stimmt nicht mit dem Wert "MD_DynamicRelease" in test_schema_manager.obj ├╝berein. [C:\VCC\themis\build-msvc-tests\tests\test_schema_manager.vcxproj]
rocksdb.lib(forward_iterator.cc.obj) : error LNK2038: Konflikt ermittelt f├╝r "RuntimeLibrary": Der Wert "MT_StaticRelease" stimmt nicht mit dem Wert "MD_DynamicRelease" in test_schema_manager.obj ├╝berein. [C:\VCC\themis\build-msvc-tests\tests\test_schema_manager.vcxproj]
rocksdb.lib(malloc_stats.cc.obj) : error LNK2038: Konflikt ermittelt f├╝r "RuntimeLibrary": Der Wert "MT_StaticRelease" stimmt nicht mit dem Wert "MD_DynamicRelease" in test_schema_manager.obj ├╝berein. [C:\VCC\themis\build-msvc-tests\tests\test_schema_manager.vcxproj]
rocksdb.lib(unique_id_gen.cc.obj) : error LNK2038: Konflikt ermittelt f├╝r "RuntimeLibrary": Der Wert "MT_StaticRelease" stimmt nicht mit dem Wert "MD_DynamicRelease" in test_schema_manager.obj ├╝berein. [C:\VCC\themis\build-msvc-tests\tests\test_schema_manager.vcxproj]
rocksdb.lib(in_memory_stats_history.cc.obj) : error LNK2038: Konflikt ermittelt f├╝r "RuntimeLibrary": Der Wert "MT_StaticRelease" stimmt nicht mit dem Wert "MD_DynamicRelease" in test_schema_manager.obj ├╝berein. [C:\VCC\themis\build-msvc-tests\tests\test_schema_manager.vcxproj]
rocksdb.lib(persistent_stats_history.cc.obj) : error LNK2038: Konflikt ermittelt f├╝r "RuntimeLibrary": Der Wert "MT_StaticRelease" stimmt nicht mit dem Wert "MD_DynamicRelease" in test_schema_manager.obj ├╝berein. [C:\VCC\themis\build-msvc-tests\tests\test_schema_manager.vcxproj]
rocksdb.lib(options_parser.cc.obj) : error LNK2038: Konflikt ermittelt f├╝r "RuntimeLibrary": Der Wert "MT_StaticRelease" stimmt nicht mit dem Wert "MD_DynamicRelease" in test_schema_manager.obj ├╝berein. [C:\VCC\themis\build-msvc-tests\tests\test_schema_manager.vcxproj]
rocksdb.lib(replayer_impl.cc.obj) : error LNK2038: Konflikt ermittelt f├╝r "RuntimeLibrary": Der Wert "MT_StaticRelease" stimmt nicht mit dem Wert "MD_DynamicRelease" in test_schema_manager.obj ├╝berein. [C:\VCC\themis\build-msvc-tests\tests\test_schema_manager.vcxproj]
rocksdb.lib(table_properties.cc.obj) : error LNK2038: Konflikt ermittelt f├╝r "RuntimeLibrary": Der Wert "MT_StaticRelease" stimmt nicht mit dem Wert "MD_DynamicRelease" in test_schema_manager.obj ├╝berein. [C:\VCC\themis\build-msvc-tests\tests\test_schema_manager.vcxproj]
rocksdb.lib(perf_level.cc.obj) : error LNK2038: Konflikt ermittelt f├╝r "RuntimeLibrary": Der Wert "MT_StaticRelease" stimmt nicht mit dem Wert "MD_DynamicRelease" in test_schema_manager.obj ├╝berein. [C:\VCC\themis\build-msvc-tests\tests\test_schema_manager.vcxproj]
rocksdb.lib(perf_context.cc.obj) : error LNK2038: Konflikt ermittelt f├╝r "RuntimeLibrary": Der Wert "MT_StaticRelease" stimmt nicht mit dem Wert "MD_DynamicRelease" in test_schema_manager.obj ├╝berein. [C:\VCC\themis\build-msvc-tests\tests\test_schema_manager.vcxproj]
rocksdb.lib(random.cc.obj) : error LNK2038: Konflikt ermittelt f├╝r "RuntimeLibrary": Der Wert "MT_StaticRelease" stimmt nicht mit dem Wert "MD_DynamicRelease" in test_schema_manager.obj ├╝berein. [C:\VCC\themis\build-msvc-tests\tests\test_schema_manager.vcxproj]
rocksdb.lib(arena.cc.obj) : error LNK2038: Konflikt ermittelt f├╝r "RuntimeLibrary": Der Wert "MT_StaticRelease" stimmt nicht mit dem Wert "MD_DynamicRelease" in test_schema_manager.obj ├╝berein. [C:\VCC\themis\build-msvc-tests\tests\test_schema_manager.vcxproj]
rocksdb.lib(write_batch_with_index_internal.cc.obj) : error LNK2038: Konflikt ermittelt f├╝r "RuntimeLibrary": Der Wert "MT_StaticRelease" stimmt nicht mit dem Wert "MD_DynamicRelease" in test_schema_manager.obj ├╝berein. [C:\VCC\themis\build-msvc-tests\tests\test_schema_manager.vcxproj]
rocksdb.lib(histogram.cc.obj) : error LNK2038: Konflikt ermittelt f├╝r "RuntimeLibrary": Der Wert "MT_StaticRelease" stimmt nicht mit dem Wert "MD_DynamicRelease" in test_schema_manager.obj ├╝berein. [C:\VCC\themis\build-msvc-tests\tests\test_schema_manager.vcxproj]
rocksdb.lib(mock_env.cc.obj) : error LNK2038: Konflikt ermittelt f├╝r "RuntimeLibrary": Der Wert "MT_StaticRelease" stimmt nicht mit dem Wert "MD_DynamicRelease" in test_schema_manager.obj ├╝berein. [C:\VCC\themis\build-msvc-tests\tests\test_schema_manager.vcxproj]
rocksdb.lib(threadpool_imp.cc.obj) : error LNK2038: Konflikt ermittelt f├╝r "RuntimeLibrary": Der Wert "MT_StaticRelease" stimmt nicht mit dem Wert "MD_DynamicRelease" in test_schema_manager.obj ├╝berein. [C:\VCC\themis\build-msvc-tests\tests\test_schema_manager.vcxproj]
rocksdb.lib(thread_status_updater.cc.obj) : error LNK2038: Konflikt ermittelt f├╝r "RuntimeLibrary": Der Wert "MT_StaticRelease" stimmt nicht mit dem Wert "MD_DynamicRelease" in test_schema_manager.obj ├╝berein. [C:\VCC\themis\build-msvc-tests\tests\test_schema_manager.vcxproj]
rocksdb.lib(io_win.cc.obj) : error LNK2038: Konflikt ermittelt f├╝r "RuntimeLibrary": Der Wert "MT_StaticRelease" stimmt nicht mit dem Wert "MD_DynamicRelease" in test_schema_manager.obj ├╝berein. [C:\VCC\themis\build-msvc-tests\tests\test_schema_manager.vcxproj]
rocksdb.lib(win_logger.cc.obj) : error LNK2038: Konflikt ermittelt f├╝r "RuntimeLibrary": Der Wert "MT_StaticRelease" stimmt nicht mit dem Wert "MD_DynamicRelease" in test_schema_manager.obj ├╝berein. [C:\VCC\themis\build-msvc-tests\tests\test_schema_manager.vcxproj]
rocksdb.lib(range_tombstone_fragmenter.cc.obj) : error LNK2038: Konflikt ermittelt f├╝r "RuntimeLibrary": Der Wert "MT_StaticRelease" stimmt nicht mit dem Wert "MD_DynamicRelease" in test_schema_manager.obj ├╝berein. [C:\VCC\themis\build-msvc-tests\tests\test_schema_manager.vcxproj]
rocksdb.lib(alloc_tracker.cc.obj) : error LNK2038: Konflikt ermittelt f├╝r "RuntimeLibrary": Der Wert "MT_StaticRelease" stimmt nicht mit dem Wert "MD_DynamicRelease" in test_schema_manager.obj ├╝berein. [C:\VCC\themis\build-msvc-tests\tests\test_schema_manager.vcxproj]
rocksdb.lib(concurrent_arena.cc.obj) : error LNK2038: Konflikt ermittelt f├╝r "RuntimeLibrary": Der Wert "MT_StaticRelease" stimmt nicht mit dem Wert "MD_DynamicRelease" in test_schema_manager.obj ├╝berein. [C:\VCC\themis\build-msvc-tests\tests\test_schema_manager.vcxproj]
rocksdb.lib(dynamic_bloom.cc.obj) : error LNK2038: Konflikt ermittelt f├╝r "RuntimeLibrary": Der Wert "MT_StaticRelease" stimmt nicht mit dem Wert "MD_DynamicRelease" in test_schema_manager.obj ├╝berein. [C:\VCC\themis\build-msvc-tests\tests\test_schema_manager.vcxproj]
rocksdb.lib(log_buffer.cc.obj) : error LNK2038: Konflikt ermittelt f├╝r "RuntimeLibrary": Der Wert "MT_StaticRelease" stimmt nicht mit dem Wert "MD_DynamicRelease" in test_schema_manager.obj ├╝berein. [C:\VCC\themis\build-msvc-tests\tests\test_schema_manager.vcxproj]
rocksdb.lib(table_properties_collector.cc.obj) : error LNK2038: Konflikt ermittelt f├╝r "RuntimeLibrary": Der Wert "MT_StaticRelease" stimmt nicht mit dem Wert "MD_DynamicRelease" in test_schema_manager.obj ├╝berein. [C:\VCC\themis\build-msvc-tests\tests\test_schema_manager.vcxproj]
rocksdb.lib(table_cache.cc.obj) : error LNK2038: Konflikt ermittelt f├╝r "RuntimeLibrary": Der Wert "MT_StaticRelease" stimmt nicht mit dem Wert "MD_DynamicRelease" in test_schema_manager.obj ├╝berein. [C:\VCC\themis\build-msvc-tests\tests\test_schema_manager.vcxproj]
rocksdb.lib(blob_file_cache.cc.obj) : error LNK2038: Konflikt ermittelt f├╝r "RuntimeLibrary": Der Wert "MT_StaticRelease" stimmt nicht mit dem Wert "MD_DynamicRelease" in test_schema_manager.obj ├╝berein. [C:\VCC\themis\build-msvc-tests\tests\test_schema_manager.vcxproj]
rocksdb.lib(blob_source.cc.obj) : error LNK2038: Konflikt ermittelt f├╝r "RuntimeLibrary": Der Wert "MT_StaticRelease" stimmt nicht mit dem Wert "MD_DynamicRelease" in test_schema_manager.obj ├╝berein. [C:\VCC\themis\build-msvc-tests\tests\test_schema_manager.vcxproj]
rocksdb.lib(compaction.cc.obj) : error LNK2038: Konflikt ermittelt f├╝r "RuntimeLibrary": Der Wert "MT_StaticRelease" stimmt nicht mit dem Wert "MD_DynamicRelease" in test_schema_manager.obj ├╝berein. [C:\VCC\themis\build-msvc-tests\tests\test_schema_manager.vcxproj]
rocksdb.lib(compaction_picker.cc.obj) : error LNK2038: Konflikt ermittelt f├╝r "RuntimeLibrary": Der Wert "MT_StaticRelease" stimmt nicht mit dem Wert "MD_DynamicRelease" in test_schema_manager.obj ├╝berein. [C:\VCC\themis\build-msvc-tests\tests\test_schema_manager.vcxproj]
rocksdb.lib(compaction_picker_fifo.cc.obj) : error LNK2038: Konflikt ermittelt f├╝r "RuntimeLibrary": Der Wert "MT_StaticRelease" stimmt nicht mit dem Wert "MD_DynamicRelease" in test_schema_manager.obj ├╝berein. [C:\VCC\themis\build-msvc-tests\tests\test_schema_manager.vcxproj]
rocksdb.lib(compaction_picker_level.cc.obj) : error LNK2038: Konflikt ermittelt f├╝r "RuntimeLibrary": Der Wert "MT_StaticRelease" stimmt nicht mit dem Wert "MD_DynamicRelease" in test_schema_manager.obj ├╝berein. [C:\VCC\themis\build-msvc-tests\tests\test_schema_manager.vcxproj]
rocksdb.lib(compaction_picker_universal.cc.obj) : error LNK2038: Konflikt ermittelt f├╝r "RuntimeLibrary": Der Wert "MT_StaticRelease" stimmt nicht mit dem Wert "MD_DynamicRelease" in test_schema_manager.obj ├╝berein. [C:\VCC\themis\build-msvc-tests\tests\test_schema_manager.vcxproj]
rocksdb.lib(delete_scheduler.cc.obj) : error LNK2038: Konflikt ermittelt f├╝r "RuntimeLibrary": Der Wert "MT_StaticRelease" stimmt nicht mit dem Wert "MD_DynamicRelease" in test_schema_manager.obj ├╝berein. [C:\VCC\themis\build-msvc-tests\tests\test_schema_manager.vcxproj]
rocksdb.lib(blob_fetcher.cc.obj) : error LNK2038: Konflikt ermittelt f├╝r "RuntimeLibrary": Der Wert "MT_StaticRelease" stimmt nicht mit dem Wert "MD_DynamicRelease" in test_schema_manager.obj ├╝berein. [C:\VCC\themis\build-msvc-tests\tests\test_schema_manager.vcxproj]
rocksdb.lib(prefetch_buffer_collection.cc.obj) : error LNK2038: Konflikt ermittelt f├╝r "RuntimeLibrary": Der Wert "MT_StaticRelease" stimmt nicht mit dem Wert "MD_DynamicRelease" in test_schema_manager.obj ├╝berein. [C:\VCC\themis\build-msvc-tests\tests\test_schema_manager.vcxproj]
rocksdb.lib(file_checksum_helper.cc.obj) : error LNK2038: Konflikt ermittelt f├╝r "RuntimeLibrary": Der Wert "MT_StaticRelease" stimmt nicht mit dem Wert "MD_DynamicRelease" in test_schema_manager.obj ├╝berein. [C:\VCC\themis\build-msvc-tests\tests\test_schema_manager.vcxproj]
rocksdb.lib(event_helpers.cc.obj) : error LNK2038: Konflikt ermittelt f├╝r "RuntimeLibrary": Der Wert "MT_StaticRelease" stimmt nicht mit dem Wert "MD_DynamicRelease" in test_schema_manager.obj ├╝berein. [C:\VCC\themis\build-msvc-tests\tests\test_schema_manager.vcxproj]
rocksdb.lib(wal_filter.cc.obj) : error LNK2038: Konflikt ermittelt f├╝r "RuntimeLibrary": Der Wert "MT_StaticRelease" stimmt nicht mit dem Wert "MD_DynamicRelease" in test_schema_manager.obj ├╝berein. [C:\VCC\themis\build-msvc-tests\tests\test_schema_manager.vcxproj]
rocksdb.lib(file_prefetch_buffer.cc.obj) : error LNK2038: Konflikt ermittelt f├╝r "RuntimeLibrary": Der Wert "MT_StaticRelease" stimmt nicht mit dem Wert "MD_DynamicRelease" in test_schema_manager.obj ├╝berein. [C:\VCC\themis\build-msvc-tests\tests\test_schema_manager.vcxproj]
rocksdb.lib(random_access_file_reader.cc.obj) : error LNK2038: Konflikt ermittelt f├╝r "RuntimeLibrary": Der Wert "MT_StaticRelease" stimmt nicht mit dem Wert "MD_DynamicRelease" in test_schema_manager.obj ├╝berein. [C:\VCC\themis\build-msvc-tests\tests\test_schema_manager.vcxproj]
rocksdb.lib(plain_table_builder.cc.obj) : error LNK2038: Konflikt ermittelt f├╝r "RuntimeLibrary": Der Wert "MT_StaticRelease" stimmt nicht mit dem Wert "MD_DynamicRelease" in test_schema_manager.obj ├╝berein. [C:\VCC\themis\build-msvc-tests\tests\test_schema_manager.vcxproj]
rocksdb.lib(env_encryption.cc.obj) : error LNK2038: Konflikt ermittelt f├╝r "RuntimeLibrary": Der Wert "MT_StaticRelease" stimmt nicht mit dem Wert "MD_DynamicRelease" in test_schema_manager.obj ├╝berein. [C:\VCC\themis\build-msvc-tests\tests\test_schema_manager.vcxproj]
rocksdb.lib(counted_fs.cc.obj) : error LNK2038: Konflikt ermittelt f├╝r "RuntimeLibrary": Der Wert "MT_StaticRelease" stimmt nicht mit dem Wert "MD_DynamicRelease" in test_schema_manager.obj ├╝berein. [C:\VCC\themis\build-msvc-tests\tests\test_schema_manager.vcxproj]
rocksdb.lib(env_timed.cc.obj) : error LNK2038: Konflikt ermittelt f├╝r "RuntimeLibrary": Der Wert "MT_StaticRelease" stimmt nicht mit dem Wert "MD_DynamicRelease" in test_schema_manager.obj ├╝berein. [C:\VCC\themis\build-msvc-tests\tests\test_schema_manager.vcxproj]
rocksdb.lib(plain_table_factory.cc.obj) : error LNK2038: Konflikt ermittelt f├╝r "RuntimeLibrary": Der Wert "MT_StaticRelease" stimmt nicht mit dem Wert "MD_DynamicRelease" in test_schema_manager.obj ├╝berein. [C:\VCC\themis\build-msvc-tests\tests\test_schema_manager.vcxproj]
rocksdb.lib(cuckoo_table_factory.cc.obj) : error LNK2038: Konflikt ermittelt f├╝r "RuntimeLibrary": Der Wert "MT_StaticRelease" stimmt nicht mit dem Wert "MD_DynamicRelease" in test_schema_manager.obj ├╝berein. [C:\VCC\themis\build-msvc-tests\tests\test_schema_manager.vcxproj]
rocksdb.lib(meta_blocks.cc.obj) : error LNK2038: Konflikt ermittelt f├╝r "RuntimeLibrary": Der Wert "MT_StaticRelease" stimmt nicht mit dem Wert "MD_DynamicRelease" in test_schema_manager.obj ├╝berein. [C:\VCC\themis\build-msvc-tests\tests\test_schema_manager.vcxproj]
rocksdb.lib(cuckoo_table_builder.cc.obj) : error LNK2038: Konflikt ermittelt f├╝r "RuntimeLibrary": Der Wert "MT_StaticRelease" stimmt nicht mit dem Wert "MD_DynamicRelease" in test_schema_manager.obj ├╝berein. [C:\VCC\themis\build-msvc-tests\tests\test_schema_manager.vcxproj]
rocksdb.lib(compressed_secondary_cache.cc.obj) : error LNK2038: Konflikt ermittelt f├╝r "RuntimeLibrary": Der Wert "MT_StaticRelease" stimmt nicht mit dem Wert "MD_DynamicRelease" in test_schema_manager.obj ├╝berein. [C:\VCC\themis\build-msvc-tests\tests\test_schema_manager.vcxproj]
rocksdb.lib(block_builder.cc.obj) : error LNK2038: Konflikt ermittelt f├╝r "RuntimeLibrary": Der Wert "MT_StaticRelease" stimmt nicht mit dem Wert "MD_DynamicRelease" in test_schema_manager.obj ├╝berein. [C:\VCC\themis\build-msvc-tests\tests\test_schema_manager.vcxproj]
rocksdb.lib(cache_helpers.cc.obj) : error LNK2038: Konflikt ermittelt f├╝r "RuntimeLibrary": Der Wert "MT_StaticRelease" stimmt nicht mit dem Wert "MD_DynamicRelease" in test_schema_manager.obj ├╝berein. [C:\VCC\themis\build-msvc-tests\tests\test_schema_manager.vcxproj]
rocksdb.lib(block.cc.obj) : error LNK2038: Konflikt ermittelt f├╝r "RuntimeLibrary": Der Wert "MT_StaticRelease" stimmt nicht mit dem Wert "MD_DynamicRelease" in test_schema_manager.obj ├╝berein. [C:\VCC\themis\build-msvc-tests\tests\test_schema_manager.vcxproj]
rocksdb.lib(block_cache.cc.obj) : error LNK2038: Konflikt ermittelt f├╝r "RuntimeLibrary": Der Wert "MT_StaticRelease" stimmt nicht mit dem Wert "MD_DynamicRelease" in test_schema_manager.obj ├╝berein. [C:\VCC\themis\build-msvc-tests\tests\test_schema_manager.vcxproj]
rocksdb.lib(index_builder.cc.obj) : error LNK2038: Konflikt ermittelt f├╝r "RuntimeLibrary": Der Wert "MT_StaticRelease" stimmt nicht mit dem Wert "MD_DynamicRelease" in test_schema_manager.obj ├╝berein. [C:\VCC\themis\build-msvc-tests\tests\test_schema_manager.vcxproj]
rocksdb.lib(full_filter_block.cc.obj) : error LNK2038: Konflikt ermittelt f├╝r "RuntimeLibrary": Der Wert "MT_StaticRelease" stimmt nicht mit dem Wert "MD_DynamicRelease" in test_schema_manager.obj ├╝berein. [C:\VCC\themis\build-msvc-tests\tests\test_schema_manager.vcxproj]
rocksdb.lib(partitioned_filter_block.cc.obj) : error LNK2038: Konflikt ermittelt f├╝r "RuntimeLibrary": Der Wert "MT_StaticRelease" stimmt nicht mit dem Wert "MD_DynamicRelease" in test_schema_manager.obj ├╝berein. [C:\VCC\themis\build-msvc-tests\tests\test_schema_manager.vcxproj]
rocksdb.lib(parsed_full_filter_block.cc.obj) : error LNK2038: Konflikt ermittelt f├╝r "RuntimeLibrary": Der Wert "MT_StaticRelease" stimmt nicht mit dem Wert "MD_DynamicRelease" in test_schema_manager.obj ├╝berein. [C:\VCC\themis\build-msvc-tests\tests\test_schema_manager.vcxproj]
rocksdb.lib(uncompression_dict_reader.cc.obj) : error LNK2038: Konflikt ermittelt f├╝r "RuntimeLibrary": Der Wert "MT_StaticRelease" stimmt nicht mit dem Wert "MD_DynamicRelease" in test_schema_manager.obj ├╝berein. [C:\VCC\themis\build-msvc-tests\tests\test_schema_manager.vcxproj]
rocksdb.lib(get_context.cc.obj) : error LNK2038: Konflikt ermittelt f├╝r "RuntimeLibrary": Der Wert "MT_StaticRelease" stimmt nicht mit dem Wert "MD_DynamicRelease" in test_schema_manager.obj ├╝berein. [C:\VCC\themis\build-msvc-tests\tests\test_schema_manager.vcxproj]
rocksdb.lib(reader_common.cc.obj) : error LNK2038: Konflikt ermittelt f├╝r "RuntimeLibrary": Der Wert "MT_StaticRelease" stimmt nicht mit dem Wert "MD_DynamicRelease" in test_schema_manager.obj ├╝berein. [C:\VCC\themis\build-msvc-tests\tests\test_schema_manager.vcxproj]
rocksdb.lib(binary_search_index_reader.cc.obj) : error LNK2038: Konflikt ermittelt f├╝r "RuntimeLibrary": Der Wert "MT_StaticRelease" stimmt nicht mit dem Wert "MD_DynamicRelease" in test_schema_manager.obj ├╝berein. [C:\VCC\themis\build-msvc-tests\tests\test_schema_manager.vcxproj]
rocksdb.lib(block_based_table_iterator.cc.obj) : error LNK2038: Konflikt ermittelt f├╝r "RuntimeLibrary": Der Wert "MT_StaticRelease" stimmt nicht mit dem Wert "MD_DynamicRelease" in test_schema_manager.obj ├╝berein. [C:\VCC\themis\build-msvc-tests\tests\test_schema_manager.vcxproj]
rocksdb.lib(hash_index_reader.cc.obj) : error LNK2038: Konflikt ermittelt f├╝r "RuntimeLibrary": Der Wert "MT_StaticRelease" stimmt nicht mit dem Wert "MD_DynamicRelease" in test_schema_manager.obj ├╝berein. [C:\VCC\themis\build-msvc-tests\tests\test_schema_manager.vcxproj]
rocksdb.lib(partitioned_index_reader.cc.obj) : error LNK2038: Konflikt ermittelt f├╝r "RuntimeLibrary": Der Wert "MT_StaticRelease" stimmt nicht mit dem Wert "MD_DynamicRelease" in test_schema_manager.obj ├╝berein. [C:\VCC\themis\build-msvc-tests\tests\test_schema_manager.vcxproj]
rocksdb.lib(block_fetcher.cc.obj) : error LNK2038: Konflikt ermittelt f├╝r "RuntimeLibrary": Der Wert "MT_StaticRelease" stimmt nicht mit dem Wert "MD_DynamicRelease" in test_schema_manager.obj ├╝berein. [C:\VCC\themis\build-msvc-tests\tests\test_schema_manager.vcxproj]
rocksdb.lib(sst_file_writer.cc.obj) : error LNK2038: Konflikt ermittelt f├╝r "RuntimeLibrary": Der Wert "MT_StaticRelease" stimmt nicht mit dem Wert "MD_DynamicRelease" in test_schema_manager.obj ├╝berein. [C:\VCC\themis\build-msvc-tests\tests\test_schema_manager.vcxproj]
rocksdb.lib(clock_cache.cc.obj) : error LNK2038: Konflikt ermittelt f├╝r "RuntimeLibrary": Der Wert "MT_StaticRelease" stimmt nicht mit dem Wert "MD_DynamicRelease" in test_schema_manager.obj ├╝berein. [C:\VCC\themis\build-msvc-tests\tests\test_schema_manager.vcxproj]
rocksdb.lib(tiered_secondary_cache.cc.obj) : error LNK2038: Konflikt ermittelt f├╝r "RuntimeLibrary": Der Wert "MT_StaticRelease" stimmt nicht mit dem Wert "MD_DynamicRelease" in test_schema_manager.obj ├╝berein. [C:\VCC\themis\build-msvc-tests\tests\test_schema_manager.vcxproj]
rocksdb.lib(auto_roll_logger.cc.obj) : error LNK2038: Konflikt ermittelt f├╝r "RuntimeLibrary": Der Wert "MT_StaticRelease" stimmt nicht mit dem Wert "MD_DynamicRelease" in test_schema_manager.obj ├╝berein. [C:\VCC\themis\build-msvc-tests\tests\test_schema_manager.vcxproj]
rocksdb.lib(event_logger.cc.obj) : error LNK2038: Konflikt ermittelt f├╝r "RuntimeLibrary": Der Wert "MT_StaticRelease" stimmt nicht mit dem Wert "MD_DynamicRelease" in test_schema_manager.obj ├╝berein. [C:\VCC\themis\build-msvc-tests\tests\test_schema_manager.vcxproj]
rocksdb.lib(wal_edit.cc.obj) : error LNK2038: Konflikt ermittelt f├╝r "RuntimeLibrary": Der Wert "MT_StaticRelease" stimmt nicht mit dem Wert "MD_DynamicRelease" in test_schema_manager.obj ├╝berein. [C:\VCC\themis\build-msvc-tests\tests\test_schema_manager.vcxproj]
rocksdb.lib(log_reader.cc.obj) : error LNK2038: Konflikt ermittelt f├╝r "RuntimeLibrary": Der Wert "MT_StaticRelease" stimmt nicht mit dem Wert "MD_DynamicRelease" in test_schema_manager.obj ├╝berein. [C:\VCC\themis\build-msvc-tests\tests\test_schema_manager.vcxproj]
rocksdb.lib(builder.cc.obj) : error LNK2038: Konflikt ermittelt f├╝r "RuntimeLibrary": Der Wert "MT_StaticRelease" stimmt nicht mit dem Wert "MD_DynamicRelease" in test_schema_manager.obj ├╝berein. [C:\VCC\themis\build-msvc-tests\tests\test_schema_manager.vcxproj]
rocksdb.lib(snapshot_checker.cc.obj) : error LNK2038: Konflikt ermittelt f├╝r "RuntimeLibrary": Der Wert "MT_StaticRelease" stimmt nicht mit dem Wert "MD_DynamicRelease" in test_schema_manager.obj ├╝berein. [C:\VCC\themis\build-msvc-tests\tests\test_schema_manager.vcxproj]
rocksdb.lib(read_write_util.cc.obj) : error LNK2038: Konflikt ermittelt f├╝r "RuntimeLibrary": Der Wert "MT_StaticRelease" stimmt nicht mit dem Wert "MD_DynamicRelease" in test_schema_manager.obj ├╝berein. [C:\VCC\themis\build-msvc-tests\tests\test_schema_manager.vcxproj]
rocksdb.lib(transaction_util.cc.obj) : error LNK2038: Konflikt ermittelt f├╝r "RuntimeLibrary": Der Wert "MT_StaticRelease" stimmt nicht mit dem Wert "MD_DynamicRelease" in test_schema_manager.obj ├╝berein. [C:\VCC\themis\build-msvc-tests\tests\test_schema_manager.vcxproj]
rocksdb.lib(transaction_base.cc.obj) : error LNK2038: Konflikt ermittelt f├╝r "RuntimeLibrary": Der Wert "MT_StaticRelease" stimmt nicht mit dem Wert "MD_DynamicRelease" in test_schema_manager.obj ├╝berein. [C:\VCC\themis\build-msvc-tests\tests\test_schema_manager.vcxproj]
rocksdb.lib(point_lock_manager.cc.obj) : error LNK2038: Konflikt ermittelt f├╝r "RuntimeLibrary": Der Wert "MT_StaticRelease" stimmt nicht mit dem Wert "MD_DynamicRelease" in test_schema_manager.obj ├╝berein. [C:\VCC\themis\build-msvc-tests\tests\test_schema_manager.vcxproj]
rocksdb.lib(write_prepared_txn.cc.obj) : error LNK2038: Konflikt ermittelt f├╝r "RuntimeLibrary": Der Wert "MT_StaticRelease" stimmt nicht mit dem Wert "MD_DynamicRelease" in test_schema_manager.obj ├╝berein. [C:\VCC\themis\build-msvc-tests\tests\test_schema_manager.vcxproj]
rocksdb.lib(write_unprepared_txn.cc.obj) : error LNK2038: Konflikt ermittelt f├╝r "RuntimeLibrary": Der Wert "MT_StaticRelease" stimmt nicht mit dem Wert "MD_DynamicRelease" in test_schema_manager.obj ├╝berein. [C:\VCC\themis\build-msvc-tests\tests\test_schema_manager.vcxproj]
rocksdb.lib(trace_record.cc.obj) : error LNK2038: Konflikt ermittelt f├╝r "RuntimeLibrary": Der Wert "MT_StaticRelease" stimmt nicht mit dem Wert "MD_DynamicRelease" in test_schema_manager.obj ├╝berein. [C:\VCC\themis\build-msvc-tests\tests\test_schema_manager.vcxproj]
rocksdb.lib(compact_on_deletion_collector.cc.obj) : error LNK2038: Konflikt ermittelt f├╝r "RuntimeLibrary": Der Wert "MT_StaticRelease" stimmt nicht mit dem Wert "MD_DynamicRelease" in test_schema_manager.obj ├╝berein. [C:\VCC\themis\build-msvc-tests\tests\test_schema_manager.vcxproj]
rocksdb.lib(sst_partitioner.cc.obj) : error LNK2038: Konflikt ermittelt f├╝r "RuntimeLibrary": Der Wert "MT_StaticRelease" stimmt nicht mit dem Wert "MD_DynamicRelease" in test_schema_manager.obj ├╝berein. [C:\VCC\themis\build-msvc-tests\tests\test_schema_manager.vcxproj]
rocksdb.lib(table_factory.cc.obj) : error LNK2038: Konflikt ermittelt f├╝r "RuntimeLibrary": Der Wert "MT_StaticRelease" stimmt nicht mit dem Wert "MD_DynamicRelease" in test_schema_manager.obj ├╝berein. [C:\VCC\themis\build-msvc-tests\tests\test_schema_manager.vcxproj]
rocksdb.lib(compaction_filters.cc.obj) : error LNK2038: Konflikt ermittelt f├╝r "RuntimeLibrary": Der Wert "MT_StaticRelease" stimmt nicht mit dem Wert "MD_DynamicRelease" in test_schema_manager.obj ├╝berein. [C:\VCC\themis\build-msvc-tests\tests\test_schema_manager.vcxproj]
rocksdb.lib(merge_operators.cc.obj) : error LNK2038: Konflikt ermittelt f├╝r "RuntimeLibrary": Der Wert "MT_StaticRelease" stimmt nicht mit dem Wert "MD_DynamicRelease" in test_schema_manager.obj ├╝berein. [C:\VCC\themis\build-msvc-tests\tests\test_schema_manager.vcxproj]
rocksdb.lib(blob_file_addition.cc.obj) : error LNK2038: Konflikt ermittelt f├╝r "RuntimeLibrary": Der Wert "MT_StaticRelease" stimmt nicht mit dem Wert "MD_DynamicRelease" in test_schema_manager.obj ├╝berein. [C:\VCC\themis\build-msvc-tests\tests\test_schema_manager.vcxproj]
rocksdb.lib(blob_file_garbage.cc.obj) : error LNK2038: Konflikt ermittelt f├╝r "RuntimeLibrary": Der Wert "MT_StaticRelease" stimmt nicht mit dem Wert "MD_DynamicRelease" in test_schema_manager.obj ├╝berein. [C:\VCC\themis\build-msvc-tests\tests\test_schema_manager.vcxproj]
rocksdb.lib(write_batch_util.cc.obj) : error LNK2038: Konflikt ermittelt f├╝r "RuntimeLibrary": Der Wert "MT_StaticRelease" stimmt nicht mit dem Wert "MD_DynamicRelease" in test_schema_manager.obj ├╝berein. [C:\VCC\themis\build-msvc-tests\tests\test_schema_manager.vcxproj]
rocksdb.lib(blob_file_meta.cc.obj) : error LNK2038: Konflikt ermittelt f├╝r "RuntimeLibrary": Der Wert "MT_StaticRelease" stimmt nicht mit dem Wert "MD_DynamicRelease" in test_schema_manager.obj ├╝berein. [C:\VCC\themis\build-msvc-tests\tests\test_schema_manager.vcxproj]
rocksdb.lib(file_indexer.cc.obj) : error LNK2038: Konflikt ermittelt f├╝r "RuntimeLibrary": Der Wert "MT_StaticRelease" stimmt nicht mit dem Wert "MD_DynamicRelease" in test_schema_manager.obj ├╝berein. [C:\VCC\themis\build-msvc-tests\tests\test_schema_manager.vcxproj]
rocksdb.lib(version_builder.cc.obj) : error LNK2038: Konflikt ermittelt f├╝r "RuntimeLibrary": Der Wert "MT_StaticRelease" stimmt nicht mit dem Wert "MD_DynamicRelease" in test_schema_manager.obj ├╝berein. [C:\VCC\themis\build-msvc-tests\tests\test_schema_manager.vcxproj]
rocksdb.lib(version_edit_handler.cc.obj) : error LNK2038: Konflikt ermittelt f├╝r "RuntimeLibrary": Der Wert "MT_StaticRelease" stimmt nicht mit dem Wert "MD_DynamicRelease" in test_schema_manager.obj ├╝berein. [C:\VCC\themis\build-msvc-tests\tests\test_schema_manager.vcxproj]
rocksdb.lib(compaction_merging_iterator.cc.obj) : error LNK2038: Konflikt ermittelt f├╝r "RuntimeLibrary": Der Wert "MT_StaticRelease" stimmt nicht mit dem Wert "MD_DynamicRelease" in test_schema_manager.obj ├╝berein. [C:\VCC\themis\build-msvc-tests\tests\test_schema_manager.vcxproj]
rocksdb.lib(write_stall_stats.cc.obj) : error LNK2038: Konflikt ermittelt f├╝r "RuntimeLibrary": Der Wert "MT_StaticRelease" stimmt nicht mit dem Wert "MD_DynamicRelease" in test_schema_manager.obj ├╝berein. [C:\VCC\themis\build-msvc-tests\tests\test_schema_manager.vcxproj]
rocksdb.lib(compression.cc.obj) : error LNK2038: Konflikt ermittelt f├╝r "RuntimeLibrary": Der Wert "MT_StaticRelease" stimmt nicht mit dem Wert "MD_DynamicRelease" in test_schema_manager.obj ├╝berein. [C:\VCC\themis\build-msvc-tests\tests\test_schema_manager.vcxproj]
rocksdb.lib(transaction_log_impl.cc.obj) : error LNK2038: Konflikt ermittelt f├╝r "RuntimeLibrary": Der Wert "MT_StaticRelease" stimmt nicht mit dem Wert "MD_DynamicRelease" in test_schema_manager.obj ├╝berein. [C:\VCC\themis\build-msvc-tests\tests\test_schema_manager.vcxproj]
rocksdb.lib(compaction_job_stats_impl.cc.obj) : error LNK2038: Konflikt ermittelt f├╝r "RuntimeLibrary": Der Wert "MT_StaticRelease" stimmt nicht mit dem Wert "MD_DynamicRelease" in test_schema_manager.obj ├╝berein. [C:\VCC\themis\build-msvc-tests\tests\test_schema_manager.vcxproj]
rocksdb.lib(compaction_job.cc.obj) : error LNK2038: Konflikt ermittelt f├╝r "RuntimeLibrary": Der Wert "MT_StaticRelease" stimmt nicht mit dem Wert "MD_DynamicRelease" in test_schema_manager.obj ├╝berein. [C:\VCC\themis\build-msvc-tests\tests\test_schema_manager.vcxproj]
rocksdb.lib(flush_job.cc.obj) : error LNK2038: Konflikt ermittelt f├╝r "RuntimeLibrary": Der Wert "MT_StaticRelease" stimmt nicht mit dem Wert "MD_DynamicRelease" in test_schema_manager.obj ├╝berein. [C:\VCC\themis\build-msvc-tests\tests\test_schema_manager.vcxproj]
rocksdb.lib(concurrent_task_limiter_impl.cc.obj) : error LNK2038: Konflikt ermittelt f├╝r "RuntimeLibrary": Der Wert "MT_StaticRelease" stimmt nicht mit dem Wert "MD_DynamicRelease" in test_schema_manager.obj ├╝berein. [C:\VCC\themis\build-msvc-tests\tests\test_schema_manager.vcxproj]
rocksdb.lib(mmap.cc.obj) : error LNK2038: Konflikt ermittelt f├╝r "RuntimeLibrary": Der Wert "MT_StaticRelease" stimmt nicht mit dem Wert "MD_DynamicRelease" in test_schema_manager.obj ├╝berein. [C:\VCC\themis\build-msvc-tests\tests\test_schema_manager.vcxproj]
rocksdb.lib(blob_file_reader.cc.obj) : error LNK2038: Konflikt ermittelt f├╝r "RuntimeLibrary": Der Wert "MT_StaticRelease" stimmt nicht mit dem Wert "MD_DynamicRelease" in test_schema_manager.obj ├╝berein. [C:\VCC\themis\build-msvc-tests\tests\test_schema_manager.vcxproj]
rocksdb.lib(blob_contents.cc.obj) : error LNK2038: Konflikt ermittelt f├╝r "RuntimeLibrary": Der Wert "MT_StaticRelease" stimmt nicht mit dem Wert "MD_DynamicRelease" in test_schema_manager.obj ├╝berein. [C:\VCC\themis\build-msvc-tests\tests\test_schema_manager.vcxproj]
rocksdb.lib(charged_cache.cc.obj) : error LNK2038: Konflikt ermittelt f├╝r "RuntimeLibrary": Der Wert "MT_StaticRelease" stimmt nicht mit dem Wert "MD_DynamicRelease" in test_schema_manager.obj ├╝berein. [C:\VCC\themis\build-msvc-tests\tests\test_schema_manager.vcxproj]
rocksdb.lib(plain_table_bloom.cc.obj) : error LNK2038: Konflikt ermittelt f├╝r "RuntimeLibrary": Der Wert "MT_StaticRelease" stimmt nicht mit dem Wert "MD_DynamicRelease" in test_schema_manager.obj ├╝berein. [C:\VCC\themis\build-msvc-tests\tests\test_schema_manager.vcxproj]
rocksdb.lib(plain_table_index.cc.obj) : error LNK2038: Konflikt ermittelt f├╝r "RuntimeLibrary": Der Wert "MT_StaticRelease" stimmt nicht mit dem Wert "MD_DynamicRelease" in test_schema_manager.obj ├╝berein. [C:\VCC\themis\build-msvc-tests\tests\test_schema_manager.vcxproj]
rocksdb.lib(plain_table_key_coding.cc.obj) : error LNK2038: Konflikt ermittelt f├╝r "RuntimeLibrary": Der Wert "MT_StaticRelease" stimmt nicht mit dem Wert "MD_DynamicRelease" in test_schema_manager.obj ├╝berein. [C:\VCC\themis\build-msvc-tests\tests\test_schema_manager.vcxproj]
rocksdb.lib(vectorrep.cc.obj) : error LNK2038: Konflikt ermittelt f├╝r "RuntimeLibrary": Der Wert "MT_StaticRelease" stimmt nicht mit dem Wert "MD_DynamicRelease" in test_schema_manager.obj ├╝berein. [C:\VCC\themis\build-msvc-tests\tests\test_schema_manager.vcxproj]
rocksdb.lib(hash_skiplist_rep.cc.obj) : error LNK2038: Konflikt ermittelt f├╝r "RuntimeLibrary": Der Wert "MT_StaticRelease" stimmt nicht mit dem Wert "MD_DynamicRelease" in test_schema_manager.obj ├╝berein. [C:\VCC\themis\build-msvc-tests\tests\test_schema_manager.vcxproj]
rocksdb.lib(hash_linklist_rep.cc.obj) : error LNK2038: Konflikt ermittelt f├╝r "RuntimeLibrary": Der Wert "MT_StaticRelease" stimmt nicht mit dem Wert "MD_DynamicRelease" in test_schema_manager.obj ├╝berein. [C:\VCC\themis\build-msvc-tests\tests\test_schema_manager.vcxproj]
rocksdb.lib(plain_table_reader.cc.obj) : error LNK2038: Konflikt ermittelt f├╝r "RuntimeLibrary": Der Wert "MT_StaticRelease" stimmt nicht mit dem Wert "MD_DynamicRelease" in test_schema_manager.obj ├╝berein. [C:\VCC\themis\build-msvc-tests\tests\test_schema_manager.vcxproj]
rocksdb.lib(cuckoo_table_reader.cc.obj) : error LNK2038: Konflikt ermittelt f├╝r "RuntimeLibrary": Der Wert "MT_StaticRelease" stimmt nicht mit dem Wert "MD_DynamicRelease" in test_schema_manager.obj ├╝berein. [C:\VCC\themis\build-msvc-tests\tests\test_schema_manager.vcxproj]
rocksdb.lib(persistent_cache_helper.cc.obj) : error LNK2038: Konflikt ermittelt f├╝r "RuntimeLibrary": Der Wert "MT_StaticRelease" stimmt nicht mit dem Wert "MD_DynamicRelease" in test_schema_manager.obj ├╝berein. [C:\VCC\themis\build-msvc-tests\tests\test_schema_manager.vcxproj]
rocksdb.lib(murmurhash.cc.obj) : error LNK2038: Konflikt ermittelt f├╝r "RuntimeLibrary": Der Wert "MT_StaticRelease" stimmt nicht mit dem Wert "MD_DynamicRelease" in test_schema_manager.obj ├╝berein. [C:\VCC\themis\build-msvc-tests\tests\test_schema_manager.vcxproj]
rocksdb.lib(data_block_hash_index.cc.obj) : error LNK2038: Konflikt ermittelt f├╝r "RuntimeLibrary": Der Wert "MT_StaticRelease" stimmt nicht mit dem Wert "MD_DynamicRelease" in test_schema_manager.obj ├╝berein. [C:\VCC\themis\build-msvc-tests\tests\test_schema_manager.vcxproj]
rocksdb.lib(data_block_footer.cc.obj) : error LNK2038: Konflikt ermittelt f├╝r "RuntimeLibrary": Der Wert "MT_StaticRelease" stimmt nicht mit dem Wert "MD_DynamicRelease" in test_schema_manager.obj ├╝berein. [C:\VCC\themis\build-msvc-tests\tests\test_schema_manager.vcxproj]
rocksdb.lib(block_prefix_index.cc.obj) : error LNK2038: Konflikt ermittelt f├╝r "RuntimeLibrary": Der Wert "MT_StaticRelease" stimmt nicht mit dem Wert "MD_DynamicRelease" in test_schema_manager.obj ├╝berein. [C:\VCC\themis\build-msvc-tests\tests\test_schema_manager.vcxproj]
rocksdb.lib(filter_block_reader_common.cc.obj) : error LNK2038: Konflikt ermittelt f├╝r "RuntimeLibrary": Der Wert "MT_StaticRelease" stimmt nicht mit dem Wert "MD_DynamicRelease" in test_schema_manager.obj ├╝berein. [C:\VCC\themis\build-msvc-tests\tests\test_schema_manager.vcxproj]
rocksdb.lib(index_reader_common.cc.obj) : error LNK2038: Konflikt ermittelt f├╝r "RuntimeLibrary": Der Wert "MT_StaticRelease" stimmt nicht mit dem Wert "MD_DynamicRelease" in test_schema_manager.obj ├╝berein. [C:\VCC\themis\build-msvc-tests\tests\test_schema_manager.vcxproj]
rocksdb.lib(block_prefetcher.cc.obj) : error LNK2038: Konflikt ermittelt f├╝r "RuntimeLibrary": Der Wert "MT_StaticRelease" stimmt nicht mit dem Wert "MD_DynamicRelease" in test_schema_manager.obj ├╝berein. [C:\VCC\themis\build-msvc-tests\tests\test_schema_manager.vcxproj]
rocksdb.lib(two_level_iterator.cc.obj) : error LNK2038: Konflikt ermittelt f├╝r "RuntimeLibrary": Der Wert "MT_StaticRelease" stimmt nicht mit dem Wert "MD_DynamicRelease" in test_schema_manager.obj ├╝berein. [C:\VCC\themis\build-msvc-tests\tests\test_schema_manager.vcxproj]
rocksdb.lib(partitioned_index_iterator.cc.obj) : error LNK2038: Konflikt ermittelt f├╝r "RuntimeLibrary": Der Wert "MT_StaticRelease" stimmt nicht mit dem Wert "MD_DynamicRelease" in test_schema_manager.obj ├╝berein. [C:\VCC\themis\build-msvc-tests\tests\test_schema_manager.vcxproj]
rocksdb.lib(blob_file_builder.cc.obj) : error LNK2038: Konflikt ermittelt f├╝r "RuntimeLibrary": Der Wert "MT_StaticRelease" stimmt nicht mit dem Wert "MD_DynamicRelease" in test_schema_manager.obj ├╝berein. [C:\VCC\themis\build-msvc-tests\tests\test_schema_manager.vcxproj]
rocksdb.lib(compaction_iterator.cc.obj) : error LNK2038: Konflikt ermittelt f├╝r "RuntimeLibrary": Der Wert "MT_StaticRelease" stimmt nicht mit dem Wert "MD_DynamicRelease" in test_schema_manager.obj ├╝berein. [C:\VCC\themis\build-msvc-tests\tests\test_schema_manager.vcxproj]
rocksdb.lib(output_validator.cc.obj) : error LNK2038: Konflikt ermittelt f├╝r "RuntimeLibrary": Der Wert "MT_StaticRelease" stimmt nicht mit dem Wert "MD_DynamicRelease" in test_schema_manager.obj ├╝berein. [C:\VCC\themis\build-msvc-tests\tests\test_schema_manager.vcxproj]
rocksdb.lib(point_lock_tracker.cc.obj) : error LNK2038: Konflikt ermittelt f├╝r "RuntimeLibrary": Der Wert "MT_StaticRelease" stimmt nicht mit dem Wert "MD_DynamicRelease" in test_schema_manager.obj ├╝berein. [C:\VCC\themis\build-msvc-tests\tests\test_schema_manager.vcxproj]
rocksdb.lib(transaction_db_mutex_impl.cc.obj) : error LNK2038: Konflikt ermittelt f├╝r "RuntimeLibrary": Der Wert "MT_StaticRelease" stimmt nicht mit dem Wert "MD_DynamicRelease" in test_schema_manager.obj ├╝berein. [C:\VCC\themis\build-msvc-tests\tests\test_schema_manager.vcxproj]
rocksdb.lib(trace_record_handler.cc.obj) : error LNK2038: Konflikt ermittelt f├╝r "RuntimeLibrary": Der Wert "MT_StaticRelease" stimmt nicht mit dem Wert "MD_DynamicRelease" in test_schema_manager.obj ├╝berein. [C:\VCC\themis\build-msvc-tests\tests\test_schema_manager.vcxproj]
rocksdb.lib(compact_for_tiering_collector.cc.obj) : error LNK2038: Konflikt ermittelt f├╝r "RuntimeLibrary": Der Wert "MT_StaticRelease" stimmt nicht mit dem Wert "MD_DynamicRelease" in test_schema_manager.obj ├╝berein. [C:\VCC\themis\build-msvc-tests\tests\test_schema_manager.vcxproj]
rocksdb.lib(remove_emptyvalue_compactionfilter.cc.obj) : error LNK2038: Konflikt ermittelt f├╝r "RuntimeLibrary": Der Wert "MT_StaticRelease" stimmt nicht mit dem Wert "MD_DynamicRelease" in test_schema_manager.obj ├╝berein. [C:\VCC\themis\build-msvc-tests\tests\test_schema_manager.vcxproj]
rocksdb.lib(merge_operator.cc.obj) : error LNK2038: Konflikt ermittelt f├╝r "RuntimeLibrary": Der Wert "MT_StaticRelease" stimmt nicht mit dem Wert "MD_DynamicRelease" in test_schema_manager.obj ├╝berein. [C:\VCC\themis\build-msvc-tests\tests\test_schema_manager.vcxproj]
rocksdb.lib(bytesxor.cc.obj) : error LNK2038: Konflikt ermittelt f├╝r "RuntimeLibrary": Der Wert "MT_StaticRelease" stimmt nicht mit dem Wert "MD_DynamicRelease" in test_schema_manager.obj ├╝berein. [C:\VCC\themis\build-msvc-tests\tests\test_schema_manager.vcxproj]
rocksdb.lib(max.cc.obj) : error LNK2038: Konflikt ermittelt f├╝r "RuntimeLibrary": Der Wert "MT_StaticRelease" stimmt nicht mit dem Wert "MD_DynamicRelease" in test_schema_manager.obj ├╝berein. [C:\VCC\themis\build-msvc-tests\tests\test_schema_manager.vcxproj]
rocksdb.lib(put.cc.obj) : error LNK2038: Konflikt ermittelt f├╝r "RuntimeLibrary": Der Wert "MT_StaticRelease" stimmt nicht mit dem Wert "MD_DynamicRelease" in test_schema_manager.obj ├╝berein. [C:\VCC\themis\build-msvc-tests\tests\test_schema_manager.vcxproj]
rocksdb.lib(sortlist.cc.obj) : error LNK2038: Konflikt ermittelt f├╝r "RuntimeLibrary": Der Wert "MT_StaticRelease" stimmt nicht mit dem Wert "MD_DynamicRelease" in test_schema_manager.obj ├╝berein. [C:\VCC\themis\build-msvc-tests\tests\test_schema_manager.vcxproj]
rocksdb.lib(stringappend.cc.obj) : error LNK2038: Konflikt ermittelt f├╝r "RuntimeLibrary": Der Wert "MT_StaticRelease" stimmt nicht mit dem Wert "MD_DynamicRelease" in test_schema_manager.obj ├╝berein. [C:\VCC\themis\build-msvc-tests\tests\test_schema_manager.vcxproj]
rocksdb.lib(stringappend2.cc.obj) : error LNK2038: Konflikt ermittelt f├╝r "RuntimeLibrary": Der Wert "MT_StaticRelease" stimmt nicht mit dem Wert "MD_DynamicRelease" in test_schema_manager.obj ├╝berein. [C:\VCC\themis\build-msvc-tests\tests\test_schema_manager.vcxproj]
rocksdb.lib(uint64add.cc.obj) : error LNK2038: Konflikt ermittelt f├╝r "RuntimeLibrary": Der Wert "MT_StaticRelease" stimmt nicht mit dem Wert "MD_DynamicRelease" in test_schema_manager.obj ├╝berein. [C:\VCC\themis\build-msvc-tests\tests\test_schema_manager.vcxproj]
rocksdb.lib(blob_garbage_meter.cc.obj) : error LNK2038: Konflikt ermittelt f├╝r "RuntimeLibrary": Der Wert "MT_StaticRelease" stimmt nicht mit dem Wert "MD_DynamicRelease" in test_schema_manager.obj ├╝berein. [C:\VCC\themis\build-msvc-tests\tests\test_schema_manager.vcxproj]
rocksdb.lib(compaction_outputs.cc.obj) : error LNK2038: Konflikt ermittelt f├╝r "RuntimeLibrary": Der Wert "MT_StaticRelease" stimmt nicht mit dem Wert "MD_DynamicRelease" in test_schema_manager.obj ├╝berein. [C:\VCC\themis\build-msvc-tests\tests\test_schema_manager.vcxproj]
rocksdb.lib(compaction_service_job.cc.obj) : error LNK2038: Konflikt ermittelt f├╝r "RuntimeLibrary": Der Wert "MT_StaticRelease" stimmt nicht mit dem Wert "MD_DynamicRelease" in test_schema_manager.obj ├╝berein. [C:\VCC\themis\build-msvc-tests\tests\test_schema_manager.vcxproj]
rocksdb.lib(subcompaction_state.cc.obj) : error LNK2038: Konflikt ermittelt f├╝r "RuntimeLibrary": Der Wert "MT_StaticRelease" stimmt nicht mit dem Wert "MD_DynamicRelease" in test_schema_manager.obj ├╝berein. [C:\VCC\themis\build-msvc-tests\tests\test_schema_manager.vcxproj]
rocksdb.lib(compaction_state.cc.obj) : error LNK2038: Konflikt ermittelt f├╝r "RuntimeLibrary": Der Wert "MT_StaticRelease" stimmt nicht mit dem Wert "MD_DynamicRelease" in test_schema_manager.obj ├╝berein. [C:\VCC\themis\build-msvc-tests\tests\test_schema_manager.vcxproj]
rocksdb.lib(blob_log_format.cc.obj) : error LNK2038: Konflikt ermittelt f├╝r "RuntimeLibrary": Der Wert "MT_StaticRelease" stimmt nicht mit dem Wert "MD_DynamicRelease" in test_schema_manager.obj ├╝berein. [C:\VCC\themis\build-msvc-tests\tests\test_schema_manager.vcxproj]
rocksdb.lib(blob_log_writer.cc.obj) : error LNK2038: Konflikt ermittelt f├╝r "RuntimeLibrary": Der Wert "MT_StaticRelease" stimmt nicht mit dem Wert "MD_DynamicRelease" in test_schema_manager.obj ├╝berein. [C:\VCC\themis\build-msvc-tests\tests\test_schema_manager.vcxproj]
rocksdb.lib(trace_record_result.cc.obj) : error LNK2038: Konflikt ermittelt f├╝r "RuntimeLibrary": Der Wert "MT_StaticRelease" stimmt nicht mit dem Wert "MD_DynamicRelease" in test_schema_manager.obj ├╝berein. [C:\VCC\themis\build-msvc-tests\tests\test_schema_manager.vcxproj]
simdjson.lib(simdjson.cpp.obj) : error LNK2038: Konflikt ermittelt f├╝r "RuntimeLibrary": Der Wert "MT_StaticRelease" stimmt nicht mit dem Wert "MD_DynamicRelease" in test_schema_manager.obj ├╝berein. [C:\VCC\themis\build-msvc-tests\tests\test_schema_manager.vcxproj]
fmt.lib(format.cc.obj) : error LNK2038: Konflikt ermittelt f├╝r "RuntimeLibrary": Der Wert "MT_StaticRelease" stimmt nicht mit dem Wert "MD_DynamicRelease" in test_schema_manager.obj ├╝berein. [C:\VCC\themis\build-msvc-tests\tests\test_schema_manager.vcxproj]
libcpmt.lib(locale0.obj) : error LNK2038: Konflikt ermittelt f├╝r "RuntimeLibrary": Der Wert "MT_StaticRelease" stimmt nicht mit dem Wert "MD_DynamicRelease" in test_schema_manager.obj ├╝berein. [C:\VCC\themis\build-msvc-tests\tests\test_schema_manager.vcxproj]
libcpmt.lib(cout.obj) : error LNK2038: Konflikt ermittelt f├╝r "RuntimeLibrary": Der Wert "MT_StaticRelease" stimmt nicht mit dem Wert "MD_DynamicRelease" in test_schema_manager.obj ├╝berein. [C:\VCC\themis\build-msvc-tests\tests\test_schema_manager.vcxproj]
libcpmt.lib(cerr.obj) : error LNK2038: Konflikt ermittelt f├╝r "RuntimeLibrary": Der Wert "MT_StaticRelease" stimmt nicht mit dem Wert "MD_DynamicRelease" in test_schema_manager.obj ├╝berein. [C:\VCC\themis\build-msvc-tests\tests\test_schema_manager.vcxproj]
libcpmt.lib(locale.obj) : error LNK2038: Konflikt ermittelt f├╝r "RuntimeLibrary": Der Wert "MT_StaticRelease" stimmt nicht mit dem Wert "MD_DynamicRelease" in test_schema_manager.obj ├╝berein. [C:\VCC\themis\build-msvc-tests\tests\test_schema_manager.vcxproj]
libcpmt.lib(iosptrs.obj) : error LNK2038: Konflikt ermittelt f├╝r "RuntimeLibrary": Der Wert "MT_StaticRelease" stimmt nicht mit dem Wert "MD_DynamicRelease" in test_schema_manager.obj ├╝berein. [C:\VCC\themis\build-msvc-tests\tests\test_schema_manager.vcxproj]
libcpmt.lib(xlock.obj) : error LNK2038: Konflikt ermittelt f├╝r "RuntimeLibrary": Der Wert "MT_StaticRelease" stimmt nicht mit dem Wert "MD_DynamicRelease" in test_schema_manager.obj ├╝berein. [C:\VCC\themis\build-msvc-tests\tests\test_schema_manager.vcxproj]
libcpmt.lib(wlocale.obj) : error LNK2038: Konflikt ermittelt f├╝r "RuntimeLibrary": Der Wert "MT_StaticRelease" stimmt nicht mit dem Wert "MD_DynamicRelease" in test_schema_manager.obj ├╝berein. [C:\VCC\themis\build-msvc-tests\tests\test_schema_manager.vcxproj]
libcpmt.lib(xlocale.obj) : error LNK2038: Konflikt ermittelt f├╝r "RuntimeLibrary": Der Wert "MT_StaticRelease" stimmt nicht mit dem Wert "MD_DynamicRelease" in test_schema_manager.obj ├╝berein. [C:\VCC\themis\build-msvc-tests\tests\test_schema_manager.vcxproj]
libcpmt.lib(xmtx.obj) : error LNK2038: Konflikt ermittelt f├╝r "RuntimeLibrary": Der Wert "MT_StaticRelease" stimmt nicht mit dem Wert "MD_DynamicRelease" in test_schema_manager.obj ├╝berein. [C:\VCC\themis\build-msvc-tests\tests\test_schema_manager.vcxproj]
libcpmt.lib(xstrcoll.obj) : error LNK2038: Konflikt ermittelt f├╝r "RuntimeLibrary": Der Wert "MT_StaticRelease" stimmt nicht mit dem Wert "MD_DynamicRelease" in test_schema_manager.obj ├╝berein. [C:\VCC\themis\build-msvc-tests\tests\test_schema_manager.vcxproj]
libcpmt.lib(xdateord.obj) : error LNK2038: Konflikt ermittelt f├╝r "RuntimeLibrary": Der Wert "MT_StaticRelease" stimmt nicht mit dem Wert "MD_DynamicRelease" in test_schema_manager.obj ├╝berein. [C:\VCC\themis\build-msvc-tests\tests\test_schema_manager.vcxproj]
libcpmt.lib(xwcscoll.obj) : error LNK2038: Konflikt ermittelt f├╝r "RuntimeLibrary": Der Wert "MT_StaticRelease" stimmt nicht mit dem Wert "MD_DynamicRelease" in test_schema_manager.obj ├╝berein. [C:\VCC\themis\build-msvc-tests\tests\test_schema_manager.vcxproj]
libcpmt.lib(xwcsxfrm.obj) : error LNK2038: Konflikt ermittelt f├╝r "RuntimeLibrary": Der Wert "MT_StaticRelease" stimmt nicht mit dem Wert "MD_DynamicRelease" in test_schema_manager.obj ├╝berein. [C:\VCC\themis\build-msvc-tests\tests\test_schema_manager.vcxproj]
libcpmt.lib(xgetwctype.obj) : error LNK2038: Konflikt ermittelt f├╝r "RuntimeLibrary": Der Wert "MT_StaticRelease" stimmt nicht mit dem Wert "MD_DynamicRelease" in test_schema_manager.obj ├╝berein. [C:\VCC\themis\build-msvc-tests\tests\test_schema_manager.vcxproj]
libcpmt.lib(xtowlower.obj) : error LNK2038: Konflikt ermittelt f├╝r "RuntimeLibrary": Der Wert "MT_StaticRelease" stimmt nicht mit dem Wert "MD_DynamicRelease" in test_schema_manager.obj ├╝berein. [C:\VCC\themis\build-msvc-tests\tests\test_schema_manager.vcxproj]
libcpmt.lib(xtowupper.obj) : error LNK2038: Konflikt ermittelt f├╝r "RuntimeLibrary": Der Wert "MT_StaticRelease" stimmt nicht mit dem Wert "MD_DynamicRelease" in test_schema_manager.obj ├╝berein. [C:\VCC\themis\build-msvc-tests\tests\test_schema_manager.vcxproj]
libcpmt.lib(xstrxfrm.obj) : error LNK2038: Konflikt ermittelt f├╝r "RuntimeLibrary": Der Wert "MT_StaticRelease" stimmt nicht mit dem Wert "MD_DynamicRelease" in test_schema_manager.obj ├╝berein. [C:\VCC\themis\build-msvc-tests\tests\test_schema_manager.vcxproj]
libcpmt.lib(StlCompareStringA.obj) : error LNK2038: Konflikt ermittelt f├╝r "RuntimeLibrary": Der Wert "MT_StaticRelease" stimmt nicht mit dem Wert "MD_DynamicRelease" in test_schema_manager.obj ├╝berein. [C:\VCC\themis\build-msvc-tests\tests\test_schema_manager.vcxproj]
libcpmt.lib(StlCompareStringW.obj) : error LNK2038: Konflikt ermittelt f├╝r "RuntimeLibrary": Der Wert "MT_StaticRelease" stimmt nicht mit dem Wert "MD_DynamicRelease" in test_schema_manager.obj ├╝berein. [C:\VCC\themis\build-msvc-tests\tests\test_schema_manager.vcxproj]
libcpmt.lib(StlLCMapStringW.obj) : error LNK2038: Konflikt ermittelt f├╝r "RuntimeLibrary": Der Wert "MT_StaticRelease" stimmt nicht mit dem Wert "MD_DynamicRelease" in test_schema_manager.obj ├╝berein. [C:\VCC\themis\build-msvc-tests\tests\test_schema_manager.vcxproj]
libcpmt.lib(StlLCMapStringA.obj) : error LNK2038: Konflikt ermittelt f├╝r "RuntimeLibrary": Der Wert "MT_StaticRelease" stimmt nicht mit dem Wert "MD_DynamicRelease" in test_schema_manager.obj ├╝berein. [C:\VCC\themis\build-msvc-tests\tests\test_schema_manager.vcxproj]
gtest_main.lib(gtest_main.cc.obj) : error LNK2038: Konflikt ermittelt f├╝r "RuntimeLibrary": Der Wert "MT_StaticRelease" stimmt nicht mit dem Wert "MD_DynamicRelease" in test_schema_manager.obj ├╝berein. [C:\VCC\themis\build-msvc-tests\tests\test_schema_manager.vcxproj]
LINK : warning LNK4098: Standardbibliothek "LIBCMT" steht in Konflikt mit anderen Bibliotheken; /NODEFAULTLIB:Bibliothek verwenden. [C:\VCC\themis\build-msvc-tests\tests\test_schema_manager.vcxproj]
C:\VCC\themis\build-msvc-tests\tests\Release\test_schema_manager.exe : fatal error LNK1319: 299 Konflikte ermittelt [C:\VCC\themis\build-msvc-tests\tests\test_schema_manager.vcxproj]
  test_phase1_flash_attention.vcxproj -> C:\VCC\themis\build-msvc-tests\cmake\Release\test_phase1_flash_attention.exe
