Note: Google Test filter = HttpPiiManagerTest.DeleteMapping
[==========] Running 1 test from 1 test suite.
[----------] Global test environment set-up.
[2025-11-09 13:05:42.325] [warning] PIIDetector: Failed to load config/pii_patterns.yaml, using embedded defaults
[2025-11-09 13:05:42.325] [warning] PIIDetector: Error: YAML parse error: bad file: config/pii_patterns.yaml
[2025-11-09 13:05:42.325] [warning] RegexDetectionEngine: Pattern loading failed, using embedded defaults
[2025-11-09 13:05:42.325] [info] RegexDetectionEngine: Loaded 7 embedded default patterns
[2025-11-09 13:05:42.325] [info] RegexDetectionEngine: Initialized with 7 patterns
[2025-11-09 13:05:42.325] [info] PIIDetector: Initialized with embedded unsigned regex engine
[2025-11-09 13:05:42.325] [info] PIIDetector: Initialized with 1 engine(s)
[----------] 1 test from HttpPiiManagerTest
[ RUN      ] HttpPiiManagerTest.DeleteMapping
[2025-11-09 13:05:42.537] [warning] PIIDetector: Failed to load config/pii_patterns.yaml, using embedded defaults
[2025-11-09 13:05:42.537] [warning] PIIDetector: Error: YAML parse error: bad file: config/pii_patterns.yaml
[2025-11-09 13:05:42.537] [warning] RegexDetectionEngine: Pattern loading failed, using embedded defaults
[2025-11-09 13:05:42.537] [info] RegexDetectionEngine: Loaded 7 embedded default patterns
[2025-11-09 13:05:42.537] [info] RegexDetectionEngine: Initialized with 7 patterns
[2025-11-09 13:05:42.537] [info] PIIDetector: Initialized with embedded unsigned regex engine
[2025-11-09 13:05:42.537] [info] PIIDetector: Initialized with 1 engine(s)
C:\VCC\themis\tests\test_http_pii_manager_new.cpp(155): error: Expected equality of these values:
  del.result()
    Which is: Forbidden
  http::status::ok
    Which is: OK

[  FAILED  ] HttpPiiManagerTest.DeleteMapping (2295 ms)
[----------] 1 test from HttpPiiManagerTest (2295 ms total)

[----------] Global test environment tear-down
[==========] 1 test from 1 test suite ran. (4645 ms total)
[  PASSED  ] 0 tests.
[  FAILED  ] 1 test, listed below:
[  FAILED  ] HttpPiiManagerTest.DeleteMapping

 1 FAILED TEST
